
 sentiment score 0 
0 , 1 , 27 , 131111 , 131120 , 49 , 131123 , 144031 , 81 , 144032 , 131164 , 131165 , 94 , 95 , 96 , 131169 , 131170 , 131171 , 100 , 101 , 131174 , 103 , 131176 , 105 , 131178 , 131179 , 131180 , 131181 , 110 , 112 , 131185 , 131186 , 131187 , 131188 , 131190 , 119 , 120 , 121 , 131194 , 131195 , 131196 , 150 , 151 , 131225 , 131226 , 131227 , 156 , 157 , 131230 , 159 , 131232 , 131233 , 162 , 163 , 131252 , 131253 , 131266 , 131267 , 131268 , 131269 , 198 , 131271 , 200 , 201 , 202 , 131275 , 131276 , 131277 , 131278 , 207 , 208 , 209 , 210 , 131288 , 152954 , 152956 , 152957 , 152958 , 247 , 248 , 152959 , 259 , 260 , 261 , 263 , 152963 , 131348 , 131350 , 131351 , 152964 , 152965 , 131362 , 131365 , 131366 , 131367 , 131368 , 131369 , 131370 , 131371 , 306 , 307 , 310 , 311 , 131388 , 131397 , 131398 , 327 , 328 , 131417 , 131418 , 131419 , 131420 , 131422 , 131423 , 131424 , 131425 , 131426 , 131427 , 131428 , 131432 , 131433 , 131434 , 131435 , 131438 , 131457 , 131460 , 407 , 131507 , 131513 , 152991 , 131531 , 131532 , 131533 , 131538 , 131539 , 131540 , 131541 , 131542 , 131543 , 131544 , 131545 , 131546 , 131547 , 131548 , 131549 , 131550 , 486 , 488 , 489 , 490 , 491 , 131564 , 131565 , 131578 , 131588 , 518 , 131591 , 520 , 131593 , 131594 , 131595 , 131600 , 131601 , 131602 , 131603 , 131604 , 131605 , 131606 , 536 , 537 , 131614 , 131615 , 131619 , 131620 , 131621 , 131622 , 131623 , 131624 , 553 , 131626 , 131627 , 131628 , 131166 , 131167 , 131168 , 131656 , 131665 , 131666 , 131667 , 131668 , 131670 , 131672 , 131172 , 131675 , 131685 , 131175 , 131177 , 131706 , 131707 , 131708 , 647 , 661 , 662 , 664 , 665 , 131738 , 131739 , 131740 , 673 , 674 , 678 , 679 , 681 , 131757 , 686 , 131759 , 689 , 690 , 691 , 692 , 131765 , 131766 , 131767 , 131768 , 131769 , 131770 , 131771 , 702 , 703 , 704 , 706 , 707 , 131785 , 131789 , 131790 , 131791 , 131792 , 131192 , 131193 , 733 , 131813 , 131814 , 131815 , 131816 , 131817 , 131818 , 131819 , 131820 , 131821 , 131822 , 131823 , 131824 , 131825 , 131826 , 131827 , 131828 , 131829 , 759 , 760 , 761 , 762 , 763 , 131836 , 766 , 767 , 131840 , 131841 , 770 , 791 , 839 , 840 , 848 , 849 , 850 , 851 , 866 , 867 , 868 , 869 , 881 , 882 , 131965 , 131966 , 131967 , 131968 , 905 , 906 , 916 , 917 , 918 , 919 , 920 , 921 , 922 , 131995 , 131996 , 131997 , 131998 , 131999 , 132000 , 132001 , 931 , 131228 , 131229 , 132026 , 131231 , 132039 , 132044 , 131234 , 132047 , 132048 , 132050 , 132052 , 985 , 986 , 1002 , 1003 , 1004 , 1005 , 132078 , 1007 , 132093 , 1023 , 1024 , 1025 , 1027 , 1029 , 1031 , 1032 , 1033 , 1034 , 1040 , 1041 , 1042 , 1044 , 1046 , 1048 , 1050 , 1051 , 1072 , 132158 , 132159 , 132160 , 132168 , 132169 , 132170 , 1099 , 1100 , 132174 , 132175 , 132176 , 132183 , 132184 , 132185 , 132199 , 132200 , 132201 , 1134 , 132207 , 132208 , 132209 , 1138 , 1139 , 132212 , 132213 , 132218 , 132219 , 132220 , 132221 , 132222 , 153109 , 132224 , 132225 , 1154 , 1155 , 1157 , 1168 , 132248 , 132249 , 132250 , 132252 , 132260 , 131270 , 132262 , 1198 , 1199 , 1200 , 131272 , 1202 , 132275 , 132276 , 132277 , 132278 , 131273 , 132280 , 132281 , 132282 , 132283 , 131274 , 1215 , 1217 , 1218 , 1219 , 1220 , 1221 , 1222 , 1224 , 1225 , 132313 , 132314 , 131279 , 132320 , 132321 , 132322 , 132323 , 132325 , 132327 , 132328 , 132329 , 132330 , 132331 , 132332 , 132333 , 132334 , 1264 , 132339 , 132340 , 132341 , 132342 , 132343 , 132344 , 132345 , 132347 , 132348 , 132349 , 132350 , 132351 , 1280 , 1281 , 1282 , 132355 , 1284 , 132357 , 1286 , 132359 , 1295 , 1297 , 1298 , 133555 , 132388 , 132394 , 132395 , 132409 , 132410 , 132421 , 132422 , 132423 , 132424 , 132425 , 132426 , 132427 , 132440 , 132441 , 132451 , 132452 , 132453 , 132454 , 132458 , 132459 , 132464 , 132481 , 132482 , 1445 , 1446 , 1447 , 1448 , 1449 , 1450 , 132523 , 132524 , 1455 , 1456 , 1462 , 1463 , 1465 , 1468 , 1471 , 1473 , 1474 , 1475 , 132548 , 132549 , 132550 , 1479 , 1480 , 132553 , 132554 , 1484 , 1485 , 1486 , 1487 , 1488 , 132561 , 1490 , 1491 , 1492 , 1493 , 1494 , 132567 , 132568 , 1501 , 1505 , 1506 , 132593 , 132594 , 132595 , 132596 , 132597 , 1530 , 1531 , 132619 , 132620 , 132622 , 132623 , 132624 , 132635 , 132636 , 132637 , 132638 , 132639 , 132640 , 132642 , 132643 , 132644 , 132645 , 153180 , 132688 , 132689 , 132690 , 132691 , 132692 , 132695 , 132696 , 132698 , 1627 , 1628 , 132701 , 132702 , 1631 , 1632 , 1633 , 132706 , 132707 , 132708 , 132711 , 132712 , 132717 , 1646 , 1647 , 132729 , 132733 , 132738 , 132739 , 132740 , 132744 , 132745 , 132747 , 132748 , 132749 , 1686 , 1687 , 1688 , 1689 , 1694 , 1696 , 153201 , 1707 , 1711 , 1712 , 1713 , 1724 , 1734 , 1735 , 1736 , 1737 , 1738 , 1739 , 1740 , 1744 , 1754 , 1758 , 1759 , 1760 , 1761 , 1762 , 1765 , 1767 , 1768 , 1769 , 1770 , 1771 , 1772 , 1776 , 1777 , 1778 , 1782 , 1783 , 1784 , 1786 , 1787 , 1789 , 1790 , 1791 , 1792 , 1794 , 1795 , 1808 , 132900 , 144090 , 1839 , 132917 , 132925 , 132926 , 132927 , 132928 , 132929 , 132930 , 132937 , 132938 , 132939 , 132940 , 132941 , 132942 , 132943 , 132944 , 132945 , 132947 , 132948 , 132955 , 132956 , 132957 , 132959 , 132961 , 132962 , 132963 , 132964 , 132972 , 132973 , 132974 , 132975 , 132976 , 132977 , 132978 , 132984 , 132986 , 132987 , 1917 , 1918 , 1919 , 1920 , 1921 , 1922 , 1923 , 1924 , 1925 , 1927 , 1928 , 1930 , 1931 , 153240 , 153241 , 1952 , 133044 , 133045 , 133046 , 133047 , 133048 , 133049 , 1980 , 1983 , 1984 , 1985 , 1986 , 1987 , 1988 , 133061 , 133062 , 1991 , 1993 , 1994 , 1995 , 153250 , 133072 , 133073 , 133074 , 133075 , 2006 , 2012 , 2013 , 2019 , 153255 , 2033 , 2041 , 2043 , 2044 , 2045 , 2048 , 2049 , 153259 , 2056 , 2057 , 133130 , 133131 , 133132 , 133133 , 133134 , 133137 , 133139 , 133140 , 133141 , 133142 , 133143 , 133144 , 133145 , 133146 , 133147 , 133148 , 133171 , 2101 , 2104 , 2105 , 133181 , 133182 , 153269 , 133185 , 2114 , 2115 , 2116 , 2117 , 133194 , 133195 , 133196 , 133197 , 2127 , 153272 , 2132 , 153273 , 133242 , 153279 , 153280 , 2179 , 133265 , 133303 , 133304 , 133305 , 2243 , 2244 , 133319 , 133320 , 2255 , 2256 , 2257 , 133339 , 133342 , 133344 , 133345 , 133350 , 133351 , 133352 , 133399 , 133406 , 2335 , 133408 , 2337 , 133413 , 133414 , 2347 , 2348 , 2349 , 2350 , 2368 , 2369 , 2370 , 2371 , 2372 , 2375 , 2376 , 2393 , 2394 , 2395 , 2396 , 2397 , 2398 , 2399 , 2401 , 2402 , 2403 , 2404 , 2405 , 2407 , 133480 , 2413 , 2414 , 2419 , 2421 , 2422 , 2423 , 133497 , 133498 , 133499 , 133500 , 133501 , 2430 , 133503 , 2432 , 2433 , 2437 , 2438 , 2439 , 2443 , 2446 , 2447 , 2448 , 2449 , 133534 , 2463 , 2472 , 2473 , 2474 , 2475 , 2476 , 2479 , 2480 , 2481 , 2482 , 2483 , 2484 , 2487 , 2488 , 2489 , 2490 , 2491 , 2492 , 2493 , 2494 , 2519 , 2520 , 2523 , 2524 , 2525 , 2526 , 2527 , 2528 , 2529 , 2530 , 2532 , 2533 , 2535 , 2536 , 2538 , 2539 , 2540 , 2541 , 2545 , 2546 , 2547 , 2548 , 2549 , 153345 , 133640 , 133644 , 133645 , 2580 , 2581 , 2582 , 2583 , 2584 , 153348 , 2613 , 2614 , 133687 , 2616 , 2617 , 2618 , 2619 , 2620 , 133693 , 2622 , 2630 , 2631 , 2633 , 2634 , 2636 , 2637 , 2638 , 2639 , 2641 , 133734 , 133735 , 133736 , 133737 , 133738 , 133739 , 153365 , 133768 , 133769 , 2703 , 2704 , 153368 , 133784 , 133785 , 2718 , 133791 , 133792 , 133793 , 133794 , 133795 , 133796 , 133797 , 2726 , 133799 , 2728 , 2729 , 133802 , 133803 , 133804 , 133805 , 133806 , 133811 , 133812 , 153374 , 133818 , 133819 , 133820 , 133821 , 133826 , 133827 , 133828 , 133829 , 133830 , 133831 , 153379 , 153380 , 153381 , 133858 , 153382 , 133862 , 133863 , 133864 , 133865 , 153383 , 133868 , 133869 , 133870 , 133871 , 133872 , 133874 , 2803 , 2805 , 2806 , 2807 , 2808 , 2809 , 2812 , 2813 , 133888 , 133889 , 2818 , 2819 , 2820 , 2822 , 2823 , 2824 , 2825 , 133898 , 133899 , 2828 , 2829 , 2830 , 133903 , 2832 , 2834 , 133907 , 153390 , 148488 , 133913 , 133914 , 133915 , 133916 , 133917 , 133918 , 133919 , 133920 , 133922 , 133924 , 133925 , 133926 , 2864 , 2865 , 153395 , 2883 , 146476 , 2894 , 2895 , 2896 , 2897 , 2902 , 2904 , 2905 , 2906 , 2909 , 2913 , 2914 , 2917 , 2918 , 133991 , 2920 , 2921 , 2922 , 2923 , 2924 , 133997 , 133999 , 134000 , 2929 , 2930 , 134004 , 134005 , 134006 , 134007 , 134008 , 134011 , 2947 , 2948 , 2949 , 2950 , 2951 , 2952 , 2956 , 2957 , 2962 , 2971 , 2975 , 2976 , 2977 , 2978 , 2981 , 2983 , 2984 , 2985 , 2986 , 153415 , 2988 , 2989 , 2990 , 2991 , 2992 , 2993 , 2994 , 134067 , 134068 , 2997 , 2998 , 134071 , 134072 , 3001 , 3002 , 3003 , 3004 , 3005 , 134078 , 3007 , 3008 , 3009 , 3010 , 3011 , 3012 , 3013 , 134086 , 3015 , 3016 , 3018 , 3021 , 134119 , 134120 , 134121 , 134123 , 134124 , 3064 , 134137 , 3066 , 3067 , 3068 , 3069 , 134142 , 134144 , 3073 , 3074 , 3076 , 134154 , 134155 , 134156 , 134157 , 3086 , 3087 , 134160 , 134161 , 134162 , 3091 , 134164 , 134171 , 134172 , 134173 , 134174 , 134175 , 134176 , 134177 , 134178 , 134179 , 134180 , 131590 , 134182 , 131592 , 134200 , 134202 , 134206 , 134207 , 134208 , 3150 , 3151 , 3152 , 3153 , 3154 , 3157 , 3168 , 3169 , 3170 , 3171 , 3186 , 134264 , 134265 , 134266 , 134267 , 134268 , 134269 , 134270 , 134271 , 134272 , 134273 , 134274 , 131608 , 131609 , 134319 , 134320 , 134321 , 134322 , 134323 , 134324 , 134325 , 134326 , 134327 , 134329 , 134330 , 134334 , 3264 , 3265 , 3266 , 3267 , 3268 , 3269 , 3270 , 134363 , 134364 , 134377 , 134382 , 134383 , 134384 , 131625 , 134395 , 134396 , 134429 , 134430 , 134435 , 134436 , 134437 , 134438 , 134439 , 134440 , 134442 , 134443 , 134444 , 134445 , 134446 , 134447 , 3387 , 3408 , 3409 , 3411 , 3412 , 3413 , 134487 , 134488 , 134489 , 134527 , 134528 , 134529 , 148509 , 3470 , 3471 , 3475 , 3476 , 134549 , 3479 , 3480 , 3481 , 3482 , 3483 , 3484 , 3486 , 3487 , 3488 , 134568 , 134569 , 134571 , 134586 , 3515 , 3516 , 3517 , 134595 , 134596 , 134597 , 134608 , 134609 , 134610 , 134611 , 134612 , 134613 , 134615 , 134616 , 134617 , 134618 , 134621 , 134622 , 134623 , 134624 , 134625 , 134626 , 134627 , 134628 , 134632 , 134633 , 134635 , 134636 , 134640 , 134641 , 134644 , 134645 , 134651 , 3590 , 3591 , 3592 , 3593 , 3594 , 3595 , 3599 , 3600 , 134676 , 134678 , 131673 , 134680 , 3609 , 134682 , 3611 , 134684 , 3614 , 3617 , 134707 , 3648 , 134725 , 3656 , 134729 , 3658 , 3659 , 3660 , 3661 , 3662 , 134736 , 3665 , 3667 , 3668 , 3669 , 3670 , 134743 , 3672 , 3673 , 3674 , 3675 , 3678 , 134755 , 134756 , 134757 , 3686 , 3687 , 3688 , 3689 , 3690 , 134763 , 134764 , 3695 , 3696 , 3697 , 134770 , 134771 , 134772 , 134773 , 3702 , 3703 , 134777 , 134778 , 134779 , 3712 , 3713 , 3714 , 3715 , 3716 , 3717 , 3718 , 3719 , 3721 , 134794 , 3723 , 3724 , 3725 , 3726 , 134822 , 134823 , 134824 , 134825 , 134826 , 134827 , 134829 , 134830 , 3759 , 3760 , 153545 , 3770 , 3771 , 3777 , 3778 , 134872 , 134873 , 3848 , 3849 , 3850 , 3904 , 3905 , 3906 , 134979 , 134980 , 134981 , 3912 , 3915 , 3916 , 3917 , 3920 , 3921 , 134995 , 3940 , 3941 , 3942 , 3943 , 3944 , 3945 , 3946 , 135025 , 135026 , 135027 , 135028 , 135030 , 135031 , 135036 , 135037 , 135039 , 135048 , 135050 , 135051 , 135052 , 135053 , 135054 , 135065 , 135066 , 135067 , 135068 , 135069 , 135070 , 135072 , 135073 , 135074 , 4003 , 4004 , 4005 , 4006 , 4007 , 4008 , 4009 , 4010 , 4011 , 4013 , 4015 , 4016 , 4017 , 4020 , 4021 , 4023 , 4028 , 4031 , 4032 , 4033 , 4035 , 4037 , 4038 , 135114 , 4043 , 135118 , 135120 , 135143 , 135144 , 135145 , 135147 , 135148 , 135149 , 4091 , 4092 , 135169 , 135170 , 135171 , 135172 , 135174 , 135175 , 135176 , 135177 , 135178 , 135183 , 135184 , 135185 , 135186 , 135187 , 135188 , 4117 , 4118 , 135191 , 135192 , 4124 , 135199 , 135200 , 131762 , 131763 , 131764 , 135233 , 135234 , 135235 , 135236 , 135237 , 135238 , 135239 , 135243 , 135245 , 135246 , 135247 , 135248 , 135249 , 135250 , 135251 , 4193 , 4198 , 4199 , 4200 , 4234 , 4236 , 4237 , 4238 , 4239 , 4241 , 4242 , 4243 , 4245 , 4246 , 4247 , 4248 , 4249 , 4255 , 4268 , 4277 , 152901 , 4303 , 4304 , 4305 , 4306 , 4307 , 4308 , 4309 , 4310 , 4318 , 4319 , 135392 , 4321 , 135394 , 135395 , 135396 , 4325 , 4326 , 131793 , 4337 , 135412 , 135419 , 135420 , 135421 , 135422 , 135424 , 135426 , 135428 , 135429 , 135430 , 135431 , 135432 , 135436 , 135441 , 135442 , 135443 , 135448 , 135450 , 135452 , 135453 , 135454 , 135463 , 135464 , 4393 , 135471 , 135472 , 135473 , 135480 , 135481 , 135482 , 135484 , 135485 , 135486 , 135487 , 135489 , 135490 , 135491 , 135492 , 4425 , 135498 , 135499 , 135500 , 4431 , 4432 , 4433 , 4434 , 4435 , 4436 , 135509 , 135510 , 135511 , 135512 , 135513 , 135514 , 135515 , 135516 , 135517 , 135518 , 135535 , 135545 , 135546 , 135547 , 135548 , 135549 , 135550 , 135568 , 135569 , 135570 , 135571 , 135572 , 135573 , 135574 , 135580 , 135581 , 135582 , 135583 , 135584 , 4514 , 4515 , 4516 , 4517 , 4518 , 4519 , 4520 , 135594 , 135595 , 135596 , 4526 , 4527 , 4528 , 4529 , 135602 , 135603 , 4534 , 4535 , 4536 , 135609 , 4538 , 4539 , 4540 , 4541 , 4545 , 4546 , 4547 , 135622 , 4553 , 4554 , 4556 , 4559 , 131833 , 131834 , 135647 , 135648 , 135649 , 135650 , 135651 , 135656 , 135657 , 4594 , 4595 , 135668 , 131838 , 4602 , 131839 , 135677 , 135678 , 135696 , 135697 , 135698 , 4627 , 135700 , 4632 , 4633 , 4639 , 4641 , 4642 , 4643 , 4644 , 4646 , 4647 , 4648 , 4649 , 4650 , 4665 , 4666 , 4669 , 4670 , 4671 , 4672 , 4673 , 4674 , 4675 , 4676 , 4678 , 4679 , 4680 , 4681 , 4682 , 135780 , 4720 , 4721 , 135795 , 135796 , 135797 , 135803 , 135808 , 135810 , 135811 , 4746 , 135828 , 135829 , 135830 , 135831 , 135832 , 135834 , 135838 , 135839 , 135853 , 135854 , 135855 , 135861 , 135863 , 135864 , 135865 , 135866 , 135867 , 135868 , 135869 , 135870 , 135877 , 135884 , 135885 , 135886 , 135887 , 135888 , 4827 , 135900 , 135901 , 135902 , 135903 , 135905 , 135906 , 135907 , 4845 , 4846 , 135923 , 4852 , 4858 , 4859 , 4860 , 4861 , 135935 , 135936 , 4865 , 4866 , 4867 , 135940 , 135941 , 135942 , 135943 , 135945 , 135946 , 135947 , 135948 , 4877 , 135950 , 135951 , 4880 , 4881 , 4882 , 4884 , 4885 , 4886 , 4887 , 4888 , 4896 , 4897 , 4899 , 4900 , 4903 , 4904 , 135979 , 135980 , 135981 , 135982 , 4911 , 4912 , 135986 , 135987 , 135988 , 4933 , 4934 , 4935 , 4936 , 4940 , 136027 , 135465 , 136035 , 136036 , 4969 , 4970 , 4971 , 4975 , 4976 , 136049 , 4979 , 136052 , 136053 , 136054 , 146680 , 136074 , 136075 , 136076 , 136077 , 136078 , 136079 , 136081 , 136083 , 136084 , 136085 , 136092 , 5021 , 5022 , 5023 , 5024 , 148426 , 5029 , 5030 , 5031 , 5032 , 5037 , 5038 , 5039 , 5040 , 136113 , 5048 , 5049 , 5050 , 5055 , 5056 , 136159 , 136160 , 136170 , 136171 , 136172 , 136173 , 136174 , 5103 , 5104 , 5105 , 5106 , 5107 , 5108 , 5111 , 136184 , 5115 , 5116 , 136189 , 136190 , 136191 , 5120 , 5124 , 5125 , 5126 , 136200 , 5130 , 5131 , 5132 , 136209 , 136210 , 136211 , 136212 , 136213 , 136214 , 136215 , 136216 , 136217 , 136218 , 136219 , 136220 , 136221 , 136222 , 136223 , 153776 , 136226 , 136227 , 136228 , 153777 , 136240 , 136241 , 136242 , 136243 , 136246 , 136247 , 153781 , 153782 , 136265 , 136266 , 136267 , 136275 , 136276 , 136287 , 153792 , 5266 , 5267 , 5270 , 136348 , 136349 , 136350 , 136351 , 136352 , 136356 , 136363 , 136364 , 5293 , 5294 , 5295 , 5296 , 5297 , 5298 , 5299 , 5300 , 136373 , 136374 , 136375 , 136376 , 136377 , 5306 , 5307 , 136380 , 136381 , 5310 , 5311 , 5312 , 5336 , 5337 , 5341 , 5342 , 5343 , 5359 , 5366 , 5373 , 5375 , 5376 , 5378 , 5379 , 5385 , 5386 , 5388 , 5389 , 5390 , 5391 , 5392 , 5393 , 5394 , 5395 , 136468 , 136469 , 5398 , 5399 , 5400 , 136473 , 5402 , 136475 , 136476 , 5405 , 5406 , 136479 , 5408 , 5409 , 5410 , 5411 , 5412 , 136485 , 136486 , 136487 , 136488 , 136490 , 136491 , 136496 , 5428 , 5429 , 5430 , 5431 , 5432 , 5433 , 5434 , 5435 , 5436 , 5437 , 5440 , 5442 , 5443 , 5448 , 5449 , 5451 , 5453 , 5454 , 5455 , 5456 , 5459 , 5460 , 5461 , 5464 , 5465 , 5466 , 5467 , 5470 , 5471 , 5472 , 136546 , 136557 , 136558 , 131988 , 131989 , 136579 , 136580 , 131990 , 136582 , 136584 , 131991 , 5516 , 5517 , 5519 , 5520 , 5521 , 5522 , 131993 , 131994 , 5535 , 5536 , 5538 , 136616 , 136617 , 136618 , 136619 , 136620 , 136624 , 136625 , 136626 , 136628 , 136630 , 136651 , 136652 , 136653 , 5583 , 5584 , 5585 , 5588 , 5589 , 5590 , 5591 , 5596 , 5597 , 5598 , 5599 , 5600 , 5601 , 136674 , 5603 , 5604 , 5605 , 5606 , 5607 , 5608 , 5609 , 136682 , 5611 , 5612 , 5614 , 136688 , 136689 , 5618 , 5619 , 5620 , 5622 , 5626 , 5628 , 5629 , 5631 , 5632 , 136705 , 5634 , 5635 , 5637 , 5638 , 5639 , 5640 , 5641 , 136714 , 136715 , 5645 , 5646 , 5647 , 5648 , 5651 , 5652 , 5654 , 5655 , 136729 , 5658 , 5659 , 136732 , 5661 , 5662 , 5663 , 5664 , 5665 , 5666 , 5667 , 5668 , 5669 , 5670 , 5671 , 136744 , 5673 , 5674 , 5676 , 5677 , 136751 , 136752 , 136753 , 5682 , 5683 , 5684 , 5685 , 5687 , 5689 , 136762 , 136766 , 136767 , 136768 , 136769 , 136770 , 136771 , 136772 , 136773 , 136774 , 136776 , 136777 , 136778 , 136779 , 136780 , 136781 , 136782 , 136784 , 136787 , 5716 , 5717 , 5718 , 5719 , 5721 , 5722 , 5723 , 5724 , 5725 , 5726 , 5727 , 5728 , 5729 , 5730 , 5731 , 136806 , 5735 , 5736 , 5737 , 5738 , 5739 , 5741 , 5743 , 136816 , 136817 , 136818 , 136823 , 136824 , 5753 , 5754 , 5755 , 136828 , 136829 , 136830 , 136832 , 136833 , 136834 , 136835 , 136836 , 136837 , 136838 , 136839 , 5768 , 136841 , 136842 , 136843 , 136844 , 136845 , 136846 , 136847 , 136848 , 136849 , 136850 , 136851 , 136853 , 136854 , 136855 , 5795 , 5797 , 5798 , 153884 , 136879 , 5826 , 5827 , 5828 , 5829 , 136902 , 5831 , 5832 , 5833 , 136906 , 5836 , 5837 , 5838 , 5842 , 5843 , 5844 , 136917 , 136918 , 136920 , 136921 , 136922 , 5856 , 5857 , 5861 , 5862 , 5863 , 5864 , 5865 , 5869 , 5871 , 5872 , 136945 , 5874 , 5875 , 5876 , 5877 , 5878 , 5879 , 5882 , 5884 , 136957 , 136958 , 136959 , 5888 , 5889 , 5890 , 5891 , 136964 , 136965 , 5894 , 136967 , 136968 , 136969 , 153902 , 135497 , 136991 , 136992 , 136993 , 136994 , 136995 , 136996 , 136997 , 136998 , 5934 , 5935 , 5936 , 5937 , 137020 , 137023 , 137024 , 137026 , 137027 , 137028 , 153912 , 153913 , 5981 , 5982 , 5983 , 5985 , 5986 , 5987 , 137062 , 137063 , 5997 , 5998 , 5999 , 6000 , 6002 , 6004 , 6005 , 137088 , 6018 , 132075 , 6021 , 6022 , 132076 , 137101 , 137102 , 132077 , 137104 , 137105 , 137106 , 137109 , 137110 , 137111 , 137112 , 137113 , 137114 , 137115 , 137120 , 6049 , 137122 , 137123 , 137124 , 137125 , 137126 , 137128 , 137129 , 137130 , 6066 , 6067 , 6068 , 137141 , 6070 , 137146 , 137147 , 137148 , 6077 , 6078 , 137151 , 6080 , 6081 , 6083 , 6084 , 6086 , 6088 , 137161 , 137162 , 137172 , 137173 , 137174 , 137175 , 137176 , 137178 , 137179 , 137180 , 137181 , 137182 , 137186 , 137187 , 137207 , 137208 , 137209 , 137210 , 137211 , 137212 , 137219 , 137221 , 137222 , 137223 , 137224 , 137225 , 6154 , 137227 , 137228 , 137232 , 137236 , 137237 , 137238 , 137239 , 137240 , 137241 , 137245 , 137246 , 6181 , 6182 , 6183 , 6184 , 6185 , 6187 , 6188 , 6189 , 137264 , 137265 , 137266 , 137267 , 137268 , 137274 , 137275 , 137284 , 6220 , 6221 , 137302 , 137303 , 137304 , 137305 , 137306 , 6235 , 137308 , 137309 , 6243 , 6244 , 137317 , 137318 , 137321 , 137327 , 137328 , 137329 , 137331 , 137332 , 137333 , 137334 , 137335 , 137336 , 137341 , 137342 , 137343 , 137346 , 137347 , 137348 , 137355 , 137359 , 137360 , 137370 , 137371 , 137372 , 6304 , 6305 , 6306 , 6307 , 6308 , 6309 , 6316 , 6317 , 6318 , 6319 , 6321 , 6323 , 6324 , 6325 , 6327 , 6329 , 6330 , 6331 , 6332 , 6333 , 137407 , 137408 , 6337 , 6338 , 6339 , 6340 , 137413 , 6342 , 6343 , 137416 , 6345 , 6346 , 137419 , 137420 , 137421 , 137422 , 137423 , 137424 , 137425 , 137442 , 137443 , 6372 , 137446 , 137447 , 137448 , 137455 , 137456 , 137457 , 137458 , 137459 , 137460 , 137466 , 137467 , 137469 , 137470 , 137471 , 6417 , 6432 , 6434 , 6435 , 137514 , 137518 , 137519 , 137520 , 137522 , 137523 , 137524 , 137525 , 152800 , 6464 , 6474 , 6475 , 6476 , 6477 , 6478 , 137570 , 6513 , 6514 , 6515 , 6517 , 6518 , 6519 , 6521 , 6522 , 6523 , 6524 , 6528 , 6529 , 6530 , 6531 , 137610 , 137611 , 137614 , 137615 , 137620 , 137621 , 137622 , 137623 , 137624 , 137625 , 6556 , 6557 , 6558 , 6559 , 6565 , 6566 , 6568 , 6570 , 137644 , 137652 , 132171 , 132172 , 6614 , 6615 , 6620 , 6623 , 6624 , 137706 , 137707 , 137712 , 137716 , 137720 , 137721 , 137722 , 137723 , 137724 , 137725 , 137726 , 137727 , 137729 , 137730 , 6659 , 6660 , 137738 , 137740 , 137741 , 137742 , 137743 , 137744 , 137747 , 6687 , 6700 , 6701 , 6704 , 137779 , 137780 , 137792 , 137793 , 137835 , 137836 , 6772 , 137845 , 137846 , 6778 , 6779 , 6780 , 6781 , 6782 , 6783 , 6812 , 6813 , 137896 , 137897 , 6829 , 6830 , 137903 , 137904 , 137906 , 132211 , 154057 , 154058 , 137929 , 137930 , 137931 , 137932 , 137933 , 137934 , 137938 , 137939 , 137940 , 137941 , 137942 , 137976 , 6907 , 137996 , 137997 , 137998 , 137999 , 138000 , 6929 , 6930 , 6931 , 6932 , 6955 , 6956 , 6957 , 6958 , 6959 , 6960 , 6961 , 6962 , 6963 , 6964 , 6965 , 6966 , 6967 , 6969 , 6970 , 6971 , 6972 , 6974 , 6975 , 6976 , 6977 , 6978 , 138051 , 6980 , 6981 , 6982 , 6984 , 6985 , 6986 , 6987 , 6988 , 138061 , 6990 , 6991 , 138064 , 6993 , 6994 , 6995 , 138068 , 138069 , 6998 , 7000 , 7004 , 7005 , 7007 , 7008 , 7010 , 7011 , 7012 , 7013 , 7014 , 7015 , 7016 , 7017 , 7018 , 7019 , 7020 , 7021 , 7022 , 7023 , 7024 , 7025 , 7026 , 7027 , 7028 , 7029 , 7030 , 7031 , 7035 , 7036 , 7037 , 7038 , 7039 , 7040 , 7045 , 138119 , 138120 , 138121 , 138122 , 138123 , 7052 , 138129 , 138131 , 138136 , 138137 , 138138 , 138139 , 138140 , 138141 , 138142 , 138143 , 138146 , 138147 , 138150 , 138151 , 7081 , 7082 , 138155 , 138160 , 138161 , 138162 , 138164 , 7095 , 138170 , 7101 , 7104 , 7105 , 138191 , 138192 , 154106 , 132261 , 138216 , 7145 , 138221 , 138222 , 138223 , 7152 , 138225 , 138226 , 138268 , 132274 , 7219 , 7220 , 7221 , 138296 , 138297 , 138298 , 138299 , 138300 , 138301 , 138302 , 7231 , 7232 , 7233 , 138308 , 138310 , 7241 , 7242 , 7243 , 7245 , 7246 , 7247 , 7249 , 7250 , 7252 , 7253 , 7254 , 7255 , 7256 , 138329 , 138330 , 138331 , 7261 , 7262 , 7263 , 7264 , 138339 , 132285 , 7322 , 7323 , 138396 , 138397 , 7326 , 7327 , 7328 , 7344 , 7345 , 7346 , 7347 , 7350 , 138423 , 138424 , 7355 , 7356 , 7357 , 138431 , 138432 , 7361 , 7362 , 7363 , 7364 , 138437 , 138438 , 138439 , 7368 , 7369 , 7370 , 7371 , 7372 , 7374 , 7375 , 7377 , 7384 , 7385 , 7386 , 7387 , 7388 , 7391 , 7399 , 7400 , 7401 , 7402 , 7403 , 7404 , 7405 , 7406 , 7407 , 7409 , 7410 , 7412 , 7414 , 138488 , 7417 , 138490 , 7421 , 7422 , 138495 , 138496 , 138497 , 138498 , 138499 , 138501 , 138502 , 138503 , 138504 , 138505 , 7440 , 7441 , 7443 , 7448 , 7449 , 7450 , 132315 , 7461 , 7462 , 7463 , 7464 , 138539 , 138542 , 138543 , 138546 , 138547 , 138548 , 138549 , 138554 , 138555 , 138556 , 138560 , 138561 , 138562 , 138563 , 138577 , 138578 , 138586 , 138587 , 138588 , 138596 , 138600 , 138616 , 138617 , 7583 , 7584 , 7585 , 7586 , 7587 , 138660 , 138661 , 138662 , 138663 , 138665 , 138668 , 138669 , 138670 , 7599 , 138672 , 7601 , 7602 , 7603 , 138676 , 7605 , 7606 , 138679 , 138681 , 7610 , 138683 , 138688 , 138690 , 138697 , 138698 , 138699 , 138700 , 138701 , 138702 , 138703 , 138704 , 138705 , 138706 , 138707 , 138708 , 138709 , 138715 , 138741 , 138742 , 7673 , 7674 , 7675 , 7676 , 7677 , 7678 , 7679 , 7681 , 7682 , 7685 , 7686 , 7687 , 7688 , 7689 , 7690 , 138771 , 138772 , 138773 , 138774 , 132356 , 7707 , 7708 , 7710 , 138783 , 7712 , 7713 , 138786 , 132358 , 138791 , 138797 , 138798 , 138799 , 138800 , 138801 , 138802 , 138804 , 138805 , 138807 , 138808 , 138809 , 138810 , 138811 , 7744 , 7745 , 7746 , 138819 , 7751 , 7752 , 7753 , 7754 , 7755 , 7756 , 7757 , 7758 , 7759 , 138832 , 7761 , 138834 , 138835 , 7764 , 7765 , 138838 , 138839 , 138840 , 138841 , 138842 , 138843 , 138844 , 138845 , 138846 , 138847 , 138848 , 138849 , 138850 , 138851 , 138852 , 138853 , 138854 , 138855 , 138856 , 138857 , 138858 , 138859 , 138860 , 138861 , 138862 , 138863 , 138864 , 138865 , 138866 , 138867 , 138869 , 138870 , 138871 , 138872 , 138873 , 138874 , 138875 , 138876 , 138878 , 138879 , 138882 , 138883 , 138884 , 138885 , 138886 , 138887 , 138888 , 138890 , 7839 , 7840 , 7841 , 7842 , 7848 , 7849 , 7850 , 7851 , 7855 , 7856 , 138933 , 7862 , 7863 , 7864 , 7865 , 7866 , 138939 , 138940 , 138943 , 138952 , 138953 , 7882 , 7883 , 138964 , 138965 , 138966 , 138967 , 7900 , 7901 , 7902 , 138975 , 7904 , 7905 , 7906 , 7907 , 7908 , 7909 , 7910 , 7913 , 7914 , 7916 , 7917 , 7918 , 138991 , 7922 , 7923 , 7924 , 7927 , 7928 , 7929 , 7945 , 7946 , 7951 , 7953 , 7954 , 7955 , 7956 , 139037 , 139040 , 139041 , 139043 , 139044 , 139045 , 139046 , 139049 , 139050 , 139051 , 139052 , 139053 , 139054 , 139055 , 139056 , 7985 , 7991 , 7992 , 7993 , 7994 , 139067 , 139068 , 139069 , 7998 , 7999 , 8000 , 139073 , 139074 , 8008 , 8009 , 8011 , 8012 , 8013 , 8014 , 8015 , 8016 , 8017 , 8018 , 8019 , 8020 , 8021 , 139094 , 8023 , 139096 , 139097 , 8026 , 8027 , 8028 , 139101 , 8030 , 8031 , 154256 , 139106 , 139114 , 139117 , 139118 , 139128 , 139129 , 139130 , 8059 , 8060 , 139134 , 139135 , 139136 , 154262 , 139144 , 139145 , 139146 , 8075 , 139163 , 139164 , 139165 , 139166 , 139167 , 139168 , 139182 , 139183 , 139184 , 139185 , 139186 , 139187 , 154270 , 139192 , 139193 , 139194 , 139195 , 8124 , 8125 , 8126 , 8127 , 8128 , 139201 , 139202 , 139203 , 139204 , 8133 , 8134 , 8135 , 139208 , 8137 , 8139 , 8140 , 8141 , 8142 , 8143 , 8144 , 8145 , 8146 , 8147 , 8148 , 8149 , 139222 , 8151 , 8152 , 8153 , 8154 , 8155 , 8156 , 154277 , 154278 , 139238 , 139239 , 8168 , 8169 , 8170 , 8171 , 8172 , 8173 , 8175 , 8176 , 8177 , 8178 , 8179 , 139252 , 139253 , 139254 , 139255 , 139256 , 139259 , 139260 , 139261 , 139262 , 139263 , 139265 , 139266 , 139267 , 139268 , 139289 , 139305 , 139306 , 8279 , 8286 , 139360 , 139369 , 8317 , 8319 , 8320 , 8322 , 8323 , 8324 , 8325 , 139402 , 8332 , 8333 , 8334 , 154309 , 8352 , 8353 , 154310 , 8361 , 154311 , 8366 , 8367 , 8368 , 8369 , 8370 , 8371 , 8378 , 8379 , 154315 , 8388 , 8389 , 139462 , 154316 , 8397 , 154317 , 8404 , 8405 , 139493 , 139494 , 139495 , 139496 , 139497 , 139498 , 139500 , 139501 , 139502 , 139503 , 139504 , 139505 , 139507 , 8436 , 8437 , 8438 , 139512 , 139513 , 139514 , 8459 , 139532 , 139542 , 8478 , 8479 , 139592 , 139593 , 8522 , 8523 , 139596 , 139597 , 139599 , 139600 , 139602 , 139603 , 139610 , 139611 , 139615 , 139622 , 139623 , 139625 , 8554 , 8555 , 139628 , 8557 , 8558 , 8559 , 139632 , 8563 , 139636 , 8565 , 8566 , 8568 , 139654 , 139655 , 139656 , 139657 , 8586 , 8608 , 8609 , 139684 , 8613 , 139699 , 139700 , 8630 , 8631 , 8632 , 139712 , 139713 , 139714 , 8644 , 139722 , 8651 , 8652 , 139725 , 8654 , 8655 , 8658 , 139734 , 139740 , 139741 , 139742 , 139743 , 139744 , 139745 , 139749 , 139750 , 139753 , 8692 , 8693 , 8695 , 8696 , 132522 , 8704 , 8705 , 8706 , 8707 , 8708 , 8709 , 8710 , 8711 , 8712 , 8713 , 8714 , 8715 , 8716 , 8717 , 139790 , 8719 , 139792 , 139793 , 139794 , 139795 , 139796 , 8744 , 8745 , 8747 , 8748 , 8749 , 8750 , 8761 , 8762 , 8763 , 8765 , 8768 , 8769 , 8770 , 8771 , 8772 , 139862 , 139863 , 139864 , 139865 , 154389 , 8837 , 8847 , 8848 , 8852 , 8853 , 8854 , 139927 , 8860 , 8861 , 8862 , 139935 , 8864 , 139941 , 8871 , 8872 , 8873 , 132551 , 8879 , 8880 , 8881 , 154398 , 139959 , 139960 , 139961 , 139962 , 139963 , 139964 , 139965 , 139968 , 139969 , 154401 , 8905 , 8906 , 8908 , 8909 , 8910 , 8911 , 8915 , 8916 , 8917 , 8920 , 8921 , 8922 , 132559 , 139997 , 139998 , 139999 , 140000 , 132560 , 140005 , 140006 , 140007 , 140008 , 140009 , 8938 , 8939 , 8940 , 132562 , 8943 , 8944 , 8946 , 8947 , 140024 , 140035 , 140036 , 132566 , 140038 , 140039 , 140043 , 140044 , 8978 , 8979 , 8980 , 8982 , 8992 , 135600 , 140102 , 140103 , 140104 , 9063 , 9064 , 9067 , 9068 , 140163 , 140164 , 140165 , 140166 , 140168 , 140169 , 140174 , 140175 , 140176 , 140177 , 140180 , 140184 , 140185 , 140186 , 140187 , 140189 , 140190 , 140191 , 9120 , 140193 , 154438 , 154440 , 151198 , 9148 , 9149 , 9150 , 9154 , 9157 , 9158 , 9160 , 9161 , 9163 , 9167 , 9168 , 9169 , 9170 , 9175 , 9176 , 9177 , 9178 , 9179 , 9180 , 140254 , 140255 , 140256 , 140257 , 140258 , 9187 , 140260 , 140262 , 9191 , 9192 , 9193 , 9194 , 9195 , 9196 , 9197 , 9200 , 9201 , 140274 , 140275 , 140279 , 140280 , 140287 , 140288 , 154454 , 9222 , 9223 , 9224 , 9227 , 9230 , 9231 , 9232 , 140328 , 140329 , 140330 , 140389 , 140390 , 140391 , 140393 , 140394 , 140395 , 140396 , 140400 , 140401 , 140407 , 9343 , 9344 , 9356 , 154477 , 9365 , 9366 , 9367 , 9374 , 9375 , 9376 , 9377 , 9379 , 9380 , 9383 , 9387 , 9388 , 9389 , 9390 , 9391 , 9392 , 9393 , 140468 , 9418 , 9419 , 9421 , 9445 , 9446 , 9464 , 9479 , 9480 , 9481 , 9484 , 9485 , 9486 , 9487 , 9488 , 9494 , 9506 , 9507 , 9508 , 9523 , 9527 , 9528 , 9529 , 140603 , 140604 , 9533 , 9534 , 9537 , 9538 , 9539 , 9540 , 9541 , 9542 , 9545 , 9550 , 154509 , 140624 , 140625 , 140626 , 140627 , 140628 , 9562 , 140663 , 140664 , 140665 , 140674 , 140675 , 140686 , 140687 , 140688 , 140689 , 140690 , 140691 , 140692 , 140694 , 140695 , 140698 , 140700 , 140701 , 140702 , 140705 , 140706 , 140707 , 140708 , 140709 , 140710 , 140712 , 140713 , 140714 , 140715 , 9655 , 9657 , 9659 , 9660 , 140758 , 140759 , 140760 , 140761 , 140762 , 140763 , 9707 , 9708 , 9709 , 140784 , 140785 , 140786 , 140787 , 140788 , 140790 , 9719 , 9720 , 140793 , 9724 , 9725 , 9726 , 9727 , 9728 , 140801 , 9730 , 140803 , 9732 , 9733 , 140806 , 9735 , 9736 , 140815 , 140817 , 140818 , 140819 , 140820 , 140821 , 140822 , 140823 , 140824 , 140825 , 140826 , 140827 , 140828 , 9757 , 9758 , 9759 , 9760 , 9762 , 132699 , 9764 , 9765 , 9767 , 132700 , 9771 , 9772 , 9773 , 9774 , 9775 , 9776 , 9777 , 140854 , 9783 , 9784 , 9785 , 9786 , 132703 , 9791 , 9792 , 9796 , 9798 , 9799 , 9801 , 9802 , 9803 , 9805 , 9806 , 9809 , 9810 , 140887 , 9816 , 140889 , 9818 , 9819 , 140899 , 140900 , 140901 , 140902 , 140903 , 140904 , 140905 , 140906 , 140907 , 140908 , 140909 , 140913 , 9842 , 140917 , 9846 , 9847 , 9848 , 9856 , 9857 , 9858 , 9859 , 9861 , 9862 , 9863 , 132718 , 132719 , 140960 , 140961 , 140967 , 140968 , 140969 , 140970 , 140971 , 140972 , 140973 , 140974 , 140977 , 140979 , 140983 , 140984 , 140985 , 140987 , 140988 , 140989 , 140993 , 148724 , 9934 , 141017 , 141023 , 141024 , 9962 , 9963 , 9964 , 141040 , 141041 , 9981 , 9983 , 9984 , 141058 , 141059 , 9988 , 9989 , 9990 , 9991 , 141064 , 141065 , 141066 , 141069 , 141070 , 141071 , 10001 , 141110 , 141111 , 141112 , 141121 , 10050 , 10051 , 10052 , 10053 , 10055 , 10056 , 10058 , 10059 , 10060 , 10061 , 141134 , 10064 , 10065 , 10066 , 10067 , 10068 , 141143 , 141144 , 10074 , 10075 , 141148 , 141154 , 141156 , 141161 , 141162 , 141163 , 141165 , 141166 , 132758 , 132759 , 132760 , 10133 , 10134 , 141209 , 141210 , 141211 , 141217 , 141218 , 141219 , 141220 , 141221 , 141222 , 141223 , 141224 , 141225 , 141227 , 141228 , 141229 , 141230 , 141231 , 141237 , 141238 , 141239 , 141240 , 141241 , 10170 , 10171 , 10172 , 10173 , 10174 , 10175 , 10177 , 10178 , 10179 , 10180 , 10181 , 10182 , 10185 , 10187 , 10200 , 10201 , 141274 , 141294 , 141295 , 141298 , 141302 , 141303 , 141306 , 141307 , 141308 , 141309 , 141310 , 141311 , 10250 , 10252 , 154626 , 141326 , 141327 , 141328 , 141329 , 141330 , 141331 , 141332 , 141334 , 141335 , 141336 , 141337 , 141339 , 141340 , 141341 , 141342 , 141343 , 141344 , 141345 , 10283 , 10284 , 10304 , 10305 , 10306 , 10307 , 10318 , 10319 , 154644 , 141435 , 10370 , 10371 , 10372 , 10373 , 10374 , 10376 , 10380 , 10381 , 10383 , 10384 , 10385 , 141458 , 141459 , 141460 , 141461 , 141462 , 141463 , 10392 , 141465 , 141466 , 10395 , 154650 , 141471 , 141472 , 10401 , 10402 , 141475 , 10404 , 141477 , 141485 , 141486 , 141487 , 141488 , 141489 , 141490 , 141495 , 141496 , 141507 , 141508 , 10437 , 10438 , 10439 , 10440 , 10441 , 10442 , 141516 , 141517 , 141520 , 10449 , 141523 , 141525 , 141528 , 141529 , 10458 , 10459 , 10460 , 141533 , 10462 , 141535 , 141536 , 141537 , 10466 , 141539 , 10468 , 141543 , 141544 , 141545 , 141546 , 141547 , 10483 , 10488 , 141580 , 141581 , 141582 , 141583 , 141584 , 141585 , 141587 , 141591 , 141592 , 141593 , 141594 , 141595 , 141596 , 141597 , 141599 , 141600 , 141603 , 141604 , 141605 , 141606 , 141609 , 141619 , 141620 , 10549 , 10550 , 10551 , 141628 , 141629 , 141630 , 141631 , 141632 , 141633 , 10566 , 10567 , 10568 , 10580 , 10591 , 141669 , 141672 , 141673 , 141674 , 141675 , 141676 , 141677 , 141678 , 141679 , 141680 , 141681 , 141682 , 141683 , 141684 , 10613 , 10614 , 10615 , 10616 , 10618 , 10619 , 141692 , 141693 , 141697 , 141698 , 141699 , 141700 , 141703 , 141704 , 141705 , 141706 , 141707 , 141713 , 141714 , 141715 , 141716 , 141722 , 141723 , 141724 , 141733 , 141734 , 141735 , 141736 , 10692 , 141765 , 141766 , 141767 , 141768 , 141769 , 10699 , 10700 , 141774 , 141775 , 141776 , 141777 , 141778 , 141783 , 141784 , 141785 , 10716 , 10718 , 10719 , 141802 , 141811 , 132862 , 141815 , 141816 , 141820 , 141822 , 141823 , 141842 , 10772 , 10773 , 141846 , 141848 , 141849 , 141850 , 141852 , 141853 , 141854 , 141855 , 10785 , 10786 , 10787 , 141861 , 141862 , 141890 , 10821 , 10822 , 10823 , 10824 , 10825 , 10826 , 141899 , 141900 , 141903 , 141904 , 141905 , 10834 , 141907 , 141909 , 141912 , 141914 , 141915 , 141916 , 141917 , 10846 , 141919 , 141925 , 141930 , 141934 , 10863 , 10864 , 10865 , 10866 , 10867 , 141943 , 141944 , 141945 , 141946 , 141947 , 141948 , 141949 , 141950 , 141951 , 141960 , 141961 , 141962 , 141963 , 141964 , 141965 , 141966 , 141967 , 141984 , 141985 , 141986 , 141987 , 141988 , 141989 , 141990 , 10921 , 10922 , 141995 , 142000 , 142001 , 142002 , 142003 , 142004 , 10969 , 10971 , 10974 , 142051 , 142059 , 142065 , 142067 , 142068 , 142069 , 142070 , 11000 , 11023 , 11024 , 11028 , 11029 , 11030 , 142158 , 142165 , 142171 , 11103 , 11104 , 11105 , 11106 , 11110 , 142184 , 142185 , 11121 , 11122 , 11129 , 11130 , 11131 , 11132 , 11139 , 11142 , 142234 , 142235 , 11170 , 142250 , 142254 , 142255 , 11185 , 11186 , 11187 , 11188 , 142264 , 142265 , 142266 , 142267 , 142268 , 142269 , 142270 , 142271 , 142272 , 142273 , 142277 , 142279 , 142280 , 142287 , 142288 , 142289 , 142290 , 142291 , 11221 , 11222 , 142295 , 142296 , 142297 , 142298 , 142299 , 142300 , 142301 , 11230 , 11231 , 11232 , 11234 , 11235 , 11239 , 11240 , 11243 , 11245 , 11246 , 142322 , 11255 , 11256 , 142329 , 142330 , 142331 , 142332 , 142333 , 142334 , 142335 , 142336 , 142339 , 11268 , 11269 , 11270 , 11271 , 11272 , 142346 , 11275 , 11276 , 142350 , 11279 , 11280 , 11281 , 11283 , 11284 , 11285 , 11286 , 11287 , 11288 , 11289 , 11291 , 11292 , 11293 , 11297 , 11298 , 11299 , 11303 , 11304 , 11309 , 11311 , 11312 , 11313 , 11314 , 11319 , 11320 , 142393 , 142394 , 142395 , 142396 , 11325 , 142398 , 11327 , 11328 , 142404 , 142411 , 142412 , 142413 , 142414 , 142415 , 142416 , 142417 , 11355 , 11356 , 11357 , 11358 , 11363 , 11364 , 11365 , 142438 , 142439 , 142440 , 142471 , 142473 , 142474 , 142479 , 142480 , 142481 , 142482 , 11428 , 11429 , 11430 , 11431 , 11433 , 11434 , 11435 , 11436 , 11437 , 11438 , 11439 , 142512 , 11441 , 142514 , 142515 , 11444 , 11448 , 11449 , 142526 , 142531 , 142532 , 142533 , 142538 , 142539 , 11476 , 11477 , 11479 , 142554 , 142555 , 142557 , 142562 , 142563 , 142564 , 142565 , 142566 , 142573 , 142574 , 142575 , 142576 , 142577 , 11507 , 11508 , 11509 , 11512 , 11513 , 132991 , 11516 , 132992 , 142598 , 11542 , 11544 , 11545 , 142644 , 142645 , 142662 , 11591 , 142664 , 142665 , 11596 , 142669 , 142670 , 11600 , 11601 , 11602 , 11603 , 11604 , 142677 , 11606 , 142681 , 142682 , 142683 , 142684 , 142685 , 142691 , 11620 , 11621 , 11622 , 11623 , 11624 , 11625 , 11626 , 11627 , 11628 , 11629 , 11633 , 11634 , 11642 , 11643 , 11644 , 11646 , 11648 , 11649 , 142722 , 11651 , 11652 , 11653 , 11655 , 11656 , 11657 , 11658 , 11659 , 144418 , 142756 , 142757 , 142758 , 142759 , 142760 , 142761 , 142762 , 142763 , 142764 , 142765 , 142766 , 142767 , 142768 , 142769 , 142771 , 154868 , 154869 , 154870 , 142795 , 142808 , 142809 , 142810 , 142811 , 142812 , 142813 , 142815 , 142817 , 142818 , 142821 , 142822 , 142823 , 142824 , 142825 , 142828 , 142831 , 142832 , 142833 , 142834 , 142835 , 142836 , 142843 , 142844 , 142845 , 142846 , 142847 , 11776 , 11777 , 11778 , 11779 , 11780 , 154881 , 142858 , 142859 , 142860 , 142861 , 142862 , 142863 , 142864 , 142865 , 142877 , 142878 , 142879 , 142880 , 142881 , 142882 , 142883 , 142884 , 142885 , 142886 , 142887 , 142888 , 142889 , 142890 , 142895 , 142901 , 142902 , 142903 , 142904 , 142905 , 142906 , 142908 , 142909 , 154891 , 154892 , 142924 , 142925 , 142926 , 154893 , 11859 , 142932 , 142933 , 142934 , 142935 , 142936 , 142937 , 142938 , 11867 , 11868 , 11869 , 142942 , 11871 , 11872 , 11873 , 11874 , 142947 , 142948 , 142949 , 11878 , 11879 , 142952 , 142953 , 142954 , 142955 , 142956 , 11885 , 11886 , 11908 , 133059 , 133060 , 143006 , 143007 , 143008 , 143009 , 11938 , 143011 , 143012 , 143016 , 143017 , 143020 , 143021 , 143022 , 143023 , 143024 , 143025 , 143026 , 143027 , 143028 , 143029 , 11965 , 11966 , 143041 , 143042 , 135699 , 12009 , 12010 , 143086 , 143087 , 143088 , 143089 , 143090 , 143091 , 143092 , 143093 , 143094 , 143095 , 143096 , 143097 , 143101 , 143102 , 143104 , 143105 , 143106 , 143107 , 143108 , 143110 , 143111 , 143112 , 143116 , 143117 , 143118 , 143119 , 143120 , 143121 , 143125 , 143134 , 143135 , 143136 , 143137 , 143145 , 12074 , 12075 , 12076 , 12078 , 12079 , 12080 , 12081 , 12083 , 12084 , 12085 , 12086 , 12087 , 12088 , 12089 , 12090 , 12094 , 12095 , 12097 , 12098 , 12099 , 12100 , 12101 , 12102 , 12103 , 12104 , 12105 , 12106 , 12107 , 12108 , 12109 , 143195 , 143204 , 143205 , 143206 , 143207 , 143208 , 143209 , 143210 , 143215 , 143216 , 143217 , 12172 , 12173 , 12187 , 12188 , 12189 , 12190 , 12191 , 12192 , 12195 , 12197 , 12198 , 12200 , 12201 , 12213 , 12224 , 12225 , 143298 , 143299 , 143300 , 143301 , 143302 , 143306 , 143307 , 143308 , 143309 , 143310 , 143314 , 143315 , 143316 , 143317 , 143318 , 12247 , 12248 , 12249 , 12252 , 12253 , 12269 , 12271 , 12277 , 12284 , 12285 , 12286 , 12287 , 12288 , 12289 , 12290 , 143369 , 143370 , 143373 , 143374 , 143375 , 143376 , 143377 , 144110 , 143380 , 143382 , 12314 , 12315 , 12316 , 12317 , 12318 , 12319 , 12320 , 12321 , 12322 , 12323 , 143403 , 143404 , 143405 , 143406 , 143407 , 143408 , 12337 , 12338 , 143411 , 12344 , 12345 , 12346 , 12347 , 12348 , 12352 , 12353 , 143435 , 143436 , 143437 , 143439 , 154979 , 143445 , 143482 , 12411 , 12448 , 12449 , 143522 , 143523 , 143524 , 12455 , 12456 , 12457 , 12458 , 12463 , 12471 , 12472 , 12476 , 12477 , 12478 , 154997 , 12480 , 12481 , 154998 , 12490 , 154999 , 12493 , 12494 , 12495 , 12496 , 143569 , 12498 , 12499 , 12501 , 12502 , 12503 , 12504 , 12505 , 155002 , 12512 , 12513 , 12514 , 12515 , 12516 , 143591 , 12520 , 12521 , 12522 , 12524 , 12525 , 12526 , 12527 , 12529 , 12530 , 12531 , 12533 , 155007 , 12542 , 12543 , 12544 , 12545 , 12548 , 12549 , 12550 , 12551 , 12552 , 12553 , 12554 , 12555 , 12556 , 12558 , 12561 , 12562 , 12563 , 12564 , 143638 , 143639 , 143640 , 143641 , 143642 , 143643 , 143644 , 143646 , 143648 , 143649 , 143650 , 143655 , 143656 , 143657 , 143658 , 143659 , 143660 , 143663 , 143666 , 143667 , 143668 , 12597 , 12598 , 12599 , 143676 , 143677 , 143678 , 12607 , 143681 , 143682 , 155020 , 153714 , 12625 , 12635 , 12636 , 12637 , 143710 , 143711 , 143712 , 12641 , 12642 , 143715 , 143716 , 143720 , 143721 , 143723 , 143724 , 143732 , 143733 , 143734 , 143736 , 143737 , 143738 , 143739 , 12669 , 133186 , 12698 , 12700 , 12701 , 143779 , 143780 , 143781 , 143782 , 12721 , 12723 , 12724 , 12725 , 12726 , 12727 , 12730 , 12731 , 12732 , 12733 , 143814 , 143819 , 143820 , 143821 , 143822 , 143824 , 143825 , 143826 , 143839 , 143840 , 12777 , 12778 , 12780 , 148820 , 12817 , 12818 , 12819 , 12820 , 12821 , 12822 , 143895 , 12824 , 143897 , 143898 , 12835 , 12836 , 12838 , 12841 , 12842 , 12843 , 12844 , 12845 , 12846 , 12849 , 12850 , 12851 , 143926 , 12856 , 12857 , 143938 , 143939 , 143940 , 143941 , 143952 , 143954 , 143963 , 143964 , 143967 , 143968 , 143969 , 143970 , 143971 , 143972 , 143973 , 143974 , 143975 , 143976 , 143977 , 143994 , 143995 , 143996 , 143997 , 143999 , 144000 , 144001 , 144002 , 144013 , 144014 , 144016 , 144017 , 144018 , 144019 , 144022 , 144023 , 144024 , 144025 , 12954 , 144027 , 144028 , 144029 , 144030 , 12959 , 12960 , 144033 , 144034 , 144035 , 144038 , 144039 , 144040 , 144041 , 144042 , 144043 , 144044 , 144046 , 144047 , 144051 , 144052 , 144054 , 144055 , 12995 , 12997 , 144070 , 144079 , 144080 , 144081 , 144082 , 144083 , 144084 , 144085 , 13018 , 13019 , 144097 , 144098 , 13027 , 13028 , 13029 , 13032 , 13033 , 13034 , 13035 , 13036 , 13037 , 13038 , 13039 , 13040 , 144113 , 144114 , 144115 , 144116 , 13046 , 144119 , 13048 , 144121 , 13050 , 144123 , 13052 , 13053 , 13054 , 144127 , 13057 , 13058 , 13059 , 13060 , 144133 , 13062 , 144148 , 13078 , 13087 , 13088 , 13089 , 13090 , 13092 , 13094 , 144167 , 144168 , 144169 , 144170 , 13099 , 13100 , 13101 , 144174 , 144175 , 13104 , 13105 , 151727 , 13117 , 13118 , 13119 , 144212 , 144213 , 144214 , 144222 , 144223 , 144224 , 144226 , 144227 , 144234 , 144240 , 144243 , 144245 , 144246 , 144254 , 144255 , 144256 , 144260 , 13215 , 13216 , 13217 , 13218 , 13219 , 13220 , 13221 , 13222 , 13223 , 13224 , 13225 , 144311 , 144351 , 144358 , 144360 , 13306 , 13307 , 13308 , 13309 , 13310 , 144384 , 144385 , 144386 , 144387 , 144388 , 13317 , 13318 , 144391 , 144392 , 144393 , 144394 , 144395 , 144397 , 144398 , 144399 , 144400 , 144401 , 13342 , 13343 , 13344 , 13345 , 13346 , 144419 , 13348 , 13349 , 13350 , 13351 , 13352 , 13353 , 13354 , 13356 , 13366 , 13380 , 13381 , 13382 , 13383 , 13384 , 13385 , 13386 , 13387 , 13389 , 13390 , 13391 , 13393 , 13394 , 13395 , 13397 , 13398 , 13399 , 13400 , 13401 , 13405 , 13406 , 13407 , 13410 , 13412 , 13414 , 13415 , 13416 , 13417 , 13418 , 13419 , 13427 , 13428 , 13429 , 144510 , 144511 , 144512 , 144513 , 144517 , 13468 , 13469 , 13470 , 13479 , 13480 , 13481 , 13482 , 13483 , 144570 , 144571 , 144572 , 144577 , 144578 , 144580 , 144581 , 144582 , 144583 , 144584 , 144606 , 144607 , 155176 , 155177 , 155178 , 155179 , 13573 , 155180 , 13601 , 13602 , 13603 , 13604 , 13606 , 13607 , 13608 , 13609 , 13610 , 13611 , 13613 , 13614 , 13616 , 13617 , 13621 , 13622 , 13629 , 13630 , 13631 , 13632 , 13633 , 13638 , 144720 , 144724 , 144727 , 144728 , 144731 , 144732 , 144733 , 144737 , 13667 , 13668 , 13669 , 13670 , 144748 , 144773 , 144781 , 144782 , 144784 , 144785 , 144787 , 144788 , 144789 , 144790 , 13721 , 144802 , 144803 , 144804 , 144805 , 144806 , 144807 , 144809 , 144810 , 144811 , 144818 , 144819 , 144831 , 144832 , 144835 , 13764 , 144837 , 13766 , 13767 , 144844 , 155215 , 144865 , 144866 , 144867 , 144868 , 144869 , 144870 , 144871 , 144872 , 144873 , 135391 , 144889 , 144890 , 144891 , 144892 , 144895 , 144896 , 144897 , 144903 , 144911 , 144912 , 144933 , 144934 , 144935 , 144936 , 144937 , 144938 , 144939 , 144940 , 144941 , 144942 , 144943 , 144945 , 144946 , 144947 , 144948 , 144949 , 144954 , 144956 , 144957 , 144958 , 144961 , 144962 , 13891 , 13892 , 13893 , 13894 , 13895 , 13896 , 13897 , 13898 , 13899 , 13900 , 13901 , 144974 , 144975 , 144976 , 13905 , 13911 , 13913 , 13914 , 13915 , 13917 , 13925 , 13931 , 13933 , 13948 , 13949 , 13953 , 13954 , 13955 , 13956 , 13957 , 13958 , 13960 , 13961 , 13962 , 13963 , 145036 , 13965 , 13966 , 145043 , 13972 , 13973 , 145046 , 145047 , 145048 , 145052 , 145053 , 145054 , 145056 , 145057 , 145058 , 145059 , 145060 , 145062 , 133407 , 133409 , 14035 , 14036 , 14037 , 14038 , 14041 , 145117 , 14046 , 145121 , 145122 , 14060 , 14061 , 14062 , 14064 , 14065 , 14066 , 14067 , 14068 , 14069 , 14070 , 14071 , 145160 , 145163 , 145164 , 145165 , 14095 , 14096 , 145170 , 145171 , 145172 , 145173 , 145175 , 155268 , 144122 , 145179 , 145180 , 145181 , 155269 , 14116 , 155270 , 145191 , 14120 , 14121 , 145194 , 14123 , 14124 , 145197 , 14128 , 14129 , 14130 , 145213 , 14187 , 14188 , 14189 , 155285 , 145314 , 145315 , 145316 , 145317 , 145319 , 145344 , 145345 , 145346 , 145347 , 14276 , 14277 , 14279 , 14280 , 145355 , 145356 , 14286 , 14287 , 14288 , 14289 , 14290 , 14291 , 14292 , 14293 , 14294 , 14295 , 14296 , 145370 , 14299 , 14300 , 145383 , 145384 , 14315 , 14339 , 14340 , 14341 , 14342 , 14343 , 14347 , 14350 , 14351 , 14353 , 14354 , 14355 , 14357 , 14358 , 14359 , 14360 , 145435 , 145436 , 145437 , 145447 , 14378 , 14379 , 145461 , 145462 , 145463 , 145464 , 145465 , 145466 , 145467 , 145468 , 145470 , 145471 , 145472 , 145473 , 145474 , 145475 , 145476 , 145477 , 145481 , 153238 , 145509 , 133479 , 145518 , 145519 , 145520 , 145521 , 145523 , 145524 , 145529 , 145530 , 145533 , 145534 , 145535 , 145536 , 145537 , 145542 , 145543 , 145544 , 145551 , 145553 , 145554 , 145555 , 14506 , 14507 , 14508 , 14509 , 145582 , 14512 , 145585 , 145586 , 145587 , 145588 , 145590 , 145591 , 145601 , 145602 , 145603 , 145604 , 145605 , 145608 , 145609 , 145610 , 133495 , 145613 , 145614 , 145615 , 14562 , 14563 , 14564 , 14565 , 14566 , 14569 , 14570 , 14571 , 14578 , 14579 , 14580 , 14590 , 133504 , 145670 , 145676 , 145677 , 145697 , 145698 , 145700 , 145705 , 145706 , 145729 , 145737 , 145738 , 145739 , 145740 , 145741 , 145744 , 145745 , 145746 , 14678 , 14679 , 14683 , 14684 , 14685 , 145758 , 14687 , 14689 , 14708 , 14709 , 14710 , 14711 , 14712 , 145785 , 145786 , 14720 , 14721 , 14722 , 14723 , 145796 , 145801 , 145806 , 153249 , 145833 , 145834 , 145835 , 145836 , 145837 , 145842 , 145843 , 145844 , 145845 , 145846 , 145847 , 14776 , 133535 , 14797 , 153251 , 14811 , 14812 , 14813 , 155387 , 14828 , 14829 , 14830 , 145909 , 145910 , 145911 , 14872 , 14873 , 14874 , 14875 , 14876 , 14879 , 14885 , 14886 , 14887 , 14894 , 14895 , 14896 , 145969 , 14898 , 14899 , 133556 , 14907 , 14908 , 14909 , 14910 , 14911 , 14912 , 14913 , 14915 , 14916 , 14917 , 14918 , 14919 , 14920 , 14921 , 14922 , 133559 , 14924 , 14925 , 14926 , 145999 , 14928 , 14929 , 14930 , 14931 , 146006 , 133561 , 14936 , 14937 , 146014 , 14962 , 14965 , 14978 , 14979 , 14980 , 14981 , 146064 , 15002 , 15003 , 15004 , 15005 , 15006 , 146088 , 146096 , 146097 , 146098 , 146099 , 146100 , 146101 , 146102 , 146109 , 15039 , 15040 , 15041 , 15043 , 15047 , 15048 , 15049 , 15050 , 15051 , 15054 , 15055 , 15056 , 15057 , 15058 , 15059 , 15060 , 15061 , 15069 , 15070 , 15071 , 153260 , 15076 , 15077 , 15083 , 15085 , 15086 , 15087 , 15088 , 15089 , 15090 , 15091 , 15092 , 15093 , 15094 , 15095 , 15096 , 15097 , 15099 , 15100 , 15102 , 15103 , 15104 , 15109 , 15110 , 146184 , 15113 , 15114 , 15115 , 15116 , 15117 , 15118 , 15119 , 15122 , 15123 , 15124 , 15125 , 15127 , 15128 , 15131 , 15132 , 146209 , 146210 , 146211 , 146212 , 146213 , 146214 , 146215 , 146216 , 146217 , 146219 , 146220 , 146221 , 146222 , 146223 , 146224 , 146226 , 146227 , 146228 , 146229 , 146230 , 146234 , 146235 , 146236 , 146237 , 146238 , 146239 , 146242 , 146243 , 146244 , 146245 , 146246 , 146247 , 146248 , 146249 , 146250 , 146251 , 146252 , 146253 , 146254 , 146255 , 146258 , 146259 , 146260 , 146262 , 146263 , 146264 , 146265 , 146266 , 15200 , 146274 , 146275 , 146277 , 146278 , 146282 , 146284 , 146289 , 146290 , 146293 , 15248 , 15250 , 15255 , 15256 , 146345 , 146346 , 146347 , 146348 , 146349 , 15279 , 15280 , 146354 , 15294 , 15295 , 15296 , 15297 , 146370 , 146371 , 146372 , 146373 , 146374 , 146375 , 15304 , 15305 , 15306 , 146379 , 146380 , 15309 , 146382 , 15311 , 15313 , 15314 , 15315 , 146388 , 146389 , 15318 , 15319 , 146394 , 146395 , 146396 , 146397 , 146401 , 146402 , 146403 , 146425 , 146426 , 146427 , 146428 , 146429 , 146430 , 146434 , 146435 , 155479 , 153270 , 146448 , 146449 , 146450 , 155481 , 146458 , 146464 , 146465 , 146466 , 146467 , 15400 , 15401 , 146474 , 146475 , 15404 , 15405 , 15406 , 15407 , 15408 , 15409 , 15410 , 155486 , 146486 , 146487 , 146488 , 146489 , 146490 , 146495 , 146496 , 146497 , 146498 , 146501 , 146502 , 146510 , 146511 , 146512 , 146513 , 146514 , 146515 , 146518 , 146519 , 15448 , 146523 , 146524 , 146525 , 15456 , 15458 , 146531 , 146532 , 146533 , 146534 , 146535 , 146536 , 146548 , 146558 , 146559 , 146565 , 146567 , 146568 , 15507 , 15508 , 146581 , 15512 , 15513 , 15514 , 15515 , 15516 , 15517 , 15518 , 15519 , 15520 , 146593 , 146594 , 15523 , 146596 , 146598 , 146599 , 146634 , 146635 , 146636 , 146637 , 146638 , 146639 , 146640 , 146641 , 146645 , 15579 , 15580 , 146654 , 146655 , 146656 , 146657 , 146658 , 146659 , 146665 , 146666 , 146669 , 15598 , 15599 , 15600 , 146673 , 15602 , 15603 , 146676 , 15605 , 15606 , 146679 , 15608 , 146681 , 146682 , 146683 , 15615 , 15616 , 15617 , 15618 , 15619 , 15620 , 146693 , 146694 , 15623 , 15624 , 146697 , 146698 , 15627 , 15629 , 15630 , 146703 , 15642 , 15643 , 15644 , 15678 , 146756 , 146757 , 146758 , 146759 , 146760 , 146761 , 15693 , 133691 , 15716 , 15717 , 15718 , 15720 , 15721 , 15722 , 15723 , 15724 , 146797 , 146798 , 146799 , 146800 , 133694 , 15744 , 15745 , 146818 , 146819 , 146820 , 146824 , 146825 , 146826 , 146827 , 146828 , 146829 , 15763 , 15767 , 15792 , 146867 , 146871 , 146872 , 146879 , 146880 , 146882 , 146883 , 15813 , 146908 , 146909 , 146910 , 146911 , 146912 , 146913 , 146914 , 140192 , 146916 , 146917 , 146918 , 146922 , 146923 , 146924 , 146925 , 146926 , 146927 , 146931 , 146932 , 146933 , 146935 , 146936 , 146937 , 146938 , 146940 , 146941 , 146942 , 146943 , 148923 , 155568 , 146979 , 146994 , 146995 , 146996 , 146997 , 148924 , 147004 , 147005 , 15935 , 15936 , 147013 , 147014 , 147015 , 147016 , 147017 , 15957 , 147062 , 147069 , 147075 , 147076 , 147077 , 147079 , 147080 , 147081 , 147084 , 147085 , 147086 , 147087 , 147088 , 147089 , 147091 , 147092 , 147093 , 147094 , 147095 , 147096 , 147097 , 147098 , 147099 , 147100 , 147101 , 147102 , 147103 , 147106 , 147107 , 16036 , 16037 , 16038 , 16039 , 147112 , 147113 , 16042 , 16043 , 16044 , 16045 , 16046 , 16047 , 16049 , 147122 , 147123 , 147125 , 147126 , 147127 , 147128 , 16061 , 16067 , 16068 , 137152 , 147167 , 147168 , 147190 , 147205 , 147206 , 147207 , 16139 , 16140 , 16141 , 16144 , 16145 , 16146 , 16147 , 147223 , 147224 , 147225 , 147230 , 147231 , 16163 , 147236 , 147237 , 147239 , 147240 , 147241 , 147242 , 147243 , 147246 , 147250 , 16179 , 147254 , 16183 , 16190 , 16191 , 16192 , 16193 , 147268 , 147269 , 147270 , 147271 , 16233 , 16234 , 147332 , 147333 , 147334 , 147335 , 147347 , 147348 , 147349 , 147350 , 147351 , 147352 , 147353 , 147389 , 147393 , 147394 , 147397 , 147398 , 147403 , 147404 , 147405 , 147406 , 147407 , 147408 , 147409 , 147410 , 147411 , 147412 , 16341 , 147414 , 147415 , 147416 , 147417 , 147420 , 16355 , 16356 , 16357 , 16360 , 16361 , 16366 , 16367 , 16368 , 147441 , 147442 , 147443 , 147444 , 155646 , 133801 , 147449 , 155648 , 155649 , 147465 , 147466 , 147467 , 147469 , 147470 , 147471 , 147472 , 147473 , 147474 , 16403 , 16404 , 155657 , 155658 , 147519 , 147522 , 16451 , 16452 , 16453 , 16454 , 16455 , 16456 , 16457 , 16458 , 16459 , 16461 , 147534 , 147535 , 147536 , 16466 , 16467 , 147540 , 147541 , 147542 , 147544 , 16507 , 16508 , 16509 , 16510 , 16512 , 16513 , 16514 , 16515 , 16517 , 16520 , 16521 , 16522 , 16523 , 16524 , 16525 , 16526 , 16528 , 16529 , 16531 , 16532 , 16533 , 16535 , 16536 , 16537 , 16538 , 16539 , 16543 , 16544 , 16548 , 16549 , 16550 , 16558 , 16566 , 147653 , 147654 , 147659 , 147660 , 147661 , 147662 , 147663 , 16592 , 147669 , 147670 , 147671 , 147674 , 147675 , 147676 , 147677 , 147678 , 147679 , 147682 , 147683 , 147684 , 147685 , 147686 , 147687 , 147688 , 147689 , 147692 , 16631 , 16632 , 16633 , 16634 , 16635 , 16637 , 16638 , 16639 , 16642 , 16643 , 147719 , 147720 , 147721 , 147722 , 147723 , 147724 , 147725 , 147726 , 147727 , 147729 , 147730 , 147731 , 147732 , 147733 , 147734 , 147735 , 147736 , 147737 , 147738 , 147739 , 147740 , 147741 , 147748 , 147749 , 147750 , 147751 , 147752 , 16682 , 16686 , 147759 , 147762 , 147763 , 147764 , 147765 , 147766 , 147767 , 147768 , 147769 , 147770 , 147771 , 147772 , 147774 , 147775 , 147776 , 147780 , 147781 , 147784 , 147785 , 147786 , 147787 , 147788 , 147790 , 147791 , 147792 , 147793 , 147794 , 147795 , 147796 , 147797 , 147798 , 16728 , 16731 , 147806 , 147814 , 147815 , 147816 , 155711 , 147859 , 16791 , 16795 , 16799 , 16814 , 16815 , 16816 , 16822 , 16823 , 16824 , 16825 , 16826 , 16827 , 16830 , 147904 , 16838 , 16839 , 16840 , 16841 , 16843 , 16844 , 16848 , 16849 , 16850 , 16851 , 16852 , 16853 , 16854 , 147927 , 16856 , 16857 , 16858 , 147932 , 147933 , 16862 , 16863 , 16864 , 16865 , 16866 , 16867 , 16868 , 16869 , 16870 , 16871 , 16872 , 16873 , 16874 , 16875 , 16876 , 16877 , 16880 , 16884 , 16885 , 147985 , 147986 , 133891 , 147995 , 147996 , 147997 , 147998 , 147999 , 148000 , 148001 , 148002 , 148003 , 148004 , 148005 , 148006 , 148007 , 16936 , 16937 , 16938 , 148014 , 148015 , 148020 , 133897 , 148024 , 16958 , 16959 , 148037 , 148038 , 148039 , 148040 , 133900 , 148043 , 148044 , 148045 , 148046 , 133901 , 133902 , 16982 , 16983 , 16984 , 16985 , 16987 , 16988 , 16989 , 133904 , 148069 , 148070 , 148073 , 148074 , 148075 , 148076 , 148077 , 148078 , 148079 , 17018 , 17019 , 17025 , 17026 , 17047 , 17050 , 17051 , 17052 , 17053 , 17054 , 17060 , 17061 , 17065 , 17066 , 148141 , 148142 , 148143 , 148145 , 148146 , 148147 , 148148 , 148149 , 148150 , 17079 , 17080 , 17081 , 148156 , 148157 , 148158 , 148159 , 148160 , 148161 , 148162 , 148163 , 148164 , 148165 , 148166 , 148167 , 148168 , 148170 , 148171 , 148963 , 155768 , 148178 , 148183 , 148184 , 148185 , 148186 , 155775 , 17167 , 17168 , 17169 , 148242 , 155781 , 154263 , 148283 , 148285 , 148286 , 17216 , 17218 , 17223 , 17224 , 17225 , 148305 , 148311 , 148314 , 148315 , 155792 , 17262 , 17266 , 17273 , 17274 , 17275 , 17278 , 17281 , 155798 , 148361 , 148362 , 148364 , 148365 , 148372 , 148373 , 148374 , 17303 , 17304 , 148378 , 148379 , 148383 , 148384 , 148385 , 17314 , 17315 , 17316 , 17317 , 148390 , 17319 , 17320 , 148393 , 148394 , 148395 , 148396 , 17338 , 17339 , 17341 , 17343 , 17345 , 17348 , 17349 , 17350 , 17351 , 17352 , 17354 , 148445 , 148446 , 148447 , 148451 , 148456 , 148457 , 148458 , 148459 , 148460 , 148461 , 148462 , 148463 , 148464 , 148465 , 148471 , 148472 , 148478 , 148479 , 148482 , 148483 , 148484 , 148485 , 148486 , 148487 , 17416 , 148496 , 17425 , 17426 , 17427 , 17428 , 17429 , 17434 , 17435 , 148508 , 17437 , 17438 , 17448 , 17449 , 17450 , 17451 , 148532 , 148533 , 148534 , 148535 , 148536 , 148543 , 148544 , 148556 , 148557 , 148558 , 17487 , 17488 , 17489 , 17490 , 17492 , 148568 , 148569 , 148570 , 148573 , 148574 , 148575 , 148576 , 148578 , 148579 , 148580 , 148584 , 148588 , 148589 , 148590 , 148591 , 133992 , 148595 , 148596 , 133993 , 133994 , 133995 , 133996 , 148625 , 148627 , 148628 , 148629 , 148630 , 17562 , 148658 , 17616 , 17620 , 17621 , 148714 , 148715 , 148716 , 17645 , 17646 , 17647 , 17648 , 17649 , 17650 , 148723 , 17652 , 17653 , 17654 , 148727 , 17656 , 17657 , 148730 , 148731 , 148732 , 155861 , 17677 , 17693 , 17694 , 17695 , 148768 , 148769 , 17708 , 17709 , 17710 , 17711 , 17713 , 17715 , 17716 , 17717 , 17718 , 17725 , 17726 , 17731 , 17732 , 148805 , 148806 , 148810 , 148811 , 148812 , 148813 , 148814 , 17748 , 148821 , 148822 , 148826 , 148827 , 148832 , 148833 , 148836 , 148837 , 148838 , 148845 , 148846 , 148850 , 148851 , 148856 , 148857 , 148858 , 148859 , 148860 , 148861 , 148863 , 148865 , 148866 , 148867 , 148868 , 148872 , 148875 , 148876 , 148877 , 148878 , 148879 , 148881 , 148882 , 148896 , 148897 , 148898 , 148899 , 148900 , 148905 , 148906 , 148908 , 148910 , 148911 , 148913 , 148915 , 148917 , 148918 , 148919 , 148920 , 148921 , 148922 , 17851 , 17852 , 148931 , 148932 , 148933 , 148936 , 148937 , 148938 , 148940 , 148941 , 148942 , 148944 , 148945 , 148946 , 148947 , 148948 , 148949 , 148950 , 148951 , 148952 , 148962 , 17891 , 17892 , 17893 , 17896 , 148969 , 148970 , 148971 , 17907 , 17908 , 17909 , 17910 , 17911 , 148984 , 17917 , 17918 , 17919 , 17920 , 17921 , 148994 , 148995 , 148996 , 148997 , 148999 , 149000 , 149001 , 149002 , 149003 , 149004 , 149005 , 149006 , 149012 , 149013 , 149014 , 148991 , 149016 , 149017 , 149018 , 149019 , 149020 , 149021 , 149022 , 149023 , 149024 , 149025 , 149026 , 149027 , 149028 , 149029 , 149030 , 134065 , 149032 , 149033 , 149034 , 149035 , 134066 , 149038 , 149039 , 149040 , 149041 , 140263 , 149052 , 149053 , 134069 , 149060 , 134070 , 17990 , 17991 , 17992 , 17993 , 17994 , 17995 , 17997 , 140264 , 134073 , 18008 , 18009 , 18010 , 18011 , 18012 , 134074 , 18014 , 18015 , 18016 , 18017 , 18018 , 134075 , 149096 , 134076 , 149098 , 149101 , 149102 , 134077 , 149104 , 149105 , 149107 , 18043 , 134080 , 134081 , 134083 , 149142 , 149143 , 149144 , 149145 , 149146 , 149147 , 149148 , 149150 , 134085 , 149159 , 149160 , 149161 , 149162 , 134087 , 149166 , 149167 , 149168 , 149169 , 149174 , 149175 , 18104 , 149177 , 149178 , 149179 , 18118 , 18120 , 149206 , 149207 , 149208 , 149211 , 149230 , 149231 , 149232 , 149233 , 149234 , 18163 , 18164 , 18166 , 18167 , 18168 , 18172 , 18173 , 18180 , 18181 , 18182 , 18183 , 149273 , 149275 , 149277 , 18210 , 18212 , 18213 , 18214 , 18215 , 18216 , 149292 , 149293 , 149294 , 149295 , 149296 , 149297 , 149298 , 149299 , 149300 , 149308 , 18268 , 18269 , 18270 , 18271 , 18272 , 18273 , 18274 , 18275 , 18276 , 18277 , 18278 , 18279 , 18280 , 18281 , 18282 , 149357 , 149358 , 149359 , 149362 , 149363 , 149366 , 149367 , 149368 , 149381 , 18314 , 149387 , 149388 , 149389 , 149390 , 149391 , 149394 , 149397 , 149424 , 149425 , 18358 , 18359 , 18360 , 18361 , 18362 , 18363 , 18364 , 18365 , 18366 , 18369 , 18370 , 18372 , 18373 , 18374 , 149452 , 149453 , 18385 , 18387 , 18388 , 18389 , 149463 , 149464 , 149465 , 18394 , 18395 , 18396 , 18397 , 18401 , 18402 , 18404 , 18408 , 155986 , 134141 , 155987 , 18420 , 18421 , 18422 , 18423 , 155989 , 18436 , 18437 , 18438 , 18439 , 18440 , 18443 , 18444 , 18445 , 18446 , 149525 , 149526 , 149527 , 149528 , 149529 , 18458 , 149531 , 149532 , 149533 , 149535 , 149538 , 149539 , 149540 , 149541 , 149542 , 149543 , 149544 , 149545 , 149546 , 149547 , 18477 , 149550 , 18479 , 149552 , 18481 , 18482 , 18483 , 18484 , 18485 , 18486 , 18492 , 18493 , 18496 , 18497 , 18499 , 18500 , 18501 , 18502 , 18517 , 18523 , 18524 , 18525 , 18537 , 134163 , 149625 , 149626 , 18555 , 18556 , 18557 , 18558 , 149631 , 18560 , 18561 , 18562 , 18570 , 18571 , 149644 , 18573 , 149648 , 149649 , 18578 , 18579 , 18580 , 18581 , 18582 , 18583 , 18584 , 18585 , 18586 , 18588 , 18589 , 149676 , 149679 , 149680 , 149681 , 149682 , 149683 , 18617 , 18618 , 18619 , 18620 , 18625 , 18626 , 149699 , 18628 , 18629 , 18631 , 18632 , 18633 , 18634 , 18635 , 18643 , 18644 , 18645 , 18646 , 18647 , 18648 , 134181 , 149730 , 149731 , 156029 , 149749 , 149750 , 149762 , 149763 , 149764 , 149765 , 149766 , 149767 , 149779 , 149780 , 149781 , 149782 , 149783 , 18712 , 18713 , 18714 , 18715 , 149789 , 149791 , 18721 , 149799 , 149800 , 149801 , 149802 , 149803 , 149804 , 149806 , 149807 , 135924 , 149818 , 149819 , 149820 , 149821 , 149822 , 149823 , 149824 , 149826 , 149827 , 149828 , 149829 , 149830 , 149831 , 18760 , 149833 , 149834 , 149835 , 149837 , 149840 , 149841 , 149844 , 149845 , 149858 , 149863 , 149864 , 149865 , 149866 , 149873 , 149878 , 18807 , 149880 , 149881 , 149882 , 149883 , 149889 , 149890 , 149901 , 149902 , 18836 , 18837 , 18838 , 18839 , 18840 , 149913 , 149914 , 18843 , 18844 , 149917 , 149918 , 149920 , 149922 , 149923 , 149925 , 149926 , 149927 , 149928 , 149929 , 18866 , 18867 , 18868 , 18869 , 18870 , 18875 , 18876 , 18877 , 18879 , 18880 , 18881 , 18889 , 18890 , 18892 , 149977 , 149978 , 149979 , 149980 , 18909 , 18910 , 149983 , 149984 , 149985 , 149986 , 149987 , 149988 , 149989 , 149990 , 149991 , 149993 , 149994 , 149995 , 149996 , 149998 , 149999 , 150000 , 150003 , 150004 , 150005 , 150012 , 150013 , 18942 , 150015 , 18944 , 18945 , 18946 , 18947 , 18948 , 153389 , 18951 , 18952 , 150025 , 150026 , 150027 , 150031 , 18962 , 18977 , 18978 , 18983 , 18984 , 18985 , 18986 , 18990 , 18991 , 18994 , 18995 , 18997 , 18998 , 18999 , 150089 , 150090 , 150091 , 150092 , 150093 , 150094 , 19028 , 150101 , 150102 , 150103 , 150104 , 150105 , 19034 , 19035 , 19036 , 19037 , 19038 , 19039 , 150112 , 150113 , 150114 , 19044 , 19045 , 19046 , 19047 , 19048 , 19049 , 19050 , 19051 , 19052 , 150133 , 150136 , 150137 , 150138 , 150139 , 150140 , 150141 , 150142 , 150143 , 19072 , 19073 , 150146 , 150147 , 150148 , 150149 , 19079 , 19080 , 19081 , 19082 , 19083 , 19084 , 19085 , 19086 , 150159 , 150160 , 150161 , 150162 , 150163 , 150165 , 19096 , 19097 , 19098 , 19099 , 19100 , 150173 , 19103 , 150176 , 150177 , 150178 , 150179 , 150184 , 150225 , 150235 , 150236 , 150237 , 150238 , 150239 , 150240 , 150241 , 150242 , 150244 , 150245 , 150246 , 150247 , 150248 , 150249 , 150250 , 19190 , 150263 , 19192 , 19193 , 19194 , 19195 , 19196 , 19197 , 19198 , 19199 , 19200 , 19201 , 19203 , 19204 , 150277 , 19208 , 19210 , 19211 , 19212 , 19213 , 19214 , 19215 , 19216 , 19217 , 19218 , 19219 , 19220 , 19221 , 19222 , 19223 , 19224 , 19225 , 19226 , 150302 , 150303 , 150304 , 19279 , 19288 , 19289 , 19290 , 19291 , 19292 , 19293 , 19294 , 19302 , 19303 , 19304 , 19305 , 150393 , 150394 , 150395 , 150396 , 149037 , 150399 , 150400 , 150401 , 150402 , 150403 , 150404 , 150405 , 150406 , 150407 , 150408 , 150409 , 150410 , 19341 , 19342 , 19343 , 19345 , 19346 , 150423 , 19352 , 19361 , 19362 , 19363 , 150436 , 150437 , 150441 , 150443 , 19377 , 150453 , 150454 , 150455 , 150456 , 150457 , 150458 , 150459 , 150460 , 150461 , 150462 , 150463 , 19393 , 150468 , 150469 , 150471 , 150472 , 150473 , 150474 , 150475 , 150476 , 150477 , 150479 , 150480 , 150481 , 150492 , 150493 , 150494 , 150495 , 150497 , 150499 , 150500 , 150501 , 150507 , 150508 , 150509 , 150510 , 150512 , 150513 , 150514 , 150515 , 150527 , 150528 , 19484 , 19485 , 19487 , 19488 , 19489 , 150564 , 150565 , 150566 , 19495 , 19496 , 19497 , 19498 , 19511 , 19512 , 19513 , 19515 , 150588 , 150589 , 150590 , 150591 , 150592 , 19522 , 19523 , 150596 , 150597 , 150598 , 150599 , 150604 , 150607 , 150608 , 150609 , 19538 , 150611 , 150612 , 150613 , 150614 , 150615 , 150616 , 150617 , 150618 , 150622 , 150623 , 150625 , 150628 , 150629 , 150630 , 150632 , 19565 , 19566 , 19567 , 150641 , 150642 , 150643 , 150644 , 150645 , 150646 , 150647 , 150648 , 150650 , 150651 , 150652 , 150654 , 150655 , 150656 , 19591 , 19592 , 19593 , 19594 , 19595 , 19596 , 19597 , 19599 , 19600 , 19601 , 19602 , 19603 , 19604 , 19605 , 150678 , 150679 , 150680 , 150681 , 150682 , 150683 , 150692 , 150693 , 19630 , 150706 , 150707 , 150708 , 19649 , 150725 , 150726 , 150727 , 19656 , 19657 , 150730 , 150731 , 150732 , 150733 , 150734 , 150735 , 150736 , 150737 , 150738 , 150739 , 150740 , 150747 , 150748 , 150757 , 19700 , 19719 , 19727 , 19728 , 19731 , 19732 , 19746 , 19749 , 19750 , 150824 , 150825 , 150826 , 150827 , 150832 , 150838 , 150839 , 150270 , 150843 , 150846 , 150847 , 144688 , 19799 , 150872 , 150873 , 19803 , 19804 , 19805 , 19809 , 19810 , 19811 , 19812 , 19813 , 19848 , 19849 , 19850 , 19851 , 19852 , 19857 , 19858 , 19859 , 19872 , 19873 , 19874 , 19875 , 19881 , 150959 , 150960 , 150966 , 150967 , 19896 , 19897 , 19899 , 19900 , 19901 , 19902 , 19903 , 19910 , 19911 , 19912 , 19913 , 150993 , 19953 , 19954 , 19958 , 19959 , 19960 , 151034 , 151035 , 151036 , 151038 , 151039 , 151040 , 151041 , 151042 , 151043 , 151045 , 151046 , 151047 , 151048 , 151050 , 151051 , 151052 , 151053 , 19982 , 19983 , 151056 , 151057 , 19987 , 19988 , 19990 , 19991 , 151064 , 151065 , 19994 , 19995 , 151068 , 20001 , 20002 , 151079 , 151080 , 151081 , 20022 , 20023 , 20024 , 151098 , 151099 , 151100 , 20029 , 151102 , 151103 , 151105 , 20034 , 20035 , 20036 , 20037 , 20038 , 151111 , 151112 , 151113 , 20042 , 151116 , 20046 , 151121 , 151122 , 151123 , 151124 , 151125 , 151126 , 20055 , 20059 , 20060 , 151133 , 151136 , 20065 , 20066 , 151143 , 151147 , 149062 , 151149 , 151152 , 20096 , 20097 , 151170 , 20099 , 20100 , 20101 , 20102 , 20103 , 20104 , 20106 , 20107 , 151180 , 151181 , 20121 , 20122 , 20123 , 20124 , 20125 , 20126 , 20127 , 20132 , 20133 , 20134 , 20136 , 20137 , 20138 , 20139 , 151212 , 20141 , 20142 , 20143 , 20144 , 20145 , 151218 , 20147 , 20149 , 20150 , 20154 , 20155 , 20156 , 20160 , 20164 , 20165 , 20166 , 20167 , 20168 , 151255 , 151256 , 151257 , 151259 , 151260 , 151261 , 151262 , 151263 , 151264 , 151265 , 151266 , 151267 , 151268 , 20200 , 20201 , 20221 , 20222 , 20223 , 20224 , 20225 , 20228 , 20236 , 151309 , 151310 , 20242 , 20243 , 20244 , 20245 , 20246 , 20249 , 20250 , 20251 , 151325 , 151326 , 20257 , 20258 , 20259 , 20262 , 20263 , 20266 , 20267 , 151350 , 151351 , 151352 , 151353 , 20283 , 20284 , 20285 , 20286 , 20287 , 20288 , 20289 , 20290 , 20291 , 20297 , 20298 , 20299 , 20300 , 151377 , 151378 , 151379 , 151380 , 151381 , 151393 , 151394 , 151395 , 151396 , 20325 , 20326 , 151399 , 151401 , 151402 , 20331 , 151406 , 20337 , 20338 , 20339 , 20340 , 151419 , 20348 , 151421 , 20350 , 20351 , 20352 , 151426 , 151429 , 151430 , 20359 , 20360 , 151436 , 151437 , 151438 , 151439 , 151440 , 151441 , 151442 , 151444 , 20373 , 20374 , 20375 , 20376 , 20377 , 20378 , 20383 , 20384 , 20393 , 20394 , 20395 , 20396 , 151497 , 151498 , 151499 , 151500 , 151501 , 145037 , 151503 , 151504 , 151505 , 151506 , 151507 , 151508 , 20437 , 151510 , 151511 , 151516 , 20445 , 20446 , 20447 , 20448 , 20449 , 20450 , 20451 , 20452 , 20453 , 151526 , 151527 , 151528 , 151529 , 20458 , 20459 , 20460 , 20461 , 20462 , 151536 , 20473 , 151550 , 151551 , 151552 , 151553 , 20482 , 20483 , 20484 , 20485 , 20487 , 20488 , 20489 , 151565 , 151566 , 151567 , 151568 , 151570 , 151571 , 151575 , 151576 , 151583 , 151584 , 151588 , 20519 , 20520 , 151594 , 151595 , 151596 , 151597 , 151598 , 151599 , 151603 , 151604 , 20533 , 151606 , 151607 , 20536 , 20537 , 20539 , 20540 , 20546 , 20548 , 20550 , 151627 , 151632 , 151633 , 20574 , 20576 , 20578 , 20579 , 151661 , 151663 , 151664 , 151665 , 151666 , 151669 , 151670 , 151671 , 151672 , 151673 , 151674 , 151675 , 151676 , 20605 , 20606 , 20607 , 20608 , 20609 , 20610 , 20611 , 20612 , 20613 , 151686 , 20615 , 20616 , 20617 , 151693 , 20622 , 20623 , 20624 , 20625 , 20628 , 20629 , 20630 , 20633 , 20634 , 151707 , 151708 , 151710 , 20652 , 20653 , 20654 , 20655 , 151728 , 20659 , 20660 , 20661 , 20662 , 20664 , 20665 , 20666 , 151743 , 151744 , 151745 , 151746 , 151750 , 151751 , 20693 , 151766 , 151774 , 151790 , 151791 , 151792 , 151793 , 20728 , 151803 , 151804 , 151805 , 151807 , 20757 , 151844 , 151845 , 151846 , 151847 , 151848 , 151849 , 20789 , 20790 , 20791 , 20792 , 20793 , 20803 , 20804 , 20805 , 20806 , 20807 , 20812 , 20813 , 151889 , 20818 , 20819 , 20824 , 20825 , 20826 , 20827 , 20828 , 151905 , 151906 , 151907 , 151908 , 151909 , 20838 , 20839 , 151912 , 151913 , 151914 , 151915 , 134553 , 134554 , 134555 , 134556 , 20910 , 20911 , 20912 , 20917 , 20921 , 20923 , 20924 , 20926 , 20927 , 20928 , 20929 , 20938 , 20939 , 20940 , 20941 , 20943 , 20944 , 20945 , 20947 , 20948 , 20949 , 20952 , 20953 , 152034 , 152035 , 152041 , 152042 , 152043 , 152044 , 20973 , 20974 , 20975 , 152048 , 152049 , 152050 , 152051 , 152052 , 152055 , 20984 , 20987 , 152060 , 152061 , 152062 , 152063 , 152065 , 152066 , 152067 , 152068 , 21002 , 152085 , 152086 , 152087 , 152088 , 152089 , 21018 , 21019 , 152094 , 152096 , 152097 , 152109 , 152119 , 152147 , 152148 , 152149 , 134587 , 152164 , 152165 , 152166 , 152167 , 152168 , 21097 , 21098 , 21099 , 21100 , 152173 , 152174 , 134589 , 152177 , 152178 , 152179 , 152180 , 152181 , 152182 , 152183 , 152184 , 152188 , 152189 , 21120 , 21121 , 152194 , 152195 , 152196 , 152200 , 152201 , 152205 , 21134 , 21135 , 152208 , 152209 , 152210 , 152211 , 152212 , 152213 , 152215 , 152216 , 152217 , 21149 , 21150 , 21151 , 152224 , 152225 , 152226 , 152227 , 152228 , 152229 , 152230 , 152231 , 152232 , 152233 , 152237 , 152238 , 152242 , 152244 , 152245 , 152246 , 152247 , 152248 , 152249 , 152250 , 152251 , 152252 , 152261 , 152263 , 152264 , 152266 , 152267 , 152292 , 152293 , 152294 , 152329 , 152330 , 152331 , 152332 , 152333 , 152334 , 152335 , 21264 , 152337 , 152338 , 152339 , 152340 , 152341 , 152342 , 152343 , 152344 , 152345 , 152346 , 152348 , 152349 , 152350 , 152351 , 21280 , 152353 , 152354 , 152355 , 152356 , 152357 , 152358 , 152359 , 152360 , 152365 , 152366 , 152367 , 152368 , 152369 , 152370 , 21309 , 152382 , 152383 , 152384 , 21323 , 21324 , 21342 , 21343 , 21390 , 21394 , 21395 , 21396 , 21397 , 152487 , 152488 , 152489 , 152490 , 21419 , 152492 , 152493 , 152495 , 152496 , 21435 , 21438 , 152525 , 152526 , 152529 , 152533 , 21462 , 21463 , 21464 , 21465 , 21466 , 21467 , 21468 , 21469 , 21471 , 21476 , 21477 , 152562 , 152565 , 152566 , 152567 , 152621 , 21550 , 21551 , 21552 , 21553 , 21554 , 21555 , 152675 , 152676 , 152677 , 21615 , 21616 , 21617 , 21618 , 21619 , 21620 , 21621 , 21622 , 21623 , 21624 , 21625 , 152698 , 152699 , 152700 , 152701 , 152702 , 152703 , 152704 , 152705 , 152707 , 152708 , 152712 , 21641 , 21642 , 21643 , 21644 , 152718 , 152719 , 21648 , 21649 , 21650 , 21652 , 21654 , 21655 , 21656 , 21657 , 21658 , 21659 , 21660 , 21661 , 152736 , 152737 , 134683 , 152740 , 152745 , 152746 , 152748 , 152749 , 152757 , 152758 , 152759 , 152760 , 152761 , 152762 , 152763 , 152766 , 152788 , 152789 , 21723 , 21724 , 21725 , 21726 , 21727 , 21728 , 21729 , 21730 , 21731 , 21732 , 152808 , 152809 , 152810 , 152811 , 152812 , 152813 , 152814 , 152817 , 152818 , 152819 , 152821 , 152822 , 152823 , 152824 , 152825 , 21759 , 21770 , 21771 , 21772 , 21773 , 21775 , 21776 , 21777 , 21778 , 21779 , 152855 , 21784 , 152857 , 152858 , 152862 , 21792 , 21793 , 21794 , 21795 , 152872 , 21805 , 21806 , 21807 , 21808 , 152890 , 152891 , 152892 , 152893 , 152897 , 152898 , 152899 , 21828 , 21829 , 21830 , 152903 , 152904 , 152905 , 152906 , 152929 , 152930 , 152931 , 152951 , 152952 , 152953 , 21882 , 21883 , 21884 , 21885 , 21886 , 21887 , 21888 , 21889 , 21890 , 21891 , 21892 , 21893 , 21894 , 152967 , 152968 , 21898 , 152978 , 152987 , 152988 , 152989 , 21918 , 21919 , 152994 , 152995 , 152996 , 152997 , 152998 , 152999 , 134728 , 153011 , 153012 , 153013 , 153014 , 153015 , 154649 , 134730 , 153023 , 153024 , 134731 , 134732 , 153034 , 153037 , 153039 , 153040 , 153041 , 153042 , 153043 , 153044 , 153045 , 153046 , 153047 , 153050 , 153051 , 134737 , 21997 , 21998 , 153076 , 153077 , 153078 , 134740 , 134741 , 22016 , 22017 , 22018 , 22019 , 134742 , 134744 , 153108 , 22037 , 153110 , 153111 , 153112 , 153113 , 153114 , 153115 , 153116 , 153117 , 153119 , 153121 , 153127 , 22059 , 153132 , 153133 , 153134 , 22070 , 22071 , 22072 , 22073 , 22074 , 22075 , 22076 , 22079 , 22080 , 22094 , 22095 , 153174 , 153176 , 153177 , 153178 , 153179 , 22108 , 153181 , 153182 , 153185 , 153186 , 153187 , 134758 , 134759 , 22124 , 22125 , 134760 , 153202 , 153203 , 22134 , 22135 , 22136 , 22137 , 22138 , 22140 , 134762 , 153228 , 153229 , 153231 , 153232 , 153233 , 153234 , 153236 , 153237 , 22166 , 22167 , 22168 , 22169 , 153242 , 134767 , 153244 , 153245 , 153246 , 153247 , 153248 , 134768 , 22178 , 22179 , 153252 , 153254 , 22183 , 153256 , 153257 , 153258 , 22187 , 22188 , 22189 , 22190 , 22195 , 22196 , 22197 , 22198 , 22199 , 22200 , 22201 , 153275 , 153276 , 22207 , 22208 , 22209 , 22210 , 22211 , 22212 , 22213 , 22215 , 22216 , 22217 , 22218 , 22219 , 22223 , 153318 , 22254 , 22255 , 22257 , 22258 , 22260 , 22261 , 153336 , 22265 , 153338 , 153339 , 153340 , 22269 , 22270 , 22271 , 22272 , 22273 , 153346 , 22275 , 22276 , 22277 , 22280 , 22281 , 22282 , 22283 , 22284 , 22286 , 22287 , 22288 , 22289 , 153362 , 153363 , 153364 , 22293 , 22296 , 153369 , 153370 , 153372 , 153373 , 22302 , 153376 , 22305 , 153378 , 22307 , 22308 , 22309 , 22310 , 22311 , 153384 , 153387 , 153388 , 22317 , 22318 , 22319 , 153393 , 153394 , 22323 , 153396 , 22325 , 134793 , 134795 , 22342 , 22343 , 22344 , 153417 , 153423 , 22354 , 22355 , 22358 , 22359 , 22360 , 22361 , 22362 , 22363 , 153436 , 22365 , 22366 , 22367 , 22368 , 22369 , 22370 , 22377 , 22378 , 22382 , 22383 , 153461 , 153464 , 153465 , 153466 , 153468 , 153469 , 153474 , 153475 , 153476 , 153477 , 153478 , 153479 , 153480 , 22409 , 153482 , 153483 , 153484 , 153485 , 153486 , 153487 , 153488 , 153489 , 153490 , 153491 , 153498 , 22445 , 22459 , 153532 , 153533 , 22462 , 153535 , 153536 , 153537 , 153539 , 153540 , 153541 , 153542 , 153543 , 153544 , 22473 , 153546 , 153547 , 153548 , 153549 , 153550 , 153552 , 153560 , 153561 , 153562 , 153563 , 153564 , 153567 , 153568 , 153569 , 153570 , 153571 , 153572 , 153573 , 153574 , 153575 , 153576 , 153577 , 153578 , 153579 , 153580 , 153582 , 153583 , 153584 , 22518 , 22519 , 22520 , 22535 , 153611 , 153622 , 153624 , 153625 , 153627 , 153655 , 153658 , 153659 , 153671 , 153675 , 153676 , 153677 , 153678 , 153679 , 153680 , 153686 , 153687 , 153688 , 153691 , 153692 , 153693 , 153694 , 153695 , 153696 , 22628 , 153708 , 22642 , 22643 , 22644 , 22645 , 22646 , 153721 , 153722 , 153746 , 153747 , 22682 , 22683 , 22685 , 22686 , 131691 , 22694 , 22695 , 22696 , 22697 , 22702 , 153775 , 22704 , 22705 , 153778 , 153779 , 153780 , 22709 , 22710 , 22711 , 153784 , 153785 , 153786 , 153787 , 153789 , 22720 , 153793 , 153794 , 22723 , 22725 , 153799 , 153800 , 153801 , 153802 , 153803 , 153804 , 153805 , 153806 , 153807 , 153808 , 153809 , 153810 , 153811 , 153812 , 153813 , 153814 , 153815 , 153816 , 153817 , 153818 , 153821 , 153824 , 153827 , 153828 , 153829 , 153831 , 153833 , 153834 , 153835 , 22764 , 153842 , 153843 , 153844 , 153845 , 153846 , 22775 , 22776 , 22777 , 22778 , 153851 , 153852 , 153853 , 153858 , 153859 , 153862 , 153875 , 153876 , 153877 , 153882 , 22811 , 22812 , 153887 , 153888 , 153889 , 153900 , 153901 , 22830 , 153903 , 153904 , 153905 , 22836 , 22837 , 22838 , 22839 , 22840 , 22841 , 153916 , 22847 , 22848 , 22849 , 22876 , 22913 , 22920 , 22921 , 22922 , 22930 , 22931 , 22932 , 22934 , 22935 , 154018 , 154024 , 154025 , 154026 , 154027 , 154028 , 22985 , 22986 , 22987 , 22995 , 22996 , 22997 , 22998 , 22999 , 23021 , 23022 , 154101 , 154102 , 154104 , 154105 , 23034 , 154107 , 154108 , 154109 , 154112 , 154113 , 154114 , 154115 , 154116 , 23046 , 23072 , 136901 , 154155 , 154156 , 154157 , 154159 , 154160 , 23095 , 23096 , 23098 , 23099 , 23102 , 23108 , 23109 , 23110 , 23111 , 23113 , 23114 , 23115 , 23116 , 23117 , 23118 , 23119 , 23120 , 23121 , 23122 , 23123 , 23126 , 23127 , 23130 , 23131 , 23132 , 23135 , 23136 , 23138 , 23139 , 23140 , 23142 , 23143 , 154228 , 23172 , 23173 , 23174 , 23175 , 23176 , 154251 , 23180 , 23181 , 154255 , 23184 , 23185 , 23186 , 23187 , 23188 , 23190 , 23191 , 23192 , 23193 , 23194 , 23195 , 23196 , 23197 , 23198 , 23199 , 154272 , 23201 , 154275 , 23204 , 23205 , 23206 , 154280 , 154281 , 154282 , 154283 , 154284 , 153531 , 154288 , 154289 , 23218 , 23219 , 154298 , 154299 , 154300 , 154302 , 154303 , 154304 , 154307 , 154308 , 23237 , 23238 , 23239 , 23240 , 23241 , 23242 , 23243 , 23244 , 23245 , 23246 , 154319 , 154331 , 154344 , 23277 , 23278 , 23280 , 23281 , 23282 , 23283 , 23284 , 23285 , 23286 , 23288 , 23289 , 23290 , 154364 , 154365 , 154366 , 154367 , 154368 , 154370 , 154371 , 154372 , 154373 , 154374 , 153534 , 154380 , 154382 , 154383 , 23316 , 23317 , 23318 , 23319 , 23320 , 23321 , 23322 , 23323 , 154396 , 154397 , 23326 , 23327 , 23328 , 23329 , 23330 , 23331 , 154411 , 154412 , 23342 , 23343 , 23355 , 23359 , 23360 , 23361 , 23362 , 23363 , 23365 , 23366 , 23368 , 154441 , 23371 , 23374 , 154448 , 154450 , 154451 , 154452 , 154453 , 23382 , 154455 , 23386 , 23398 , 23399 , 154472 , 23401 , 154474 , 154475 , 154476 , 23405 , 23406 , 23407 , 154480 , 154481 , 154482 , 154484 , 23413 , 23414 , 23415 , 23416 , 23417 , 23418 , 23419 , 23420 , 23421 , 23424 , 23425 , 23426 , 23427 , 23428 , 23429 , 23430 , 23431 , 23432 , 23433 , 23434 , 23435 , 23436 , 23437 , 23439 , 23440 , 23464 , 23465 , 23466 , 23467 , 23468 , 23469 , 23470 , 23471 , 23472 , 23475 , 23476 , 23477 , 23478 , 23479 , 23480 , 154553 , 154556 , 154557 , 154558 , 139820 , 154597 , 154598 , 154599 , 154600 , 154605 , 154606 , 154607 , 154608 , 154609 , 154610 , 154611 , 154612 , 154613 , 154614 , 154615 , 154616 , 154617 , 154618 , 154619 , 154620 , 23552 , 23553 , 23554 , 23555 , 154628 , 23557 , 23558 , 23559 , 23560 , 154634 , 154636 , 154637 , 23567 , 23568 , 154643 , 23572 , 154645 , 23574 , 154647 , 154648 , 23577 , 23578 , 154651 , 154652 , 23581 , 154670 , 154671 , 154674 , 154675 , 154678 , 154681 , 154689 , 154690 , 154691 , 154692 , 154693 , 154696 , 154699 , 154700 , 154701 , 154702 , 154703 , 154704 , 154714 , 154715 , 154716 , 154731 , 154732 , 154735 , 135016 , 135017 , 154744 , 135018 , 154766 , 154774 , 154778 , 154779 , 154780 , 154781 , 154782 , 154783 , 154784 , 154785 , 154786 , 154787 , 154788 , 154789 , 154790 , 23725 , 23726 , 23727 , 23748 , 23749 , 23763 , 23766 , 23767 , 23768 , 23769 , 23777 , 23778 , 23779 , 23780 , 23782 , 23783 , 23787 , 23788 , 23789 , 23790 , 23794 , 23795 , 23796 , 23797 , 23798 , 23799 , 154872 , 154873 , 23805 , 23806 , 154879 , 154880 , 23809 , 23810 , 154883 , 154884 , 23813 , 23814 , 23815 , 23816 , 23817 , 23818 , 23819 , 23820 , 23821 , 23822 , 23823 , 23824 , 23825 , 23826 , 23827 , 23828 , 154907 , 154908 , 154909 , 154910 , 154911 , 154912 , 154913 , 154915 , 154916 , 154917 , 154918 , 23850 , 154925 , 154926 , 154927 , 154928 , 154929 , 154930 , 154931 , 154932 , 154933 , 154934 , 154935 , 154936 , 154937 , 154938 , 154939 , 154940 , 154941 , 154942 , 154943 , 154948 , 23877 , 154951 , 154952 , 154953 , 154954 , 154955 , 154956 , 154958 , 154959 , 154960 , 154961 , 154963 , 154964 , 154965 , 154966 , 154967 , 154968 , 154969 , 154973 , 154974 , 154975 , 154976 , 154977 , 136096 , 154980 , 154983 , 154985 , 154986 , 154987 , 154990 , 154991 , 154992 , 23922 , 23923 , 23924 , 23925 , 23926 , 23927 , 23928 , 23929 , 23930 , 23931 , 23932 , 23933 , 23934 , 23935 , 23936 , 23937 , 23938 , 23939 , 155012 , 155013 , 155014 , 23945 , 23946 , 23947 , 23948 , 23949 , 23950 , 155023 , 155024 , 155027 , 155028 , 155029 , 155030 , 155031 , 155032 , 155033 , 155034 , 155036 , 155048 , 155049 , 155050 , 155051 , 155052 , 155053 , 155055 , 155056 , 155059 , 155061 , 155062 , 155064 , 155065 , 155066 , 24004 , 24005 , 24006 , 24015 , 24016 , 135075 , 135076 , 24027 , 24028 , 24036 , 24048 , 24049 , 24051 , 24052 , 24053 , 24054 , 155150 , 155151 , 155175 , 24104 , 24105 , 24106 , 24107 , 24108 , 155181 , 155182 , 155186 , 155187 , 155191 , 155194 , 155195 , 24125 , 24126 , 155210 , 155211 , 155212 , 155213 , 155214 , 24143 , 155216 , 155227 , 155228 , 155234 , 155240 , 155245 , 155246 , 24177 , 24182 , 24183 , 24184 , 24187 , 24188 , 24189 , 24190 , 24192 , 24193 , 24194 , 24196 , 24197 , 24198 , 24199 , 24200 , 155277 , 155278 , 155279 , 155280 , 155281 , 155282 , 155283 , 155284 , 24213 , 155286 , 24216 , 24217 , 24218 , 24228 , 155352 , 155361 , 134588 , 155376 , 155377 , 152046 , 155386 , 24315 , 155388 , 155389 , 155427 , 155428 , 136111 , 155430 , 155431 , 155432 , 155441 , 155442 , 155443 , 155444 , 24373 , 155446 , 155448 , 155450 , 155451 , 155452 , 155456 , 24386 , 24388 , 24392 , 24393 , 24394 , 24397 , 24398 , 24399 , 24400 , 24401 , 24402 , 24403 , 24406 , 24407 , 24408 , 24409 , 155482 , 155483 , 155484 , 155485 , 24414 , 24415 , 24416 , 24418 , 24419 , 24420 , 24421 , 24422 , 24423 , 155500 , 24444 , 24445 , 24446 , 24447 , 24448 , 24450 , 24475 , 24479 , 24480 , 155554 , 155556 , 155557 , 155558 , 155559 , 155560 , 155561 , 155566 , 155567 , 24496 , 24497 , 155573 , 24513 , 24514 , 24536 , 24537 , 155613 , 24549 , 24550 , 24551 , 24553 , 24556 , 24565 , 24573 , 24574 , 24575 , 24576 , 24577 , 24578 , 155653 , 155654 , 155655 , 155656 , 24585 , 24586 , 24587 , 24588 , 24589 , 24592 , 24593 , 24594 , 24597 , 24598 , 24602 , 24603 , 24606 , 24609 , 155685 , 155686 , 155687 , 155703 , 24634 , 24635 , 24636 , 24637 , 24638 , 24639 , 155712 , 155713 , 155714 , 155715 , 155716 , 155717 , 155721 , 24656 , 155733 , 155734 , 155735 , 155736 , 155738 , 155739 , 155740 , 155744 , 155745 , 136122 , 155764 , 155765 , 24694 , 24695 , 24696 , 24697 , 155774 , 131758 , 155776 , 155777 , 155778 , 155779 , 155780 , 135190 , 155782 , 155783 , 155789 , 155790 , 155791 , 24720 , 155793 , 155794 , 155796 , 155797 , 24726 , 155799 , 155800 , 24732 , 24744 , 155836 , 24769 , 155849 , 155850 , 155851 , 155852 , 155853 , 24782 , 155857 , 155858 , 155859 , 155860 , 153795 , 155862 , 155863 , 155864 , 155865 , 155866 , 155871 , 155874 , 155876 , 155877 , 155878 , 155889 , 155890 , 155891 , 155892 , 155900 , 155901 , 155902 , 155903 , 155904 , 155905 , 155906 , 155907 , 155908 , 155909 , 155910 , 155911 , 155912 , 155913 , 155937 , 155938 , 155939 , 155940 , 155941 , 155942 , 155943 , 155963 , 155965 , 155966 , 155967 , 155968 , 155969 , 155970 , 155971 , 155972 , 155973 , 155974 , 155975 , 155976 , 155977 , 155979 , 155980 , 155981 , 155984 , 155985 , 24914 , 24915 , 155988 , 24917 , 24918 , 155992 , 24925 , 24932 , 24936 , 24937 , 156021 , 156026 , 156028 , 24957 , 24958 , 24974 , 24975 , 153590 , 24997 , 24998 , 24999 , 25014 , 153591 , 25022 , 25023 , 25024 , 25025 , 25026 , 25045 , 25047 , 25048 , 25052 , 25053 , 25054 , 25056 , 25070 , 25071 , 25072 , 25073 , 25074 , 25075 , 25076 , 25077 , 25081 , 25086 , 25090 , 25152 , 25153 , 25169 , 25170 , 25171 , 25172 , 25173 , 25175 , 25185 , 25186 , 25187 , 25188 , 25260 , 25261 , 25262 , 25263 , 25264 , 25268 , 25272 , 25273 , 25274 , 25275 , 25276 , 25277 , 25278 , 25279 , 25280 , 25281 , 25282 , 25283 , 25285 , 25286 , 25291 , 25292 , 25293 , 25302 , 25303 , 25306 , 25310 , 25311 , 25313 , 25314 , 25315 , 25316 , 25318 , 25319 , 25320 , 25321 , 25322 , 25326 , 25327 , 25328 , 25329 , 25330 , 25332 , 25333 , 25336 , 25337 , 25338 , 25339 , 25343 , 25344 , 25345 , 25346 , 25347 , 25348 , 25349 , 25350 , 25351 , 25352 , 25353 , 25356 , 25365 , 25366 , 25367 , 25368 , 25369 , 25378 , 25383 , 25384 , 25385 , 25386 , 25387 , 25390 , 25391 , 25392 , 25393 , 25397 , 25403 , 25404 , 25405 , 25406 , 25407 , 25408 , 25409 , 25411 , 25413 , 25414 , 25415 , 25416 , 25417 , 25418 , 25419 , 25423 , 25424 , 25425 , 25461 , 25462 , 25463 , 25464 , 25465 , 25466 , 25467 , 25468 , 25469 , 25477 , 25484 , 25485 , 25542 , 25543 , 25544 , 25545 , 25546 , 25547 , 25548 , 25549 , 25550 , 25551 , 25552 , 25558 , 25564 , 25565 , 25567 , 25568 , 25590 , 25607 , 25608 , 25609 , 25623 , 25625 , 25626 , 25627 , 25632 , 25635 , 25636 , 25638 , 25640 , 25641 , 25642 , 25643 , 25645 , 25648 , 25649 , 25650 , 25651 , 25652 , 25653 , 25654 , 25655 , 25656 , 25660 , 25662 , 25663 , 25664 , 25665 , 25667 , 25678 , 25680 , 25681 , 25682 , 25724 , 25762 , 25781 , 25782 , 25783 , 25784 , 25785 , 25820 , 25821 , 152966 , 25837 , 25838 , 25883 , 25884 , 25885 , 25886 , 25887 , 25888 , 25894 , 25895 , 25896 , 25898 , 25901 , 25902 , 25904 , 25905 , 25906 , 25907 , 25912 , 25913 , 25914 , 25915 , 25916 , 25924 , 25925 , 25928 , 25998 , 26000 , 26001 , 26002 , 26003 , 26004 , 26005 , 26006 , 26007 , 26008 , 26009 , 26011 , 26012 , 26015 , 26016 , 26017 , 26018 , 26019 , 26020 , 26021 , 26022 , 26023 , 26024 , 26025 , 26026 , 26028 , 26031 , 26032 , 26033 , 26034 , 26035 , 26052 , 26065 , 26066 , 26067 , 26068 , 26069 , 26070 , 26071 , 26072 , 26080 , 26089 , 26091 , 26095 , 26111 , 26112 , 26113 , 26132 , 26133 , 26134 , 26135 , 26136 , 26137 , 26203 , 26204 , 26205 , 26253 , 26254 , 26255 , 26256 , 26257 , 26287 , 26292 , 26321 , 26322 , 26323 , 26327 , 26344 , 26354 , 26358 , 26359 , 26360 , 26361 , 26378 , 26379 , 26381 , 26383 , 26384 , 26385 , 26386 , 26387 , 26388 , 26391 , 26392 , 26394 , 26399 , 26444 , 26445 , 26447 , 26448 , 26498 , 26499 , 26500 , 26501 , 26502 , 26503 , 26506 , 26507 , 26550 , 26551 , 26556 , 26557 , 26558 , 26559 , 26561 , 26562 , 26563 , 135503 , 135504 , 135505 , 26601 , 26602 , 26603 , 26604 , 26610 , 26611 , 26612 , 26613 , 26615 , 26616 , 26617 , 26618 , 26619 , 26620 , 26621 , 26622 , 26623 , 26631 , 26636 , 26637 , 26654 , 26655 , 136188 , 26699 , 26726 , 26727 , 26728 , 26730 , 26752 , 26753 , 26754 , 26755 , 26767 , 26768 , 26771 , 26772 , 26780 , 26781 , 26782 , 26783 , 26810 , 26811 , 26832 , 26833 , 26837 , 26838 , 26839 , 26840 , 26841 , 26842 , 26873 , 26874 , 135587 , 27101 , 27102 , 27111 , 27112 , 27113 , 27114 , 27115 , 27116 , 27117 , 27118 , 27119 , 27121 , 27122 , 27123 , 27124 , 27125 , 27126 , 27127 , 27128 , 27129 , 27130 , 27131 , 27156 , 27158 , 27159 , 27160 , 27161 , 135599 , 27164 , 27165 , 27166 , 27167 , 27168 , 27169 , 27170 , 27172 , 135601 , 27178 , 27179 , 27180 , 27181 , 27183 , 27184 , 27186 , 27187 , 27188 , 27190 , 27191 , 27192 , 27193 , 27196 , 27197 , 27198 , 27199 , 27200 , 27213 , 27214 , 27215 , 27218 , 27293 , 27301 , 27302 , 27303 , 27304 , 27305 , 27306 , 27356 , 27357 , 27358 , 27359 , 27367 , 27369 , 27372 , 27380 , 27381 , 27382 , 27383 , 27384 , 27385 , 27389 , 27390 , 27391 , 27398 , 27456 , 27457 , 27458 , 27459 , 27460 , 27461 , 27462 , 27463 , 27464 , 27465 , 27466 , 27467 , 27468 , 27481 , 27487 , 27488 , 27489 , 27490 , 27498 , 27514 , 27515 , 27516 , 27517 , 27518 , 27520 , 27521 , 27539 , 27540 , 27541 , 27542 , 27570 , 27571 , 27572 , 27573 , 27574 , 135669 , 27594 , 27614 , 27615 , 27621 , 27622 , 27623 , 27624 , 27626 , 27627 , 27628 , 27629 , 27632 , 27633 , 27732 , 27733 , 27734 , 27738 , 27739 , 27756 , 27757 , 27758 , 27759 , 27760 , 27761 , 27762 , 27763 , 27764 , 27765 , 27766 , 27768 , 27771 , 27772 , 27773 , 27803 , 27804 , 27805 , 27806 , 27807 , 27808 , 27809 , 27814 , 27815 , 27818 , 27819 , 27820 , 27832 , 27847 , 27852 , 27853 , 27868 , 27869 , 27870 , 27871 , 27883 , 27884 , 27885 , 135720 , 27899 , 27902 , 27908 , 27918 , 27919 , 27920 , 27921 , 27922 , 27923 , 27924 , 27927 , 27928 , 27929 , 27930 , 27983 , 28000 , 28001 , 28002 , 28003 , 28004 , 28005 , 28006 , 28007 , 28008 , 28009 , 28010 , 28012 , 28040 , 28041 , 28042 , 28043 , 28049 , 28050 , 28062 , 28063 , 28064 , 28066 , 28067 , 28068 , 28070 , 28072 , 28073 , 28078 , 28079 , 28087 , 28088 , 28096 , 28097 , 28098 , 28099 , 28101 , 28102 , 28104 , 28105 , 28108 , 28109 , 28110 , 28111 , 28112 , 28116 , 28117 , 28119 , 28123 , 28124 , 28125 , 28132 , 28136 , 28137 , 28139 , 28140 , 28141 , 28142 , 28145 , 28182 , 28184 , 28200 , 28218 , 28219 , 28221 , 28222 , 28223 , 28228 , 28229 , 28230 , 28237 , 28238 , 28239 , 28240 , 28246 , 28247 , 28250 , 28251 , 28257 , 28260 , 28276 , 28277 , 28278 , 28279 , 28280 , 28281 , 28283 , 28284 , 28285 , 28286 , 28287 , 28352 , 28353 , 28372 , 28389 , 28390 , 28391 , 28396 , 28397 , 28398 , 28424 , 28425 , 28434 , 28440 , 28441 , 28443 , 28444 , 28445 , 28451 , 28452 , 149341 , 28467 , 28468 , 28469 , 28483 , 28484 , 28485 , 28486 , 28487 , 28489 , 28490 , 28491 , 28492 , 28494 , 28496 , 28523 , 28524 , 28525 , 28527 , 28528 , 28529 , 28530 , 28531 , 28532 , 28533 , 28534 , 28536 , 28537 , 28538 , 28543 , 28544 , 28549 , 28560 , 28561 , 28562 , 28590 , 28591 , 28592 , 28593 , 28594 , 28595 , 28596 , 28597 , 28600 , 28601 , 28602 , 28603 , 28604 , 28611 , 28612 , 28613 , 28614 , 28617 , 28618 , 28619 , 28620 , 28621 , 28623 , 28652 , 28653 , 28707 , 28708 , 28709 , 28710 , 28721 , 28722 , 28723 , 28724 , 28725 , 28726 , 28727 , 28728 , 28729 , 28730 , 28731 , 28732 , 28733 , 28734 , 28735 , 28736 , 28737 , 28738 , 28739 , 28740 , 28741 , 28743 , 28744 , 28746 , 28749 , 28750 , 28751 , 28757 , 28760 , 28761 , 28762 , 28763 , 28764 , 28773 , 28776 , 28800 , 28802 , 28803 , 28804 , 28810 , 28811 , 28813 , 28814 , 28817 , 28844 , 28845 , 28846 , 28855 , 28857 , 28865 , 28866 , 28869 , 28874 , 28875 , 28880 , 28881 , 28882 , 28883 , 28898 , 28907 , 28919 , 28920 , 28921 , 28922 , 28923 , 28924 , 28925 , 28926 , 28927 , 28928 , 28929 , 28930 , 28931 , 28934 , 28958 , 28959 , 28961 , 28966 , 28967 , 28968 , 28978 , 28979 , 28980 , 28981 , 28990 , 28991 , 28992 , 28993 , 28994 , 28995 , 28999 , 29003 , 29004 , 29005 , 29068 , 29070 , 29100 , 29106 , 29107 , 29108 , 29109 , 29111 , 29113 , 29114 , 29141 , 29142 , 29143 , 29144 , 29145 , 29146 , 29147 , 29148 , 29149 , 29150 , 29151 , 29154 , 29157 , 29159 , 29161 , 29162 , 29163 , 29164 , 29167 , 29168 , 29169 , 135937 , 135938 , 135939 , 29209 , 135949 , 29265 , 29266 , 29267 , 29268 , 29269 , 29286 , 29287 , 29288 , 29289 , 29290 , 135957 , 135958 , 135959 , 135960 , 29347 , 29348 , 29349 , 29351 , 29352 , 29353 , 29356 , 29357 , 29358 , 29359 , 29360 , 29361 , 29362 , 29365 , 29366 , 29367 , 29368 , 29371 , 29372 , 29374 , 29375 , 29376 , 29379 , 29380 , 29381 , 29382 , 29383 , 29384 , 29386 , 29387 , 29389 , 29394 , 29404 , 29405 , 29406 , 29407 , 29408 , 29409 , 29410 , 29420 , 29426 , 29460 , 29465 , 29466 , 29467 , 29468 , 29470 , 29471 , 29472 , 29474 , 29494 , 29495 , 29496 , 29497 , 29498 , 29499 , 29500 , 29501 , 29502 , 29503 , 29504 , 29514 , 29515 , 29516 , 29517 , 29518 , 29519 , 29520 , 29521 , 29522 , 29523 , 29524 , 29525 , 29526 , 29527 , 29528 , 29529 , 29530 , 29531 , 29532 , 29533 , 29534 , 29535 , 29537 , 29538 , 29539 , 29540 , 29541 , 29542 , 29543 , 29544 , 29545 , 29546 , 29547 , 29548 , 29549 , 29551 , 29552 , 29553 , 29554 , 29555 , 29557 , 29581 , 29582 , 29583 , 29584 , 29585 , 29587 , 29588 , 29589 , 29592 , 29593 , 29612 , 29613 , 29614 , 29616 , 29617 , 29618 , 29628 , 29629 , 29632 , 29634 , 29635 , 29636 , 29642 , 29732 , 29758 , 29759 , 29760 , 29762 , 29772 , 29773 , 29774 , 29775 , 29776 , 29779 , 29783 , 29784 , 29785 , 29786 , 29787 , 29790 , 29791 , 29792 , 29794 , 29795 , 29796 , 29797 , 136048 , 29863 , 29864 , 29865 , 29866 , 29870 , 29871 , 29872 , 29873 , 29875 , 29876 , 29911 , 29912 , 29913 , 29914 , 29915 , 29916 , 29917 , 29918 , 29919 , 29920 , 29921 , 29922 , 29923 , 29924 , 29927 , 29931 , 29954 , 29955 , 30051 , 30052 , 30053 , 30054 , 30055 , 136093 , 30130 , 30131 , 30132 , 136094 , 136095 , 30142 , 30143 , 30145 , 30148 , 30153 , 30154 , 30155 , 30175 , 30176 , 30177 , 30180 , 30189 , 30190 , 30191 , 30193 , 30197 , 30198 , 145035 , 136109 , 136110 , 30231 , 30232 , 30233 , 30234 , 30235 , 30236 , 30237 , 30238 , 30239 , 30240 , 30241 , 30254 , 30272 , 136121 , 30299 , 30300 , 30301 , 30339 , 30340 , 30343 , 30344 , 30345 , 30346 , 30347 , 30349 , 30350 , 30352 , 30353 , 30354 , 30404 , 30405 , 30406 , 30407 , 30408 , 30409 , 30410 , 30412 , 30413 , 30414 , 30417 , 30423 , 30424 , 30425 , 30426 , 143894 , 30452 , 30476 , 30484 , 30498 , 153774 , 30523 , 30524 , 30525 , 30526 , 30527 , 30528 , 30531 , 30532 , 30534 , 30547 , 30548 , 30556 , 30605 , 30608 , 30609 , 30610 , 30611 , 30623 , 30624 , 30625 , 30628 , 30629 , 30633 , 30634 , 30652 , 30653 , 30654 , 30663 , 30665 , 30670 , 30696 , 30697 , 30700 , 30701 , 30702 , 30703 , 30704 , 30705 , 30706 , 30713 , 30714 , 30715 , 30716 , 30717 , 30718 , 30719 , 30720 , 30721 , 30722 , 30726 , 30727 , 30728 , 30729 , 30733 , 30734 , 30735 , 30736 , 30737 , 30746 , 30747 , 30748 , 30749 , 30750 , 30751 , 30752 , 30753 , 30754 , 30755 , 30758 , 30759 , 30760 , 30762 , 30763 , 30766 , 30768 , 30769 , 30771 , 30772 , 30777 , 30779 , 30780 , 153783 , 30786 , 30787 , 30789 , 30790 , 30802 , 30803 , 30804 , 30805 , 30813 , 30814 , 30815 , 30816 , 30817 , 30819 , 30820 , 30866 , 30867 , 30868 , 30892 , 30893 , 30894 , 30906 , 30907 , 30910 , 30911 , 30928 , 30929 , 30930 , 30933 , 30934 , 30935 , 30938 , 30939 , 30940 , 30941 , 30942 , 30943 , 30956 , 30957 , 30960 , 30961 , 30962 , 30967 , 30969 , 30970 , 30971 , 30972 , 30973 , 30974 , 31003 , 31004 , 31005 , 31006 , 31007 , 31008 , 31009 , 31010 , 31011 , 31012 , 31013 , 31014 , 31015 , 31016 , 31017 , 31018 , 31019 , 31020 , 31021 , 31022 , 31023 , 31024 , 31058 , 31059 , 31060 , 31061 , 31074 , 31096 , 31097 , 31118 , 31122 , 31123 , 31124 , 31125 , 31131 , 31142 , 31193 , 31292 , 31298 , 31299 , 31300 , 31301 , 31307 , 31308 , 31309 , 31310 , 31337 , 31338 , 31339 , 31340 , 31341 , 31342 , 31343 , 31345 , 31346 , 31347 , 31351 , 31352 , 31353 , 31361 , 31362 , 31363 , 31364 , 31366 , 31367 , 31368 , 31369 , 31370 , 31371 , 31372 , 31373 , 31374 , 31375 , 31376 , 31378 , 31379 , 31380 , 31382 , 31383 , 31385 , 31389 , 31390 , 31401 , 31414 , 31415 , 31417 , 31418 , 31419 , 31420 , 31421 , 31428 , 31429 , 31438 , 31439 , 31440 , 31441 , 31442 , 31445 , 31447 , 31451 , 31460 , 31461 , 31462 , 31464 , 31465 , 31466 , 31467 , 31468 , 31473 , 31474 , 31478 , 31479 , 31480 , 31544 , 31545 , 31546 , 31547 , 31548 , 31549 , 31551 , 31552 , 31555 , 31556 , 31557 , 31558 , 31559 , 31560 , 31561 , 31562 , 31563 , 31564 , 31581 , 31582 , 31583 , 31584 , 31585 , 31594 , 31595 , 31596 , 31599 , 31610 , 31611 , 31618 , 31631 , 31670 , 31671 , 31678 , 31679 , 31681 , 31682 , 31683 , 31684 , 31704 , 31705 , 31706 , 31707 , 31710 , 31711 , 31712 , 31713 , 31714 , 31715 , 131992 , 31752 , 31753 , 136365 , 31763 , 136366 , 136367 , 136368 , 136369 , 136370 , 136371 , 136372 , 31810 , 136378 , 136379 , 136382 , 136383 , 31869 , 31870 , 31871 , 31872 , 31873 , 31880 , 31881 , 31882 , 31885 , 31886 , 31887 , 31888 , 31889 , 31890 , 31891 , 31892 , 31895 , 31896 , 31897 , 31909 , 31910 , 31912 , 31913 , 31934 , 149457 , 31970 , 31971 , 32007 , 32061 , 32062 , 32065 , 32066 , 32067 , 32068 , 32069 , 32070 , 32071 , 32072 , 32073 , 32074 , 32075 , 32076 , 32077 , 141623 , 32093 , 32097 , 32098 , 32100 , 32101 , 32102 , 32103 , 32104 , 32105 , 32106 , 32107 , 32126 , 32127 , 32128 , 32129 , 32130 , 32131 , 32132 , 32133 , 32134 , 32136 , 32142 , 32143 , 32144 , 32154 , 32155 , 32157 , 32161 , 32212 , 32228 , 32230 , 32231 , 32232 , 32233 , 32265 , 149468 , 32348 , 32349 , 32350 , 32351 , 32352 , 136465 , 136466 , 136467 , 32383 , 136470 , 32392 , 32393 , 136471 , 136472 , 136474 , 136477 , 136478 , 32439 , 32448 , 32449 , 32450 , 32451 , 32452 , 32453 , 32454 , 32455 , 32458 , 32459 , 32460 , 32461 , 136483 , 32471 , 136484 , 32477 , 32516 , 32517 , 32518 , 32519 , 32523 , 32526 , 32527 , 32552 , 32553 , 32554 , 136500 , 32593 , 32629 , 32630 , 32631 , 32632 , 32633 , 32634 , 32635 , 32636 , 32637 , 32638 , 32639 , 136515 , 32687 , 32688 , 32689 , 32691 , 32694 , 32695 , 32696 , 32697 , 32698 , 153847 , 32705 , 32706 , 32707 , 32712 , 153848 , 32735 , 32736 , 32737 , 32738 , 32739 , 32740 , 32741 , 32742 , 32745 , 32746 , 32749 , 32752 , 32753 , 32754 , 153849 , 153850 , 32857 , 32858 , 32859 , 32861 , 32862 , 32863 , 32864 , 32866 , 32867 , 32881 , 32882 , 32883 , 32884 , 32885 , 32887 , 32888 , 32889 , 32890 , 32900 , 32901 , 32936 , 32940 , 32946 , 32947 , 32948 , 32949 , 32950 , 32951 , 32952 , 32953 , 32954 , 32957 , 32958 , 32959 , 32960 , 32961 , 32962 , 32963 , 32965 , 32966 , 32967 , 32969 , 32970 , 32971 , 32972 , 32973 , 32974 , 32975 , 32977 , 32978 , 32979 , 32982 , 32983 , 32984 , 32985 , 32986 , 32987 , 32988 , 33031 , 33032 , 33033 , 33034 , 33035 , 33036 , 33037 , 33038 , 33039 , 33040 , 33041 , 33042 , 33044 , 33045 , 33046 , 33048 , 33049 , 33054 , 136581 , 33056 , 33057 , 33058 , 33061 , 33062 , 33063 , 33064 , 33065 , 33066 , 33067 , 33068 , 33069 , 33071 , 33072 , 33073 , 33074 , 33088 , 33089 , 33090 , 33091 , 33092 , 33093 , 33094 , 33095 , 33096 , 33097 , 33098 , 33099 , 33102 , 33103 , 33112 , 33113 , 33114 , 33172 , 33187 , 33190 , 33196 , 33197 , 33198 , 33199 , 33206 , 33207 , 33208 , 33215 , 33216 , 33218 , 33247 , 33292 , 33293 , 33296 , 33297 , 33298 , 33299 , 33300 , 33303 , 33304 , 33305 , 33307 , 33308 , 33309 , 33310 , 33311 , 33312 , 33313 , 33316 , 33317 , 33318 , 33319 , 33323 , 33338 , 33339 , 145996 , 33370 , 33371 , 33373 , 33376 , 33381 , 33393 , 33394 , 33395 , 33396 , 33435 , 33437 , 33438 , 33439 , 33440 , 33443 , 33444 , 33445 , 33446 , 33447 , 33448 , 33449 , 33450 , 33451 , 33452 , 33453 , 33454 , 33455 , 33456 , 33461 , 33463 , 33464 , 33465 , 33466 , 33467 , 33468 , 33469 , 33470 , 33471 , 33472 , 33473 , 33474 , 33475 , 33477 , 33478 , 33479 , 33480 , 33481 , 33482 , 33483 , 33484 , 33485 , 33486 , 33487 , 33489 , 33490 , 33491 , 33493 , 33494 , 33495 , 33496 , 33497 , 33499 , 33500 , 33501 , 33502 , 33503 , 33504 , 33505 , 33506 , 33519 , 33520 , 33522 , 33554 , 33569 , 33570 , 33572 , 33578 , 33579 , 33580 , 33585 , 136673 , 33681 , 33683 , 33684 , 33685 , 33686 , 33687 , 33688 , 33689 , 33690 , 33691 , 33698 , 33705 , 33706 , 33707 , 33708 , 33709 , 33711 , 33712 , 136691 , 33762 , 33763 , 33764 , 33765 , 33766 , 33767 , 33768 , 33769 , 33770 , 33771 , 33772 , 33773 , 33774 , 33775 , 33776 , 33777 , 33778 , 33779 , 33781 , 33782 , 33783 , 33784 , 33785 , 33786 , 33787 , 33788 , 33790 , 33791 , 136704 , 33795 , 33797 , 33798 , 33804 , 33805 , 136707 , 33818 , 33821 , 33825 , 33826 , 33829 , 33830 , 33831 , 33832 , 33833 , 33834 , 33835 , 33836 , 33837 , 33841 , 33842 , 33843 , 33844 , 33878 , 33879 , 33880 , 33881 , 33882 , 33883 , 33889 , 33890 , 33891 , 33892 , 33893 , 33895 , 33896 , 33899 , 33900 , 33901 , 33902 , 33903 , 33904 , 33905 , 33921 , 33923 , 33924 , 33925 , 33927 , 33929 , 33930 , 33931 , 136730 , 33953 , 33954 , 136731 , 136733 , 136734 , 136735 , 140796 , 136736 , 136737 , 136738 , 34031 , 34032 , 34033 , 34034 , 34035 , 34037 , 34038 , 34039 , 34043 , 136746 , 34048 , 34049 , 34050 , 34051 , 34052 , 34053 , 34056 , 34057 , 34058 , 34059 , 34064 , 34065 , 34066 , 136754 , 34096 , 34097 , 136755 , 136756 , 136757 , 145167 , 34183 , 34184 , 34185 , 34186 , 34187 , 34188 , 34192 , 34201 , 34202 , 34203 , 34204 , 34205 , 34207 , 34208 , 34209 , 34210 , 34211 , 34212 , 34217 , 34218 , 34225 , 34226 , 34233 , 34234 , 34235 , 34236 , 34237 , 34240 , 34241 , 34243 , 34244 , 34245 , 34249 , 34258 , 146002 , 34260 , 136788 , 34316 , 34317 , 34318 , 34319 , 34320 , 34322 , 34323 , 34324 , 34327 , 34365 , 34373 , 34374 , 34375 , 34376 , 136807 , 34413 , 34414 , 34415 , 34416 , 34417 , 34418 , 34420 , 34421 , 136809 , 34432 , 34450 , 34451 , 34452 , 34464 , 34465 , 34466 , 34470 , 34474 , 34479 , 34487 , 34488 , 34490 , 34491 , 34492 , 34493 , 34495 , 34496 , 34497 , 34507 , 34508 , 34509 , 34513 , 34514 , 136825 , 34524 , 136826 , 34527 , 34529 , 34530 , 34531 , 34533 , 34534 , 34536 , 34538 , 34539 , 34540 , 34544 , 34545 , 34550 , 34564 , 34565 , 34566 , 34567 , 34568 , 34569 , 34570 , 34571 , 34572 , 34573 , 34574 , 34589 , 34590 , 34591 , 136840 , 34675 , 34689 , 34690 , 34691 , 34692 , 34693 , 34694 , 34695 , 34696 , 34697 , 34704 , 34705 , 34706 , 34715 , 34716 , 34717 , 34718 , 34719 , 34720 , 34743 , 34754 , 34755 , 34768 , 34769 , 34770 , 34807 , 34808 , 34812 , 34813 , 34814 , 34815 , 34816 , 34817 , 34818 , 34819 , 149553 , 34833 , 34862 , 34898 , 34899 , 34900 , 34902 , 34903 , 34954 , 34955 , 34956 , 34960 , 34961 , 34962 , 34963 , 34965 , 34967 , 34968 , 34969 , 34970 , 34971 , 34972 , 34973 , 34974 , 34975 , 34981 , 34982 , 136903 , 34988 , 34989 , 34990 , 34991 , 136905 , 136908 , 35022 , 136909 , 35024 , 35033 , 35034 , 35066 , 35087 , 35088 , 35096 , 35129 , 35136 , 35143 , 35144 , 35148 , 35149 , 35153 , 35157 , 35158 , 35159 , 35160 , 35161 , 35162 , 35163 , 35164 , 35165 , 35166 , 35167 , 35168 , 35169 , 35170 , 35171 , 35172 , 35175 , 35178 , 35179 , 35183 , 35184 , 35185 , 35187 , 35188 , 35191 , 35192 , 35193 , 35194 , 35210 , 35211 , 35212 , 35215 , 35216 , 35217 , 136946 , 136947 , 35254 , 35255 , 35256 , 35257 , 35258 , 136949 , 35268 , 35269 , 35270 , 35271 , 35300 , 35305 , 35306 , 35308 , 35309 , 35310 , 35311 , 35312 , 35313 , 35316 , 35317 , 35318 , 35319 , 35320 , 35321 , 35322 , 35329 , 35330 , 35331 , 35332 , 35333 , 35334 , 35336 , 35337 , 35338 , 35339 , 35340 , 35341 , 35342 , 35343 , 35344 , 35345 , 35346 , 136963 , 35349 , 35351 , 35352 , 35353 , 35354 , 35355 , 35357 , 35358 , 35360 , 35361 , 35364 , 35365 , 35366 , 35367 , 35372 , 35375 , 35376 , 35377 , 35378 , 35379 , 35380 , 35381 , 35382 , 35383 , 35384 , 35390 , 35418 , 35419 , 35422 , 35423 , 35424 , 35425 , 35426 , 35427 , 35430 , 136480 , 35456 , 35457 , 35458 , 35459 , 35460 , 35461 , 35462 , 35465 , 35466 , 35467 , 35469 , 35470 , 136482 , 136990 , 35520 , 35523 , 35524 , 35525 , 35526 , 35533 , 35534 , 35535 , 35536 , 35541 , 35542 , 35543 , 35544 , 35545 , 35546 , 35547 , 35548 , 35549 , 35550 , 35551 , 35552 , 35553 , 35554 , 35555 , 35558 , 35559 , 35560 , 35563 , 35564 , 35565 , 35566 , 35567 , 35568 , 35569 , 35570 , 35571 , 35574 , 35575 , 35576 , 35577 , 35581 , 35582 , 35583 , 35585 , 35586 , 137009 , 35663 , 35665 , 35667 , 35683 , 35685 , 35686 , 35687 , 35688 , 35690 , 35691 , 35692 , 35693 , 35694 , 35729 , 35735 , 35736 , 35737 , 35740 , 35741 , 35743 , 35744 , 35746 , 35747 , 35755 , 35756 , 35757 , 35758 , 35760 , 35761 , 35762 , 35764 , 35769 , 35770 , 35771 , 35772 , 35773 , 35774 , 35775 , 35776 , 35777 , 35778 , 35779 , 35780 , 35783 , 35785 , 35786 , 35787 , 35794 , 35795 , 35796 , 35797 , 35800 , 35801 , 35820 , 35821 , 35822 , 35847 , 35854 , 35855 , 35892 , 35893 , 35894 , 35895 , 35896 , 35897 , 35898 , 35899 , 35900 , 35901 , 35903 , 35904 , 35905 , 35906 , 35907 , 35908 , 35909 , 35910 , 35911 , 35912 , 35913 , 35914 , 35915 , 35916 , 35933 , 35934 , 35938 , 35939 , 35940 , 35943 , 35944 , 35945 , 35966 , 35967 , 35973 , 35974 , 36014 , 36015 , 36016 , 36017 , 36018 , 36019 , 36020 , 36021 , 36022 , 36023 , 36024 , 36029 , 36047 , 36048 , 36051 , 36052 , 36092 , 36095 , 36096 , 36101 , 36102 , 36103 , 36112 , 36118 , 36131 , 36138 , 36139 , 36149 , 36150 , 36151 , 36166 , 137103 , 36192 , 36193 , 36194 , 36195 , 36196 , 36197 , 36198 , 36199 , 36200 , 36202 , 36203 , 36204 , 36205 , 36213 , 36216 , 36217 , 36218 , 36242 , 36258 , 36259 , 36274 , 36275 , 36277 , 36278 , 36279 , 36284 , 36285 , 36286 , 36287 , 36288 , 36289 , 36290 , 36291 , 137121 , 36297 , 36298 , 36299 , 36300 , 36301 , 36302 , 36304 , 36305 , 36307 , 36333 , 36335 , 36336 , 36337 , 36338 , 36339 , 36345 , 36346 , 36357 , 36358 , 36359 , 36360 , 36361 , 36362 , 36363 , 36365 , 36366 , 36367 , 36368 , 36369 , 36371 , 36372 , 36373 , 36392 , 36393 , 36394 , 36395 , 36396 , 36397 , 36398 , 36399 , 36400 , 36401 , 36402 , 36403 , 36404 , 36405 , 36406 , 36407 , 36408 , 36409 , 36413 , 36414 , 36415 , 36416 , 36419 , 36420 , 36441 , 36442 , 137149 , 137150 , 36479 , 36480 , 36481 , 137155 , 137156 , 36531 , 36532 , 36533 , 36534 , 36535 , 36537 , 36538 , 36546 , 36547 , 36548 , 36562 , 36563 , 36567 , 36568 , 36572 , 36573 , 36574 , 36575 , 36576 , 36577 , 36580 , 36581 , 36600 , 36601 , 36602 , 36603 , 36618 , 36631 , 36632 , 36633 , 36634 , 36635 , 36636 , 36637 , 36652 , 36653 , 36654 , 36655 , 36656 , 36657 , 36662 , 36663 , 36671 , 36672 , 36673 , 36674 , 36675 , 36676 , 36677 , 36678 , 36680 , 36681 , 36682 , 36683 , 36684 , 36685 , 36686 , 36687 , 36688 , 36689 , 36691 , 36692 , 36693 , 36717 , 36725 , 36726 , 36735 , 36736 , 36737 , 36746 , 36747 , 36748 , 36749 , 36750 , 36751 , 36752 , 36753 , 36761 , 36762 , 36763 , 36764 , 36766 , 36772 , 36773 , 36774 , 36783 , 36784 , 36785 , 36786 , 36787 , 36789 , 36790 , 36833 , 36835 , 36836 , 36837 , 36862 , 36863 , 36864 , 36865 , 36866 , 36871 , 36877 , 36878 , 137226 , 36985 , 36987 , 36988 , 36989 , 36992 , 36993 , 36994 , 36995 , 36996 , 37021 , 37022 , 37023 , 37037 , 37045 , 37046 , 37055 , 37056 , 37057 , 37061 , 37064 , 37065 , 37068 , 37069 , 37070 , 37071 , 37079 , 37083 , 37084 , 37085 , 37086 , 37087 , 37088 , 37089 , 37090 , 37091 , 37092 , 37097 , 37098 , 37099 , 37100 , 37105 , 37106 , 37107 , 37108 , 37109 , 37110 , 37111 , 37116 , 37117 , 37124 , 37125 , 37129 , 37130 , 37131 , 37132 , 37133 , 37134 , 37137 , 37138 , 37139 , 37141 , 37142 , 131182 , 37179 , 37180 , 37181 , 37182 , 37185 , 37191 , 37192 , 37193 , 37194 , 37196 , 37197 , 37198 , 37199 , 37200 , 37201 , 37204 , 37205 , 37206 , 37207 , 37208 , 37210 , 37211 , 37226 , 37229 , 37230 , 149634 , 37271 , 37277 , 37315 , 37316 , 37317 , 37318 , 37319 , 37320 , 37326 , 37331 , 37332 , 37333 , 37388 , 37389 , 37390 , 37391 , 37392 , 37393 , 37394 , 137307 , 37432 , 137316 , 37475 , 37476 , 37477 , 37478 , 37479 , 37483 , 37484 , 37485 , 37486 , 37487 , 37488 , 37489 , 37491 , 37494 , 37495 , 37496 , 37503 , 37504 , 37515 , 37517 , 37518 , 37519 , 37520 , 37521 , 37522 , 37526 , 37527 , 37539 , 37540 , 37569 , 37570 , 37585 , 37586 , 37587 , 37588 , 37592 , 37593 , 37594 , 37595 , 37596 , 37598 , 37599 , 37600 , 37601 , 37602 , 37609 , 37610 , 37611 , 37612 , 37613 , 37614 , 37615 , 37616 , 37617 , 37620 , 37625 , 37626 , 37627 , 37628 , 37629 , 37630 , 37631 , 37632 , 37633 , 37634 , 37636 , 37637 , 37642 , 37643 , 37644 , 37654 , 37655 , 37659 , 37660 , 37668 , 37670 , 37679 , 37680 , 37714 , 37715 , 37717 , 37718 , 37719 , 37725 , 149650 , 37791 , 37822 , 37827 , 37828 , 37829 , 37830 , 37831 , 37863 , 37864 , 37865 , 37867 , 37868 , 37869 , 37870 , 37871 , 37872 , 37873 , 37879 , 37898 , 37899 , 37900 , 37901 , 37902 , 37903 , 37906 , 37911 , 37954 , 37955 , 37956 , 37970 , 37971 , 37972 , 37973 , 37974 , 37976 , 37977 , 37978 , 37979 , 137402 , 37984 , 37985 , 37986 , 37987 , 37988 , 37989 , 37990 , 37991 , 37992 , 37993 , 37994 , 37995 , 153883 , 137409 , 137410 , 137411 , 137412 , 38047 , 38048 , 38051 , 38052 , 38053 , 38054 , 38059 , 38060 , 38061 , 38062 , 38064 , 38065 , 38067 , 38068 , 137417 , 38075 , 137418 , 38079 , 38080 , 38081 , 38082 , 38083 , 38084 , 38085 , 38086 , 38087 , 38096 , 38097 , 38098 , 38099 , 38100 , 38102 , 38103 , 38199 , 38207 , 38219 , 38220 , 38221 , 38222 , 38229 , 38230 , 38231 , 38232 , 38233 , 38234 , 38239 , 38240 , 38245 , 38272 , 38273 , 38274 , 38275 , 38276 , 38277 , 38278 , 38279 , 38280 , 38282 , 38283 , 38284 , 38285 , 38290 , 38299 , 38300 , 38306 , 38310 , 38311 , 38312 , 38313 , 38314 , 38315 , 38316 , 38317 , 38319 , 38320 , 38323 , 38324 , 38326 , 38330 , 38332 , 38333 , 38334 , 38335 , 38336 , 38337 , 38338 , 38339 , 38346 , 38356 , 38357 , 38360 , 38363 , 38364 , 38365 , 38366 , 38367 , 38370 , 38371 , 38375 , 38376 , 38377 , 38383 , 38384 , 38385 , 38386 , 38387 , 38388 , 38406 , 38409 , 38416 , 38417 , 38418 , 38419 , 38420 , 38423 , 38424 , 38434 , 38435 , 38436 , 38437 , 38438 , 38444 , 38445 , 38446 , 38449 , 38452 , 38453 , 38454 , 38455 , 38456 , 38457 , 38467 , 38474 , 38479 , 38480 , 38492 , 38493 , 38494 , 38507 , 38508 , 38521 , 38522 , 38523 , 38533 , 38534 , 38550 , 38603 , 38608 , 38609 , 136587 , 38678 , 38679 , 38680 , 38681 , 38682 , 38686 , 38688 , 38697 , 38698 , 38699 , 38700 , 38701 , 38702 , 38704 , 38705 , 38706 , 38712 , 38713 , 38714 , 38715 , 38716 , 38717 , 38718 , 38719 , 38720 , 38721 , 38722 , 38723 , 38724 , 38725 , 38726 , 38729 , 38730 , 38731 , 38743 , 38748 , 38749 , 38750 , 38751 , 38757 , 38758 , 38759 , 38761 , 38762 , 38763 , 38764 , 38765 , 38766 , 38771 , 38772 , 38773 , 38774 , 38775 , 38776 , 38779 , 38786 , 38787 , 38789 , 38790 , 38793 , 38826 , 38827 , 38833 , 38913 , 38914 , 38915 , 38916 , 38920 , 38921 , 38922 , 38923 , 38924 , 38925 , 38926 , 38927 , 38929 , 38949 , 38950 , 38952 , 38956 , 38957 , 38958 , 38961 , 38962 , 38963 , 38964 , 38965 , 38966 , 38967 , 38968 , 38969 , 38970 , 38971 , 38972 , 38973 , 38974 , 38975 , 38976 , 38977 , 38979 , 39008 , 39033 , 39038 , 39039 , 39040 , 39041 , 39086 , 39087 , 39088 , 39089 , 39090 , 39092 , 39093 , 39094 , 39095 , 39096 , 39097 , 39098 , 39099 , 39101 , 39102 , 39103 , 39104 , 39106 , 39109 , 39110 , 39111 , 39113 , 39114 , 39115 , 39117 , 39123 , 39124 , 39126 , 39169 , 39170 , 39181 , 39182 , 39183 , 39185 , 39186 , 39187 , 39188 , 39189 , 39190 , 39191 , 39192 , 39202 , 39203 , 39204 , 39205 , 39207 , 39208 , 39237 , 39239 , 39240 , 39248 , 39252 , 39253 , 39254 , 39255 , 39285 , 39286 , 39287 , 39288 , 39289 , 39290 , 39291 , 39292 , 39293 , 39294 , 39333 , 39337 , 39338 , 39339 , 137629 , 39348 , 39349 , 39360 , 39361 , 39369 , 39370 , 39371 , 39372 , 39373 , 39374 , 39392 , 39393 , 39394 , 39395 , 39396 , 39398 , 39400 , 39401 , 39402 , 39403 , 39404 , 39405 , 39406 , 39407 , 39408 , 39409 , 39411 , 39415 , 39431 , 39432 , 39433 , 39434 , 39435 , 39436 , 39437 , 39439 , 39440 , 39441 , 39447 , 39459 , 39460 , 39466 , 39467 , 39479 , 39480 , 39481 , 39482 , 39483 , 39514 , 39515 , 39517 , 39518 , 39519 , 39525 , 39526 , 39527 , 39566 , 39567 , 39569 , 39570 , 39571 , 39572 , 39573 , 39574 , 39575 , 39581 , 39582 , 39583 , 39584 , 39585 , 39586 , 39587 , 39615 , 39616 , 39639 , 39640 , 39646 , 39647 , 39659 , 39660 , 39661 , 39665 , 39668 , 39669 , 39670 , 39671 , 39672 , 39690 , 39691 , 39692 , 39693 , 39694 , 39697 , 39698 , 39700 , 39701 , 39703 , 39704 , 39705 , 39711 , 39712 , 39716 , 39717 , 39719 , 39720 , 39724 , 39725 , 39726 , 39727 , 39728 , 39729 , 39730 , 39731 , 39763 , 39764 , 39765 , 39766 , 39785 , 39786 , 39787 , 39788 , 39789 , 39790 , 39791 , 39793 , 39794 , 39795 , 39799 , 39805 , 39814 , 39815 , 39817 , 39818 , 39821 , 39825 , 39838 , 39868 , 39869 , 39870 , 39886 , 39887 , 39890 , 39891 , 39893 , 39901 , 39902 , 39903 , 39904 , 39905 , 39906 , 39907 , 39914 , 39917 , 39918 , 39919 , 39922 , 39923 , 39924 , 39928 , 39929 , 39945 , 39946 , 39947 , 39948 , 39949 , 39950 , 39951 , 39995 , 39996 , 40003 , 40032 , 40033 , 40034 , 40035 , 40036 , 40038 , 40039 , 40040 , 40041 , 40055 , 40056 , 40061 , 40062 , 40063 , 40067 , 40068 , 40069 , 40070 , 40071 , 40072 , 40073 , 40074 , 40075 , 40076 , 40077 , 40078 , 40079 , 40080 , 40081 , 40082 , 40087 , 40088 , 40089 , 40090 , 40091 , 40094 , 40095 , 40096 , 40109 , 40110 , 40111 , 40114 , 40117 , 40118 , 40120 , 40121 , 40122 , 40123 , 40124 , 40130 , 40133 , 40134 , 40135 , 40136 , 145366 , 40168 , 40169 , 40170 , 40171 , 40172 , 40173 , 40174 , 40175 , 40179 , 40180 , 40181 , 40185 , 40202 , 40203 , 40204 , 40205 , 40230 , 40252 , 40318 , 40319 , 132279 , 40384 , 40391 , 40393 , 40394 , 40401 , 40402 , 40403 , 40406 , 40408 , 40465 , 40466 , 40468 , 40531 , 40535 , 40536 , 40537 , 40538 , 40539 , 40540 , 40541 , 40542 , 40543 , 40570 , 40571 , 40572 , 40573 , 40574 , 40575 , 40576 , 40621 , 40622 , 40679 , 40682 , 40686 , 40711 , 40712 , 40713 , 40714 , 40715 , 40717 , 40718 , 40719 , 40720 , 40721 , 40722 , 40723 , 40724 , 40736 , 40750 , 40751 , 40752 , 40754 , 40760 , 40761 , 40762 , 40763 , 40764 , 40789 , 40790 , 40791 , 40792 , 40793 , 40794 , 40795 , 40796 , 40797 , 40798 , 40799 , 40800 , 40803 , 40804 , 40833 , 40834 , 40846 , 40847 , 40861 , 40889 , 40890 , 40891 , 40892 , 40893 , 40895 , 40896 , 40897 , 40902 , 40903 , 40914 , 40915 , 40916 , 40917 , 40918 , 40919 , 40920 , 40937 , 40981 , 40982 , 40983 , 40984 , 40985 , 40986 , 40987 , 40988 , 40989 , 40990 , 40991 , 40993 , 40994 , 40995 , 40997 , 40998 , 40999 , 41000 , 41060 , 41061 , 41063 , 41068 , 41069 , 41074 , 41075 , 41079 , 41080 , 41087 , 41106 , 41108 , 41116 , 41117 , 41122 , 41126 , 41127 , 41147 , 41148 , 41149 , 41150 , 41152 , 41153 , 41154 , 41155 , 41156 , 41157 , 41158 , 41159 , 41160 , 41162 , 41164 , 41165 , 155650 , 41197 , 41234 , 41238 , 41239 , 41240 , 41244 , 41245 , 41248 , 41249 , 41250 , 41251 , 41275 , 41276 , 41277 , 41278 , 41279 , 41280 , 41300 , 41301 , 41302 , 41303 , 41306 , 41309 , 41310 , 41311 , 41317 , 41318 , 41319 , 41320 , 41321 , 41322 , 41324 , 41325 , 41326 , 41327 , 41328 , 41329 , 41330 , 41331 , 41344 , 41346 , 41347 , 41348 , 41350 , 41351 , 41352 , 41354 , 41355 , 41356 , 41359 , 41360 , 41362 , 41363 , 41365 , 41392 , 41393 , 41399 , 41400 , 41401 , 41403 , 41404 , 41405 , 41406 , 41407 , 41408 , 41409 , 41410 , 41411 , 41415 , 41416 , 41417 , 41418 , 41419 , 41420 , 41421 , 41422 , 41429 , 41430 , 41431 , 41434 , 41435 , 41436 , 41451 , 41460 , 41461 , 41462 , 41463 , 41464 , 41465 , 41466 , 41467 , 41468 , 41469 , 41479 , 41480 , 41484 , 41490 , 41491 , 41492 , 41493 , 41494 , 41495 , 41496 , 41497 , 41555 , 41556 , 41557 , 41558 , 41559 , 41560 , 41561 , 41562 , 41563 , 41565 , 41566 , 41567 , 41568 , 41571 , 41572 , 41573 , 41574 , 138002 , 41582 , 41584 , 138003 , 138004 , 41598 , 41603 , 41604 , 41614 , 41616 , 41617 , 41618 , 41625 , 41626 , 41631 , 41637 , 41641 , 41642 , 41683 , 41684 , 41685 , 41686 , 41689 , 41690 , 41691 , 41692 , 41693 , 41694 , 41698 , 41699 , 41700 , 41701 , 41702 , 41703 , 41707 , 41708 , 41709 , 41710 , 41711 , 41712 , 41714 , 41715 , 41716 , 41717 , 41728 , 41729 , 41730 , 41731 , 41732 , 41733 , 41734 , 41735 , 41736 , 41737 , 41738 , 41740 , 41741 , 41742 , 41743 , 41744 , 41745 , 41746 , 41747 , 41748 , 41768 , 41769 , 41771 , 41800 , 41801 , 41802 , 41803 , 41804 , 41811 , 41812 , 41813 , 41814 , 41815 , 41816 , 41821 , 41824 , 41825 , 41826 , 41829 , 41830 , 41835 , 41836 , 41839 , 41840 , 138050 , 41896 , 41897 , 41898 , 41899 , 41900 , 41922 , 41923 , 41924 , 41925 , 41926 , 41927 , 41929 , 41930 , 41931 , 41932 , 41933 , 41934 , 41935 , 41936 , 41937 , 41939 , 41940 , 41941 , 41942 , 41943 , 41944 , 41945 , 41946 , 41947 , 41949 , 41950 , 138065 , 138066 , 138067 , 41978 , 41979 , 41980 , 41987 , 41989 , 41990 , 41991 , 41995 , 41996 , 41997 , 41998 , 41999 , 42000 , 42003 , 42004 , 42005 , 42007 , 42008 , 42009 , 42010 , 42015 , 42017 , 42026 , 42027 , 42028 , 42029 , 42030 , 138077 , 42038 , 42039 , 42040 , 42045 , 42060 , 132336 , 42065 , 42066 , 42068 , 42069 , 42070 , 42071 , 42072 , 42073 , 42074 , 42075 , 42076 , 42095 , 42096 , 42099 , 42100 , 42125 , 42126 , 42130 , 42131 , 42132 , 42137 , 42148 , 42149 , 42150 , 42151 , 42152 , 42153 , 42155 , 42156 , 42158 , 42159 , 42160 , 42161 , 42166 , 42167 , 42182 , 42190 , 42191 , 42196 , 42197 , 42200 , 153337 , 42218 , 42219 , 136706 , 42265 , 42266 , 42267 , 42268 , 42269 , 42270 , 42271 , 42272 , 42273 , 42276 , 42288 , 42290 , 42291 , 42292 , 42311 , 42312 , 42313 , 42314 , 42315 , 42316 , 42317 , 42318 , 42319 , 42320 , 42321 , 42375 , 42376 , 42377 , 42380 , 42391 , 42392 , 42393 , 42394 , 42395 , 42398 , 136712 , 42446 , 42447 , 42448 , 42449 , 42450 , 42451 , 42452 , 42453 , 42454 , 42455 , 42457 , 42458 , 42459 , 42477 , 42478 , 42479 , 42480 , 42481 , 42484 , 42485 , 42486 , 42487 , 42489 , 42494 , 132352 , 42546 , 42547 , 42553 , 42554 , 42555 , 42556 , 42557 , 42559 , 132353 , 42597 , 42598 , 42599 , 42600 , 42601 , 42607 , 42608 , 42609 , 42610 , 42611 , 42619 , 42621 , 42622 , 42649 , 42650 , 42652 , 42656 , 42666 , 42667 , 42668 , 42671 , 42677 , 42678 , 42679 , 42680 , 42687 , 42688 , 42689 , 42691 , 42692 , 42693 , 42694 , 42695 , 42696 , 42701 , 42703 , 42704 , 42705 , 42728 , 42731 , 42732 , 42735 , 42736 , 42737 , 42738 , 42739 , 42740 , 42741 , 42743 , 42744 , 42745 , 42746 , 42747 , 42748 , 42749 , 42751 , 42752 , 42755 , 152169 , 42790 , 42822 , 42844 , 42845 , 42846 , 42847 , 42848 , 42855 , 138217 , 138224 , 42918 , 42919 , 42920 , 42921 , 42922 , 42924 , 42925 , 42926 , 42948 , 42949 , 42977 , 42999 , 43000 , 43003 , 43010 , 43014 , 43015 , 43040 , 43041 , 43042 , 43045 , 43046 , 43047 , 43048 , 43049 , 43050 , 43051 , 43054 , 43055 , 43056 , 43057 , 43061 , 43062 , 43063 , 43064 , 43089 , 43090 , 43091 , 43092 , 43094 , 43120 , 43121 , 43123 , 43124 , 43125 , 43126 , 43131 , 43132 , 43133 , 43135 , 43136 , 43137 , 43138 , 43166 , 43167 , 43169 , 43170 , 43171 , 43172 , 43175 , 43176 , 43177 , 43178 , 43181 , 43182 , 43183 , 43184 , 43185 , 43193 , 141467 , 43307 , 152798 , 43332 , 43333 , 43357 , 43360 , 43361 , 43373 , 43374 , 43376 , 43383 , 43389 , 43396 , 43397 , 138305 , 43404 , 43405 , 43406 , 43407 , 138313 , 43454 , 43466 , 43467 , 43468 , 43472 , 43473 , 43476 , 43477 , 43479 , 43483 , 43484 , 43485 , 43486 , 43487 , 43490 , 43491 , 43492 , 43495 , 43502 , 43503 , 43504 , 43505 , 43507 , 43512 , 43513 , 43514 , 43515 , 43516 , 43517 , 43518 , 138325 , 43521 , 43522 , 138326 , 43531 , 43534 , 43535 , 43536 , 43537 , 43547 , 43560 , 43561 , 43563 , 43567 , 43568 , 43571 , 43572 , 138334 , 43575 , 43576 , 138335 , 43592 , 43606 , 43702 , 43705 , 43706 , 43713 , 43714 , 43715 , 43716 , 43717 , 43718 , 43720 , 43721 , 43722 , 43723 , 43724 , 43725 , 43726 , 43727 , 43728 , 43729 , 43730 , 43732 , 43733 , 43734 , 43735 , 43736 , 43737 , 43738 , 43753 , 43754 , 43757 , 43758 , 43769 , 43770 , 43771 , 43772 , 43773 , 43775 , 43776 , 43786 , 43787 , 43788 , 43789 , 43790 , 141123 , 138398 , 138399 , 138400 , 44015 , 44016 , 44028 , 44030 , 44048 , 44049 , 44050 , 44052 , 44053 , 44054 , 44066 , 44070 , 44071 , 44078 , 44079 , 44080 , 44081 , 44082 , 44083 , 44084 , 44085 , 44086 , 44087 , 44088 , 44089 , 44114 , 44115 , 44116 , 44117 , 44118 , 44122 , 44123 , 44124 , 44125 , 44128 , 44133 , 44134 , 44135 , 44153 , 138433 , 138434 , 44174 , 44175 , 44176 , 138435 , 138436 , 141136 , 138440 , 138441 , 138443 , 44232 , 44233 , 44243 , 44252 , 44253 , 44254 , 44255 , 44256 , 44257 , 44258 , 44286 , 44287 , 44288 , 44304 , 44305 , 44306 , 44307 , 44328 , 44329 , 44330 , 44331 , 44343 , 44344 , 44346 , 44347 , 44348 , 44350 , 44351 , 44352 , 44354 , 44355 , 44356 , 44365 , 44366 , 44367 , 44368 , 44369 , 44370 , 44371 , 44373 , 44374 , 44375 , 44376 , 44378 , 44379 , 44381 , 44382 , 44383 , 44384 , 44385 , 44387 , 44388 , 44389 , 44390 , 44391 , 44392 , 44393 , 44395 , 44396 , 44397 , 44403 , 44404 , 44407 , 44408 , 44414 , 138484 , 44480 , 44490 , 138489 , 138493 , 138494 , 44548 , 44553 , 44554 , 44555 , 44556 , 44557 , 44558 , 44559 , 44564 , 44567 , 44596 , 44597 , 44598 , 44599 , 44600 , 44601 , 44603 , 44604 , 149879 , 44619 , 44620 , 44621 , 44626 , 44629 , 44630 , 44631 , 44632 , 44633 , 44639 , 44640 , 44641 , 44648 , 44649 , 44653 , 44654 , 44655 , 44658 , 44659 , 44660 , 44661 , 44667 , 44668 , 44669 , 44670 , 44715 , 44717 , 44720 , 44721 , 44722 , 44723 , 44724 , 44725 , 44726 , 44727 , 44728 , 44729 , 44730 , 44731 , 44732 , 44733 , 44735 , 44736 , 44737 , 44738 , 44739 , 44740 , 44741 , 44743 , 44748 , 44749 , 44758 , 44760 , 44791 , 44792 , 44793 , 44817 , 44818 , 44819 , 44833 , 44834 , 44835 , 44845 , 44847 , 44851 , 154252 , 44872 , 44873 , 44874 , 44875 , 44877 , 44878 , 44882 , 44883 , 44884 , 44885 , 44886 , 44887 , 44888 , 44889 , 44891 , 44892 , 44893 , 44894 , 44895 , 44922 , 44924 , 44925 , 44926 , 44927 , 44931 , 44932 , 44933 , 44934 , 44989 , 45005 , 45007 , 45018 , 45022 , 45023 , 45024 , 45025 , 45029 , 45033 , 45039 , 45047 , 45048 , 45049 , 45050 , 45053 , 45054 , 45057 , 45058 , 45061 , 45063 , 45070 , 45071 , 45072 , 45109 , 45110 , 45111 , 45112 , 45113 , 45114 , 45116 , 45117 , 45119 , 45140 , 45141 , 45142 , 45143 , 45144 , 45145 , 45148 , 45149 , 45162 , 45163 , 45164 , 45166 , 45167 , 45169 , 45170 , 45171 , 45172 , 45176 , 45177 , 45179 , 45180 , 45196 , 45197 , 45198 , 45199 , 45200 , 45201 , 45202 , 45203 , 136808 , 45323 , 45324 , 45355 , 45356 , 154269 , 45406 , 45408 , 45409 , 45410 , 45411 , 45412 , 154271 , 45454 , 45465 , 45468 , 45469 , 45472 , 45473 , 45474 , 45475 , 45476 , 45477 , 45483 , 45484 , 45485 , 45486 , 45488 , 45490 , 45491 , 45492 , 45493 , 45494 , 138657 , 138658 , 138659 , 149911 , 45578 , 154276 , 45594 , 45595 , 45599 , 149912 , 45603 , 138673 , 138674 , 138675 , 45626 , 45627 , 45628 , 45629 , 45630 , 45631 , 45632 , 45635 , 45636 , 138678 , 45641 , 45642 , 45643 , 45644 , 45645 , 45646 , 45647 , 45648 , 45649 , 45650 , 45654 , 45659 , 45660 , 45661 , 45662 , 45663 , 45664 , 45665 , 45666 , 45667 , 45668 , 45669 , 45670 , 45671 , 45672 , 45673 , 45674 , 45680 , 45681 , 45684 , 45685 , 45686 , 45688 , 45689 , 45690 , 45691 , 45692 , 45693 , 45709 , 45710 , 45711 , 45721 , 45722 , 45723 , 45738 , 45739 , 45740 , 45741 , 45742 , 45743 , 45744 , 45745 , 45747 , 45761 , 45762 , 45763 , 45764 , 45766 , 45767 , 45768 , 45769 , 45770 , 45771 , 45772 , 45773 , 45774 , 45775 , 45776 , 45777 , 45779 , 45780 , 45781 , 45782 , 45783 , 45785 , 45790 , 45791 , 45792 , 45793 , 45794 , 45822 , 45823 , 45837 , 45838 , 45839 , 45840 , 45841 , 45842 , 45843 , 45845 , 45846 , 45847 , 45848 , 45849 , 45850 , 45854 , 136827 , 45869 , 45870 , 45871 , 45872 , 45873 , 45874 , 45875 , 45876 , 45877 , 45878 , 45879 , 45880 , 45890 , 45908 , 45909 , 45912 , 45913 , 45915 , 45916 , 45917 , 45918 , 45919 , 45920 , 45921 , 45922 , 45926 , 45927 , 45934 , 45935 , 45936 , 45937 , 45938 , 45939 , 45940 , 45941 , 45949 , 45957 , 45993 , 45997 , 45998 , 45999 , 46000 , 46001 , 46002 , 46003 , 46013 , 46014 , 46015 , 46016 , 46017 , 46018 , 46032 , 46033 , 46034 , 46035 , 46036 , 46037 , 46038 , 46039 , 46040 , 46041 , 46043 , 46044 , 46046 , 46059 , 46060 , 46061 , 46067 , 46068 , 138750 , 46073 , 46074 , 46075 , 46076 , 46080 , 46081 , 46083 , 46084 , 46085 , 46086 , 46087 , 46088 , 46099 , 46100 , 46101 , 46102 , 46103 , 46107 , 46108 , 46129 , 46137 , 46138 , 46139 , 46143 , 46154 , 46164 , 46165 , 46166 , 46167 , 46168 , 46177 , 46222 , 46223 , 46224 , 46225 , 46226 , 46229 , 46231 , 46232 , 46233 , 46234 , 46240 , 46241 , 46242 , 46243 , 46246 , 46247 , 46248 , 46254 , 46255 , 46258 , 46259 , 46260 , 138782 , 46270 , 46271 , 138784 , 46276 , 138785 , 46282 , 46283 , 46284 , 46285 , 46286 , 46287 , 141206 , 46307 , 46313 , 46314 , 46320 , 46322 , 46323 , 46324 , 46325 , 46327 , 46328 , 46329 , 46330 , 46331 , 46333 , 46334 , 46353 , 46354 , 46355 , 46398 , 136481 , 141122 , 46441 , 46447 , 46448 , 46456 , 46457 , 46459 , 46460 , 46461 , 46462 , 46463 , 46464 , 46465 , 46466 , 46467 , 46468 , 46469 , 46470 , 46471 , 46472 , 46473 , 46474 , 46475 , 46476 , 46477 , 46478 , 46479 , 46480 , 46482 , 151687 , 46484 , 46485 , 46486 , 46487 , 46488 , 46490 , 46491 , 46492 , 46493 , 46494 , 46495 , 46496 , 46498 , 46499 , 46500 , 46501 , 46502 , 46503 , 46504 , 46505 , 46507 , 46508 , 46509 , 46510 , 46511 , 46520 , 46533 , 46540 , 46542 , 138829 , 46548 , 138830 , 138831 , 138833 , 46572 , 46573 , 46574 , 46575 , 46576 , 46577 , 46579 , 46580 , 46581 , 46582 , 46583 , 46584 , 138836 , 138837 , 46596 , 46597 , 46598 , 46599 , 46600 , 46601 , 46602 , 46603 , 46604 , 46611 , 46612 , 46615 , 46616 , 46617 , 46618 , 46619 , 46620 , 46623 , 46624 , 46647 , 46648 , 46649 , 46650 , 46651 , 46652 , 46653 , 46654 , 46655 , 46657 , 46661 , 154312 , 46669 , 46673 , 46674 , 46675 , 46678 , 46679 , 46688 , 46689 , 46690 , 46692 , 46693 , 46694 , 46695 , 46697 , 46698 , 46699 , 46700 , 46704 , 46707 , 46710 , 46711 , 46712 , 46713 , 46805 , 46806 , 46807 , 46808 , 46809 , 46810 , 46811 , 46833 , 46840 , 46843 , 46844 , 46845 , 46846 , 46847 , 46849 , 46850 , 46851 , 46852 , 46853 , 46854 , 46855 , 46856 , 46857 , 46858 , 46861 , 46864 , 46865 , 46866 , 46876 , 46878 , 46879 , 46880 , 46883 , 46884 , 46889 , 46890 , 46891 , 46892 , 46893 , 46894 , 46895 , 46905 , 46906 , 46907 , 46908 , 46909 , 46921 , 46938 , 46939 , 46940 , 46944 , 46945 , 46949 , 46957 , 46958 , 46959 , 46960 , 46962 , 46963 , 46975 , 46984 , 46985 , 46986 , 47006 , 47007 , 47008 , 47009 , 47010 , 47011 , 47015 , 47016 , 47017 , 47018 , 47019 , 47020 , 47021 , 47037 , 47038 , 47039 , 47040 , 47042 , 47043 , 47047 , 47048 , 47049 , 47050 , 47051 , 47057 , 47060 , 47066 , 47072 , 47073 , 47074 , 47075 , 47083 , 47115 , 47116 , 47118 , 47119 , 138937 , 47193 , 47197 , 47198 , 47202 , 47212 , 47213 , 47214 , 47215 , 47217 , 47220 , 47221 , 47222 , 47255 , 47287 , 47294 , 47305 , 47349 , 47353 , 47354 , 47355 , 47356 , 47357 , 47358 , 47359 , 47361 , 47363 , 47364 , 47365 , 138972 , 47402 , 138973 , 47412 , 47413 , 47414 , 47415 , 47416 , 47417 , 47418 , 47419 , 47420 , 138976 , 47431 , 47432 , 47433 , 47434 , 47452 , 47498 , 47499 , 47500 , 47501 , 47503 , 47504 , 47505 , 47508 , 47509 , 47510 , 47513 , 47514 , 47515 , 47516 , 47518 , 47519 , 47520 , 47521 , 47522 , 47527 , 47534 , 47535 , 47536 , 47553 , 47554 , 47563 , 47564 , 47565 , 47636 , 47637 , 47638 , 47681 , 47682 , 47683 , 47684 , 47685 , 47686 , 47687 , 47688 , 47707 , 47708 , 47711 , 47712 , 47715 , 47716 , 47717 , 47718 , 47719 , 47720 , 47721 , 47722 , 47723 , 47724 , 47725 , 47726 , 47729 , 47730 , 47731 , 47741 , 47758 , 47759 , 47760 , 47761 , 47762 , 47763 , 47764 , 47765 , 47766 , 47767 , 47769 , 47770 , 47771 , 47772 , 47776 , 47777 , 47779 , 47780 , 47781 , 47782 , 47783 , 47784 , 47785 , 47788 , 47789 , 47791 , 47792 , 47793 , 47796 , 47844 , 47845 , 47846 , 47857 , 47858 , 47859 , 47860 , 47861 , 47862 , 47870 , 47871 , 47872 , 47877 , 47898 , 47899 , 47900 , 47901 , 47902 , 47905 , 47912 , 47951 , 139066 , 47967 , 47976 , 47977 , 47978 , 47982 , 47983 , 47984 , 47985 , 47986 , 47993 , 47994 , 47995 , 47997 , 47998 , 47999 , 139072 , 48029 , 48030 , 48039 , 48040 , 48041 , 48044 , 48045 , 48047 , 48074 , 48081 , 48082 , 48083 , 48084 , 48085 , 48086 , 48087 , 48088 , 48089 , 48090 , 48091 , 48092 , 48093 , 48095 , 48096 , 48099 , 48100 , 48101 , 48102 , 48103 , 48104 , 139095 , 139098 , 139099 , 139100 , 48174 , 48178 , 139102 , 48182 , 48183 , 48184 , 48186 , 48187 , 48188 , 48189 , 48191 , 48192 , 48194 , 48195 , 48214 , 48215 , 48232 , 48236 , 48257 , 48258 , 48260 , 48265 , 48266 , 48267 , 48268 , 48269 , 48270 , 48298 , 48307 , 48308 , 48309 , 48310 , 48311 , 48312 , 48313 , 48314 , 48315 , 48316 , 48317 , 48318 , 48319 , 48321 , 48323 , 48324 , 48325 , 48326 , 48327 , 48330 , 48331 , 48335 , 48336 , 48337 , 48338 , 48342 , 48343 , 48344 , 48345 , 48346 , 48347 , 48348 , 48350 , 48351 , 48352 , 48353 , 48354 , 48355 , 48357 , 48369 , 48370 , 48371 , 48372 , 48373 , 48374 , 48375 , 48376 , 48377 , 48386 , 48388 , 48389 , 48390 , 48391 , 48392 , 48394 , 48396 , 48397 , 48398 , 48400 , 48404 , 48425 , 48426 , 48427 , 48428 , 48487 , 48488 , 48489 , 48490 , 48495 , 48509 , 48510 , 48511 , 48514 , 48524 , 154375 , 48561 , 48562 , 48563 , 48565 , 48566 , 48570 , 48571 , 48572 , 48573 , 48574 , 48575 , 48579 , 48582 , 48583 , 48589 , 48593 , 48596 , 48597 , 48598 , 48603 , 48604 , 48605 , 48609 , 48610 , 48611 , 48612 , 48614 , 48615 , 48616 , 48617 , 48620 , 48621 , 48650 , 48651 , 48652 , 48653 , 48654 , 48667 , 48668 , 48670 , 48671 , 48674 , 48675 , 48677 , 48678 , 48679 , 48683 , 48684 , 48685 , 48688 , 48689 , 48690 , 48691 , 48696 , 48697 , 48698 , 48699 , 48712 , 48713 , 48714 , 48715 , 48716 , 48719 , 48728 , 139197 , 48754 , 48755 , 139198 , 139199 , 139200 , 48781 , 48782 , 48783 , 48784 , 48785 , 48786 , 139205 , 48828 , 48829 , 48832 , 48833 , 48834 , 48835 , 48836 , 139212 , 48847 , 48849 , 48850 , 48852 , 48853 , 48854 , 48856 , 48857 , 139215 , 48861 , 139216 , 139217 , 48874 , 48876 , 48877 , 132563 , 48879 , 48880 , 48881 , 48882 , 139219 , 48884 , 48885 , 48886 , 48887 , 48888 , 48889 , 48890 , 48891 , 48892 , 48893 , 48894 , 48895 , 48896 , 48897 , 48899 , 48900 , 48906 , 48907 , 48908 , 48909 , 48910 , 139224 , 48915 , 48916 , 48917 , 48918 , 48919 , 139226 , 139227 , 139228 , 48945 , 48946 , 49008 , 49009 , 154390 , 49011 , 49012 , 49017 , 49018 , 49019 , 49020 , 139242 , 49023 , 49024 , 49032 , 49063 , 49064 , 49070 , 49072 , 49073 , 139251 , 49081 , 49082 , 49083 , 49086 , 49087 , 49094 , 49095 , 154393 , 49119 , 49145 , 49167 , 49168 , 49169 , 49170 , 49171 , 49173 , 49175 , 49178 , 49179 , 49213 , 49214 , 49215 , 49216 , 49217 , 49218 , 49234 , 49235 , 49236 , 49237 , 49239 , 49240 , 49241 , 49242 , 49243 , 49244 , 49245 , 49248 , 49270 , 49271 , 49272 , 49273 , 49274 , 49277 , 49280 , 49281 , 49283 , 49284 , 49285 , 49286 , 49287 , 49288 , 49289 , 49306 , 154400 , 49323 , 49324 , 49328 , 49329 , 49330 , 49331 , 49332 , 49333 , 49341 , 49356 , 49373 , 49374 , 49375 , 49376 , 49377 , 49378 , 49379 , 49380 , 49381 , 49384 , 49385 , 49396 , 49397 , 49459 , 49460 , 49462 , 49467 , 49468 , 136948 , 49518 , 49591 , 49592 , 49593 , 49594 , 49609 , 49623 , 49624 , 49631 , 49634 , 49635 , 49636 , 49637 , 49638 , 49642 , 49644 , 49645 , 49647 , 49649 , 49660 , 49661 , 49662 , 49663 , 49667 , 49668 , 49780 , 49838 , 49839 , 49849 , 49850 , 49851 , 49852 , 49859 , 49860 , 49861 , 49862 , 49865 , 49866 , 49867 , 49868 , 49872 , 49879 , 49880 , 49881 , 49882 , 49883 , 49904 , 136962 , 49931 , 49932 , 49933 , 49934 , 49935 , 49942 , 49943 , 49944 , 49946 , 49954 , 49959 , 49960 , 49961 , 49962 , 49963 , 49964 , 49965 , 49970 , 49971 , 49979 , 49985 , 49986 , 49987 , 49988 , 49989 , 49990 , 49991 , 136966 , 50048 , 50049 , 50051 , 50052 , 50053 , 50054 , 50055 , 50056 , 50057 , 50058 , 50060 , 50061 , 50071 , 50072 , 50077 , 50078 , 50079 , 50080 , 50081 , 50082 , 50083 , 50084 , 50086 , 50087 , 50088 , 50089 , 50090 , 50091 , 50093 , 50094 , 50095 , 50096 , 50098 , 50099 , 50131 , 50132 , 50135 , 50136 , 50137 , 50139 , 50140 , 50141 , 50145 , 50146 , 50147 , 50194 , 50195 , 50198 , 50200 , 50203 , 50247 , 50249 , 50270 , 50271 , 50272 , 50273 , 50274 , 50275 , 50276 , 50277 , 50278 , 50279 , 50280 , 50281 , 50285 , 50286 , 50287 , 50288 , 50291 , 50292 , 50293 , 50295 , 50296 , 50300 , 50301 , 50302 , 50303 , 50304 , 50305 , 50306 , 50307 , 50308 , 50309 , 50315 , 50316 , 50321 , 139460 , 139461 , 50366 , 50367 , 50374 , 50375 , 50376 , 50377 , 50378 , 50379 , 50380 , 50381 , 50382 , 50383 , 50384 , 50385 , 50386 , 50387 , 50388 , 50389 , 50390 , 50433 , 50434 , 50435 , 50436 , 50437 , 50463 , 50464 , 50465 , 50466 , 50479 , 50480 , 50481 , 50482 , 50484 , 50485 , 50488 , 50512 , 50513 , 50527 , 50540 , 50541 , 50542 , 50543 , 50582 , 50583 , 50593 , 50594 , 50595 , 50622 , 50623 , 50657 , 50658 , 50659 , 50660 , 50663 , 50693 , 50700 , 50709 , 50710 , 50711 , 50712 , 50713 , 50714 , 50718 , 50719 , 50720 , 50721 , 50722 , 50723 , 50724 , 50726 , 50727 , 50728 , 50729 , 50730 , 139531 , 50800 , 50802 , 50803 , 50804 , 50836 , 50837 , 50844 , 50845 , 50846 , 50850 , 50871 , 50872 , 50873 , 50900 , 50933 , 50937 , 50938 , 50939 , 50944 , 50947 , 50948 , 50949 , 50950 , 50951 , 50952 , 50956 , 50958 , 50959 , 50960 , 50961 , 50962 , 50963 , 50964 , 50965 , 50966 , 50967 , 50968 , 51007 , 51008 , 51040 , 51041 , 51042 , 51043 , 51044 , 51045 , 139594 , 51136 , 139595 , 51142 , 51146 , 51147 , 51148 , 51149 , 51151 , 51152 , 51153 , 51157 , 51158 , 51191 , 51212 , 51224 , 51225 , 51226 , 51227 , 51228 , 51229 , 51230 , 51234 , 51235 , 51236 , 51241 , 51250 , 51251 , 51252 , 51255 , 51256 , 51257 , 51259 , 51262 , 51263 , 51264 , 51272 , 51273 , 51274 , 51275 , 51276 , 51277 , 51278 , 51279 , 51297 , 51306 , 51307 , 51309 , 51322 , 139626 , 139627 , 51336 , 51337 , 51338 , 51341 , 51342 , 51343 , 51344 , 51345 , 51346 , 51347 , 51348 , 51349 , 51352 , 51353 , 51354 , 51360 , 51366 , 51367 , 51368 , 51369 , 139635 , 51387 , 51389 , 51390 , 51391 , 51392 , 51393 , 51394 , 51395 , 51396 , 51399 , 51406 , 51407 , 51408 , 51412 , 51413 , 51416 , 51417 , 51421 , 51422 , 51435 , 51436 , 51437 , 51438 , 51439 , 51440 , 51441 , 51443 , 51444 , 154473 , 51507 , 51508 , 51509 , 51510 , 51511 , 51512 , 51513 , 51514 , 51515 , 51516 , 51518 , 51519 , 51520 , 51521 , 51529 , 51569 , 51570 , 51571 , 51572 , 51573 , 51575 , 51580 , 51581 , 51588 , 51590 , 51591 , 51592 , 51646 , 51649 , 51650 , 51654 , 51655 , 51656 , 51658 , 51659 , 51660 , 51661 , 51677 , 51678 , 51679 , 51680 , 51708 , 51709 , 51710 , 51711 , 51712 , 51713 , 51714 , 51715 , 51716 , 51718 , 51719 , 51729 , 51730 , 51731 , 51732 , 51733 , 51735 , 51751 , 51752 , 51769 , 51778 , 51781 , 51782 , 51783 , 51785 , 51786 , 51789 , 51790 , 51791 , 51792 , 51795 , 51796 , 51797 , 51798 , 51815 , 51821 , 51822 , 51829 , 51830 , 51831 , 51832 , 51835 , 51836 , 51837 , 51841 , 51842 , 51843 , 51844 , 51845 , 51846 , 51847 , 51848 , 51855 , 51862 , 139723 , 51910 , 51912 , 139724 , 51928 , 51929 , 51930 , 51931 , 51937 , 51946 , 139730 , 51966 , 51967 , 51968 , 51969 , 51970 , 51971 , 51973 , 51974 , 51975 , 51977 , 51980 , 51981 , 51983 , 51984 , 51985 , 51986 , 51987 , 51988 , 51989 , 51991 , 51992 , 51994 , 51995 , 51997 , 51998 , 51999 , 52000 , 52001 , 52002 , 52014 , 52016 , 52017 , 52018 , 52019 , 52021 , 52034 , 52035 , 52045 , 52046 , 52047 , 52048 , 52049 , 52050 , 52058 , 52059 , 52060 , 52061 , 52086 , 52087 , 52090 , 52091 , 52140 , 52149 , 52150 , 52151 , 52152 , 52153 , 52154 , 52155 , 52177 , 52214 , 52221 , 52223 , 52243 , 52244 , 139780 , 52253 , 52254 , 52255 , 52257 , 52258 , 52259 , 52260 , 52266 , 52267 , 52268 , 52274 , 139785 , 139786 , 139788 , 139789 , 139791 , 52327 , 52328 , 52329 , 52330 , 52331 , 52332 , 52333 , 52335 , 52342 , 52343 , 52344 , 52345 , 52349 , 52350 , 52374 , 52375 , 52376 , 52377 , 52378 , 52383 , 52384 , 52385 , 52386 , 52388 , 52389 , 52390 , 52392 , 52393 , 52394 , 52395 , 52396 , 52397 , 52399 , 52401 , 52402 , 52417 , 52418 , 52419 , 52420 , 52421 , 52423 , 52434 , 52435 , 52436 , 52476 , 52477 , 52478 , 52481 , 52482 , 52483 , 52484 , 52485 , 52486 , 52487 , 52488 , 52489 , 52490 , 52491 , 52505 , 52506 , 52507 , 52509 , 52510 , 52511 , 52512 , 52515 , 52522 , 52523 , 52529 , 52530 , 52531 , 52532 , 52533 , 52534 , 52535 , 52536 , 52537 , 154508 , 52555 , 52556 , 52557 , 52558 , 52561 , 52562 , 52563 , 52564 , 52565 , 52580 , 52583 , 52584 , 52595 , 52596 , 52597 , 52598 , 52599 , 52600 , 52601 , 52605 , 52608 , 52609 , 52610 , 52611 , 52612 , 52613 , 52614 , 52615 , 52618 , 52626 , 52627 , 52658 , 52659 , 52660 , 52661 , 52663 , 52664 , 52668 , 52669 , 52670 , 52671 , 52672 , 52675 , 52679 , 52680 , 52681 , 52682 , 52684 , 52686 , 145784 , 52707 , 52708 , 52734 , 52735 , 52736 , 52752 , 52753 , 52774 , 52775 , 52776 , 52777 , 52778 , 52779 , 52780 , 52784 , 52787 , 52788 , 52789 , 52790 , 52791 , 52804 , 52805 , 52814 , 52815 , 52824 , 52825 , 52826 , 52836 , 52850 , 52851 , 52852 , 52853 , 52854 , 52855 , 52856 , 52857 , 52859 , 52873 , 52876 , 52892 , 52893 , 52894 , 52895 , 52901 , 52903 , 52904 , 52909 , 52910 , 52911 , 52915 , 52916 , 52945 , 52946 , 52948 , 52977 , 52978 , 52979 , 52980 , 52993 , 52994 , 52995 , 53007 , 53016 , 53017 , 53018 , 53019 , 53020 , 53023 , 53024 , 53025 , 53029 , 53030 , 53033 , 53049 , 53050 , 53063 , 53064 , 53065 , 53066 , 53067 , 53068 , 53072 , 53073 , 53074 , 53077 , 53078 , 53079 , 53080 , 53082 , 53117 , 53132 , 132705 , 53149 , 53150 , 53152 , 53153 , 53154 , 139932 , 139933 , 139934 , 53180 , 53195 , 53196 , 53197 , 53198 , 53203 , 53204 , 53205 , 53230 , 53232 , 53238 , 53239 , 53241 , 53257 , 53278 , 53279 , 53280 , 53281 , 53282 , 53283 , 53285 , 53286 , 53287 , 53288 , 53291 , 53292 , 53293 , 53294 , 53296 , 53297 , 53300 , 53306 , 53314 , 53417 , 53508 , 53513 , 53517 , 53520 , 139992 , 139993 , 53529 , 53530 , 53531 , 53532 , 53533 , 53534 , 53535 , 53536 , 53547 , 53548 , 53552 , 53553 , 53554 , 53555 , 53556 , 53557 , 53558 , 53559 , 53566 , 53567 , 140001 , 53581 , 53582 , 53583 , 53584 , 53627 , 53628 , 53629 , 53630 , 53631 , 53632 , 53633 , 53634 , 53635 , 53636 , 53637 , 53638 , 53643 , 53644 , 53645 , 53646 , 53647 , 53648 , 53649 , 53686 , 53750 , 53751 , 53752 , 53775 , 53776 , 53777 , 53778 , 53779 , 53781 , 53782 , 53783 , 53784 , 53786 , 53787 , 53788 , 53789 , 140037 , 53808 , 53820 , 53835 , 154551 , 53851 , 53852 , 53861 , 53862 , 53864 , 53865 , 53866 , 53867 , 53868 , 53870 , 53871 , 53872 , 154552 , 53906 , 53907 , 53908 , 53909 , 53910 , 53911 , 53912 , 53913 , 53916 , 53917 , 53937 , 53938 , 53939 , 53940 , 140064 , 53963 , 53964 , 53970 , 53971 , 53973 , 53974 , 53975 , 53976 , 53981 , 53982 , 53983 , 53991 , 53994 , 53995 , 53996 , 54035 , 54036 , 54037 , 54038 , 54039 , 54040 , 54041 , 54044 , 54048 , 54079 , 54085 , 54086 , 54088 , 54089 , 54090 , 54091 , 54093 , 54094 , 54095 , 54096 , 54097 , 54098 , 54099 , 54100 , 54101 , 54102 , 54103 , 54104 , 54110 , 54111 , 54112 , 54116 , 54122 , 54123 , 54124 , 54128 , 54129 , 54130 , 54131 , 54132 , 54133 , 54202 , 54203 , 54206 , 54207 , 54214 , 54215 , 54216 , 54267 , 54268 , 54269 , 54270 , 54271 , 54272 , 54273 , 54274 , 54299 , 54300 , 54301 , 54302 , 54303 , 54304 , 54310 , 54312 , 54313 , 54315 , 54352 , 54353 , 54354 , 54355 , 54371 , 54375 , 54376 , 54378 , 54379 , 54380 , 54381 , 54382 , 54383 , 54384 , 54385 , 54386 , 54389 , 141476 , 54426 , 54427 , 54428 , 54429 , 54431 , 54432 , 54433 , 54436 , 54437 , 54498 , 54499 , 54506 , 54507 , 54508 , 54509 , 54510 , 54511 , 54513 , 54514 , 54517 , 54535 , 54536 , 54537 , 54538 , 54539 , 54564 , 54572 , 54598 , 54599 , 54600 , 54601 , 54634 , 54635 , 54636 , 54637 , 54638 , 54639 , 54640 , 54641 , 54642 , 54643 , 54644 , 54645 , 54664 , 54665 , 54668 , 54669 , 54672 , 54683 , 54684 , 54685 , 54686 , 54687 , 54688 , 54689 , 54690 , 54691 , 54692 , 54693 , 54699 , 54700 , 54701 , 54705 , 54706 , 54707 , 54708 , 54709 , 54710 , 54712 , 54715 , 54716 , 54717 , 54718 , 54719 , 54720 , 54721 , 54722 , 54723 , 54724 , 54811 , 54812 , 54817 , 54818 , 54819 , 54820 , 54821 , 54830 , 54839 , 54840 , 54846 , 54847 , 54848 , 54849 , 54850 , 54862 , 54863 , 54880 , 54882 , 54886 , 54887 , 54947 , 54948 , 54995 , 54996 , 55004 , 55007 , 55008 , 55009 , 55043 , 55044 , 55045 , 55046 , 55050 , 55075 , 55092 , 55093 , 55094 , 55095 , 55096 , 55097 , 55098 , 55099 , 55100 , 55101 , 55102 , 55104 , 55105 , 55106 , 55108 , 55110 , 55111 , 55112 , 55113 , 55114 , 55116 , 55147 , 55151 , 55152 , 55153 , 55156 , 140265 , 140266 , 140267 , 55228 , 55230 , 55231 , 55232 , 137140 , 55289 , 55299 , 55324 , 55325 , 55326 , 55332 , 55337 , 55338 , 55339 , 55340 , 55341 , 55343 , 55344 , 55352 , 55353 , 55358 , 55360 , 55361 , 55362 , 55363 , 55368 , 55369 , 55370 , 55371 , 55372 , 55373 , 55374 , 55375 , 55388 , 55389 , 55390 , 55391 , 55392 , 55393 , 55394 , 55396 , 55415 , 55417 , 55434 , 55435 , 55436 , 55438 , 55439 , 55440 , 55443 , 55444 , 55446 , 55448 , 55449 , 55453 , 55454 , 55456 , 55460 , 55461 , 55463 , 55464 , 55465 , 55466 , 55468 , 55473 , 55474 , 55475 , 55476 , 55477 , 55482 , 55483 , 55538 , 55539 , 55541 , 55542 , 55543 , 55544 , 55545 , 55546 , 55547 , 55548 , 55549 , 55550 , 55551 , 55553 , 55554 , 55555 , 55557 , 55558 , 55560 , 55562 , 55563 , 55566 , 55567 , 55568 , 55570 , 55582 , 55583 , 55609 , 55610 , 55611 , 55612 , 55613 , 55614 , 55615 , 55616 , 55617 , 55619 , 55620 , 55621 , 55628 , 55629 , 55630 , 55631 , 55657 , 55658 , 55661 , 55665 , 55666 , 55667 , 55668 , 55671 , 55672 , 55690 , 55691 , 55692 , 55708 , 55709 , 55710 , 55711 , 55712 , 55713 , 55714 , 55716 , 55717 , 55724 , 55725 , 55726 , 55727 , 55729 , 55730 , 55731 , 55732 , 55735 , 55736 , 55741 , 55742 , 55755 , 55756 , 55757 , 55765 , 55766 , 55769 , 55770 , 55771 , 55775 , 55776 , 55779 , 55780 , 55781 , 55785 , 55791 , 55792 , 55793 , 55794 , 55867 , 55868 , 55869 , 55871 , 55883 , 55903 , 55904 , 55922 , 55923 , 55924 , 55946 , 55947 , 55948 , 55949 , 55950 , 55974 , 55981 , 55982 , 55987 , 55988 , 55989 , 55990 , 55996 , 55997 , 55998 , 55999 , 56000 , 56001 , 56004 , 56005 , 56007 , 56008 , 56009 , 56014 , 56015 , 56025 , 56026 , 56027 , 56037 , 56038 , 56039 , 56043 , 56061 , 56064 , 56065 , 56066 , 56083 , 56084 , 56102 , 56110 , 56111 , 154627 , 56136 , 56167 , 56176 , 56177 , 56178 , 154629 , 56201 , 56202 , 56203 , 56204 , 56205 , 56206 , 56207 , 56208 , 56220 , 56221 , 56222 , 56223 , 56224 , 56225 , 56227 , 56233 , 56234 , 56235 , 56236 , 56264 , 56265 , 56266 , 56267 , 56268 , 56269 , 56270 , 56271 , 56273 , 56275 , 56276 , 56277 , 150268 , 56296 , 56297 , 56298 , 56301 , 56302 , 56304 , 56305 , 56306 , 56307 , 56309 , 150269 , 56344 , 56345 , 56346 , 56347 , 56350 , 56351 , 56353 , 56354 , 56355 , 56356 , 56361 , 56363 , 56364 , 56365 , 56366 , 56370 , 56378 , 56381 , 56382 , 56383 , 56385 , 56386 , 56392 , 56393 , 56395 , 56400 , 56401 , 56405 , 56406 , 56407 , 56409 , 56410 , 56411 , 56412 , 56413 , 56414 , 56415 , 56432 , 56433 , 56434 , 56443 , 56444 , 56452 , 56466 , 56467 , 56468 , 56469 , 56487 , 56526 , 56527 , 56531 , 56535 , 56545 , 56546 , 56547 , 56548 , 56549 , 56552 , 56553 , 56554 , 56587 , 56589 , 56590 , 56596 , 56597 , 56605 , 56606 , 56607 , 56608 , 56609 , 56627 , 56634 , 56640 , 56642 , 56643 , 56645 , 56646 , 56647 , 56648 , 56649 , 56650 , 56654 , 56655 , 56656 , 56672 , 56673 , 56674 , 56675 , 56676 , 56677 , 56678 , 56679 , 56680 , 56681 , 56684 , 56685 , 56692 , 56693 , 56694 , 56697 , 56698 , 56699 , 56700 , 56702 , 56703 , 56704 , 56706 , 56707 , 56708 , 56709 , 56710 , 56725 , 56726 , 56727 , 56728 , 56729 , 56730 , 56731 , 56778 , 56779 , 56780 , 56781 , 56782 , 56788 , 56790 , 56791 , 56792 , 56793 , 56794 , 56795 , 56796 , 56797 , 56799 , 56800 , 56801 , 56802 , 56827 , 56831 , 56832 , 56833 , 56839 , 56840 , 56841 , 56842 , 56843 , 56844 , 56845 , 56866 , 56867 , 56868 , 56869 , 56875 , 56876 , 56895 , 56896 , 56897 , 56902 , 56903 , 56904 , 56905 , 56906 , 56907 , 56908 , 56909 , 56912 , 56929 , 56930 , 56931 , 56932 , 56933 , 56934 , 56935 , 56936 , 56937 , 56939 , 56940 , 56941 , 56942 , 56943 , 56944 , 56945 , 56946 , 56950 , 56951 , 56952 , 56954 , 56955 , 56961 , 56962 , 56963 , 56964 , 56965 , 56966 , 56967 , 56968 , 57013 , 57019 , 57020 , 57021 , 57022 , 57025 , 57074 , 57075 , 57076 , 57089 , 57090 , 57091 , 57092 , 57093 , 57094 , 57095 , 57096 , 57129 , 57131 , 57132 , 57133 , 57136 , 57137 , 57138 , 57139 , 57141 , 57155 , 57158 , 57159 , 57166 , 57167 , 57168 , 57169 , 57170 , 57171 , 57192 , 57196 , 57209 , 57210 , 57211 , 57212 , 57214 , 57215 , 57216 , 57217 , 57221 , 57225 , 57226 , 57227 , 57228 , 57247 , 57248 , 57249 , 57250 , 57251 , 57253 , 57261 , 57262 , 57263 , 57264 , 57266 , 57267 , 57269 , 57299 , 57341 , 57349 , 57350 , 57351 , 57352 , 57353 , 57354 , 57356 , 57357 , 57360 , 57361 , 57362 , 57363 , 57364 , 57365 , 57366 , 57369 , 57370 , 57371 , 57372 , 57373 , 57374 , 57375 , 57376 , 57377 , 57378 , 57379 , 57380 , 57381 , 57382 , 57383 , 57384 , 57385 , 57386 , 57387 , 57388 , 57389 , 57390 , 57391 , 57395 , 57396 , 57398 , 57399 , 57404 , 57438 , 57441 , 57442 , 57446 , 57467 , 57469 , 57470 , 57473 , 57491 , 57492 , 57493 , 57506 , 57507 , 57508 , 57509 , 57513 , 57514 , 57536 , 57539 , 57540 , 57541 , 57546 , 57547 , 57549 , 57550 , 57551 , 57552 , 57559 , 57560 , 57561 , 57569 , 57572 , 57573 , 57574 , 57575 , 57577 , 57579 , 57580 , 57581 , 57582 , 57583 , 57584 , 57594 , 57595 , 57596 , 57693 , 57727 , 57728 , 57729 , 57730 , 57731 , 57734 , 57735 , 57736 , 57739 , 57740 , 57742 , 57744 , 57765 , 57766 , 57767 , 57792 , 57793 , 57877 , 57884 , 57885 , 57886 , 57887 , 57888 , 57889 , 57909 , 140729 , 57989 , 57991 , 57992 , 57993 , 57994 , 57995 , 58053 , 58054 , 58055 , 58056 , 58057 , 58058 , 58061 , 58062 , 58063 , 58065 , 58069 , 58070 , 58072 , 58077 , 58078 , 58079 , 58080 , 58086 , 58088 , 58089 , 58090 , 58091 , 58092 , 58094 , 58095 , 58096 , 58097 , 58099 , 58100 , 58109 , 58110 , 58111 , 58112 , 58113 , 58140 , 58141 , 58142 , 58143 , 58144 , 58145 , 58149 , 58150 , 58151 , 58152 , 58153 , 58154 , 58155 , 58156 , 58173 , 58174 , 58175 , 58176 , 58177 , 58178 , 58179 , 58180 , 58181 , 58183 , 58190 , 58191 , 58235 , 58236 , 58239 , 58240 , 58241 , 58242 , 58246 , 58247 , 58248 , 58250 , 58251 , 58253 , 58254 , 58255 , 58257 , 58258 , 58259 , 58260 , 58261 , 58262 , 58294 , 58308 , 58309 , 140791 , 140792 , 58343 , 58344 , 58345 , 58346 , 58347 , 58348 , 140797 , 140798 , 58391 , 58392 , 140804 , 58395 , 58396 , 58403 , 144417 , 140807 , 58423 , 58424 , 58425 , 58426 , 58428 , 58429 , 58430 , 58431 , 58433 , 58434 , 58436 , 58437 , 58438 , 58440 , 58441 , 58442 , 58443 , 58444 , 58445 , 58447 , 58448 , 58485 , 58494 , 58495 , 58496 , 58497 , 58498 , 58499 , 58500 , 58501 , 58502 , 58503 , 58504 , 58505 , 58506 , 58508 , 58509 , 58510 , 58511 , 58512 , 58516 , 58517 , 58518 , 58519 , 58520 , 58521 , 58522 , 58539 , 58540 , 155766 , 58638 , 58639 , 58640 , 58641 , 58642 , 58643 , 58644 , 58645 , 58646 , 58648 , 58653 , 58656 , 58666 , 58667 , 58668 , 58669 , 58670 , 58673 , 58674 , 58687 , 58688 , 58689 , 58690 , 58692 , 58695 , 58696 , 58697 , 58698 , 140855 , 58718 , 58719 , 154894 , 58741 , 58742 , 58743 , 58744 , 58747 , 58748 , 58749 , 58750 , 58751 , 58752 , 58754 , 58755 , 58758 , 58759 , 58761 , 58762 , 58763 , 58764 , 58782 , 58783 , 141622 , 58800 , 58806 , 58807 , 58808 , 58812 , 58816 , 58817 , 58818 , 58819 , 58820 , 58821 , 58822 , 58823 , 58824 , 58825 , 58826 , 58827 , 58828 , 58829 , 58830 , 58831 , 58845 , 58846 , 58851 , 58854 , 58875 , 58876 , 58877 , 58886 , 140888 , 140890 , 140891 , 145992 , 58974 , 58975 , 58976 , 58977 , 58978 , 58979 , 58980 , 58986 , 58987 , 58988 , 58989 , 59000 , 59001 , 59004 , 59005 , 59006 , 59007 , 59009 , 59010 , 59011 , 59021 , 59022 , 59023 , 59032 , 59033 , 59034 , 59035 , 59036 , 59037 , 59046 , 59047 , 59048 , 140914 , 59056 , 59057 , 59058 , 59059 , 59060 , 59061 , 59062 , 59067 , 59068 , 59069 , 59072 , 59073 , 140918 , 140919 , 140920 , 59120 , 59121 , 59122 , 59135 , 59138 , 59145 , 59191 , 59197 , 59199 , 59221 , 59222 , 59223 , 59228 , 59229 , 59230 , 59231 , 59232 , 59233 , 59240 , 59241 , 59242 , 59246 , 59247 , 59248 , 59250 , 59251 , 59252 , 59253 , 59255 , 59256 , 59294 , 59315 , 59316 , 59317 , 59318 , 59319 , 59329 , 59330 , 59331 , 59332 , 59359 , 59360 , 59361 , 59362 , 59363 , 59364 , 59365 , 59371 , 59372 , 59374 , 59375 , 59376 , 59377 , 59378 , 59379 , 59380 , 59381 , 59382 , 59385 , 59386 , 59387 , 59418 , 59454 , 59457 , 59458 , 59459 , 59460 , 59507 , 59508 , 59509 , 59510 , 59511 , 59512 , 59514 , 59515 , 59516 , 59517 , 59518 , 59522 , 59523 , 59526 , 59527 , 59528 , 59530 , 59556 , 59557 , 59558 , 59560 , 59561 , 59563 , 59564 , 59565 , 59566 , 59575 , 59576 , 59577 , 59602 , 59603 , 59604 , 59606 , 59609 , 59610 , 59611 , 59612 , 59643 , 59644 , 59645 , 59649 , 59650 , 59651 , 59652 , 59653 , 59654 , 59655 , 59656 , 59657 , 59658 , 59659 , 59660 , 59662 , 59663 , 59664 , 59665 , 59666 , 59667 , 59668 , 59669 , 59670 , 59671 , 59672 , 59673 , 59674 , 59675 , 59676 , 59678 , 59679 , 59680 , 59682 , 59683 , 59684 , 59685 , 59687 , 59688 , 59689 , 59690 , 59691 , 59692 , 59694 , 59695 , 59700 , 59701 , 59702 , 59712 , 59714 , 59732 , 59733 , 59734 , 59735 , 59736 , 59737 , 59738 , 59739 , 59740 , 59741 , 59742 , 59744 , 59745 , 59747 , 59749 , 59751 , 59752 , 59755 , 59767 , 59768 , 59769 , 59770 , 59771 , 59776 , 59777 , 59779 , 59780 , 59781 , 59782 , 59783 , 59784 , 59788 , 59789 , 59797 , 59799 , 59800 , 59801 , 59802 , 59803 , 59804 , 59805 , 59851 , 59852 , 59853 , 59854 , 59855 , 59856 , 59857 , 59858 , 59859 , 59860 , 59861 , 59862 , 59864 , 59865 , 59866 , 59868 , 59869 , 59870 , 59871 , 141060 , 141061 , 59962 , 59963 , 59964 , 59965 , 59966 , 59967 , 59984 , 59988 , 59989 , 60006 , 60011 , 60012 , 60014 , 60016 , 60017 , 60018 , 60019 , 60021 , 60022 , 60033 , 60034 , 60043 , 60044 , 60047 , 60048 , 60063 , 60064 , 60075 , 60076 , 60077 , 60078 , 60084 , 60085 , 60086 , 60087 , 60088 , 60089 , 60090 , 60091 , 60092 , 60094 , 60095 , 60096 , 60097 , 60098 , 60099 , 60110 , 60111 , 60125 , 60126 , 60127 , 60128 , 60129 , 60130 , 60131 , 60132 , 60133 , 60134 , 60138 , 60139 , 60140 , 60141 , 60142 , 60143 , 60145 , 60146 , 60147 , 60148 , 60149 , 60150 , 60151 , 60179 , 60234 , 60235 , 60236 , 60240 , 60241 , 60242 , 60243 , 60246 , 60254 , 60255 , 60256 , 60257 , 60258 , 60260 , 60261 , 60262 , 60263 , 60264 , 60294 , 60295 , 60296 , 60297 , 60298 , 60301 , 60302 , 60304 , 60305 , 60306 , 60307 , 60308 , 60310 , 60311 , 60312 , 60313 , 60314 , 60315 , 60316 , 60319 , 60320 , 60321 , 60322 , 60323 , 60353 , 60354 , 60355 , 60356 , 60357 , 60358 , 60359 , 60360 , 60361 , 60362 , 60363 , 60364 , 60365 , 60366 , 60367 , 60368 , 60369 , 60370 , 60371 , 60372 , 60375 , 60376 , 60377 , 60378 , 60379 , 60380 , 60383 , 60384 , 60385 , 60387 , 60390 , 60391 , 60392 , 60404 , 60405 , 60413 , 60416 , 60417 , 60420 , 60421 , 60422 , 60423 , 60424 , 60425 , 60428 , 60429 , 60430 , 60431 , 60435 , 60436 , 60442 , 60443 , 60444 , 60445 , 60447 , 60448 , 60449 , 141147 , 60452 , 60453 , 60461 , 60462 , 60463 , 60464 , 60466 , 60468 , 60469 , 60470 , 60472 , 60474 , 60476 , 60477 , 60478 , 60479 , 60492 , 60523 , 60524 , 60525 , 60528 , 60529 , 60530 , 60531 , 60532 , 60534 , 60535 , 60536 , 60537 , 60538 , 60539 , 60540 , 60541 , 60542 , 60543 , 60545 , 60548 , 60549 , 60551 , 60552 , 60554 , 60647 , 60648 , 60649 , 60655 , 60669 , 60672 , 60673 , 60674 , 60675 , 60676 , 60706 , 150415 , 60713 , 60714 , 147924 , 60723 , 60726 , 60727 , 60736 , 60737 , 60738 , 60739 , 60746 , 60761 , 60762 , 60768 , 60775 , 60776 , 60777 , 60778 , 60779 , 60789 , 60796 , 60797 , 60798 , 60799 , 60803 , 60805 , 60806 , 60807 , 60810 , 60811 , 60814 , 60830 , 60831 , 60832 , 60833 , 60882 , 60883 , 60905 , 60906 , 60916 , 60942 , 60943 , 60944 , 60945 , 60949 , 60950 , 60951 , 60952 , 60967 , 60969 , 60970 , 60972 , 150424 , 60983 , 60984 , 61015 , 61016 , 61018 , 61019 , 61020 , 61021 , 141251 , 61087 , 61096 , 61100 , 61122 , 61129 , 61130 , 61131 , 61132 , 61133 , 61134 , 61135 , 61137 , 61138 , 61139 , 61140 , 61141 , 61142 , 61143 , 61144 , 61145 , 61148 , 61155 , 61156 , 61161 , 61198 , 61226 , 61236 , 61237 , 150434 , 61292 , 61293 , 61294 , 61352 , 61353 , 61354 , 61365 , 61366 , 61367 , 61368 , 61369 , 61370 , 61371 , 61372 , 61373 , 61374 , 61375 , 61376 , 61381 , 61383 , 61384 , 61385 , 61386 , 61387 , 61402 , 61403 , 61404 , 61405 , 61406 , 61407 , 61408 , 61412 , 61413 , 61416 , 61417 , 61419 , 61420 , 61432 , 61433 , 138327 , 61479 , 61480 , 61481 , 61540 , 61541 , 61546 , 61547 , 61548 , 61549 , 61551 , 61552 , 61554 , 61555 , 61556 , 61557 , 61558 , 61560 , 61561 , 61562 , 61563 , 61564 , 61565 , 61581 , 61582 , 61584 , 61588 , 61593 , 61594 , 61598 , 61599 , 61600 , 61601 , 61602 , 61603 , 61604 , 61610 , 61611 , 61612 , 61613 , 61614 , 61615 , 61621 , 61622 , 61659 , 61660 , 61664 , 61665 , 61690 , 61691 , 61722 , 61723 , 61724 , 61725 , 61726 , 61727 , 61728 , 61732 , 61733 , 61734 , 61735 , 61736 , 61737 , 61738 , 61739 , 61742 , 61747 , 61748 , 61749 , 61751 , 61752 , 61754 , 61755 , 61756 , 61758 , 61855 , 61904 , 61905 , 61906 , 61907 , 61908 , 61909 , 61919 , 61920 , 61921 , 61926 , 61927 , 61928 , 61929 , 61930 , 61931 , 61932 , 61934 , 61935 , 61936 , 61939 , 61940 , 61941 , 61943 , 61944 , 61945 , 61946 , 61947 , 61948 , 61952 , 61953 , 61955 , 61956 , 61957 , 61958 , 61959 , 61960 , 61961 , 61962 , 61963 , 61964 , 61971 , 61972 , 61973 , 61983 , 61984 , 61992 , 61993 , 61994 , 61995 , 61996 , 61997 , 61999 , 62003 , 62008 , 62009 , 62010 , 62011 , 62012 , 62013 , 62014 , 62015 , 62030 , 62031 , 62085 , 62086 , 62114 , 62115 , 62116 , 62117 , 62118 , 62119 , 62120 , 62121 , 62155 , 62156 , 62157 , 62158 , 62159 , 62208 , 62209 , 62210 , 62214 , 62215 , 62216 , 62217 , 62219 , 62220 , 62222 , 62223 , 62224 , 62225 , 62226 , 62227 , 62228 , 62233 , 62244 , 62248 , 62249 , 62250 , 62253 , 62254 , 62255 , 62256 , 62257 , 62258 , 62262 , 62263 , 62264 , 62265 , 62266 , 62267 , 62286 , 62287 , 62288 , 62289 , 62290 , 62291 , 62292 , 62294 , 62306 , 141457 , 62312 , 62313 , 62314 , 62340 , 141464 , 62354 , 62355 , 62356 , 62357 , 62358 , 62369 , 62370 , 62371 , 62377 , 141473 , 62408 , 62409 , 62410 , 62411 , 62412 , 141474 , 62420 , 62424 , 62425 , 62426 , 62431 , 62432 , 62439 , 62440 , 62441 , 62443 , 62444 , 62445 , 62446 , 62448 , 62453 , 62454 , 62458 , 62459 , 62460 , 62461 , 62462 , 62463 , 62465 , 62466 , 62471 , 136588 , 62477 , 62481 , 62482 , 62485 , 62487 , 62488 , 62492 , 62493 , 62494 , 62500 , 62507 , 62508 , 62512 , 62513 , 62515 , 62516 , 62517 , 62518 , 62523 , 62524 , 62525 , 62526 , 62619 , 62620 , 62621 , 62625 , 62626 , 62628 , 62631 , 62632 , 62633 , 62634 , 62635 , 62636 , 62638 , 62650 , 62651 , 62653 , 62654 , 141521 , 62722 , 62723 , 62724 , 141530 , 141531 , 141532 , 141534 , 141538 , 62798 , 62800 , 62801 , 62802 , 62803 , 62804 , 62805 , 62806 , 62807 , 141540 , 62897 , 62898 , 62937 , 62938 , 62939 , 62950 , 62951 , 62952 , 62953 , 62954 , 62955 , 62956 , 62957 , 62958 , 62959 , 62960 , 62961 , 62964 , 62965 , 62990 , 62992 , 62993 , 62994 , 62995 , 62996 , 62997 , 62998 , 62999 , 63000 , 63001 , 63002 , 63007 , 63008 , 63009 , 63012 , 63014 , 63016 , 63017 , 63018 , 63019 , 63020 , 63021 , 63022 , 63023 , 63024 , 63025 , 63026 , 63027 , 63028 , 63029 , 63030 , 63032 , 63033 , 63034 , 63035 , 63036 , 63043 , 63068 , 63078 , 63079 , 63082 , 63083 , 63084 , 63085 , 63086 , 63090 , 63091 , 63092 , 63093 , 63096 , 63100 , 63101 , 63102 , 63103 , 63104 , 63151 , 63152 , 137403 , 63159 , 63160 , 63161 , 63162 , 63172 , 63173 , 63174 , 137404 , 63193 , 63227 , 63253 , 63261 , 63286 , 63287 , 63288 , 63290 , 63291 , 63292 , 141621 , 63301 , 63307 , 63308 , 63317 , 63318 , 63319 , 63326 , 63327 , 63345 , 63346 , 63352 , 63353 , 63354 , 63378 , 63379 , 63384 , 63385 , 63386 , 63393 , 63395 , 63396 , 63397 , 63398 , 63399 , 63400 , 63401 , 63402 , 63411 , 63412 , 63413 , 63414 , 63415 , 63417 , 63418 , 63419 , 63421 , 63439 , 63440 , 63442 , 63443 , 154871 , 137414 , 137415 , 63538 , 63539 , 63540 , 63542 , 63543 , 63605 , 63606 , 63607 , 63609 , 63610 , 63611 , 63612 , 63613 , 63614 , 63615 , 63616 , 63617 , 63618 , 63619 , 63623 , 63624 , 63625 , 63626 , 63627 , 63628 , 63629 , 63631 , 63632 , 63633 , 63634 , 63635 , 63636 , 63637 , 63640 , 141691 , 63748 , 63756 , 63757 , 63764 , 63776 , 63779 , 63780 , 63781 , 154882 , 63787 , 63788 , 63790 , 63791 , 63793 , 63794 , 63852 , 63854 , 63856 , 63864 , 63865 , 63866 , 63867 , 63869 , 63870 , 63896 , 63897 , 63898 , 63900 , 63901 , 63902 , 63903 , 63904 , 63905 , 63906 , 63909 , 63910 , 63911 , 63924 , 63956 , 63957 , 63958 , 63961 , 63965 , 63968 , 63972 , 63973 , 63974 , 63975 , 63976 , 63977 , 133066 , 64012 , 64013 , 64014 , 64015 , 64016 , 64020 , 64021 , 64022 , 64023 , 64024 , 64025 , 64026 , 64027 , 64028 , 64029 , 64031 , 64032 , 64033 , 64034 , 64039 , 64040 , 64041 , 64042 , 64043 , 64044 , 64046 , 64047 , 64048 , 64051 , 64052 , 64053 , 64054 , 64055 , 64056 , 64060 , 64061 , 64062 , 64063 , 64064 , 64099 , 64102 , 64103 , 64104 , 64105 , 64106 , 64107 , 64108 , 64109 , 64110 , 64132 , 64138 , 64139 , 64146 , 64147 , 64148 , 64149 , 64150 , 64155 , 64164 , 64165 , 64166 , 64167 , 139218 , 64188 , 64189 , 64191 , 64192 , 141771 , 64237 , 64241 , 64261 , 64322 , 64323 , 64327 , 64328 , 64331 , 64332 , 64359 , 64391 , 64423 , 64440 , 64441 , 64442 , 64443 , 64464 , 64465 , 64467 , 64477 , 64478 , 64479 , 64513 , 64551 , 64552 , 64566 , 64567 , 64576 , 64578 , 64579 , 64581 , 64582 , 64587 , 64588 , 141845 , 64652 , 64653 , 64654 , 64658 , 64659 , 64660 , 64674 , 64676 , 64677 , 64678 , 64679 , 64680 , 64681 , 64682 , 64683 , 64690 , 64691 , 64693 , 64694 , 64696 , 64697 , 141858 , 64749 , 64762 , 64763 , 64764 , 64765 , 64766 , 64770 , 64771 , 64773 , 64774 , 64775 , 64776 , 64779 , 64780 , 64781 , 64782 , 64783 , 64786 , 64787 , 64789 , 64802 , 64803 , 64804 , 64805 , 64810 , 64811 , 64812 , 64813 , 64814 , 64816 , 64817 , 64833 , 64838 , 64839 , 64841 , 64850 , 64860 , 64861 , 64862 , 64863 , 64864 , 64874 , 64877 , 64878 , 64879 , 64880 , 64881 , 64884 , 64885 , 64886 , 64887 , 64890 , 64891 , 64892 , 64895 , 64901 , 64906 , 64907 , 64908 , 64910 , 64911 , 64912 , 64913 , 64914 , 64915 , 64916 , 139223 , 64923 , 64924 , 64925 , 64926 , 64978 , 64979 , 141906 , 65021 , 65026 , 65027 , 65028 , 65029 , 65035 , 65036 , 65037 , 65057 , 65058 , 65059 , 65060 , 65064 , 65068 , 65069 , 65070 , 141918 , 65087 , 65088 , 65089 , 65090 , 65095 , 65096 , 65097 , 65098 , 65099 , 65100 , 65101 , 65104 , 65105 , 65106 , 65110 , 65116 , 65117 , 65118 , 65119 , 65120 , 65121 , 65122 , 65123 , 65124 , 65128 , 65129 , 65154 , 65165 , 65166 , 65171 , 65172 , 65173 , 65177 , 65178 , 65181 , 65182 , 65212 , 65213 , 65214 , 65215 , 65221 , 65222 , 65223 , 65253 , 65254 , 65255 , 65260 , 65264 , 65281 , 65283 , 65284 , 65285 , 65287 , 65288 , 65289 , 65290 , 65291 , 65294 , 65295 , 65296 , 65309 , 65310 , 65311 , 65312 , 65313 , 65314 , 65315 , 65316 , 65317 , 65325 , 65326 , 65327 , 65328 , 65329 , 65330 , 65332 , 65333 , 65334 , 65378 , 65379 , 65380 , 65381 , 65386 , 65387 , 65453 , 65454 , 65455 , 65456 , 65457 , 65458 , 65459 , 65460 , 65461 , 65462 , 65464 , 65465 , 65468 , 65469 , 65470 , 65474 , 65475 , 65478 , 65480 , 65481 , 65482 , 65484 , 65485 , 65486 , 65487 , 65488 , 65489 , 65490 , 65491 , 65492 , 65493 , 65494 , 65499 , 65500 , 65507 , 65510 , 65511 , 65512 , 65513 , 65514 , 65515 , 65516 , 65517 , 65518 , 65519 , 65520 , 65521 , 65522 , 65524 , 65525 , 65527 , 65528 , 65529 , 65530 , 65531 , 65532 , 65534 , 65546 , 65547 , 65549 , 65550 , 65551 , 65556 , 65557 , 65565 , 65569 , 65579 , 65580 , 65581 , 65582 , 65583 , 65584 , 65585 , 65587 , 65588 , 65590 , 65591 , 65593 , 65594 , 65595 , 65596 , 65597 , 65598 , 65599 , 65600 , 65602 , 65603 , 65604 , 65605 , 65607 , 65608 , 65609 , 65610 , 65611 , 65612 , 65615 , 65616 , 65617 , 65618 , 65619 , 65620 , 65621 , 65623 , 65624 , 65625 , 65626 , 65629 , 65630 , 65631 , 65632 , 65633 , 65636 , 65639 , 65640 , 65642 , 65643 , 65644 , 65645 , 65646 , 65647 , 65675 , 65676 , 65677 , 65678 , 65679 , 65682 , 65683 , 65684 , 65685 , 65689 , 65690 , 65691 , 65693 , 65694 , 65704 , 65705 , 65706 , 65707 , 65740 , 65741 , 65742 , 65743 , 65744 , 65745 , 65746 , 65747 , 65748 , 65751 , 65752 , 65753 , 65783 , 65784 , 65785 , 65786 , 65787 , 65793 , 65794 , 65795 , 154949 , 65816 , 65827 , 65828 , 65829 , 65830 , 65831 , 65832 , 65833 , 65835 , 65836 , 65837 , 65838 , 65839 , 65840 , 65841 , 65842 , 65871 , 65872 , 142721 , 65886 , 65887 , 65888 , 65889 , 65890 , 65892 , 65893 , 65894 , 65898 , 65902 , 65903 , 65925 , 65945 , 66093 , 66094 , 66095 , 66096 , 66097 , 66098 , 66100 , 66101 , 66102 , 66103 , 66104 , 66122 , 66157 , 66158 , 66159 , 66160 , 66161 , 66162 , 66163 , 66169 , 66170 , 66175 , 66179 , 66212 , 66214 , 66235 , 66236 , 66253 , 66257 , 66272 , 66273 , 66278 , 66279 , 66283 , 66284 , 66285 , 66286 , 66287 , 66288 , 66289 , 66315 , 66316 , 66317 , 66318 , 66322 , 66323 , 66324 , 66325 , 66326 , 66338 , 66339 , 66340 , 66341 , 66342 , 66343 , 66344 , 66345 , 66346 , 66347 , 66348 , 66354 , 66355 , 66356 , 66357 , 66358 , 66359 , 66361 , 66362 , 66363 , 66364 , 66365 , 66370 , 66371 , 66372 , 66374 , 66382 , 66383 , 66384 , 66385 , 66386 , 66387 , 66388 , 66389 , 66390 , 66391 , 66392 , 66395 , 66397 , 66403 , 66404 , 66405 , 66406 , 66407 , 66420 , 66421 , 66422 , 66423 , 66424 , 66425 , 66426 , 66427 , 66429 , 66430 , 66433 , 66434 , 66435 , 66436 , 66437 , 66438 , 66441 , 66442 , 66443 , 66444 , 66451 , 66452 , 66453 , 66458 , 66459 , 66461 , 66462 , 66464 , 66465 , 66466 , 66467 , 66468 , 66469 , 66472 , 66473 , 66478 , 66479 , 66480 , 66484 , 66487 , 66492 , 66493 , 66494 , 66495 , 66498 , 66499 , 66513 , 66514 , 66532 , 66533 , 66534 , 66535 , 66536 , 66541 , 66543 , 66544 , 66554 , 66555 , 66556 , 150610 , 66577 , 66579 , 66580 , 66581 , 66582 , 66583 , 66584 , 66585 , 66586 , 66587 , 66589 , 66590 , 66594 , 66595 , 66597 , 66599 , 66600 , 66601 , 66602 , 66605 , 66606 , 66607 , 66608 , 66609 , 66610 , 66611 , 66615 , 66616 , 66617 , 66618 , 66619 , 66620 , 66621 , 66622 , 66625 , 66626 , 66630 , 66631 , 66632 , 66633 , 66634 , 66635 , 66636 , 66637 , 66639 , 66641 , 66644 , 66645 , 66646 , 66647 , 66648 , 66649 , 66652 , 66653 , 66655 , 66666 , 66668 , 66669 , 66693 , 66694 , 66695 , 66696 , 66698 , 66699 , 66700 , 66701 , 66702 , 66703 , 66792 , 66798 , 66799 , 66800 , 66801 , 66802 , 66803 , 66804 , 66812 , 66813 , 66814 , 66816 , 66817 , 66818 , 66819 , 66820 , 66821 , 66824 , 66825 , 66826 , 66827 , 66828 , 66865 , 66866 , 66867 , 66874 , 66875 , 66876 , 66877 , 66878 , 66879 , 66885 , 66888 , 66889 , 66890 , 66891 , 66892 , 150584 , 66923 , 66924 , 66925 , 66931 , 66932 , 66937 , 66945 , 66946 , 66962 , 67017 , 67022 , 67023 , 67024 , 67025 , 67028 , 67029 , 67030 , 67031 , 67032 , 67041 , 67042 , 67043 , 67044 , 67045 , 67046 , 67047 , 67048 , 67049 , 67050 , 67051 , 67052 , 67101 , 67102 , 67103 , 67104 , 67105 , 67106 , 67107 , 67108 , 142257 , 142258 , 67122 , 67124 , 67131 , 67132 , 67133 , 67134 , 67136 , 67140 , 67141 , 67148 , 67149 , 67150 , 67151 , 67152 , 67153 , 67154 , 67156 , 67158 , 67161 , 67162 , 67163 , 67164 , 67166 , 67195 , 67196 , 133173 , 67202 , 67222 , 67223 , 67244 , 67257 , 67258 , 67259 , 67260 , 67262 , 67263 , 67264 , 67265 , 67266 , 67267 , 67270 , 67316 , 67317 , 155000 , 67342 , 67343 , 67348 , 67359 , 67360 , 67395 , 67412 , 67413 , 67414 , 67415 , 67417 , 67418 , 67419 , 67420 , 67421 , 67422 , 67423 , 67424 , 67429 , 67430 , 67431 , 67433 , 67434 , 67437 , 67438 , 67441 , 67442 , 67449 , 67467 , 67468 , 67469 , 67473 , 67474 , 67477 , 67478 , 67479 , 67480 , 67481 , 67482 , 67483 , 67485 , 67486 , 67487 , 67488 , 67489 , 67493 , 67494 , 67495 , 67496 , 67498 , 67501 , 67502 , 67503 , 67504 , 67506 , 67511 , 67512 , 67513 , 67514 , 67515 , 67517 , 67518 , 67521 , 67522 , 142328 , 67564 , 67565 , 67566 , 67567 , 67568 , 155008 , 67577 , 67578 , 67600 , 67601 , 67602 , 67603 , 67604 , 67605 , 67609 , 67610 , 67611 , 67614 , 67615 , 67616 , 67635 , 67636 , 67637 , 67651 , 67652 , 67653 , 67655 , 67656 , 142348 , 67659 , 155011 , 142351 , 142352 , 67682 , 67689 , 67690 , 67691 , 67692 , 67698 , 142356 , 142365 , 67768 , 67769 , 67770 , 67771 , 67772 , 67773 , 67774 , 67775 , 67776 , 67777 , 67778 , 67779 , 67780 , 142369 , 67784 , 67785 , 142370 , 67797 , 67798 , 67799 , 67854 , 67855 , 67859 , 67867 , 67868 , 67869 , 67870 , 67872 , 67873 , 67874 , 67875 , 67876 , 67877 , 67878 , 67880 , 67881 , 67882 , 67883 , 67884 , 67885 , 67886 , 67887 , 67888 , 67918 , 67919 , 67920 , 67924 , 67925 , 67927 , 67928 , 67929 , 67932 , 67933 , 67934 , 67935 , 67937 , 67938 , 67939 , 67942 , 67943 , 67944 , 67945 , 67946 , 67947 , 142397 , 67952 , 67953 , 67954 , 67955 , 67956 , 67957 , 67960 , 67963 , 67964 , 67965 , 67966 , 67967 , 67968 , 67969 , 67970 , 67972 , 67973 , 67974 , 67975 , 67976 , 67981 , 67982 , 67983 , 67984 , 67985 , 67987 , 67988 , 67989 , 67991 , 67992 , 67993 , 67995 , 67996 , 67997 , 67998 , 67999 , 68000 , 68002 , 68003 , 68006 , 68013 , 68024 , 68082 , 68083 , 68084 , 68085 , 68086 , 68087 , 68114 , 68115 , 68116 , 68117 , 68125 , 68126 , 68130 , 68131 , 68132 , 68134 , 68135 , 68139 , 68140 , 68142 , 68175 , 68176 , 68177 , 68180 , 68181 , 68221 , 68282 , 68283 , 68285 , 68286 , 68287 , 68309 , 68310 , 68311 , 68312 , 68314 , 68317 , 68318 , 68319 , 68320 , 68321 , 68323 , 68324 , 68325 , 68329 , 68330 , 68335 , 68336 , 68337 , 68340 , 68342 , 68343 , 68344 , 68345 , 68346 , 68412 , 68413 , 68422 , 68441 , 68442 , 68445 , 68446 , 68447 , 68448 , 68459 , 68460 , 68461 , 68462 , 68526 , 68527 , 68528 , 68529 , 68530 , 68531 , 68532 , 68533 , 68535 , 68536 , 68537 , 150677 , 68581 , 68582 , 68616 , 68643 , 68644 , 68648 , 68649 , 68650 , 68655 , 68656 , 68662 , 68675 , 68676 , 68677 , 68678 , 68679 , 68680 , 68681 , 68682 , 68683 , 68684 , 142520 , 68728 , 68729 , 68733 , 68738 , 68739 , 68740 , 68741 , 68742 , 68743 , 68745 , 68746 , 68747 , 68748 , 68749 , 68750 , 68752 , 68756 , 68762 , 68763 , 68773 , 68774 , 68775 , 68776 , 68777 , 68778 , 68779 , 68780 , 68781 , 68818 , 68823 , 68841 , 68842 , 68856 , 68857 , 68859 , 68863 , 68864 , 68865 , 68866 , 68868 , 68869 , 68890 , 68891 , 68906 , 68911 , 68913 , 68916 , 68917 , 68918 , 68919 , 68920 , 68921 , 68922 , 68923 , 68925 , 68926 , 68943 , 68944 , 68945 , 68946 , 68990 , 68998 , 69001 , 69002 , 69003 , 69004 , 69005 , 69006 , 69024 , 69025 , 142579 , 142580 , 142587 , 69094 , 69095 , 69096 , 69097 , 69098 , 69099 , 69100 , 69101 , 69103 , 69104 , 69105 , 69106 , 69107 , 69108 , 69121 , 69122 , 69123 , 69143 , 69144 , 69145 , 69146 , 69154 , 69155 , 69156 , 69159 , 69160 , 69161 , 69162 , 69163 , 69164 , 69165 , 69168 , 69169 , 69171 , 69173 , 69174 , 69177 , 69178 , 69184 , 69185 , 69186 , 69187 , 69188 , 69190 , 69191 , 69192 , 69193 , 69194 , 69195 , 69196 , 69200 , 69201 , 69214 , 69234 , 69239 , 69271 , 69273 , 69278 , 69279 , 69280 , 69281 , 132210 , 69391 , 69392 , 69393 , 69394 , 69395 , 69396 , 69397 , 69407 , 69439 , 69440 , 69441 , 69442 , 69446 , 69447 , 69448 , 69449 , 69450 , 69451 , 69453 , 69454 , 69455 , 69457 , 69458 , 69462 , 69463 , 69464 , 69465 , 69466 , 69467 , 69487 , 69489 , 69490 , 69506 , 69507 , 69508 , 69509 , 69510 , 69527 , 69528 , 69529 , 69530 , 69535 , 69536 , 142663 , 142668 , 69585 , 69586 , 69587 , 142672 , 142673 , 142674 , 69615 , 69616 , 142675 , 142676 , 142678 , 69660 , 69662 , 69663 , 69664 , 69665 , 69666 , 69683 , 69709 , 69710 , 69711 , 69712 , 69713 , 69714 , 69715 , 69716 , 69717 , 69718 , 69722 , 69723 , 69724 , 69725 , 69726 , 69734 , 69735 , 69739 , 69740 , 69741 , 69742 , 69743 , 69744 , 69745 , 69748 , 69749 , 69750 , 69751 , 69752 , 69753 , 69757 , 69758 , 69759 , 69762 , 69763 , 69777 , 69828 , 69829 , 69830 , 69848 , 69849 , 69850 , 69851 , 69852 , 69854 , 69855 , 69859 , 69860 , 69861 , 69862 , 69863 , 69864 , 69866 , 69867 , 69872 , 69873 , 69874 , 69877 , 69878 , 69880 , 69881 , 69882 , 69883 , 69884 , 69895 , 69899 , 69900 , 69901 , 69903 , 69904 , 69907 , 69908 , 142724 , 137628 , 69922 , 69923 , 69924 , 137630 , 70046 , 70047 , 70054 , 70055 , 70056 , 70057 , 70058 , 70067 , 70068 , 70069 , 70070 , 70071 , 70072 , 70073 , 70081 , 70082 , 70083 , 70084 , 70085 , 70086 , 70087 , 70088 , 70091 , 70092 , 70120 , 70124 , 70151 , 70152 , 70153 , 70154 , 70155 , 70156 , 70157 , 70165 , 70189 , 70190 , 70191 , 70192 , 70193 , 70194 , 70199 , 70200 , 70201 , 70205 , 70211 , 70212 , 70213 , 70214 , 70215 , 70216 , 70217 , 70218 , 70219 , 70221 , 70222 , 70223 , 70224 , 70225 , 70226 , 70227 , 70228 , 70229 , 70230 , 70231 , 70232 , 70233 , 70234 , 70235 , 70236 , 70237 , 70238 , 70239 , 70240 , 70241 , 70244 , 70245 , 70246 , 70247 , 70252 , 70253 , 70254 , 70255 , 70256 , 70257 , 70258 , 70275 , 70277 , 70284 , 70285 , 70296 , 70297 , 70299 , 70300 , 70301 , 70302 , 70390 , 70391 , 70392 , 70393 , 70394 , 70395 , 70396 , 70397 , 70398 , 70399 , 70400 , 70401 , 70428 , 70429 , 70430 , 70431 , 70432 , 70433 , 70446 , 70459 , 70460 , 70466 , 70470 , 70474 , 70475 , 70477 , 70478 , 70481 , 70482 , 70483 , 70484 , 70485 , 70488 , 70489 , 70490 , 70492 , 70493 , 70499 , 70513 , 70514 , 146378 , 70560 , 70561 , 70566 , 70567 , 70573 , 70574 , 70575 , 70576 , 70577 , 70578 , 70579 , 70596 , 70597 , 70598 , 147117 , 70646 , 70647 , 70655 , 70656 , 70657 , 70658 , 70659 , 70660 , 142849 , 70666 , 70667 , 70668 , 142850 , 70680 , 70681 , 146383 , 70695 , 70696 , 70697 , 70698 , 70699 , 70700 , 70701 , 70702 , 70703 , 70704 , 70746 , 70747 , 70748 , 70749 , 70750 , 70754 , 70757 , 70758 , 70762 , 70781 , 70782 , 70785 , 70786 , 70790 , 70791 , 70792 , 70812 , 70825 , 70848 , 70886 , 70887 , 70888 , 70890 , 70891 , 70892 , 70893 , 70894 , 70895 , 70898 , 70928 , 70930 , 70931 , 70932 , 70933 , 70934 , 70935 , 70936 , 70968 , 71016 , 71070 , 71071 , 71072 , 71075 , 71076 , 71077 , 71078 , 71079 , 71089 , 71090 , 71091 , 71094 , 71095 , 71096 , 71097 , 71098 , 71110 , 71111 , 71112 , 71113 , 71114 , 71115 , 71122 , 71150 , 71151 , 71152 , 71156 , 71157 , 71160 , 142939 , 71206 , 142940 , 71210 , 71211 , 71212 , 71213 , 142941 , 71218 , 71222 , 71223 , 71224 , 71225 , 71226 , 71227 , 71228 , 71229 , 71230 , 71231 , 71232 , 71233 , 142945 , 71241 , 71242 , 71243 , 71244 , 71245 , 71246 , 71247 , 71248 , 71249 , 71250 , 71251 , 71253 , 71254 , 71255 , 71256 , 71257 , 71258 , 71259 , 71260 , 71261 , 71262 , 71263 , 71264 , 71265 , 71266 , 71267 , 71269 , 71270 , 142951 , 71279 , 71280 , 71281 , 71283 , 71284 , 71285 , 71286 , 71287 , 71288 , 71289 , 71291 , 71292 , 71293 , 71295 , 71358 , 71359 , 71360 , 71361 , 71362 , 71363 , 71364 , 71365 , 71396 , 71397 , 71398 , 71399 , 71400 , 71401 , 71402 , 71403 , 71481 , 71482 , 71483 , 71484 , 71485 , 71486 , 71487 , 71488 , 71489 , 71515 , 71516 , 71517 , 71518 , 71552 , 71565 , 71566 , 71567 , 71569 , 71570 , 71571 , 71591 , 71592 , 71597 , 71598 , 71599 , 71603 , 71604 , 71605 , 71606 , 71607 , 71616 , 71617 , 71618 , 71619 , 71621 , 71622 , 71623 , 71624 , 143010 , 71654 , 71655 , 71660 , 71661 , 71662 , 71665 , 71666 , 71667 , 71673 , 71674 , 71675 , 71676 , 71677 , 71681 , 71684 , 71697 , 71698 , 71699 , 71705 , 71717 , 71791 , 71792 , 71793 , 71801 , 71802 , 71806 , 71807 , 71808 , 71809 , 71810 , 71811 , 71812 , 71815 , 71839 , 71840 , 71841 , 71842 , 71843 , 71844 , 71845 , 71846 , 71847 , 71881 , 71882 , 71904 , 71905 , 71906 , 71918 , 71925 , 71926 , 71927 , 71928 , 71931 , 71933 , 71934 , 71939 , 71940 , 71941 , 71945 , 71989 , 72019 , 72020 , 72021 , 72022 , 72023 , 72024 , 72025 , 72026 , 72027 , 72028 , 72029 , 72030 , 72031 , 72032 , 72033 , 72034 , 72035 , 72036 , 72037 , 72038 , 72039 , 72041 , 72042 , 72043 , 72044 , 72045 , 72046 , 72047 , 72048 , 72049 , 72052 , 72065 , 72066 , 72067 , 72068 , 72069 , 72070 , 72071 , 72139 , 72145 , 72146 , 72147 , 72152 , 72160 , 72161 , 72190 , 72191 , 72192 , 72193 , 72198 , 72199 , 72200 , 72232 , 72233 , 72235 , 72237 , 72238 , 72241 , 72285 , 72294 , 72295 , 72296 , 72297 , 72298 , 72299 , 72305 , 72306 , 72307 , 72309 , 72311 , 72312 , 72348 , 72349 , 72350 , 72354 , 72360 , 72361 , 72364 , 72365 , 72366 , 72367 , 72368 , 72371 , 72372 , 72374 , 72375 , 72376 , 72377 , 72378 , 72379 , 72382 , 72383 , 72384 , 72385 , 72386 , 72389 , 72395 , 72408 , 72435 , 72436 , 72440 , 72442 , 72443 , 143146 , 72446 , 72447 , 72448 , 72449 , 72450 , 72451 , 72452 , 72453 , 72454 , 72455 , 72456 , 72457 , 72458 , 72459 , 143150 , 72471 , 72472 , 72473 , 72474 , 72475 , 72476 , 72477 , 72488 , 72489 , 72490 , 72491 , 72492 , 72493 , 72534 , 72556 , 72557 , 72558 , 72559 , 72561 , 72577 , 72580 , 72581 , 72582 , 72583 , 72584 , 72587 , 72592 , 72593 , 72594 , 72595 , 72602 , 72603 , 72604 , 143174 , 72616 , 72617 , 72618 , 72637 , 72661 , 72664 , 72676 , 72677 , 72678 , 72684 , 72685 , 72689 , 72722 , 72723 , 72724 , 72725 , 72726 , 72727 , 72728 , 72730 , 72745 , 72746 , 72748 , 72760 , 72765 , 72766 , 72767 , 72768 , 72771 , 72772 , 72773 , 72774 , 72775 , 72776 , 72777 , 72812 , 72813 , 72814 , 72815 , 72816 , 72818 , 72822 , 72823 , 72824 , 72835 , 72836 , 72837 , 72841 , 72842 , 72843 , 72844 , 72845 , 72904 , 72906 , 72907 , 72908 , 72909 , 72910 , 72913 , 72914 , 72915 , 72916 , 72917 , 72918 , 72919 , 72920 , 72921 , 72922 , 72923 , 72994 , 72995 , 72996 , 72997 , 72998 , 72999 , 73002 , 73003 , 73005 , 73006 , 73007 , 73009 , 73010 , 73026 , 73027 , 73039 , 73040 , 73041 , 73042 , 73043 , 73044 , 73045 , 73047 , 73048 , 73049 , 73050 , 73070 , 73071 , 73072 , 73073 , 73078 , 73079 , 73080 , 73081 , 73082 , 73093 , 73094 , 73095 , 73096 , 73097 , 73098 , 73099 , 73100 , 73101 , 73102 , 73103 , 73104 , 73168 , 73169 , 73171 , 73172 , 73173 , 73174 , 73202 , 73215 , 73216 , 73217 , 73218 , 73219 , 73220 , 73221 , 73222 , 73223 , 73224 , 73232 , 73233 , 73234 , 73235 , 73238 , 73241 , 73243 , 73244 , 73245 , 73246 , 73265 , 73266 , 73267 , 73269 , 73270 , 73271 , 73273 , 73274 , 73277 , 73278 , 73281 , 73282 , 73283 , 73284 , 73287 , 73288 , 73289 , 73290 , 73291 , 73293 , 73294 , 73295 , 73296 , 73297 , 73298 , 73299 , 73300 , 73301 , 73302 , 73303 , 73307 , 73310 , 73311 , 73312 , 73313 , 73314 , 73316 , 73383 , 73384 , 73385 , 73386 , 73387 , 73388 , 73389 , 73391 , 73392 , 73393 , 73394 , 73395 , 73396 , 73397 , 73398 , 73399 , 73400 , 73401 , 73402 , 73403 , 73405 , 73406 , 73407 , 73408 , 73410 , 73411 , 73412 , 73413 , 73414 , 73415 , 73416 , 73417 , 73418 , 73419 , 73420 , 73421 , 73423 , 73434 , 73443 , 73455 , 73456 , 73471 , 73472 , 73478 , 73482 , 73483 , 73484 , 73485 , 73487 , 143320 , 146477 , 73533 , 73534 , 73535 , 73537 , 73538 , 73539 , 73540 , 146478 , 73548 , 73549 , 73550 , 73551 , 73552 , 73553 , 73554 , 73558 , 73559 , 146479 , 73584 , 73585 , 73586 , 73597 , 73599 , 73600 , 73603 , 73621 , 73627 , 73628 , 73629 , 73630 , 73631 , 73632 , 73633 , 73641 , 73642 , 73643 , 73644 , 73646 , 73647 , 73648 , 73649 , 73650 , 73653 , 73654 , 73655 , 73656 , 73657 , 73659 , 73665 , 73669 , 73670 , 73671 , 73673 , 73674 , 73675 , 73676 , 73677 , 73679 , 73680 , 73681 , 73683 , 73684 , 73685 , 73688 , 73689 , 73690 , 73691 , 73692 , 73694 , 73695 , 73696 , 73743 , 73744 , 73747 , 73748 , 73749 , 73750 , 73751 , 73753 , 73754 , 73758 , 73759 , 73760 , 73761 , 73762 , 73763 , 73764 , 73765 , 73766 , 73768 , 73769 , 73770 , 73771 , 73772 , 73773 , 73774 , 73779 , 73780 , 73781 , 73782 , 73783 , 73784 , 73785 , 73796 , 73797 , 73798 , 73799 , 73800 , 73801 , 73802 , 73803 , 73806 , 73807 , 73810 , 73813 , 73814 , 73819 , 73820 , 73821 , 73822 , 73823 , 73846 , 73847 , 73848 , 73849 , 73850 , 73853 , 73854 , 73855 , 73856 , 73857 , 73858 , 73859 , 73860 , 73861 , 73862 , 73863 , 73864 , 73866 , 73867 , 73868 , 73870 , 73871 , 73872 , 73873 , 73874 , 73875 , 73876 , 73877 , 73878 , 73879 , 73880 , 73881 , 73882 , 73883 , 73884 , 73885 , 73886 , 73887 , 73934 , 74004 , 74005 , 74006 , 74007 , 74008 , 74009 , 74011 , 74012 , 74015 , 74016 , 143409 , 143410 , 74038 , 74039 , 74040 , 74041 , 143416 , 74078 , 74079 , 74080 , 74085 , 74090 , 74091 , 74092 , 74093 , 74094 , 74095 , 74096 , 74101 , 74102 , 74103 , 74104 , 74105 , 74106 , 74107 , 74109 , 74110 , 74111 , 74112 , 74113 , 74114 , 74116 , 74117 , 74118 , 74119 , 74120 , 74121 , 74123 , 74124 , 74125 , 74126 , 74127 , 74128 , 74129 , 74130 , 74131 , 74132 , 74133 , 74134 , 74135 , 74142 , 74143 , 74144 , 74145 , 74146 , 74147 , 74148 , 74149 , 74151 , 74152 , 74156 , 74160 , 74161 , 74164 , 74165 , 74166 , 74167 , 74168 , 74169 , 74170 , 74171 , 74172 , 74173 , 74174 , 74175 , 74177 , 74179 , 74180 , 74181 , 74182 , 74183 , 74184 , 74188 , 74189 , 74190 , 74191 , 74195 , 74196 , 74197 , 74198 , 74199 , 74201 , 74202 , 74204 , 74205 , 74206 , 74207 , 74210 , 74211 , 74212 , 74215 , 74216 , 74217 , 74218 , 74230 , 74231 , 74232 , 74236 , 74240 , 74241 , 74242 , 74243 , 74248 , 74249 , 74250 , 74251 , 74252 , 74253 , 74254 , 74261 , 74262 , 74263 , 74272 , 74273 , 74274 , 74275 , 74276 , 74277 , 74278 , 74279 , 74280 , 74281 , 74282 , 74287 , 74302 , 74303 , 74304 , 74320 , 74321 , 74322 , 74323 , 74328 , 74329 , 74333 , 74334 , 74347 , 74348 , 74391 , 74392 , 74394 , 74395 , 74396 , 74414 , 74423 , 74424 , 74425 , 74426 , 74427 , 74428 , 74429 , 74430 , 74432 , 74449 , 74450 , 74451 , 74453 , 74454 , 74457 , 74474 , 74477 , 74498 , 74502 , 74503 , 74504 , 74505 , 74506 , 74508 , 74509 , 74510 , 74511 , 74514 , 74515 , 74516 , 74519 , 74520 , 74521 , 74524 , 74525 , 74526 , 74532 , 74533 , 74534 , 74535 , 74536 , 74539 , 74540 , 74541 , 74542 , 74543 , 74551 , 74552 , 74553 , 74572 , 74574 , 74575 , 74576 , 74577 , 74578 , 74579 , 74582 , 74583 , 74584 , 74585 , 74586 , 74588 , 74626 , 74627 , 74628 , 74629 , 74630 , 74631 , 74632 , 74633 , 74637 , 74638 , 74639 , 74640 , 74642 , 74643 , 74644 , 74645 , 74646 , 74647 , 74662 , 74663 , 74664 , 74665 , 74666 , 74667 , 74668 , 74669 , 74670 , 74671 , 74672 , 74679 , 74680 , 74681 , 74682 , 74683 , 74684 , 74685 , 74686 , 74687 , 74688 , 74689 , 74691 , 74692 , 74693 , 74694 , 74695 , 74700 , 74701 , 74709 , 74710 , 74711 , 74712 , 74713 , 74718 , 74719 , 74720 , 74721 , 74722 , 74723 , 74724 , 74725 , 74729 , 143527 , 74796 , 74798 , 155001 , 74811 , 74812 , 74813 , 74814 , 74815 , 74816 , 74817 , 74823 , 74825 , 74827 , 74828 , 74829 , 74830 , 74831 , 74832 , 143550 , 143553 , 74900 , 74901 , 74902 , 74903 , 74904 , 74934 , 74935 , 74939 , 74940 , 74941 , 74942 , 74945 , 74947 , 74948 , 74949 , 74950 , 74951 , 74952 , 74953 , 74955 , 74956 , 74957 , 74958 , 74959 , 74961 , 74962 , 74963 , 74976 , 75074 , 75078 , 75079 , 75080 , 75088 , 75089 , 75097 , 75098 , 75102 , 155003 , 75105 , 75106 , 75108 , 75109 , 75110 , 75112 , 75113 , 75115 , 75172 , 75179 , 75180 , 75181 , 75182 , 75185 , 75186 , 75187 , 75192 , 75193 , 75194 , 75196 , 75197 , 75198 , 75199 , 75200 , 75201 , 75202 , 75203 , 75204 , 75205 , 75206 , 75207 , 75208 , 75209 , 75210 , 75211 , 75212 , 155004 , 143625 , 75323 , 143626 , 75357 , 75358 , 75359 , 75360 , 75361 , 75362 , 75363 , 75366 , 75367 , 75375 , 75376 , 75377 , 75378 , 75379 , 75380 , 75381 , 75383 , 75384 , 75385 , 75387 , 75388 , 75389 , 75390 , 75391 , 75392 , 75393 , 75394 , 75397 , 75398 , 75399 , 75400 , 75401 , 75402 , 155005 , 75410 , 75412 , 75413 , 75420 , 75421 , 75422 , 75425 , 75427 , 75432 , 75433 , 75447 , 75448 , 75449 , 75450 , 75451 , 75458 , 75459 , 75460 , 75461 , 75462 , 75463 , 75464 , 75468 , 75470 , 75471 , 155272 , 75514 , 75515 , 75520 , 75525 , 75526 , 75527 , 75528 , 75529 , 75530 , 75531 , 75535 , 75537 , 75538 , 75539 , 75540 , 75551 , 75553 , 75554 , 75557 , 75558 , 75559 , 143669 , 143670 , 143671 , 75634 , 75635 , 75636 , 75641 , 75642 , 75643 , 75644 , 75655 , 75656 , 75657 , 75658 , 75659 , 75665 , 75666 , 75674 , 75679 , 75680 , 75681 , 75683 , 75684 , 75685 , 75687 , 75688 , 75689 , 75697 , 75698 , 75701 , 75706 , 75710 , 75760 , 75769 , 75770 , 75771 , 75772 , 75793 , 75794 , 75795 , 75797 , 75818 , 143713 , 75849 , 75850 , 143714 , 75854 , 75855 , 75856 , 75857 , 75862 , 75864 , 75925 , 75926 , 75981 , 75984 , 75985 , 75986 , 75995 , 75996 , 76000 , 76001 , 76002 , 76003 , 76004 , 76005 , 76013 , 76014 , 76015 , 76026 , 76027 , 76028 , 76029 , 76030 , 76031 , 76032 , 76034 , 76035 , 76043 , 76047 , 76050 , 76084 , 76086 , 76087 , 76088 , 76089 , 76090 , 76092 , 76097 , 76098 , 76099 , 76102 , 76103 , 76105 , 76106 , 76107 , 76108 , 76109 , 76110 , 76111 , 76114 , 76118 , 76119 , 76120 , 76121 , 76122 , 76213 , 76214 , 76215 , 76216 , 76222 , 76223 , 76224 , 76225 , 76226 , 76230 , 76231 , 76232 , 76238 , 76239 , 76258 , 76259 , 76260 , 76261 , 76262 , 76263 , 76264 , 76265 , 76266 , 76267 , 76268 , 76269 , 76270 , 76271 , 76272 , 76274 , 76275 , 76277 , 76278 , 76279 , 76286 , 76289 , 76290 , 76291 , 76292 , 76293 , 76294 , 76295 , 76296 , 76297 , 76300 , 76301 , 76306 , 76307 , 76308 , 76309 , 76330 , 76331 , 76332 , 76360 , 76361 , 76362 , 76363 , 76365 , 76366 , 76391 , 76392 , 76395 , 76396 , 76397 , 76398 , 76399 , 76400 , 76402 , 76403 , 76404 , 76405 , 76406 , 76407 , 76436 , 76455 , 76456 , 76457 , 76476 , 76477 , 76478 , 76482 , 76483 , 76488 , 76489 , 76490 , 76492 , 76493 , 76520 , 76521 , 76522 , 76546 , 76547 , 76548 , 76549 , 76564 , 76567 , 76568 , 76569 , 76570 , 76571 , 76572 , 76573 , 76574 , 76575 , 76576 , 76577 , 76578 , 76580 , 76581 , 76587 , 76588 , 76601 , 76602 , 76603 , 76606 , 76607 , 76608 , 76609 , 76610 , 76611 , 76612 , 76613 , 76632 , 76633 , 76634 , 76636 , 76654 , 76655 , 76656 , 76658 , 76661 , 76744 , 76745 , 76746 , 76747 , 76748 , 76749 , 76750 , 76751 , 76763 , 76832 , 76833 , 76863 , 76866 , 76868 , 76869 , 143889 , 143890 , 143891 , 143892 , 143893 , 76932 , 76933 , 76938 , 76941 , 76942 , 76943 , 143896 , 76965 , 146592 , 77025 , 77026 , 77027 , 77028 , 77029 , 77030 , 77031 , 77032 , 77033 , 77034 , 77035 , 77036 , 77037 , 77038 , 77039 , 77040 , 77041 , 77042 , 77043 , 77044 , 77045 , 77046 , 77078 , 77079 , 77080 , 77081 , 77119 , 77123 , 77124 , 77125 , 77130 , 77131 , 77132 , 77133 , 77134 , 143928 , 77140 , 77149 , 153271 , 77205 , 77208 , 77209 , 77212 , 77216 , 77217 , 77226 , 77228 , 77229 , 77231 , 77234 , 77235 , 77236 , 77237 , 77240 , 77241 , 77243 , 77244 , 77245 , 77246 , 77248 , 77249 , 77250 , 77252 , 77253 , 77254 , 77255 , 77257 , 77258 , 77259 , 77260 , 77261 , 77265 , 77266 , 77267 , 77268 , 77272 , 77287 , 77288 , 150968 , 77353 , 77354 , 77355 , 77356 , 77357 , 77364 , 77371 , 77375 , 77376 , 77377 , 77378 , 77379 , 77384 , 77385 , 77386 , 77387 , 77388 , 77392 , 77393 , 77394 , 77397 , 77398 , 77410 , 77440 , 77441 , 77442 , 77443 , 77466 , 77467 , 77468 , 77476 , 77481 , 77482 , 77487 , 77488 , 77511 , 77512 , 77513 , 77514 , 77515 , 77520 , 77521 , 77522 , 77523 , 77524 , 77525 , 77526 , 77528 , 77533 , 77536 , 77537 , 77538 , 77539 , 77540 , 77552 , 77553 , 77554 , 77570 , 77571 , 77572 , 77573 , 77575 , 77576 , 77577 , 77578 , 77579 , 77580 , 77581 , 77582 , 77583 , 77602 , 77603 , 77604 , 77605 , 77606 , 77627 , 77699 , 77700 , 77703 , 77704 , 77705 , 144026 , 77726 , 77727 , 77728 , 77729 , 77730 , 77749 , 77750 , 77751 , 77752 , 77753 , 77754 , 77755 , 77756 , 77757 , 77758 , 77760 , 77761 , 77764 , 77765 , 77766 , 77767 , 77769 , 77774 , 77775 , 77776 , 77777 , 77778 , 77779 , 77780 , 77781 , 77782 , 77783 , 77784 , 77785 , 77786 , 77787 , 77788 , 77807 , 77808 , 77809 , 77810 , 77818 , 77819 , 77820 , 77821 , 77830 , 77832 , 77833 , 77870 , 77871 , 77872 , 77876 , 77877 , 77879 , 77880 , 77896 , 77897 , 77902 , 77905 , 77906 , 77907 , 77908 , 77916 , 77917 , 77918 , 77919 , 77923 , 77924 , 77940 , 77941 , 77946 , 77947 , 77953 , 77954 , 77955 , 77956 , 77957 , 77967 , 77968 , 77969 , 78012 , 78013 , 78014 , 78015 , 78016 , 78019 , 78060 , 78061 , 78062 , 78063 , 78064 , 78070 , 78071 , 78072 , 78073 , 78096 , 78098 , 78099 , 78102 , 78103 , 78104 , 78105 , 78106 , 78107 , 78108 , 78109 , 78110 , 78111 , 78112 , 78113 , 78114 , 78115 , 78118 , 78119 , 78120 , 78121 , 78122 , 78124 , 78125 , 78126 , 78127 , 78128 , 78132 , 78137 , 78138 , 78139 , 78141 , 78143 , 144099 , 144100 , 78180 , 78181 , 78182 , 78183 , 78184 , 78185 , 78186 , 78187 , 78188 , 78189 , 78190 , 78192 , 78193 , 78194 , 78195 , 78196 , 78197 , 78198 , 78199 , 78200 , 78201 , 78202 , 78203 , 78204 , 144106 , 78223 , 78224 , 78226 , 78227 , 78228 , 78229 , 78231 , 78232 , 78233 , 78234 , 144111 , 144112 , 144118 , 144120 , 78299 , 78300 , 78301 , 78302 , 78303 , 78308 , 78309 , 144124 , 78320 , 78321 , 78322 , 78324 , 144130 , 144131 , 144134 , 78431 , 78432 , 78433 , 78434 , 78435 , 78436 , 78437 , 78438 , 78441 , 78442 , 78443 , 78444 , 78445 , 78446 , 78447 , 78448 , 78449 , 78450 , 78451 , 78452 , 78453 , 78454 , 78455 , 78456 , 78457 , 78471 , 78472 , 78483 , 78484 , 78487 , 78489 , 78490 , 78491 , 78492 , 78495 , 78496 , 78498 , 78499 , 78500 , 78501 , 78502 , 78503 , 78504 , 78506 , 78511 , 78518 , 78524 , 78525 , 78526 , 78527 , 78532 , 78533 , 78534 , 78538 , 78539 , 78577 , 78578 , 144171 , 144172 , 78608 , 78629 , 78630 , 78631 , 78632 , 78633 , 78634 , 78635 , 78645 , 78646 , 78647 , 78648 , 78649 , 78650 , 78654 , 78655 , 78656 , 78657 , 78659 , 78660 , 78661 , 78662 , 78665 , 78666 , 78667 , 78668 , 78669 , 78670 , 78671 , 78673 , 78674 , 78675 , 155378 , 78705 , 78706 , 78709 , 78710 , 78727 , 78731 , 78732 , 78738 , 78739 , 78740 , 78741 , 78742 , 78745 , 78746 , 78747 , 78749 , 78750 , 78753 , 78754 , 78755 , 78756 , 78757 , 78758 , 78766 , 78767 , 78768 , 78769 , 78770 , 78771 , 78783 , 78784 , 78785 , 78786 , 78787 , 78788 , 78789 , 78791 , 78793 , 78794 , 78795 , 78796 , 78806 , 133560 , 78827 , 78832 , 78833 , 78840 , 78841 , 78844 , 78845 , 78854 , 78865 , 78866 , 78867 , 78868 , 78869 , 78870 , 78871 , 78881 , 78882 , 78883 , 78887 , 78899 , 78902 , 78903 , 78904 , 78905 , 78906 , 78907 , 78908 , 78909 , 78910 , 78913 , 78914 , 78915 , 78916 , 78947 , 78948 , 78949 , 78950 , 78953 , 78954 , 78955 , 78956 , 78957 , 78958 , 78959 , 78960 , 78969 , 78972 , 78973 , 79015 , 79016 , 79017 , 79018 , 79019 , 79020 , 79021 , 79022 , 79024 , 79025 , 79029 , 79030 , 79031 , 79038 , 79047 , 79048 , 79049 , 79050 , 79051 , 79053 , 79054 , 79055 , 79056 , 79072 , 79073 , 79074 , 79094 , 79106 , 79159 , 79160 , 79161 , 79162 , 79163 , 79177 , 79178 , 79204 , 79205 , 79206 , 79217 , 79226 , 79227 , 79228 , 79229 , 79230 , 79287 , 79293 , 79304 , 79305 , 79307 , 79308 , 79310 , 79311 , 79313 , 79314 , 79319 , 79320 , 144292 , 144293 , 79348 , 146672 , 79395 , 79396 , 79397 , 79421 , 79425 , 79426 , 79427 , 79428 , 146674 , 79434 , 79435 , 79447 , 79449 , 79450 , 79451 , 146675 , 79472 , 79473 , 79474 , 79475 , 79476 , 79495 , 79496 , 79497 , 79555 , 79580 , 79608 , 79612 , 79613 , 79614 , 79615 , 79616 , 79619 , 79620 , 79621 , 79622 , 79623 , 79624 , 79625 , 79626 , 79627 , 79628 , 79630 , 79631 , 79632 , 79633 , 79634 , 79635 , 79636 , 79637 , 79643 , 79645 , 79646 , 79647 , 79648 , 79649 , 79651 , 79652 , 79653 , 79654 , 79660 , 79661 , 79662 , 79663 , 79664 , 79665 , 79667 , 79668 , 79669 , 79671 , 79672 , 79673 , 79674 , 79675 , 79680 , 142318 , 79722 , 79723 , 79734 , 79735 , 79747 , 79762 , 79763 , 79764 , 79765 , 79772 , 79782 , 79783 , 79797 , 79817 , 79824 , 146688 , 144389 , 144390 , 79932 , 79933 , 79934 , 79935 , 79975 , 79976 , 79977 , 79980 , 79981 , 79998 , 79999 , 80000 , 80001 , 80002 , 80003 , 80004 , 80005 , 80009 , 80010 , 80012 , 80013 , 80014 , 80027 , 80028 , 80029 , 80030 , 80035 , 80036 , 80037 , 80039 , 80044 , 80045 , 80046 , 80068 , 80071 , 80072 , 80074 , 80075 , 80076 , 80077 , 80079 , 144420 , 80098 , 80099 , 80116 , 80121 , 80122 , 80123 , 80124 , 80125 , 80130 , 80131 , 80132 , 80133 , 80134 , 80138 , 80139 , 80140 , 80141 , 80142 , 80143 , 80144 , 80145 , 80147 , 80148 , 80149 , 80150 , 80152 , 80163 , 80164 , 80165 , 80166 , 155429 , 80217 , 80221 , 80222 , 80229 , 80230 , 80232 , 80234 , 80235 , 80236 , 80238 , 80239 , 80246 , 80247 , 80248 , 80253 , 80254 , 80255 , 80258 , 80259 , 80260 , 80261 , 80264 , 80265 , 80268 , 80269 , 80270 , 80271 , 80272 , 80273 , 80274 , 80275 , 80276 , 80277 , 80284 , 80285 , 80286 , 80287 , 80293 , 80294 , 80295 , 80296 , 80304 , 80307 , 80309 , 80310 , 80311 , 142340 , 80355 , 80356 , 80357 , 80358 , 80359 , 80360 , 80361 , 80364 , 80365 , 80366 , 80367 , 80368 , 142341 , 80382 , 80383 , 80386 , 80387 , 80389 , 80390 , 80391 , 80392 , 80393 , 80394 , 80395 , 80396 , 80397 , 80404 , 80405 , 80406 , 80407 , 80413 , 80414 , 80415 , 80416 , 80425 , 80429 , 80432 , 80433 , 80434 , 80435 , 80436 , 80437 , 80439 , 80442 , 80443 , 80444 , 80445 , 80446 , 80447 , 80448 , 80449 , 80450 , 80451 , 80452 , 80454 , 80457 , 80458 , 80473 , 80475 , 80476 , 80477 , 80478 , 80479 , 80480 , 80481 , 80482 , 80485 , 80486 , 80487 , 80488 , 80489 , 80490 , 80491 , 80512 , 80523 , 80524 , 80525 , 80526 , 80532 , 80539 , 80540 , 142347 , 80613 , 80614 , 80618 , 80619 , 80620 , 80621 , 80622 , 80623 , 80624 , 80625 , 80645 , 80646 , 80647 , 80648 , 80649 , 155445 , 80697 , 80698 , 80699 , 80700 , 80701 , 80702 , 80703 , 80704 , 80705 , 80706 , 80707 , 80708 , 80709 , 80710 , 80711 , 80713 , 80714 , 80715 , 80726 , 80747 , 80748 , 80749 , 80750 , 80781 , 80829 , 80830 , 80831 , 80832 , 80833 , 80834 , 80837 , 80850 , 80854 , 80855 , 80856 , 80857 , 80858 , 80869 , 80870 , 80871 , 80872 , 80873 , 80875 , 80876 , 80882 , 80883 , 80888 , 80889 , 80890 , 80891 , 80892 , 80893 , 80894 , 80895 , 80896 , 80899 , 80901 , 80902 , 80903 , 80904 , 80907 , 80908 , 80909 , 80910 , 80911 , 80912 , 80913 , 80914 , 80916 , 80917 , 80919 , 80920 , 80921 , 80922 , 80927 , 80936 , 80937 , 80966 , 80967 , 80968 , 80969 , 80972 , 80974 , 80978 , 80979 , 80980 , 80981 , 80983 , 80984 , 80985 , 80986 , 80987 , 80999 , 81000 , 81001 , 81002 , 81003 , 81004 , 81005 , 81006 , 81007 , 81008 , 81009 , 81010 , 81011 , 81012 , 81013 , 81014 , 81016 , 81028 , 81029 , 81030 , 81032 , 81033 , 81034 , 81036 , 81037 , 81038 , 81045 , 81052 , 81053 , 81054 , 81063 , 81064 , 81065 , 81066 , 81067 , 81073 , 81074 , 81075 , 81083 , 81084 , 81085 , 81098 , 81099 , 81100 , 81101 , 81102 , 81105 , 81106 , 81108 , 81109 , 81164 , 81165 , 81172 , 81173 , 81174 , 81176 , 81189 , 81201 , 81270 , 81271 , 81272 , 81273 , 81274 , 81275 , 81276 , 81277 , 81278 , 81279 , 81284 , 81286 , 81287 , 81293 , 81294 , 81295 , 81296 , 81297 , 81298 , 81303 , 81304 , 81305 , 81306 , 81308 , 81309 , 81310 , 81319 , 81320 , 81321 , 81322 , 81324 , 81325 , 81326 , 81327 , 81331 , 81341 , 81342 , 81369 , 81370 , 81387 , 81390 , 81400 , 81401 , 81444 , 81445 , 81446 , 81447 , 81448 , 81452 , 155471 , 81484 , 81494 , 81495 , 81559 , 81562 , 81563 , 81572 , 81573 , 81574 , 81575 , 81576 , 81579 , 81580 , 81581 , 81582 , 81583 , 81584 , 81586 , 81589 , 81604 , 81605 , 81606 , 81607 , 81608 , 81609 , 81610 , 81611 , 81612 , 81616 , 81617 , 81637 , 81638 , 81639 , 81640 , 81641 , 81642 , 81643 , 81644 , 81649 , 81650 , 81653 , 81654 , 81662 , 81663 , 81664 , 81665 , 81667 , 81668 , 81669 , 81670 , 81671 , 81672 , 81673 , 81674 , 81675 , 81680 , 81681 , 81686 , 81687 , 81688 , 81697 , 81698 , 81699 , 81700 , 81701 , 81702 , 81703 , 81704 , 81705 , 81706 , 81711 , 81712 , 81713 , 81714 , 81715 , 81716 , 81717 , 81718 , 81719 , 81720 , 81721 , 81722 , 81723 , 81724 , 81725 , 81726 , 81728 , 81729 , 81730 , 81731 , 144694 , 155480 , 81788 , 81790 , 81791 , 81792 , 81793 , 81794 , 81795 , 81796 , 81797 , 81798 , 81799 , 81800 , 81803 , 81804 , 81805 , 81806 , 81808 , 81809 , 81812 , 81813 , 81814 , 81864 , 81866 , 81870 , 81897 , 81898 , 81958 , 81959 , 81962 , 81963 , 81980 , 81981 , 81982 , 81988 , 81989 , 81994 , 82001 , 82010 , 82011 , 82012 , 82013 , 82014 , 82015 , 82016 , 82022 , 82023 , 82024 , 82071 , 82072 , 82081 , 82082 , 82083 , 82084 , 82086 , 82087 , 82088 , 82089 , 82090 , 82091 , 82097 , 82101 , 82119 , 82139 , 82140 , 82141 , 82142 , 82143 , 82144 , 142400 , 155494 , 82178 , 82179 , 82180 , 82181 , 82182 , 82183 , 82186 , 82187 , 82188 , 82189 , 82191 , 82192 , 82193 , 82211 , 82212 , 82213 , 82214 , 82215 , 82216 , 82217 , 82218 , 82224 , 82225 , 82226 , 82228 , 82233 , 82234 , 82235 , 82236 , 82237 , 82238 , 82239 , 82260 , 82261 , 82262 , 82268 , 82275 , 82324 , 82329 , 82333 , 82338 , 82339 , 82340 , 82365 , 82366 , 82367 , 82368 , 82369 , 82372 , 82375 , 82376 , 82377 , 82378 , 82379 , 82382 , 82383 , 82384 , 82385 , 82388 , 82389 , 82390 , 82393 , 82394 , 82395 , 82396 , 82399 , 82400 , 82401 , 82402 , 82403 , 82404 , 82405 , 82406 , 82407 , 82408 , 82409 , 82410 , 82411 , 82412 , 82414 , 82415 , 82416 , 82421 , 82422 , 82423 , 82426 , 82427 , 82428 , 82430 , 82431 , 82432 , 82433 , 82434 , 82435 , 82436 , 82437 , 82438 , 82469 , 82470 , 82471 , 82472 , 82477 , 82478 , 82479 , 82480 , 82484 , 82485 , 82493 , 82494 , 82504 , 82505 , 82524 , 82525 , 82526 , 82527 , 82528 , 82529 , 82530 , 82532 , 82534 , 82535 , 82536 , 82537 , 82540 , 82541 , 82544 , 82545 , 82551 , 82552 , 82556 , 82557 , 82560 , 82561 , 82562 , 82563 , 82567 , 82578 , 82579 , 82583 , 144836 , 144838 , 144839 , 82672 , 82673 , 82675 , 82696 , 82697 , 82698 , 82699 , 82700 , 82701 , 82702 , 82703 , 82704 , 82705 , 82713 , 82727 , 82728 , 82729 , 82730 , 82731 , 82736 , 82742 , 82743 , 82744 , 82747 , 82748 , 133692 , 82790 , 82794 , 82795 , 82796 , 82797 , 82815 , 82816 , 82817 , 82818 , 82824 , 82825 , 82826 , 82827 , 82828 , 82829 , 82830 , 82831 , 82845 , 82866 , 82867 , 82868 , 82870 , 82894 , 82898 , 82899 , 82900 , 82904 , 82905 , 82921 , 82922 , 82925 , 82933 , 82934 , 138062 , 138063 , 82989 , 83011 , 83012 , 83017 , 83018 , 83019 , 83020 , 83021 , 83022 , 83024 , 83025 , 83099 , 83100 , 83101 , 83102 , 83104 , 83105 , 83106 , 83107 , 83108 , 83109 , 83110 , 83111 , 83112 , 83114 , 83115 , 83137 , 83139 , 83140 , 83149 , 83150 , 83151 , 83179 , 83182 , 83191 , 83206 , 83207 , 83208 , 83209 , 83210 , 83211 , 83213 , 83214 , 83215 , 83216 , 83217 , 83218 , 83219 , 83220 , 83221 , 83222 , 83223 , 83224 , 83225 , 83232 , 83233 , 83234 , 83235 , 83236 , 83237 , 83238 , 83240 , 83241 , 83242 , 83243 , 83244 , 83245 , 83246 , 83247 , 83248 , 83249 , 83252 , 83256 , 83257 , 83258 , 83260 , 83261 , 83279 , 83280 , 83281 , 83282 , 83285 , 83286 , 83288 , 83290 , 83291 , 83293 , 83294 , 83302 , 83303 , 83304 , 83305 , 83306 , 83307 , 83308 , 83309 , 83310 , 83311 , 83317 , 83328 , 83336 , 83339 , 83340 , 144964 , 83386 , 144973 , 83415 , 83418 , 83419 , 83420 , 83421 , 83424 , 83425 , 83426 , 83427 , 83428 , 83429 , 83430 , 144977 , 83434 , 83435 , 83437 , 83442 , 83443 , 83444 , 83451 , 83452 , 83485 , 83486 , 83488 , 83498 , 83499 , 83500 , 83520 , 83521 , 83522 , 83523 , 83524 , 83525 , 83526 , 83527 , 83528 , 83529 , 83531 , 83532 , 83533 , 83578 , 83579 , 83586 , 83587 , 83588 , 83589 , 83590 , 83591 , 83592 , 83593 , 83594 , 83595 , 83596 , 83598 , 83599 , 83600 , 83601 , 83602 , 83603 , 83604 , 83605 , 83606 , 83607 , 83608 , 83609 , 83610 , 83611 , 83612 , 83613 , 83614 , 83615 , 83618 , 83619 , 83634 , 83635 , 83637 , 83640 , 83641 , 83642 , 83645 , 83646 , 83647 , 83648 , 83649 , 83651 , 83652 , 83653 , 83654 , 83655 , 83656 , 83658 , 83659 , 83661 , 83662 , 83663 , 83664 , 83665 , 83666 , 83671 , 83676 , 83677 , 83693 , 83694 , 83698 , 83699 , 83700 , 83701 , 83702 , 83703 , 83704 , 83705 , 83706 , 83708 , 83709 , 83710 , 83711 , 83713 , 83714 , 83715 , 83716 , 83717 , 83718 , 83719 , 83720 , 83721 , 83723 , 83744 , 83745 , 145032 , 145033 , 145034 , 83776 , 83777 , 83778 , 83779 , 83780 , 83783 , 83784 , 83785 , 83786 , 83787 , 83788 , 83789 , 83790 , 83791 , 83792 , 83793 , 83796 , 83810 , 83811 , 83812 , 83813 , 83839 , 83840 , 83843 , 83844 , 83845 , 83846 , 83848 , 83849 , 83850 , 83851 , 83852 , 83949 , 83954 , 83955 , 83956 , 83957 , 84015 , 84016 , 84017 , 84018 , 84019 , 84023 , 84024 , 84026 , 84027 , 84028 , 84029 , 84030 , 84031 , 84032 , 84033 , 84034 , 84084 , 84160 , 84161 , 84164 , 84165 , 84166 , 84167 , 84168 , 84169 , 84173 , 84174 , 84175 , 151197 , 84199 , 84200 , 84203 , 84204 , 84205 , 84206 , 84207 , 84209 , 84210 , 84211 , 84213 , 84214 , 84215 , 84217 , 84218 , 84220 , 84222 , 84223 , 84228 , 145110 , 84238 , 84239 , 84240 , 84246 , 84247 , 84248 , 84265 , 84272 , 84273 , 84274 , 145118 , 84289 , 84290 , 84300 , 84301 , 84302 , 84305 , 84306 , 84320 , 84342 , 84350 , 84351 , 84352 , 84356 , 84357 , 84358 , 84367 , 84368 , 84369 , 84371 , 84383 , 84384 , 84385 , 84386 , 84387 , 84388 , 84394 , 84395 , 84432 , 84433 , 84438 , 84439 , 84443 , 84449 , 84450 , 84451 , 84461 , 84466 , 84467 , 84468 , 84469 , 84470 , 84472 , 84473 , 84474 , 84475 , 84477 , 84492 , 84496 , 84497 , 84498 , 84511 , 84533 , 84534 , 84535 , 84536 , 84537 , 84538 , 84539 , 84540 , 84541 , 84546 , 84547 , 84550 , 84551 , 84552 , 84554 , 84560 , 84561 , 84569 , 84570 , 84571 , 84577 , 84578 , 84579 , 84580 , 84582 , 84583 , 84586 , 84587 , 84597 , 84598 , 84599 , 84600 , 84601 , 84602 , 84606 , 84607 , 84608 , 84610 , 84611 , 84612 , 151211 , 84614 , 84615 , 84616 , 84623 , 84624 , 84627 , 84628 , 84629 , 84630 , 84631 , 84632 , 84633 , 84689 , 84691 , 84692 , 84693 , 84694 , 84695 , 84696 , 145188 , 84720 , 145192 , 145193 , 145195 , 145196 , 84751 , 84752 , 84764 , 84765 , 84766 , 84767 , 84772 , 84777 , 84778 , 84779 , 84781 , 84782 , 84792 , 84795 , 84796 , 84802 , 84803 , 84837 , 84838 , 84839 , 84844 , 84845 , 84848 , 84849 , 84850 , 151219 , 84866 , 84867 , 84868 , 84871 , 84872 , 84873 , 84874 , 84875 , 84876 , 84877 , 84882 , 84883 , 84897 , 84901 , 84902 , 84903 , 84904 , 84905 , 84924 , 84933 , 84934 , 84935 , 84940 , 84941 , 84943 , 84944 , 84949 , 84967 , 84968 , 84972 , 84973 , 84974 , 84995 , 84998 , 84999 , 85001 , 85027 , 85028 , 85029 , 85030 , 85031 , 85062 , 85063 , 85064 , 85065 , 85070 , 85071 , 85072 , 85073 , 85074 , 85075 , 85076 , 85085 , 85086 , 85087 , 85088 , 85089 , 85090 , 85096 , 85097 , 85159 , 85160 , 85161 , 85162 , 85163 , 85164 , 85165 , 85169 , 85170 , 85172 , 85173 , 85174 , 85178 , 85179 , 85187 , 85188 , 85189 , 85190 , 85191 , 85192 , 85193 , 85194 , 85195 , 85196 , 85197 , 85198 , 85199 , 85200 , 85201 , 85202 , 85206 , 85207 , 85208 , 85209 , 85210 , 85211 , 85212 , 85214 , 85216 , 85217 , 85219 , 85232 , 85233 , 85234 , 85235 , 85237 , 85238 , 85239 , 85240 , 85241 , 85318 , 85319 , 85320 , 85322 , 85323 , 85324 , 85325 , 85326 , 85327 , 85328 , 85329 , 85330 , 85331 , 85332 , 85333 , 85354 , 85355 , 85356 , 85357 , 85358 , 85375 , 85376 , 85377 , 85378 , 85380 , 85381 , 85382 , 85385 , 85386 , 85389 , 85390 , 85391 , 85393 , 85396 , 85399 , 85400 , 85401 , 85402 , 85404 , 85429 , 85462 , 85467 , 85468 , 85475 , 85476 , 85477 , 85480 , 85535 , 85536 , 85537 , 85540 , 85566 , 85567 , 85609 , 85623 , 85624 , 85625 , 85626 , 85627 , 85629 , 85630 , 85635 , 85636 , 85637 , 85638 , 85681 , 85682 , 85683 , 85684 , 85685 , 85687 , 85688 , 85689 , 85700 , 85701 , 85702 , 145363 , 85750 , 145364 , 145365 , 85762 , 85765 , 85766 , 85767 , 85768 , 85769 , 85776 , 85780 , 85788 , 85789 , 85790 , 145371 , 85824 , 85825 , 85826 , 85827 , 85830 , 85831 , 85832 , 85833 , 85834 , 85835 , 85841 , 85844 , 85845 , 85846 , 85848 , 85849 , 85855 , 85858 , 85860 , 85861 , 85862 , 85864 , 85865 , 85867 , 85868 , 85869 , 85872 , 85873 , 85874 , 85877 , 85878 , 85886 , 85887 , 85958 , 85959 , 85960 , 85966 , 85975 , 85976 , 85977 , 85978 , 85979 , 85990 , 86001 , 86004 , 86005 , 86007 , 86008 , 86009 , 86010 , 86011 , 86012 , 86013 , 86014 , 86015 , 86016 , 86028 , 136745 , 86068 , 86069 , 86070 , 86071 , 86072 , 86075 , 86076 , 86077 , 86078 , 86084 , 86085 , 86100 , 86101 , 86102 , 86103 , 86104 , 86123 , 86124 , 86125 , 86172 , 86173 , 86174 , 86175 , 86176 , 86177 , 86183 , 86184 , 86185 , 86186 , 86187 , 86190 , 86191 , 86192 , 86193 , 86194 , 86195 , 86197 , 86198 , 86199 , 86200 , 86201 , 86202 , 86203 , 86204 , 86205 , 86206 , 86207 , 86208 , 86209 , 86211 , 86213 , 86214 , 86216 , 86217 , 86218 , 86219 , 86220 , 86238 , 86239 , 86240 , 86241 , 86242 , 86247 , 86248 , 86249 , 86253 , 86315 , 86318 , 86319 , 86320 , 86321 , 86324 , 86325 , 86330 , 86331 , 86332 , 86336 , 86337 , 86342 , 86343 , 86344 , 86345 , 86346 , 86370 , 86371 , 86372 , 86373 , 86374 , 86375 , 86376 , 86377 , 86378 , 86379 , 86380 , 86381 , 86382 , 86383 , 86384 , 86389 , 86390 , 86393 , 86394 , 86396 , 86397 , 86423 , 86424 , 86425 , 86426 , 86430 , 86431 , 86432 , 86506 , 86532 , 86537 , 86538 , 86539 , 86540 , 86541 , 86542 , 86546 , 86547 , 86548 , 86549 , 86551 , 86563 , 86564 , 86565 , 86566 , 86567 , 86568 , 86572 , 86573 , 86591 , 86592 , 86604 , 86606 , 86622 , 86623 , 86639 , 86640 , 86641 , 86648 , 86649 , 86650 , 86651 , 86687 , 86688 , 86689 , 86690 , 86691 , 86692 , 86693 , 86694 , 86695 , 155645 , 86702 , 86713 , 86734 , 86735 , 86736 , 86814 , 86815 , 86816 , 86817 , 86818 , 86819 , 86820 , 86823 , 86824 , 86841 , 86850 , 86864 , 86865 , 86866 , 86867 , 86870 , 86871 , 86876 , 86877 , 86883 , 86884 , 86886 , 86887 , 86888 , 86896 , 86897 , 86898 , 86923 , 86931 , 86932 , 86933 , 86934 , 86935 , 86936 , 86937 , 86971 , 86972 , 86973 , 86975 , 86978 , 86979 , 86981 , 86995 , 87000 , 87001 , 87002 , 87003 , 87004 , 87005 , 87007 , 87008 , 87010 , 87011 , 87012 , 87013 , 87014 , 87015 , 87016 , 87017 , 87018 , 87028 , 87032 , 87033 , 87034 , 87035 , 87036 , 145579 , 87046 , 87049 , 145581 , 87056 , 87057 , 87058 , 87060 , 87061 , 87062 , 87064 , 87065 , 87066 , 145584 , 87074 , 87075 , 87076 , 87077 , 87079 , 87080 , 87081 , 87084 , 87085 , 87086 , 87087 , 87088 , 87090 , 87091 , 87092 , 87093 , 87097 , 87099 , 87102 , 87103 , 87104 , 87105 , 87106 , 87110 , 87111 , 87132 , 87155 , 87157 , 87158 , 87159 , 87160 , 87161 , 87164 , 87165 , 87166 , 87170 , 87171 , 87172 , 87173 , 87174 , 87187 , 87188 , 87189 , 87190 , 87191 , 87195 , 87196 , 87197 , 87199 , 87200 , 87201 , 87208 , 87210 , 87223 , 87224 , 87225 , 87226 , 87233 , 87234 , 87235 , 87242 , 87243 , 87245 , 87246 , 87247 , 87251 , 87270 , 87271 , 87272 , 87273 , 87275 , 87276 , 87277 , 87278 , 87279 , 87280 , 87284 , 87285 , 87286 , 87287 , 87345 , 87346 , 87347 , 87348 , 87349 , 87351 , 87352 , 87353 , 87354 , 87357 , 87358 , 87359 , 87360 , 87362 , 87363 , 87364 , 87365 , 87367 , 87368 , 87369 , 87370 , 145634 , 145635 , 87380 , 87381 , 87383 , 87391 , 87392 , 87393 , 87397 , 87398 , 87399 , 87400 , 87401 , 87402 , 87403 , 87410 , 87413 , 87414 , 87445 , 87447 , 87448 , 87449 , 87450 , 87451 , 87452 , 87453 , 87454 , 87455 , 87482 , 87483 , 87484 , 87485 , 87495 , 87519 , 87520 , 87539 , 87540 , 87541 , 87572 , 87573 , 87574 , 87590 , 87591 , 87592 , 87593 , 87594 , 87604 , 87616 , 87617 , 87626 , 87627 , 87628 , 87661 , 87662 , 87664 , 87665 , 87666 , 87667 , 87668 , 87676 , 87689 , 87695 , 87696 , 87697 , 87706 , 87712 , 87713 , 87746 , 87747 , 87769 , 87770 , 87771 , 87772 , 87773 , 87774 , 87775 , 87776 , 87777 , 142588 , 87832 , 87833 , 87885 , 87886 , 87888 , 87926 , 87952 , 87953 , 87954 , 87955 , 87957 , 87958 , 87967 , 87968 , 87969 , 87970 , 87972 , 87973 , 87974 , 87976 , 87984 , 88057 , 88058 , 88059 , 88060 , 88061 , 88062 , 88063 , 88066 , 88067 , 88068 , 88069 , 88070 , 88071 , 88078 , 88079 , 88092 , 88093 , 88101 , 88102 , 88116 , 88121 , 88122 , 88123 , 88124 , 88125 , 88127 , 88174 , 88175 , 88176 , 88217 , 88218 , 88231 , 88232 , 88233 , 88234 , 88235 , 88236 , 88237 , 88238 , 88239 , 88240 , 88241 , 88242 , 88245 , 88246 , 88247 , 88249 , 88250 , 88251 , 88252 , 145782 , 145783 , 88273 , 88274 , 88275 , 88276 , 88277 , 88278 , 88279 , 88280 , 88281 , 88282 , 88283 , 88288 , 88289 , 88292 , 88293 , 88297 , 88298 , 88299 , 88300 , 88301 , 145792 , 145793 , 145794 , 145795 , 88343 , 88344 , 88355 , 88356 , 88363 , 88364 , 88376 , 88379 , 88380 , 88385 , 88386 , 88388 , 88392 , 88393 , 88394 , 88396 , 88397 , 88398 , 88399 , 88400 , 88401 , 88402 , 88403 , 88404 , 88406 , 88407 , 88417 , 88418 , 88434 , 88435 , 88436 , 88468 , 88469 , 88470 , 88471 , 88473 , 88478 , 88480 , 88481 , 88484 , 88485 , 88486 , 88487 , 88527 , 88528 , 88537 , 88538 , 88539 , 88540 , 88541 , 88542 , 88543 , 88544 , 88568 , 88602 , 88603 , 88604 , 88605 , 88606 , 88607 , 88615 , 88616 , 88617 , 88618 , 88619 , 88640 , 88641 , 88642 , 88643 , 88644 , 88645 , 88715 , 88716 , 88719 , 88720 , 88731 , 88732 , 88737 , 88738 , 88739 , 88740 , 88746 , 88747 , 88749 , 88801 , 88802 , 88803 , 88811 , 88812 , 88813 , 88814 , 88826 , 88832 , 88833 , 88834 , 88835 , 88839 , 88840 , 88843 , 88844 , 88865 , 88871 , 88872 , 88884 , 88890 , 88891 , 88902 , 88903 , 88904 , 88905 , 88906 , 88907 , 88908 , 88909 , 88910 , 88911 , 88912 , 88913 , 88914 , 88918 , 88919 , 88921 , 88947 , 88948 , 88959 , 88961 , 88962 , 88964 , 88966 , 88967 , 88968 , 88969 , 88970 , 88972 , 88973 , 88974 , 88975 , 88976 , 88977 , 88978 , 88979 , 88980 , 88981 , 88982 , 88983 , 88984 , 88985 , 88986 , 88987 , 88988 , 88989 , 88990 , 88991 , 88994 , 89026 , 89027 , 89028 , 89029 , 89030 , 89032 , 89033 , 89034 , 89035 , 89036 , 89037 , 89038 , 89053 , 89054 , 89056 , 89057 , 89058 , 89059 , 89060 , 89062 , 89063 , 89064 , 89068 , 89069 , 89070 , 89071 , 89072 , 89073 , 89074 , 89075 , 89076 , 89112 , 89113 , 89114 , 89115 , 89119 , 89120 , 89126 , 89127 , 89128 , 89154 , 89155 , 89156 , 89157 , 89158 , 89159 , 89160 , 89161 , 89162 , 89170 , 89172 , 89173 , 89175 , 89233 , 89234 , 89235 , 89236 , 89237 , 89238 , 89239 , 89269 , 89270 , 89271 , 89272 , 89273 , 89275 , 89276 , 89277 , 89278 , 89279 , 89300 , 89301 , 89331 , 89339 , 89342 , 89343 , 89344 , 89345 , 89346 , 89347 , 89348 , 89350 , 89363 , 89367 , 89368 , 145967 , 145968 , 89392 , 89394 , 89395 , 89398 , 89400 , 89408 , 89409 , 89410 , 89411 , 89414 , 89415 , 89416 , 89417 , 89421 , 89422 , 89423 , 89424 , 89426 , 89427 , 89428 , 89429 , 89430 , 89431 , 89432 , 89433 , 89435 , 89436 , 89437 , 89438 , 89439 , 89440 , 89441 , 89442 , 89443 , 89445 , 89446 , 89447 , 89448 , 89449 , 89450 , 89452 , 89453 , 89458 , 89459 , 89460 , 89462 , 89463 , 89464 , 89465 , 89466 , 89467 , 89469 , 89470 , 89476 , 89477 , 89478 , 89480 , 89488 , 89493 , 89494 , 89498 , 89502 , 89503 , 89504 , 89505 , 89507 , 89508 , 89514 , 89515 , 89516 , 89517 , 89519 , 89520 , 89521 , 89522 , 89523 , 145993 , 89534 , 89535 , 89536 , 89537 , 89538 , 89543 , 89544 , 89545 , 89546 , 145997 , 145998 , 146000 , 146001 , 89578 , 89581 , 89582 , 146003 , 89647 , 89648 , 89649 , 89650 , 89651 , 89652 , 89653 , 89655 , 89656 , 89657 , 89658 , 89660 , 89661 , 89662 , 89663 , 89664 , 89759 , 89761 , 89762 , 89769 , 89783 , 89784 , 89821 , 89840 , 89841 , 89846 , 89860 , 89861 , 89862 , 89866 , 89867 , 89868 , 89869 , 89871 , 89872 , 89873 , 89879 , 89887 , 89895 , 89896 , 89897 , 89901 , 89902 , 89909 , 89910 , 89911 , 89912 , 89913 , 89924 , 89925 , 89929 , 89930 , 89931 , 89968 , 89969 , 89970 , 89971 , 89972 , 89973 , 89974 , 89975 , 89976 , 89982 , 89987 , 90028 , 90029 , 90030 , 90033 , 90034 , 90035 , 90036 , 90037 , 90038 , 90039 , 90040 , 90041 , 90042 , 90043 , 90044 , 90045 , 90046 , 90047 , 90049 , 90051 , 90052 , 90053 , 90054 , 90055 , 90062 , 90063 , 90097 , 90098 , 90101 , 90107 , 90108 , 90130 , 90131 , 90138 , 90139 , 90140 , 90141 , 90142 , 90143 , 90144 , 90145 , 90146 , 90147 , 90148 , 90153 , 90154 , 90155 , 90157 , 90159 , 90162 , 90163 , 151397 , 90216 , 90217 , 151398 , 90231 , 90232 , 90237 , 90238 , 90239 , 90240 , 90241 , 90243 , 90244 , 90245 , 90247 , 90248 , 90255 , 90256 , 90331 , 90332 , 90333 , 90334 , 90335 , 90336 , 90337 , 90338 , 90339 , 90340 , 90341 , 90342 , 90343 , 90344 , 90345 , 90346 , 90347 , 90348 , 90350 , 90351 , 90352 , 90353 , 90354 , 90356 , 90359 , 90362 , 155767 , 90367 , 90368 , 90373 , 90374 , 90375 , 90376 , 90396 , 90397 , 90398 , 90399 , 90400 , 90404 , 90427 , 90440 , 90441 , 90442 , 90448 , 90449 , 90450 , 90452 , 90453 , 90456 , 90457 , 90473 , 90474 , 90475 , 90477 , 146155 , 90521 , 90522 , 90527 , 90547 , 90548 , 90549 , 90550 , 90551 , 90552 , 90553 , 90554 , 90556 , 90558 , 90559 , 90560 , 90561 , 90562 , 90563 , 90564 , 90567 , 90587 , 90588 , 90589 , 90593 , 90594 , 90595 , 90596 , 90597 , 90598 , 90605 , 90606 , 90616 , 90617 , 90618 , 90619 , 90620 , 90621 , 90622 , 90628 , 90629 , 90630 , 90631 , 90632 , 90633 , 90634 , 90637 , 90638 , 90640 , 90641 , 90681 , 90682 , 90683 , 90684 , 90686 , 90687 , 90688 , 90692 , 90749 , 90750 , 90751 , 90773 , 90774 , 90783 , 90784 , 90785 , 90793 , 90794 , 90795 , 90796 , 90797 , 90798 , 134158 , 138324 , 90819 , 90822 , 90823 , 90828 , 90839 , 90840 , 90841 , 90842 , 90895 , 90896 , 90898 , 90899 , 90900 , 90904 , 90905 , 90906 , 90907 , 90910 , 90911 , 90912 , 90913 , 90914 , 90915 , 90917 , 90918 , 90919 , 90920 , 90924 , 138328 , 90941 , 90942 , 90943 , 90944 , 90945 , 134159 , 90977 , 90978 , 151423 , 90980 , 90981 , 90982 , 90986 , 90987 , 90988 , 90990 , 90991 , 90992 , 90993 , 90994 , 90995 , 90996 , 90998 , 91002 , 91003 , 91004 , 91005 , 91006 , 91007 , 91008 , 91014 , 91015 , 91016 , 91017 , 91022 , 91023 , 91024 , 91025 , 91026 , 91027 , 91028 , 91029 , 91030 , 91031 , 91032 , 91035 , 91036 , 91037 , 91062 , 91078 , 91079 , 91080 , 91083 , 91084 , 91116 , 91117 , 91118 , 91119 , 91120 , 91121 , 91124 , 91125 , 91126 , 91128 , 91129 , 91131 , 91132 , 91133 , 91134 , 91135 , 91136 , 91137 , 91138 , 91139 , 91141 , 91142 , 91143 , 91146 , 91147 , 91148 , 91149 , 91151 , 91152 , 91153 , 91154 , 91155 , 91156 , 91157 , 91241 , 91244 , 91245 , 91246 , 91247 , 91248 , 91249 , 91251 , 91258 , 91259 , 91262 , 91263 , 91267 , 91268 , 91269 , 91270 , 91271 , 91272 , 91273 , 91274 , 91276 , 91278 , 91279 , 91280 , 91281 , 91282 , 91283 , 91284 , 91285 , 91287 , 91288 , 91289 , 91294 , 91301 , 91302 , 91304 , 91305 , 91312 , 91315 , 91316 , 91329 , 91347 , 91348 , 91352 , 91353 , 91355 , 91356 , 91360 , 91361 , 91376 , 91390 , 91391 , 91392 , 91393 , 91394 , 91395 , 91397 , 91470 , 91471 , 91473 , 91476 , 91479 , 91486 , 91487 , 91488 , 91496 , 91497 , 91498 , 91499 , 91509 , 91539 , 91540 , 91541 , 91542 , 91543 , 91557 , 91561 , 91562 , 91563 , 91564 , 91565 , 91566 , 91567 , 91568 , 91569 , 91575 , 91576 , 91588 , 91623 , 91624 , 91625 , 91626 , 91627 , 91628 , 91629 , 91631 , 91632 , 91633 , 91634 , 91635 , 91639 , 91640 , 91642 , 91643 , 91644 , 91645 , 91647 , 91648 , 91651 , 91652 , 91653 , 91654 , 146351 , 91711 , 91717 , 91718 , 91719 , 91720 , 91726 , 91727 , 91735 , 91736 , 91737 , 91738 , 91739 , 91740 , 91743 , 91756 , 91757 , 91758 , 91759 , 91760 , 91762 , 91766 , 91767 , 91789 , 91790 , 91791 , 91792 , 91793 , 91795 , 91796 , 91797 , 91799 , 91800 , 91801 , 91802 , 91803 , 91804 , 91805 , 91809 , 91822 , 91823 , 91824 , 91825 , 91826 , 91827 , 91828 , 146377 , 91833 , 91837 , 91838 , 91839 , 91840 , 142723 , 146381 , 91856 , 91857 , 91858 , 91862 , 91863 , 91864 , 91866 , 91867 , 91870 , 91871 , 91872 , 91873 , 91874 , 91877 , 91878 , 91884 , 91889 , 91890 , 146387 , 91893 , 91897 , 91898 , 91899 , 91901 , 91905 , 91906 , 146390 , 146391 , 91962 , 91963 , 91966 , 91967 , 91968 , 91969 , 91970 , 91971 , 91972 , 91973 , 91975 , 91976 , 91977 , 91978 , 91979 , 91982 , 91983 , 91984 , 91985 , 91986 , 91987 , 91988 , 91989 , 91990 , 91991 , 91992 , 91993 , 91996 , 92003 , 92004 , 92007 , 92055 , 92056 , 92057 , 92081 , 92136 , 92143 , 92144 , 92146 , 92147 , 92148 , 92149 , 92152 , 92158 , 92159 , 92164 , 92165 , 92166 , 92167 , 92173 , 92177 , 92178 , 92245 , 92248 , 92249 , 92250 , 92251 , 92252 , 92253 , 92267 , 92282 , 92283 , 92284 , 92285 , 92294 , 92295 , 92296 , 92297 , 92298 , 92299 , 92300 , 92301 , 92307 , 92308 , 92309 , 92310 , 92311 , 92312 , 92349 , 92355 , 92356 , 92357 , 92358 , 92377 , 146473 , 92408 , 92413 , 92414 , 92420 , 92421 , 92425 , 92426 , 92427 , 92429 , 92430 , 92431 , 92432 , 92433 , 92434 , 92435 , 92436 , 92437 , 92438 , 92440 , 92441 , 92442 , 92443 , 92445 , 92446 , 146480 , 92451 , 92452 , 92454 , 146481 , 147108 , 92518 , 92519 , 92520 , 92521 , 92522 , 92523 , 92540 , 92541 , 92542 , 92543 , 92557 , 92558 , 92559 , 92560 , 92561 , 92562 , 92563 , 92564 , 92567 , 92568 , 92569 , 92571 , 92575 , 92576 , 92577 , 92578 , 92582 , 92587 , 92588 , 92589 , 92613 , 92617 , 92618 , 92619 , 92620 , 92627 , 146520 , 146528 , 92765 , 92766 , 92767 , 92770 , 92771 , 92773 , 92774 , 92775 , 92776 , 92777 , 92780 , 92781 , 92793 , 92811 , 92812 , 92813 , 92814 , 92815 , 92816 , 92818 , 92819 , 92822 , 92823 , 92824 , 92825 , 92827 , 92828 , 92829 , 92830 , 92854 , 92855 , 92869 , 92873 , 92874 , 92875 , 92879 , 92880 , 92881 , 92882 , 92883 , 92885 , 92886 , 92887 , 92888 , 92893 , 92895 , 92896 , 92897 , 92898 , 92899 , 92900 , 92925 , 92927 , 92944 , 92945 , 92949 , 92950 , 92951 , 92956 , 92957 , 92971 , 92972 , 92973 , 92974 , 92978 , 92979 , 92980 , 92981 , 92982 , 92983 , 92984 , 92985 , 92986 , 92987 , 92988 , 92989 , 92990 , 92991 , 92992 , 92993 , 92994 , 92995 , 92997 , 93039 , 93040 , 93041 , 93049 , 93050 , 93051 , 93052 , 93053 , 93054 , 93056 , 93063 , 93064 , 93065 , 93066 , 93067 , 93068 , 93069 , 93070 , 93071 , 93072 , 93073 , 93074 , 93075 , 93076 , 93077 , 93085 , 93088 , 93090 , 93091 , 93092 , 153377 , 93114 , 93119 , 93121 , 93122 , 93125 , 93126 , 146595 , 93145 , 93146 , 93147 , 93148 , 93149 , 93150 , 93153 , 93158 , 93159 , 93184 , 93185 , 93202 , 93203 , 93204 , 93205 , 93206 , 93207 , 93210 , 93241 , 93242 , 93243 , 93259 , 93260 , 93261 , 93286 , 93288 , 93300 , 93312 , 93313 , 93314 , 93317 , 93333 , 93334 , 93335 , 93336 , 93337 , 93339 , 93340 , 93343 , 93344 , 93345 , 93346 , 93347 , 93351 , 93352 , 93353 , 93354 , 93355 , 93356 , 93357 , 93413 , 93414 , 93415 , 93419 , 93420 , 93458 , 93460 , 93475 , 93478 , 93486 , 93493 , 93500 , 93501 , 93502 , 93503 , 93505 , 93506 , 93509 , 93512 , 93514 , 93515 , 93516 , 93517 , 93518 , 93519 , 93520 , 93521 , 93522 , 93524 , 93525 , 93526 , 93527 , 93528 , 93529 , 93530 , 93531 , 93534 , 93545 , 93546 , 93547 , 151509 , 93568 , 146670 , 146671 , 93600 , 93601 , 93602 , 93603 , 93604 , 93605 , 93613 , 93614 , 93616 , 93617 , 93619 , 93629 , 146677 , 146678 , 93645 , 93646 , 93647 , 93648 , 93649 , 93650 , 93651 , 93652 , 93653 , 93654 , 93676 , 93677 , 93678 , 93680 , 93681 , 93682 , 93683 , 93687 , 93688 , 93689 , 93690 , 146687 , 93693 , 93694 , 93695 , 93697 , 146689 , 146690 , 146695 , 146699 , 93792 , 93793 , 93794 , 93817 , 93818 , 93819 , 93820 , 93821 , 93822 , 93848 , 93849 , 93850 , 93851 , 93852 , 93853 , 93854 , 93855 , 93856 , 93857 , 93858 , 93859 , 93860 , 93861 , 93862 , 93870 , 93877 , 93878 , 93879 , 93880 , 93881 , 93882 , 93886 , 93887 , 93908 , 93909 , 93910 , 93911 , 93914 , 93915 , 93916 , 93917 , 93918 , 93919 , 93920 , 93921 , 93922 , 93923 , 93926 , 93930 , 93931 , 93957 , 93958 , 93959 , 93960 , 93961 , 93962 , 93963 , 93964 , 93965 , 93973 , 94001 , 94002 , 94013 , 94014 , 94015 , 94016 , 94017 , 94019 , 94041 , 94042 , 94043 , 94044 , 94045 , 94046 , 94047 , 94048 , 94049 , 94050 , 94051 , 94058 , 94059 , 94060 , 94061 , 94064 , 94065 , 94066 , 94067 , 94068 , 146750 , 94070 , 94071 , 94075 , 94077 , 94102 , 94103 , 94104 , 94105 , 94106 , 94107 , 94108 , 94109 , 94110 , 94111 , 94112 , 94114 , 94115 , 94116 , 94117 , 94118 , 94119 , 94120 , 94124 , 94125 , 94126 , 94127 , 94128 , 94129 , 94140 , 94141 , 94142 , 94143 , 94148 , 94149 , 94150 , 94151 , 94153 , 94154 , 94155 , 94168 , 94203 , 94204 , 94205 , 94206 , 94212 , 94215 , 94216 , 94217 , 94218 , 94219 , 94220 , 94221 , 151531 , 94246 , 94297 , 94298 , 94299 , 94300 , 94301 , 94302 , 94303 , 94306 , 94307 , 94308 , 94309 , 94311 , 94312 , 94313 , 94315 , 94316 , 94317 , 94318 , 94319 , 94321 , 94322 , 94323 , 94324 , 94325 , 94326 , 94327 , 94331 , 94332 , 94338 , 94339 , 94340 , 94342 , 94343 , 94352 , 94353 , 94355 , 94356 , 94357 , 94358 , 94361 , 94362 , 94364 , 94365 , 94366 , 94367 , 94368 , 94369 , 94370 , 94371 , 94372 , 94373 , 94374 , 94375 , 94376 , 94377 , 94378 , 94379 , 94380 , 134079 , 94406 , 94407 , 94408 , 94409 , 94410 , 94412 , 94414 , 94415 , 94416 , 94426 , 94441 , 94442 , 94443 , 94444 , 94445 , 94446 , 94447 , 94448 , 94449 , 146817 , 94483 , 94487 , 94489 , 94490 , 94491 , 94492 , 94496 , 94518 , 94519 , 94520 , 94521 , 94522 , 94524 , 94525 , 94526 , 94527 , 94543 , 94544 , 94545 , 94547 , 94548 , 94549 , 94550 , 94551 , 94552 , 94553 , 94554 , 94555 , 94557 , 94559 , 94562 , 94567 , 94568 , 94569 , 94570 , 94571 , 94572 , 94573 , 94574 , 94576 , 94577 , 94578 , 94579 , 94580 , 94583 , 94584 , 94585 , 94586 , 94587 , 94588 , 94589 , 94606 , 94607 , 94608 , 94609 , 94610 , 94611 , 94612 , 94613 , 94616 , 94617 , 94619 , 94620 , 94621 , 94622 , 94623 , 94624 , 94632 , 94633 , 94637 , 94639 , 94640 , 94643 , 94652 , 94653 , 94664 , 94665 , 94666 , 94667 , 94668 , 94674 , 94675 , 94676 , 94681 , 94682 , 94683 , 94684 , 94685 , 94686 , 94687 , 94688 , 94691 , 94692 , 94693 , 94694 , 94695 , 94696 , 94700 , 94702 , 94703 , 94716 , 94717 , 94718 , 94719 , 94720 , 94721 , 94722 , 94728 , 94729 , 94730 , 94731 , 94747 , 94748 , 94749 , 94750 , 94753 , 94755 , 94756 , 94757 , 94758 , 94759 , 94760 , 94761 , 94762 , 94763 , 94764 , 94767 , 94768 , 94769 , 94771 , 94772 , 94802 , 94803 , 94804 , 94805 , 94806 , 94807 , 94808 , 94809 , 94810 , 94811 , 94812 , 94813 , 94814 , 94815 , 94816 , 94817 , 94818 , 94819 , 94821 , 94822 , 94823 , 94825 , 94826 , 94827 , 94828 , 94829 , 94830 , 94831 , 94834 , 94835 , 94836 , 94837 , 94839 , 94840 , 94842 , 94845 , 94847 , 94848 , 94849 , 94850 , 94852 , 94855 , 94856 , 94861 , 94862 , 94886 , 94887 , 94889 , 94890 , 94891 , 94892 , 94893 , 94895 , 94896 , 94897 , 94898 , 94899 , 94900 , 94902 , 94951 , 94952 , 94953 , 94954 , 94955 , 94956 , 94959 , 94960 , 94961 , 94962 , 94963 , 94964 , 94965 , 94966 , 94967 , 94990 , 146915 , 95083 , 95087 , 151560 , 95095 , 95102 , 95103 , 95104 , 95105 , 95106 , 95107 , 95108 , 95109 , 95110 , 95111 , 95112 , 95113 , 95114 , 95115 , 95116 , 95117 , 95118 , 95119 , 95121 , 95122 , 95124 , 95125 , 95127 , 95128 , 95129 , 95130 , 95131 , 95132 , 95133 , 95134 , 95135 , 95136 , 95137 , 95138 , 95139 , 95140 , 95141 , 95142 , 95143 , 95144 , 95145 , 95148 , 95162 , 95171 , 95172 , 95173 , 95175 , 95176 , 95177 , 95180 , 95188 , 95189 , 95190 , 95191 , 95192 , 95194 , 95209 , 95210 , 95211 , 95212 , 95213 , 95218 , 95219 , 95220 , 95221 , 95287 , 95288 , 95289 , 95290 , 95291 , 95292 , 95293 , 95294 , 95296 , 95297 , 95298 , 95299 , 95302 , 95303 , 95306 , 95307 , 95308 , 95311 , 95312 , 95317 , 95318 , 95319 , 95320 , 95321 , 95332 , 95333 , 95334 , 95335 , 95338 , 95339 , 95342 , 95355 , 95356 , 95357 , 95389 , 95402 , 95428 , 95429 , 95435 , 95436 , 95437 , 95438 , 95439 , 95440 , 95441 , 95442 , 95443 , 95444 , 95446 , 95447 , 95448 , 95449 , 95450 , 95451 , 95453 , 95454 , 95455 , 95457 , 95459 , 95460 , 95461 , 95462 , 95463 , 95464 , 95495 , 95496 , 95497 , 95498 , 95499 , 95500 , 95501 , 95502 , 95507 , 95508 , 95509 , 95510 , 95511 , 95512 , 95513 , 95519 , 95520 , 95521 , 95522 , 95523 , 95524 , 95525 , 95526 , 95527 , 95528 , 95529 , 95530 , 95531 , 95532 , 95535 , 95536 , 95586 , 95587 , 95590 , 147007 , 147008 , 95653 , 95719 , 95720 , 95721 , 95724 , 95725 , 95726 , 95731 , 95762 , 95764 , 95765 , 95766 , 95767 , 95812 , 95813 , 95828 , 95829 , 95830 , 95834 , 95840 , 95843 , 95844 , 95845 , 95846 , 95847 , 95916 , 95917 , 95918 , 95920 , 95921 , 95923 , 95927 , 95956 , 95957 , 95958 , 95959 , 95960 , 95961 , 95962 , 95963 , 95964 , 95973 , 95984 , 95985 , 96001 , 96003 , 96004 , 96005 , 96010 , 96011 , 96015 , 96016 , 96020 , 96021 , 96025 , 96026 , 96027 , 96028 , 96029 , 96049 , 96050 , 96051 , 96052 , 96053 , 96054 , 96072 , 96073 , 96074 , 96080 , 96081 , 96082 , 96083 , 96084 , 96085 , 96125 , 96126 , 96127 , 96142 , 96143 , 96144 , 96145 , 96167 , 96170 , 96171 , 96173 , 96174 , 96175 , 96176 , 96177 , 96178 , 96179 , 96188 , 96189 , 96190 , 96191 , 96202 , 96203 , 96204 , 96205 , 96206 , 96209 , 96210 , 96211 , 96212 , 96213 , 96214 , 96216 , 96217 , 96218 , 147109 , 96225 , 96226 , 147111 , 96242 , 96247 , 96248 , 96249 , 96250 , 147114 , 96254 , 96255 , 147115 , 147116 , 96267 , 96268 , 96269 , 96270 , 96271 , 96272 , 96273 , 96286 , 147121 , 96322 , 96323 , 96350 , 96352 , 96353 , 96354 , 96355 , 96356 , 96358 , 96359 , 96362 , 96363 , 96364 , 96368 , 96369 , 96371 , 96372 , 96373 , 96379 , 96380 , 96387 , 96397 , 96398 , 96399 , 96400 , 96401 , 151605 , 96457 , 96475 , 96477 , 96478 , 96479 , 96480 , 96481 , 96482 , 96483 , 96484 , 96485 , 96489 , 96490 , 96491 , 96492 , 96493 , 96494 , 96495 , 96518 , 96519 , 96520 , 96549 , 96551 , 96584 , 96585 , 96586 , 96587 , 96588 , 96596 , 96597 , 96598 , 96619 , 96627 , 96637 , 96638 , 96639 , 96640 , 96641 , 96643 , 96668 , 96669 , 96670 , 96682 , 96683 , 96684 , 96688 , 96694 , 96695 , 96696 , 96697 , 96699 , 96700 , 96709 , 96710 , 96712 , 96713 , 96715 , 96716 , 96717 , 96718 , 96719 , 96720 , 96723 , 96724 , 96725 , 96726 , 96727 , 96728 , 96729 , 96730 , 96731 , 96732 , 96733 , 96734 , 96739 , 96740 , 96741 , 96742 , 96743 , 96744 , 96745 , 96760 , 96761 , 96762 , 96763 , 96765 , 96766 , 96769 , 96770 , 96771 , 96772 , 96774 , 96777 , 96778 , 96779 , 96780 , 96781 , 96783 , 96790 , 96791 , 96799 , 96800 , 96801 , 96806 , 96807 , 96808 , 96809 , 96812 , 96813 , 96814 , 96816 , 96817 , 96818 , 96822 , 96823 , 96824 , 96825 , 96828 , 147213 , 96869 , 96870 , 96871 , 96895 , 96896 , 96897 , 96898 , 96911 , 96912 , 96913 , 96914 , 96915 , 96916 , 96917 , 96918 , 96928 , 96938 , 96939 , 147235 , 96995 , 96996 , 96997 , 96998 , 96999 , 97000 , 97001 , 97002 , 97003 , 97004 , 97005 , 97006 , 97007 , 97008 , 97009 , 97015 , 97016 , 97017 , 97018 , 97027 , 97028 , 97036 , 97037 , 97040 , 97060 , 97072 , 97073 , 97074 , 97075 , 97077 , 97078 , 97079 , 97084 , 97085 , 97086 , 97087 , 147255 , 97109 , 97110 , 97111 , 97131 , 97132 , 97133 , 97134 , 97135 , 97136 , 97138 , 97139 , 97140 , 97141 , 97142 , 97143 , 97144 , 97145 , 97146 , 97147 , 97152 , 97153 , 97154 , 97155 , 97161 , 97184 , 97185 , 97186 , 97187 , 97188 , 97189 , 97190 , 97192 , 97253 , 97258 , 97259 , 97260 , 97261 , 97262 , 97282 , 97343 , 97344 , 97357 , 97358 , 97360 , 97361 , 97362 , 97365 , 97366 , 97367 , 97368 , 97382 , 97398 , 97399 , 97400 , 97401 , 97404 , 97405 , 97406 , 97427 , 97453 , 97454 , 97455 , 97456 , 97457 , 97458 , 97459 , 97460 , 97465 , 97472 , 97473 , 97474 , 97475 , 97479 , 97480 , 97481 , 97483 , 97486 , 97487 , 97488 , 97533 , 97534 , 97536 , 97537 , 97551 , 97552 , 97553 , 97565 , 97566 , 97567 , 97568 , 97614 , 97615 , 97616 , 97632 , 97633 , 97634 , 97635 , 97638 , 97641 , 97642 , 97643 , 97644 , 97645 , 97646 , 97649 , 97650 , 97651 , 97653 , 97656 , 97657 , 97658 , 97659 , 97660 , 97662 , 97663 , 97664 , 97665 , 97666 , 97667 , 97668 , 97671 , 97672 , 97673 , 97674 , 97675 , 97676 , 97677 , 97703 , 97704 , 97705 , 97706 , 97708 , 97712 , 97713 , 97720 , 97727 , 97728 , 97786 , 97787 , 97788 , 97789 , 97794 , 97795 , 97796 , 97797 , 97798 , 97800 , 97801 , 97802 , 97803 , 97804 , 97805 , 97806 , 97807 , 97808 , 97809 , 97810 , 97827 , 97828 , 97829 , 97830 , 97831 , 97840 , 97841 , 97842 , 97843 , 97844 , 97847 , 97850 , 97851 , 97857 , 97858 , 97859 , 97864 , 97868 , 97883 , 97888 , 97889 , 97891 , 97892 , 97893 , 97947 , 97955 , 97956 , 97957 , 97958 , 97959 , 97960 , 97961 , 97962 , 97964 , 97965 , 97966 , 97968 , 97969 , 97970 , 97971 , 97972 , 97974 , 97975 , 97976 , 97977 , 97978 , 97979 , 97980 , 97981 , 97982 , 97983 , 97984 , 97985 , 97986 , 97987 , 97988 , 97989 , 97990 , 97991 , 97993 , 97998 , 98056 , 98057 , 98058 , 98059 , 98060 , 98061 , 98062 , 98063 , 98064 , 98068 , 98069 , 98077 , 98078 , 98087 , 98088 , 98089 , 98095 , 98096 , 98097 , 98098 , 98099 , 98100 , 98104 , 98105 , 98106 , 98107 , 98109 , 98110 , 98111 , 98112 , 98113 , 98114 , 98116 , 98117 , 98122 , 98123 , 98124 , 98125 , 98126 , 98127 , 98128 , 98129 , 98130 , 98131 , 98132 , 98133 , 98134 , 98135 , 98136 , 98137 , 98139 , 98140 , 98141 , 98142 , 98143 , 98144 , 98145 , 98154 , 98155 , 98156 , 98157 , 98192 , 98193 , 98194 , 98195 , 98196 , 98197 , 98198 , 98199 , 98200 , 98205 , 98209 , 98210 , 98211 , 98212 , 98240 , 98241 , 98242 , 98250 , 98251 , 98256 , 98257 , 156030 , 98277 , 98279 , 98280 , 98281 , 98282 , 98283 , 98284 , 98285 , 98286 , 98287 , 98288 , 98289 , 98290 , 98291 , 98292 , 98293 , 98294 , 98295 , 98296 , 98297 , 98299 , 98300 , 98301 , 98302 , 98305 , 98313 , 98314 , 98315 , 98348 , 98353 , 98354 , 98358 , 98372 , 98373 , 98376 , 98377 , 98383 , 98384 , 98385 , 98386 , 98387 , 98392 , 98393 , 98394 , 98395 , 98396 , 98397 , 98398 , 98402 , 98413 , 98414 , 98415 , 147475 , 98425 , 98426 , 98427 , 98428 , 98434 , 98446 , 98447 , 98448 , 98449 , 98450 , 98451 , 98452 , 98453 , 98454 , 98455 , 98456 , 98457 , 98475 , 98477 , 98478 , 98479 , 98480 , 98481 , 98482 , 98483 , 98484 , 98488 , 98489 , 98490 , 98491 , 98492 , 98495 , 98496 , 98497 , 98498 , 98501 , 98502 , 98503 , 98504 , 98509 , 98510 , 98511 , 98512 , 98520 , 98521 , 98522 , 98523 , 98524 , 98525 , 98526 , 98527 , 98528 , 98530 , 98535 , 98536 , 98537 , 98541 , 98542 , 142946 , 98558 , 98559 , 98560 , 98573 , 98574 , 98580 , 98581 , 98584 , 98587 , 98588 , 98594 , 98607 , 98608 , 98614 , 98615 , 98616 , 98619 , 98620 , 98621 , 98622 , 98641 , 98642 , 98643 , 98669 , 98670 , 98676 , 98681 , 98692 , 98693 , 98695 , 98696 , 98697 , 98698 , 98699 , 147523 , 147524 , 147525 , 98730 , 98731 , 98732 , 147528 , 147529 , 147530 , 98755 , 98756 , 98759 , 98760 , 98767 , 98768 , 98769 , 98770 , 98771 , 98778 , 98779 , 98780 , 98781 , 98782 , 98783 , 98786 , 98787 , 98788 , 98791 , 98792 , 98793 , 98794 , 98795 , 98797 , 98799 , 98800 , 147539 , 98810 , 98811 , 98813 , 151684 , 98827 , 98828 , 98829 , 98833 , 98834 , 98835 , 98837 , 98850 , 98851 , 98852 , 98853 , 98854 , 98855 , 98856 , 98857 , 98859 , 98860 , 98879 , 98880 , 98881 , 98884 , 98885 , 98886 , 98889 , 98890 , 98895 , 98896 , 98897 , 98900 , 98901 , 98902 , 98904 , 98905 , 98906 , 98908 , 98910 , 98911 , 98912 , 98913 , 98914 , 98916 , 98917 , 98918 , 98919 , 98920 , 98921 , 98922 , 98939 , 98940 , 98941 , 98942 , 153416 , 98985 , 98986 , 98987 , 98988 , 98989 , 98990 , 98991 , 98992 , 98993 , 98994 , 98995 , 98996 , 98997 , 98998 , 98999 , 99000 , 99001 , 99002 , 99034 , 99043 , 99044 , 99045 , 99052 , 99061 , 99062 , 99063 , 99064 , 99068 , 99069 , 99070 , 99071 , 99072 , 99073 , 99074 , 99075 , 99076 , 99078 , 99080 , 99081 , 99082 , 99083 , 99084 , 99085 , 99086 , 99087 , 99088 , 99089 , 99148 , 99149 , 99150 , 99151 , 99152 , 99154 , 99164 , 99165 , 99171 , 99172 , 99173 , 99174 , 99175 , 99176 , 99178 , 99179 , 99180 , 99204 , 99205 , 99206 , 151697 , 99209 , 99218 , 99219 , 99220 , 99221 , 99222 , 99223 , 99224 , 99225 , 99226 , 99227 , 99228 , 99229 , 99230 , 99231 , 99232 , 99239 , 99240 , 99241 , 99305 , 99306 , 99307 , 99308 , 99309 , 99314 , 99315 , 142944 , 99376 , 99377 , 99378 , 99417 , 99418 , 99419 , 99426 , 99431 , 99432 , 99433 , 99434 , 99435 , 99436 , 99438 , 99439 , 99440 , 99441 , 99442 , 99443 , 99445 , 99446 , 99451 , 99455 , 99456 , 99457 , 99460 , 99469 , 99470 , 99471 , 99479 , 99487 , 99488 , 99489 , 99490 , 99491 , 99492 , 99493 , 99500 , 99501 , 99517 , 99518 , 99519 , 99520 , 99521 , 99522 , 99523 , 99524 , 99526 , 99545 , 99546 , 99547 , 99548 , 99549 , 99550 , 99551 , 99554 , 99555 , 99586 , 99587 , 99588 , 99608 , 99609 , 99610 , 99611 , 99612 , 99613 , 99614 , 99615 , 99616 , 99617 , 99618 , 99657 , 99658 , 99659 , 99660 , 99662 , 99663 , 99664 , 99668 , 99688 , 99689 , 99694 , 99696 , 99697 , 99706 , 99707 , 99708 , 99717 , 99718 , 99719 , 99720 , 99721 , 99722 , 99725 , 99726 , 99727 , 99728 , 99729 , 99730 , 99731 , 99732 , 99770 , 99772 , 99774 , 99775 , 99811 , 99857 , 99860 , 99861 , 99866 , 99867 , 99868 , 99869 , 99870 , 99871 , 99872 , 99876 , 99879 , 99880 , 99881 , 99882 , 99883 , 99884 , 99887 , 99888 , 99889 , 99896 , 99897 , 99903 , 99904 , 99905 , 99907 , 99908 , 99909 , 99910 , 99911 , 99913 , 99914 , 99915 , 99916 , 99944 , 99945 , 99946 , 99947 , 99948 , 99949 , 99950 , 99955 , 99956 , 99957 , 99958 , 99959 , 99960 , 99961 , 99962 , 99963 , 99964 , 99965 , 99995 , 99997 , 100005 , 100006 , 100014 , 100015 , 100016 , 100070 , 100071 , 100072 , 100073 , 100074 , 100075 , 100076 , 100077 , 100078 , 100081 , 100082 , 100083 , 100084 , 100085 , 100086 , 100109 , 100110 , 100111 , 100112 , 100113 , 100114 , 100115 , 100116 , 100117 , 100118 , 100119 , 100120 , 100121 , 100123 , 100124 , 100125 , 100126 , 100128 , 100129 , 100155 , 100156 , 100192 , 100193 , 100206 , 100207 , 100208 , 100209 , 100246 , 100247 , 100248 , 100249 , 100261 , 100268 , 100269 , 100303 , 100309 , 100310 , 100311 , 100313 , 100314 , 100315 , 100318 , 100333 , 100334 , 100335 , 100356 , 100383 , 151680 , 100526 , 100527 , 100531 , 100532 , 100534 , 100535 , 100557 , 100558 , 100559 , 100560 , 100561 , 100562 , 100573 , 100593 , 100594 , 100595 , 100596 , 100612 , 100615 , 100616 , 100617 , 100618 , 100621 , 100622 , 100628 , 100629 , 100632 , 100640 , 100641 , 100642 , 100643 , 100644 , 100653 , 100654 , 100656 , 100657 , 100673 , 100689 , 100690 , 100691 , 100692 , 100693 , 100694 , 100695 , 100696 , 100697 , 100698 , 100699 , 100700 , 100701 , 100702 , 100703 , 100707 , 100708 , 100710 , 100711 , 100712 , 100713 , 100714 , 100715 , 100716 , 100719 , 100725 , 100726 , 100740 , 100743 , 100744 , 100745 , 100747 , 100748 , 100749 , 100771 , 100779 , 100780 , 100781 , 100782 , 100784 , 100785 , 100788 , 100789 , 100790 , 100791 , 100792 , 100793 , 100794 , 100795 , 100814 , 100815 , 100826 , 100827 , 100828 , 100829 , 151683 , 100886 , 100887 , 100915 , 100945 , 100946 , 100947 , 100962 , 100966 , 100967 , 100973 , 100974 , 100975 , 100976 , 100977 , 100978 , 100979 , 100980 , 101004 , 101005 , 101006 , 101007 , 101008 , 101009 , 101010 , 101011 , 101012 , 101013 , 101014 , 101015 , 101016 , 101025 , 101028 , 101029 , 101053 , 101054 , 101056 , 101057 , 101059 , 101060 , 101065 , 101066 , 101070 , 101071 , 101072 , 101079 , 147920 , 101092 , 101093 , 101094 , 101095 , 101096 , 101097 , 101098 , 147922 , 101107 , 101108 , 101109 , 101110 , 101111 , 101112 , 101113 , 101115 , 101116 , 101117 , 147925 , 147926 , 101127 , 101128 , 101129 , 101130 , 101132 , 101133 , 101134 , 101135 , 101136 , 101137 , 101138 , 101139 , 101140 , 101143 , 101146 , 101147 , 101148 , 101149 , 101151 , 101153 , 101154 , 101155 , 101156 , 101157 , 101161 , 101163 , 101164 , 101165 , 101169 , 101170 , 101171 , 101172 , 101173 , 101174 , 101176 , 147935 , 101182 , 101183 , 101185 , 101186 , 101187 , 101188 , 101189 , 101190 , 101191 , 101192 , 101193 , 101194 , 101196 , 101203 , 101204 , 101205 , 101225 , 101232 , 101233 , 101234 , 101235 , 101237 , 101249 , 101250 , 147948 , 101259 , 101265 , 101266 , 101267 , 101268 , 101286 , 101287 , 101312 , 101314 , 101315 , 101316 , 101319 , 101320 , 101321 , 101322 , 101323 , 101324 , 101325 , 101326 , 101327 , 101328 , 101329 , 101337 , 101338 , 101348 , 101349 , 101350 , 101351 , 101352 , 101354 , 101355 , 101356 , 101357 , 101359 , 101360 , 101361 , 101362 , 101365 , 101366 , 101369 , 101370 , 101372 , 101373 , 101374 , 101375 , 101386 , 101387 , 101388 , 101389 , 101393 , 101394 , 101399 , 101400 , 101401 , 101402 , 101403 , 101405 , 101406 , 101407 , 101408 , 138677 , 101437 , 101438 , 101455 , 101456 , 101457 , 101458 , 101459 , 101460 , 101465 , 101466 , 101468 , 101469 , 101470 , 101471 , 101472 , 101473 , 101474 , 147987 , 101496 , 101497 , 101523 , 101524 , 101531 , 101532 , 101533 , 101536 , 101573 , 101577 , 101578 , 101580 , 101581 , 101585 , 148008 , 101621 , 101622 , 148009 , 101625 , 101628 , 101629 , 101630 , 101631 , 101632 , 101633 , 101637 , 101638 , 101639 , 101640 , 101641 , 101649 , 101650 , 101651 , 101652 , 101693 , 101699 , 101700 , 101701 , 101702 , 101703 , 101704 , 101705 , 101707 , 101708 , 101710 , 101711 , 101712 , 101713 , 101714 , 101715 , 101716 , 101721 , 101722 , 101723 , 101724 , 101725 , 101728 , 101729 , 101730 , 101731 , 101732 , 101733 , 101736 , 101737 , 101738 , 101739 , 101740 , 101741 , 101742 , 101743 , 101752 , 101753 , 101754 , 101755 , 101756 , 101757 , 101758 , 101759 , 101760 , 101761 , 101762 , 101765 , 101767 , 101768 , 101769 , 101770 , 101771 , 101772 , 101773 , 101774 , 101777 , 101778 , 101779 , 101780 , 101781 , 101782 , 101785 , 101786 , 101787 , 101794 , 101795 , 101796 , 101797 , 101798 , 101799 , 153435 , 101801 , 101802 , 101803 , 101805 , 101806 , 101807 , 101808 , 101810 , 148041 , 101817 , 101818 , 101819 , 148047 , 101867 , 101868 , 101869 , 101870 , 101882 , 101884 , 101885 , 101886 , 101888 , 101892 , 101893 , 101898 , 101903 , 101904 , 101905 , 101906 , 101907 , 101908 , 101909 , 101910 , 101911 , 101935 , 101947 , 101949 , 145580 , 101975 , 101976 , 101979 , 101980 , 101981 , 101982 , 101983 , 101984 , 101985 , 101989 , 101990 , 101991 , 101992 , 101993 , 101994 , 101995 , 101997 , 101998 , 101999 , 102002 , 102017 , 102018 , 102019 , 102020 , 102028 , 102029 , 102069 , 102072 , 102073 , 102123 , 102124 , 102125 , 102127 , 102128 , 102141 , 102142 , 102144 , 102146 , 102147 , 102148 , 102153 , 102154 , 102155 , 102156 , 102157 , 102158 , 102159 , 102160 , 102161 , 102162 , 102164 , 102165 , 102168 , 102170 , 102173 , 102174 , 102198 , 102199 , 102205 , 102206 , 102209 , 102210 , 102213 , 102214 , 102217 , 102218 , 102219 , 102222 , 102223 , 102224 , 102225 , 102228 , 102229 , 102230 , 102263 , 102311 , 102312 , 102313 , 102351 , 102352 , 102354 , 102355 , 102356 , 102357 , 102358 , 102359 , 102372 , 102373 , 102374 , 102375 , 102376 , 102378 , 102379 , 102380 , 102381 , 102385 , 102386 , 102387 , 102388 , 102389 , 102409 , 102410 , 102411 , 102421 , 102427 , 102428 , 102429 , 147440 , 102455 , 102456 , 102457 , 102459 , 148151 , 148152 , 148153 , 102499 , 102500 , 102501 , 102526 , 102527 , 102528 , 102529 , 102530 , 102531 , 102532 , 102547 , 102554 , 102555 , 102556 , 102557 , 102558 , 102559 , 102560 , 102561 , 102562 , 102563 , 102566 , 102572 , 102573 , 102577 , 102578 , 102583 , 102584 , 102585 , 102590 , 102593 , 102594 , 102595 , 102596 , 102599 , 102600 , 102601 , 102611 , 102612 , 102613 , 102614 , 102615 , 102619 , 102620 , 102621 , 102622 , 102623 , 102624 , 102625 , 147447 , 102652 , 102659 , 102660 , 102665 , 102666 , 102667 , 102668 , 102669 , 102670 , 102671 , 102672 , 102673 , 102674 , 102675 , 102676 , 102677 , 102678 , 102679 , 102680 , 102682 , 102683 , 102684 , 102686 , 102687 , 102690 , 102691 , 102692 , 102693 , 102694 , 102696 , 102697 , 102698 , 102699 , 102700 , 102701 , 102702 , 102751 , 102752 , 102753 , 102759 , 102761 , 102764 , 102765 , 102768 , 102809 , 102810 , 102811 , 102812 , 102813 , 102816 , 102823 , 102824 , 102831 , 102832 , 102833 , 102834 , 102835 , 102836 , 102838 , 102839 , 102840 , 102841 , 102843 , 102844 , 102845 , 102851 , 102852 , 102853 , 102854 , 102855 , 102862 , 102863 , 102864 , 102865 , 102866 , 102867 , 102868 , 102869 , 102870 , 102873 , 102879 , 102880 , 102881 , 102882 , 102885 , 102906 , 102907 , 102913 , 102921 , 102922 , 102924 , 102925 , 102926 , 102927 , 102928 , 102929 , 102930 , 102931 , 102958 , 102964 , 102965 , 102966 , 102967 , 102968 , 102969 , 102970 , 102971 , 102976 , 102977 , 102978 , 102979 , 102980 , 102981 , 102982 , 102989 , 102990 , 102991 , 102992 , 102993 , 102998 , 102999 , 103000 , 103001 , 103065 , 103066 , 103067 , 103087 , 103109 , 103110 , 103111 , 103112 , 103115 , 103116 , 103117 , 103118 , 103127 , 103132 , 103133 , 103151 , 103152 , 103153 , 103154 , 103157 , 103158 , 103192 , 103193 , 103194 , 103195 , 103196 , 103197 , 103201 , 103203 , 103204 , 103205 , 103206 , 103207 , 103209 , 103210 , 103225 , 103226 , 103227 , 103228 , 103230 , 103231 , 103236 , 103240 , 103241 , 103256 , 103257 , 103309 , 103311 , 103312 , 103315 , 103322 , 103324 , 103325 , 103326 , 103327 , 103328 , 103329 , 103332 , 103336 , 103337 , 103338 , 103341 , 103342 , 103348 , 148297 , 103360 , 103361 , 103362 , 103376 , 103377 , 103378 , 103379 , 103380 , 103381 , 103383 , 103384 , 103385 , 103386 , 103387 , 103390 , 103391 , 103398 , 103399 , 103400 , 103401 , 103405 , 103406 , 103407 , 103409 , 103410 , 103411 , 103412 , 103413 , 103414 , 103422 , 103432 , 103433 , 103434 , 103435 , 103436 , 103437 , 103438 , 103439 , 103440 , 103486 , 103487 , 103488 , 103489 , 103490 , 103491 , 103492 , 103493 , 103497 , 103511 , 103512 , 103513 , 103514 , 103518 , 103519 , 103520 , 103521 , 103550 , 103551 , 103552 , 103553 , 103554 , 103555 , 103556 , 103557 , 103558 , 103559 , 103561 , 103562 , 103567 , 103568 , 103569 , 103570 , 103574 , 103575 , 103576 , 103577 , 103578 , 103579 , 103580 , 103581 , 103588 , 103589 , 103590 , 103591 , 103592 , 103593 , 103594 , 103598 , 103599 , 103600 , 103601 , 103602 , 103607 , 103614 , 103615 , 103616 , 103617 , 103618 , 103619 , 103620 , 103631 , 103632 , 103636 , 103646 , 103647 , 103648 , 103649 , 103650 , 103665 , 103666 , 103667 , 103668 , 103670 , 103681 , 103682 , 103683 , 103684 , 103685 , 148353 , 103715 , 103719 , 103720 , 103721 , 103722 , 103723 , 103724 , 103725 , 103726 , 103730 , 103731 , 103743 , 103744 , 103745 , 103750 , 103751 , 103752 , 103753 , 103754 , 103755 , 103759 , 103760 , 103763 , 103764 , 103766 , 103767 , 103768 , 103769 , 103770 , 103771 , 103772 , 103773 , 103812 , 148375 , 148376 , 103847 , 103850 , 103851 , 103852 , 103853 , 103854 , 103855 , 103856 , 103857 , 103858 , 103867 , 103868 , 148386 , 148387 , 103895 , 103896 , 103897 , 103898 , 148389 , 138760 , 148391 , 148392 , 103981 , 103982 , 103983 , 103987 , 103988 , 103989 , 103990 , 103991 , 103992 , 103993 , 104001 , 104022 , 104023 , 104024 , 104025 , 104029 , 104030 , 104065 , 104066 , 104088 , 104089 , 104090 , 104091 , 148424 , 104115 , 104116 , 104117 , 104118 , 104119 , 104120 , 104121 , 104123 , 104125 , 104126 , 104128 , 104153 , 104154 , 104165 , 104166 , 104167 , 104168 , 104169 , 104170 , 104171 , 104172 , 104173 , 104175 , 104176 , 104177 , 104178 , 104179 , 104182 , 104183 , 104202 , 104203 , 104204 , 104208 , 104209 , 104210 , 104215 , 104216 , 104217 , 104227 , 104228 , 104234 , 104235 , 104236 , 104237 , 104238 , 104239 , 104240 , 104245 , 104246 , 104247 , 104269 , 104270 , 104271 , 104272 , 104273 , 104274 , 104275 , 104283 , 104284 , 104285 , 104286 , 104287 , 104288 , 104289 , 104294 , 104298 , 104308 , 104312 , 104342 , 104351 , 104352 , 104353 , 104354 , 104355 , 104356 , 104390 , 104391 , 104401 , 104413 , 104417 , 104418 , 104423 , 104424 , 104427 , 104429 , 104437 , 104438 , 104439 , 104477 , 104478 , 104479 , 104480 , 104481 , 104482 , 104483 , 104484 , 104485 , 104486 , 104487 , 104488 , 104489 , 104490 , 104493 , 104495 , 104496 , 104497 , 104498 , 104500 , 104501 , 104502 , 104503 , 104504 , 104505 , 104506 , 104507 , 104508 , 104509 , 104510 , 104512 , 104520 , 104521 , 104522 , 104523 , 104524 , 104525 , 104526 , 104539 , 104574 , 104575 , 104576 , 104582 , 104583 , 104589 , 104590 , 104594 , 104595 , 104598 , 104599 , 104600 , 104601 , 104604 , 104605 , 104606 , 104607 , 104609 , 104610 , 143148 , 104621 , 104622 , 104623 , 104630 , 104631 , 104632 , 104633 , 104639 , 104642 , 104643 , 104644 , 104645 , 104649 , 104650 , 104651 , 104653 , 104654 , 104655 , 104656 , 104658 , 104659 , 104660 , 104661 , 104662 , 104663 , 104666 , 104667 , 104676 , 104677 , 104678 , 104680 , 104681 , 104682 , 104683 , 104684 , 104685 , 104722 , 104739 , 104740 , 104741 , 104742 , 104743 , 104744 , 104763 , 104805 , 104807 , 104858 , 104859 , 104860 , 104861 , 104862 , 104863 , 104864 , 104865 , 104866 , 104868 , 104869 , 104914 , 104915 , 104916 , 104917 , 104918 , 104919 , 104920 , 104921 , 104922 , 148559 , 104925 , 104926 , 104927 , 104928 , 104929 , 104933 , 104934 , 104935 , 104936 , 104937 , 104939 , 104941 , 104942 , 104944 , 104947 , 104948 , 104968 , 104969 , 104970 , 104971 , 104972 , 104975 , 104979 , 104985 , 104986 , 104987 , 104992 , 104993 , 104994 , 104995 , 104996 , 104997 , 104998 , 105001 , 105003 , 105004 , 105005 , 105006 , 105008 , 105031 , 105033 , 105034 , 105035 , 105036 , 105037 , 105038 , 105085 , 105086 , 105087 , 105088 , 105089 , 105090 , 105091 , 105120 , 105121 , 105122 , 105123 , 105139 , 105140 , 105149 , 105150 , 105151 , 105152 , 148599 , 147531 , 105212 , 105213 , 105216 , 105287 , 105288 , 105289 , 105291 , 105296 , 105308 , 105309 , 105310 , 105311 , 105314 , 105315 , 105316 , 105317 , 105319 , 105322 , 105324 , 105326 , 105327 , 105329 , 105330 , 105334 , 105335 , 105336 , 105337 , 105348 , 105359 , 105363 , 105364 , 105365 , 105366 , 105371 , 105372 , 105373 , 105374 , 105375 , 105405 , 105434 , 105435 , 105446 , 105447 , 105448 , 105449 , 105450 , 105451 , 105452 , 105453 , 105466 , 105478 , 105479 , 105482 , 105485 , 105486 , 105487 , 105488 , 105489 , 105490 , 105491 , 105514 , 105516 , 105517 , 105518 , 105519 , 105520 , 105521 , 105522 , 105523 , 105524 , 105525 , 105526 , 105527 , 105528 , 105529 , 105531 , 105532 , 105533 , 105538 , 105539 , 105540 , 105541 , 105543 , 105544 , 105545 , 105591 , 105592 , 105593 , 105597 , 105598 , 105599 , 105600 , 105601 , 105602 , 105603 , 105604 , 105606 , 105611 , 105614 , 105615 , 105700 , 105701 , 105702 , 105711 , 105716 , 105717 , 105718 , 105719 , 105720 , 105721 , 105722 , 105723 , 105750 , 105772 , 105773 , 105774 , 105775 , 105776 , 105777 , 105778 , 105779 , 105780 , 105781 , 105782 , 105783 , 105786 , 105787 , 105848 , 105849 , 105850 , 105854 , 105855 , 105875 , 105877 , 105878 , 105885 , 148720 , 105891 , 105892 , 148721 , 148722 , 105910 , 105912 , 105913 , 148725 , 148726 , 148729 , 105971 , 105972 , 105974 , 105975 , 105976 , 105977 , 105978 , 105979 , 105980 , 105981 , 105994 , 105995 , 105997 , 106010 , 106011 , 106012 , 106013 , 106014 , 106015 , 106016 , 106017 , 106018 , 106019 , 106020 , 106021 , 106022 , 106023 , 106024 , 106027 , 106030 , 106031 , 106032 , 106033 , 106034 , 106056 , 106059 , 106060 , 106061 , 106067 , 106071 , 106072 , 106073 , 106074 , 106076 , 106077 , 106078 , 106079 , 106080 , 106082 , 106088 , 106089 , 106090 , 106091 , 106113 , 106114 , 106115 , 106116 , 106118 , 106119 , 106155 , 106157 , 106158 , 106167 , 106173 , 106177 , 106214 , 106229 , 106230 , 106231 , 106240 , 106241 , 106242 , 106243 , 106244 , 106245 , 106246 , 106247 , 106248 , 106249 , 106252 , 106282 , 106283 , 106284 , 106285 , 106286 , 106287 , 106288 , 106289 , 106290 , 106291 , 106298 , 106299 , 106327 , 106328 , 106329 , 106330 , 106336 , 106369 , 106370 , 106371 , 106372 , 106374 , 106377 , 106378 , 106379 , 106382 , 148803 , 106391 , 106392 , 148804 , 106402 , 106403 , 106406 , 106421 , 106422 , 106431 , 106432 , 106438 , 106439 , 106440 , 106441 , 106442 , 106443 , 106462 , 106477 , 106478 , 106479 , 106480 , 106481 , 106484 , 106485 , 106486 , 106487 , 106488 , 106489 , 106490 , 106491 , 106492 , 106494 , 106495 , 106496 , 106497 , 106498 , 106499 , 106500 , 106504 , 106505 , 106511 , 106512 , 106513 , 106514 , 106523 , 106526 , 106527 , 106528 , 106529 , 106530 , 106556 , 106562 , 106578 , 106579 , 106580 , 106581 , 106582 , 106583 , 106584 , 106585 , 106586 , 106587 , 106588 , 106589 , 106591 , 106592 , 106593 , 106594 , 106595 , 106599 , 106617 , 106630 , 106631 , 106633 , 106634 , 106635 , 106640 , 106641 , 106644 , 106645 , 106646 , 106647 , 106654 , 106660 , 106675 , 106678 , 106679 , 106702 , 106703 , 106704 , 106705 , 106711 , 106712 , 106743 , 106744 , 106745 , 106746 , 106747 , 106748 , 106749 , 106750 , 106751 , 106756 , 106757 , 106758 , 106759 , 106816 , 106817 , 106821 , 106824 , 106825 , 106828 , 106829 , 106833 , 106840 , 106841 , 106842 , 106871 , 106872 , 106877 , 106878 , 106879 , 106920 , 106927 , 106928 , 106929 , 106930 , 106931 , 106932 , 106933 , 107031 , 107032 , 107033 , 107036 , 107037 , 107038 , 107039 , 107040 , 107060 , 107061 , 107084 , 107085 , 107086 , 107087 , 107090 , 107092 , 107098 , 107099 , 107104 , 107105 , 107106 , 107107 , 107108 , 107109 , 107110 , 107111 , 107112 , 107113 , 107117 , 107121 , 107122 , 107123 , 107146 , 107147 , 107211 , 107212 , 107213 , 107216 , 107217 , 107220 , 107221 , 107222 , 107223 , 107229 , 107230 , 107231 , 107234 , 107236 , 107237 , 107238 , 107241 , 107253 , 107254 , 107323 , 107324 , 107325 , 107326 , 107327 , 107328 , 107347 , 107348 , 148964 , 107354 , 148965 , 107372 , 107373 , 107374 , 107375 , 107376 , 148968 , 107378 , 107379 , 107380 , 107381 , 107391 , 107392 , 107393 , 107403 , 107404 , 107424 , 148982 , 148983 , 107478 , 107490 , 107493 , 107494 , 107495 , 107496 , 107497 , 107498 , 148990 , 147609 , 107515 , 107516 , 107517 , 148992 , 148993 , 107531 , 107532 , 107533 , 107542 , 107543 , 107544 , 107545 , 107546 , 107547 , 107548 , 107549 , 107550 , 107552 , 107553 , 107555 , 107556 , 107557 , 107558 , 107570 , 107571 , 107572 , 107573 , 107574 , 107575 , 107576 , 107577 , 107578 , 107580 , 107585 , 107602 , 107603 , 107604 , 107605 , 107606 , 149015 , 107692 , 107693 , 107694 , 107695 , 107696 , 107699 , 107700 , 107701 , 107702 , 107703 , 107711 , 107712 , 149031 , 107767 , 107768 , 107769 , 107770 , 107771 , 107772 , 107775 , 107790 , 107791 , 107796 , 107797 , 107798 , 107799 , 107800 , 107801 , 107802 , 107803 , 107804 , 107805 , 107806 , 107807 , 107808 , 107820 , 107821 , 107822 , 107825 , 107826 , 107827 , 107829 , 107830 , 107831 , 107833 , 107852 , 107853 , 107855 , 107856 , 107858 , 107859 , 107860 , 107861 , 107862 , 107863 , 107864 , 107865 , 107866 , 107867 , 107868 , 107869 , 107870 , 107871 , 107895 , 107896 , 107897 , 107898 , 107899 , 107930 , 107933 , 107934 , 107935 , 107936 , 107940 , 107941 , 107947 , 107948 , 107954 , 107955 , 107969 , 107970 , 107971 , 107972 , 107973 , 108003 , 108030 , 108075 , 108076 , 108077 , 108082 , 108083 , 108084 , 108085 , 108086 , 108087 , 108088 , 108090 , 108091 , 108092 , 108114 , 142950 , 108141 , 108149 , 149097 , 108159 , 108160 , 108161 , 108162 , 108165 , 108166 , 108167 , 108168 , 108169 , 108170 , 108172 , 108173 , 108174 , 108175 , 108176 , 149103 , 108189 , 108190 , 108191 , 108192 , 108196 , 108197 , 108198 , 108199 , 108200 , 108201 , 108202 , 108203 , 108204 , 108219 , 108225 , 108226 , 108227 , 108228 , 108229 , 108231 , 108260 , 108261 , 108262 , 108266 , 108267 , 108268 , 108269 , 108270 , 108271 , 108273 , 108274 , 108275 , 108276 , 108277 , 108278 , 108279 , 108281 , 108282 , 108283 , 108284 , 108291 , 108319 , 108320 , 108321 , 108322 , 108323 , 108324 , 108325 , 108326 , 108327 , 108328 , 108329 , 108330 , 108380 , 108381 , 108382 , 108383 , 108384 , 108385 , 108386 , 108387 , 108391 , 108392 , 108393 , 108394 , 108395 , 108397 , 108398 , 108399 , 108400 , 108405 , 108406 , 108407 , 108408 , 108409 , 108410 , 108413 , 108414 , 108415 , 108417 , 108420 , 108421 , 108422 , 108423 , 108424 , 108425 , 108426 , 108427 , 108429 , 108430 , 108432 , 108433 , 108441 , 108442 , 108446 , 108447 , 108448 , 149151 , 108496 , 108498 , 108499 , 108500 , 108501 , 108520 , 108524 , 108525 , 108528 , 108529 , 108530 , 108534 , 108535 , 108537 , 108538 , 108539 , 108540 , 108541 , 108542 , 108543 , 108544 , 108545 , 108546 , 149163 , 108548 , 108549 , 108550 , 108556 , 108557 , 108558 , 108559 , 108602 , 108603 , 108604 , 108605 , 108606 , 149176 , 108687 , 108688 , 108694 , 108695 , 108702 , 108718 , 108719 , 108720 , 108721 , 108722 , 108723 , 108724 , 108725 , 108726 , 108727 , 108731 , 108732 , 108733 , 108734 , 108735 , 108736 , 108737 , 108738 , 108739 , 108740 , 108741 , 108742 , 108743 , 108744 , 108745 , 108746 , 108747 , 108748 , 108749 , 108750 , 108751 , 108760 , 108761 , 108768 , 108769 , 108770 , 108772 , 108780 , 108781 , 108782 , 108783 , 108784 , 108785 , 108831 , 108840 , 108842 , 108843 , 108844 , 108845 , 134560 , 152902 , 108861 , 108862 , 108863 , 108870 , 108871 , 108872 , 108887 , 108888 , 108889 , 108894 , 108895 , 108898 , 108976 , 108981 , 108982 , 108995 , 108996 , 109004 , 109005 , 109006 , 109013 , 109025 , 109026 , 109027 , 109028 , 109029 , 109030 , 109035 , 109038 , 109039 , 109041 , 109044 , 109045 , 109052 , 109053 , 109054 , 109094 , 109095 , 109096 , 109097 , 109098 , 109099 , 109110 , 109111 , 109112 , 109113 , 109115 , 109116 , 109137 , 109140 , 109141 , 109142 , 109143 , 109144 , 109145 , 109146 , 109147 , 109148 , 109149 , 109150 , 109151 , 109152 , 109153 , 109154 , 109155 , 109156 , 109157 , 109158 , 109159 , 109160 , 109175 , 109214 , 109215 , 109216 , 109217 , 109218 , 109219 , 109223 , 109237 , 109238 , 109239 , 109240 , 109241 , 109242 , 109243 , 109244 , 109246 , 109247 , 109248 , 109249 , 109251 , 109252 , 138938 , 109256 , 109262 , 109263 , 109264 , 109266 , 109267 , 109268 , 109270 , 109271 , 109272 , 109276 , 109277 , 109278 , 109279 , 109328 , 109329 , 109330 , 109335 , 109336 , 109342 , 109343 , 109344 , 109348 , 109349 , 109350 , 109351 , 109352 , 109353 , 109410 , 109411 , 109412 , 109413 , 109414 , 109415 , 109416 , 109417 , 109439 , 109454 , 109456 , 109457 , 109466 , 109467 , 109468 , 109469 , 109470 , 109471 , 109472 , 109474 , 109475 , 109476 , 109477 , 109495 , 109496 , 109497 , 109498 , 109499 , 109500 , 109501 , 109502 , 109503 , 109504 , 109506 , 109507 , 109526 , 109529 , 109530 , 109531 , 109532 , 109533 , 109538 , 109539 , 109540 , 109558 , 109560 , 109561 , 109587 , 109589 , 109590 , 109591 , 109600 , 109601 , 149340 , 109612 , 109613 , 109615 , 109616 , 109617 , 149342 , 149343 , 109629 , 149344 , 109634 , 109635 , 109636 , 109637 , 109638 , 149345 , 109641 , 149346 , 149350 , 149351 , 149352 , 149353 , 109689 , 109690 , 109691 , 109692 , 109693 , 109694 , 109695 , 109696 , 109697 , 109699 , 109700 , 109701 , 109702 , 109703 , 109705 , 109706 , 109707 , 109708 , 109709 , 109710 , 109711 , 109712 , 109713 , 109714 , 109715 , 109716 , 109717 , 109718 , 109719 , 109720 , 109721 , 109722 , 109723 , 109724 , 109725 , 143319 , 109752 , 109754 , 109755 , 109756 , 109757 , 109758 , 109760 , 109761 , 109765 , 109766 , 109767 , 109768 , 109773 , 109791 , 109792 , 109793 , 109794 , 109795 , 109798 , 109799 , 109800 , 109806 , 109807 , 109814 , 109815 , 109816 , 109817 , 109818 , 109819 , 109820 , 109821 , 109822 , 109824 , 109825 , 109826 , 109828 , 109829 , 109834 , 109838 , 109839 , 109840 , 109870 , 149386 , 109905 , 109907 , 109919 , 109920 , 109928 , 109938 , 109964 , 109965 , 109966 , 109967 , 109968 , 109969 , 109970 , 109971 , 109972 , 109973 , 109974 , 109975 , 152056 , 109993 , 109994 , 109995 , 109996 , 109997 , 109998 , 110001 , 110002 , 110003 , 110004 , 110005 , 110006 , 110007 , 110008 , 110009 , 110010 , 110011 , 110012 , 110014 , 110015 , 110017 , 110018 , 110026 , 110027 , 110028 , 110029 , 110030 , 110031 , 110032 , 110033 , 110034 , 110035 , 110036 , 110037 , 110038 , 110089 , 110090 , 110091 , 110092 , 110093 , 110094 , 110097 , 110102 , 110131 , 110132 , 110133 , 110134 , 110135 , 110156 , 110157 , 110158 , 110160 , 110161 , 110162 , 110163 , 110164 , 110165 , 110169 , 110170 , 110171 , 110172 , 110173 , 110174 , 110175 , 110176 , 110177 , 110180 , 110181 , 110182 , 110183 , 110184 , 110185 , 110191 , 110192 , 110206 , 110207 , 110208 , 110209 , 110210 , 110211 , 110212 , 110213 , 110214 , 110215 , 110216 , 110217 , 110218 , 110219 , 110270 , 110279 , 110280 , 110281 , 110282 , 110283 , 110284 , 110285 , 110288 , 110289 , 110291 , 110292 , 110293 , 110294 , 110300 , 110301 , 110302 , 110303 , 110304 , 110305 , 110307 , 110310 , 110311 , 110312 , 110313 , 110314 , 110315 , 110316 , 110317 , 110318 , 110319 , 110336 , 110370 , 110371 , 110377 , 110381 , 110382 , 149469 , 110393 , 110394 , 110395 , 110396 , 110397 , 110400 , 110401 , 110402 , 110403 , 110404 , 110408 , 110409 , 110411 , 110412 , 110418 , 110419 , 110422 , 110423 , 138977 , 110429 , 110430 , 110447 , 110448 , 110480 , 110481 , 110482 , 110483 , 110484 , 110485 , 110486 , 110488 , 110489 , 110490 , 110495 , 110496 , 110497 , 110514 , 110515 , 110516 , 110517 , 110518 , 110523 , 110524 , 110541 , 110543 , 110568 , 110569 , 110570 , 110571 , 110572 , 110573 , 110574 , 110578 , 110579 , 110580 , 110610 , 110640 , 110644 , 110645 , 110646 , 110647 , 110648 , 110649 , 110654 , 110655 , 110657 , 110660 , 110661 , 149516 , 110669 , 110670 , 149517 , 110714 , 110715 , 110716 , 110717 , 110718 , 110719 , 110725 , 110726 , 110727 , 110728 , 110729 , 110740 , 110741 , 110742 , 110743 , 149530 , 110750 , 110754 , 110755 , 110756 , 110761 , 110762 , 110763 , 110764 , 110765 , 110770 , 110774 , 110775 , 110776 , 110777 , 110779 , 138989 , 110803 , 110804 , 138990 , 110843 , 110844 , 110845 , 110846 , 110858 , 110859 , 110863 , 110864 , 110865 , 110866 , 110867 , 110872 , 110873 , 149551 , 110885 , 110886 , 110887 , 110891 , 110892 , 110921 , 110922 , 110923 , 110924 , 110925 , 110926 , 110930 , 110933 , 110934 , 110935 , 110936 , 110937 , 110938 , 110939 , 110941 , 110942 , 110943 , 110944 , 110948 , 110949 , 110950 , 110951 , 110958 , 110959 , 110970 , 110971 , 110972 , 110973 , 110974 , 110975 , 110976 , 110988 , 110989 , 110990 , 110991 , 110992 , 110993 , 110994 , 110995 , 110996 , 110997 , 110998 , 110999 , 111000 , 111002 , 111003 , 111004 , 111006 , 111007 , 111008 , 111041 , 111042 , 111044 , 111047 , 111059 , 111066 , 111067 , 111068 , 111069 , 111074 , 111075 , 111078 , 111079 , 111080 , 111081 , 111082 , 111083 , 111084 , 111085 , 111086 , 111087 , 111090 , 111091 , 111092 , 111095 , 111111 , 111128 , 111131 , 111132 , 111133 , 111134 , 111135 , 111147 , 111148 , 111149 , 111150 , 111151 , 111152 , 111157 , 111186 , 111187 , 111188 , 111189 , 111190 , 111191 , 111192 , 111197 , 111198 , 111199 , 111200 , 111201 , 111202 , 111205 , 111206 , 111207 , 111208 , 111209 , 111212 , 111227 , 149619 , 111316 , 111317 , 111318 , 111319 , 111320 , 111321 , 149627 , 149628 , 149629 , 111344 , 111345 , 111346 , 149630 , 111353 , 111354 , 111355 , 111356 , 111357 , 111363 , 111364 , 111365 , 111366 , 111367 , 111368 , 111369 , 111370 , 111371 , 111373 , 111374 , 111375 , 111376 , 111377 , 111378 , 111380 , 111381 , 111382 , 111383 , 111384 , 111389 , 111390 , 149642 , 111424 , 149643 , 149645 , 111442 , 111443 , 111444 , 111445 , 111446 , 111458 , 111459 , 111460 , 111461 , 111462 , 111467 , 111468 , 111469 , 111470 , 111471 , 111472 , 111473 , 111490 , 111491 , 111492 , 111507 , 111508 , 111509 , 111510 , 111511 , 111512 , 111513 , 111514 , 111526 , 111527 , 111535 , 111548 , 111549 , 111600 , 111601 , 111602 , 111603 , 111604 , 111605 , 111637 , 111638 , 111639 , 111640 , 111641 , 111642 , 111643 , 111644 , 111646 , 111647 , 111648 , 111650 , 111652 , 111653 , 111654 , 111655 , 111656 , 111659 , 111660 , 111661 , 111662 , 111669 , 111674 , 111675 , 111676 , 111677 , 111678 , 111679 , 111680 , 111681 , 111682 , 111683 , 111684 , 111685 , 111686 , 111687 , 111688 , 111689 , 111694 , 111695 , 111698 , 111699 , 111700 , 149689 , 149690 , 149692 , 149698 , 149700 , 149701 , 111779 , 111780 , 111781 , 111787 , 111788 , 111789 , 111790 , 111791 , 111792 , 111793 , 111837 , 111838 , 111839 , 111840 , 111841 , 111842 , 111843 , 111844 , 111845 , 111846 , 111847 , 111855 , 111856 , 111858 , 111859 , 111860 , 111873 , 111884 , 111885 , 111886 , 111903 , 111911 , 111912 , 111938 , 111940 , 111941 , 111944 , 111945 , 111946 , 111947 , 111957 , 111959 , 111960 , 111963 , 111964 , 111965 , 111966 , 111973 , 111974 , 111975 , 111976 , 111978 , 111980 , 111985 , 111989 , 111990 , 111991 , 111992 , 111993 , 111994 , 111995 , 111996 , 112051 , 112052 , 112070 , 112073 , 112074 , 112076 , 112077 , 112078 , 112079 , 112080 , 112085 , 112086 , 112087 , 112088 , 112090 , 112092 , 112093 , 112094 , 112095 , 112096 , 112133 , 112135 , 112136 , 112137 , 112138 , 112146 , 112147 , 112158 , 112161 , 112162 , 112163 , 112164 , 112165 , 112168 , 112170 , 112171 , 112172 , 112175 , 112176 , 112177 , 112178 , 112179 , 112180 , 112182 , 112190 , 112191 , 112192 , 112193 , 112194 , 112195 , 112228 , 112234 , 112237 , 112239 , 112240 , 112241 , 112242 , 112243 , 112244 , 112245 , 112246 , 112247 , 112248 , 112249 , 112270 , 112271 , 112290 , 112291 , 112292 , 112293 , 112308 , 112309 , 112310 , 112326 , 112327 , 112348 , 112354 , 112356 , 112357 , 112358 , 112360 , 112368 , 112369 , 112370 , 112371 , 112398 , 112399 , 112400 , 112401 , 112402 , 112403 , 112404 , 112405 , 112406 , 112407 , 112411 , 112412 , 112413 , 112414 , 112415 , 112416 , 112417 , 112418 , 112419 , 112420 , 112421 , 134679 , 112428 , 112429 , 112430 , 112431 , 112432 , 112433 , 112438 , 112439 , 112440 , 112441 , 112446 , 112447 , 112448 , 112451 , 112456 , 112457 , 112461 , 112462 , 112463 , 112464 , 112465 , 112466 , 112467 , 112468 , 112470 , 112472 , 112473 , 112474 , 112475 , 112476 , 112478 , 112479 , 134681 , 112495 , 112496 , 112497 , 112555 , 112556 , 112557 , 149832 , 112580 , 112637 , 112638 , 112639 , 112640 , 112649 , 112650 , 112667 , 112668 , 112669 , 112670 , 112671 , 112672 , 112673 , 112674 , 112675 , 112676 , 112677 , 112678 , 112704 , 112705 , 112706 , 112707 , 112708 , 112711 , 112713 , 112738 , 112739 , 112740 , 112741 , 112742 , 112743 , 112744 , 112745 , 112746 , 112747 , 112748 , 112749 , 112751 , 112752 , 112753 , 112754 , 112755 , 112756 , 112786 , 112787 , 112788 , 112789 , 112792 , 112793 , 112794 , 112795 , 112796 , 112797 , 112798 , 112799 , 112800 , 112801 , 112802 , 112803 , 112804 , 112805 , 112807 , 112808 , 112811 , 112812 , 112813 , 112825 , 112831 , 112832 , 112833 , 112842 , 112843 , 112844 , 112845 , 112850 , 112851 , 112854 , 112858 , 112859 , 112863 , 112876 , 112880 , 112902 , 112903 , 112915 , 112916 , 112924 , 112925 , 112926 , 112927 , 112928 , 112930 , 112931 , 112932 , 112933 , 112934 , 112935 , 112936 , 112937 , 112938 , 112940 , 112941 , 112942 , 112943 , 112944 , 112945 , 112946 , 112947 , 112950 , 112951 , 112984 , 113012 , 113013 , 113014 , 113016 , 113017 , 113023 , 113024 , 113025 , 113029 , 113030 , 113031 , 113032 , 113033 , 113034 , 113035 , 113038 , 113039 , 113040 , 113041 , 113042 , 113043 , 113044 , 113054 , 113055 , 149915 , 149916 , 113074 , 113088 , 113090 , 113095 , 113096 , 113097 , 113098 , 138671 , 113113 , 113114 , 113115 , 113116 , 113117 , 113118 , 113130 , 113131 , 113132 , 113133 , 113138 , 113139 , 113140 , 113141 , 113143 , 113144 , 113150 , 113151 , 113152 , 113153 , 113166 , 113180 , 113181 , 113199 , 113200 , 113201 , 152163 , 113206 , 113210 , 113219 , 113220 , 113227 , 113231 , 139071 , 113254 , 113289 , 113290 , 113296 , 113297 , 113298 , 113299 , 113300 , 113301 , 113302 , 113303 , 113309 , 113310 , 113311 , 113317 , 113318 , 113319 , 113320 , 113323 , 113324 , 113325 , 113330 , 113338 , 113339 , 113340 , 113341 , 113342 , 113343 , 113346 , 113347 , 113350 , 113351 , 113360 , 113361 , 113362 , 113363 , 113364 , 113366 , 113367 , 113368 , 113369 , 113370 , 113371 , 113372 , 113373 , 113374 , 113375 , 113376 , 113378 , 113379 , 113381 , 113383 , 113384 , 113385 , 113386 , 113387 , 113388 , 113389 , 113390 , 113391 , 113392 , 113405 , 152170 , 113454 , 113455 , 113456 , 113457 , 113458 , 113459 , 149982 , 113462 , 113463 , 113464 , 113465 , 113469 , 152172 , 113478 , 113479 , 113480 , 113502 , 113503 , 113504 , 113505 , 113506 , 113508 , 113510 , 113511 , 113512 , 113513 , 113514 , 113515 , 113516 , 113517 , 113518 , 113519 , 113520 , 113521 , 113522 , 113581 , 113608 , 113612 , 113613 , 113614 , 113615 , 113617 , 113618 , 113619 , 113626 , 113627 , 113628 , 113629 , 113630 , 150014 , 150016 , 150017 , 150018 , 150020 , 113694 , 113695 , 113696 , 113697 , 113698 , 113699 , 113700 , 113701 , 113702 , 113711 , 113712 , 113713 , 113714 , 113721 , 113722 , 113723 , 139087 , 113762 , 113763 , 113764 , 113765 , 113766 , 113767 , 113768 , 113769 , 113770 , 113771 , 113772 , 113773 , 113774 , 113775 , 113776 , 113780 , 113781 , 113782 , 113783 , 113802 , 113803 , 113807 , 113808 , 113809 , 113826 , 113827 , 113829 , 113836 , 113871 , 113875 , 113876 , 113877 , 113881 , 113882 , 113883 , 113884 , 113885 , 113891 , 113892 , 113903 , 113911 , 113912 , 113913 , 113914 , 113915 , 113952 , 113953 , 113967 , 113968 , 113971 , 113972 , 113976 , 113977 , 113978 , 113979 , 113980 , 113981 , 113982 , 113983 , 113984 , 113985 , 113986 , 113987 , 114001 , 114002 , 114003 , 114006 , 114007 , 114012 , 114013 , 114014 , 114015 , 114017 , 114018 , 114019 , 114020 , 114021 , 114022 , 114023 , 114029 , 114030 , 114031 , 114032 , 114033 , 114034 , 114035 , 114036 , 114037 , 114038 , 114039 , 114040 , 114043 , 114044 , 114056 , 114057 , 114058 , 114059 , 114085 , 114103 , 114104 , 114105 , 114106 , 114107 , 114108 , 114109 , 114110 , 114111 , 114112 , 114113 , 114124 , 114125 , 114126 , 114127 , 114128 , 114129 , 114130 , 114131 , 114132 , 114135 , 114136 , 114148 , 114151 , 114152 , 114153 , 114154 , 114155 , 114158 , 150100 , 114170 , 114171 , 150106 , 114207 , 114208 , 114209 , 139103 , 114211 , 114215 , 114216 , 114217 , 114218 , 114219 , 150109 , 150110 , 114265 , 150117 , 114272 , 114273 , 114274 , 114275 , 114291 , 114302 , 114307 , 114308 , 114309 , 114312 , 114313 , 114320 , 114321 , 114322 , 114323 , 114349 , 114351 , 114352 , 114353 , 114380 , 114381 , 114382 , 114384 , 114385 , 114386 , 150144 , 150145 , 114445 , 114448 , 114449 , 114450 , 114451 , 114452 , 114453 , 114454 , 114462 , 114463 , 114464 , 114469 , 114470 , 114473 , 114474 , 150152 , 150153 , 114491 , 150154 , 114494 , 114495 , 150155 , 114511 , 114512 , 150158 , 114534 , 114535 , 114536 , 114537 , 114539 , 114540 , 114546 , 114552 , 114554 , 114555 , 114556 , 114568 , 114569 , 114580 , 114581 , 114584 , 114588 , 114589 , 114590 , 114591 , 150171 , 150172 , 114620 , 114621 , 114624 , 114625 , 114626 , 114627 , 114629 , 114630 , 114631 , 114632 , 114633 , 114634 , 114635 , 114636 , 114637 , 114638 , 114639 , 114640 , 114641 , 114642 , 114643 , 114644 , 114645 , 114646 , 114647 , 114648 , 114649 , 114650 , 114651 , 114652 , 114653 , 114654 , 114655 , 114656 , 114657 , 114658 , 114683 , 114684 , 114701 , 114702 , 114713 , 114714 , 114715 , 114720 , 114721 , 114722 , 114723 , 114726 , 114743 , 114744 , 114745 , 114746 , 114747 , 114778 , 114779 , 114780 , 114781 , 114782 , 114783 , 114785 , 114799 , 114801 , 114802 , 114803 , 114804 , 114807 , 114808 , 114809 , 114810 , 114811 , 114812 , 114818 , 114819 , 114820 , 114821 , 114823 , 114824 , 114825 , 114826 , 114848 , 114849 , 114850 , 114851 , 114854 , 114855 , 114856 , 114858 , 114859 , 114860 , 114861 , 114862 , 114864 , 114865 , 114866 , 114867 , 114869 , 114871 , 114872 , 114879 , 114880 , 114943 , 114962 , 114978 , 114979 , 114980 , 114981 , 115024 , 115025 , 115026 , 115027 , 115032 , 115033 , 153434 , 115046 , 115047 , 115048 , 115082 , 115090 , 115091 , 115092 , 134769 , 115129 , 115131 , 115132 , 115133 , 115134 , 115135 , 115136 , 115137 , 115138 , 115140 , 115141 , 115142 , 115149 , 115150 , 115156 , 115157 , 115159 , 115162 , 115163 , 115164 , 115169 , 115170 , 115171 , 115172 , 115173 , 115174 , 115175 , 115176 , 115177 , 115178 , 115179 , 115180 , 115181 , 115182 , 115183 , 115189 , 115190 , 115191 , 115192 , 150271 , 115198 , 115199 , 115200 , 115201 , 115202 , 115203 , 115204 , 115205 , 150273 , 115214 , 115215 , 150275 , 150276 , 115232 , 115233 , 115236 , 115237 , 115243 , 115244 , 115245 , 115246 , 115251 , 115252 , 115253 , 115254 , 115260 , 115330 , 115331 , 155271 , 115351 , 115352 , 115353 , 115354 , 115363 , 115364 , 115365 , 115366 , 115367 , 115368 , 115369 , 115370 , 115371 , 115374 , 115418 , 115419 , 115420 , 115423 , 115424 , 115429 , 115430 , 115431 , 115432 , 115433 , 115434 , 115435 , 115436 , 115437 , 115438 , 115439 , 115440 , 115442 , 115469 , 115470 , 115471 , 154399 , 115485 , 115486 , 115487 , 115488 , 115489 , 115490 , 115491 , 115492 , 115493 , 115496 , 115497 , 115498 , 115499 , 115500 , 115501 , 115502 , 115509 , 115510 , 115526 , 115528 , 115529 , 115530 , 115531 , 115532 , 115540 , 115541 , 115542 , 115544 , 115545 , 115546 , 115548 , 115549 , 115550 , 115551 , 115552 , 115553 , 115554 , 115555 , 115556 , 115557 , 115562 , 115584 , 150363 , 150364 , 115759 , 115760 , 115761 , 115762 , 143521 , 115835 , 115836 , 115841 , 115842 , 115846 , 115857 , 115858 , 115859 , 115863 , 115864 , 115880 , 115881 , 115882 , 115883 , 115903 , 115904 , 115924 , 115925 , 115926 , 115929 , 115930 , 115933 , 115934 , 115941 , 115945 , 115946 , 115948 , 115949 , 115950 , 115951 , 115952 , 115953 , 115954 , 115955 , 115956 , 115959 , 115960 , 115964 , 115965 , 115973 , 115974 , 115975 , 115976 , 115979 , 115980 , 115981 , 115986 , 115987 , 115988 , 115989 , 115991 , 115992 , 115995 , 115996 , 115997 , 115998 , 115999 , 116000 , 116006 , 116021 , 116023 , 116024 , 116046 , 116049 , 116050 , 116051 , 150414 , 116054 , 116055 , 116056 , 116057 , 116058 , 116059 , 116067 , 116074 , 116075 , 116079 , 116080 , 116081 , 116082 , 116083 , 116084 , 116085 , 116086 , 116088 , 116089 , 116090 , 116091 , 116094 , 116095 , 116096 , 116097 , 116098 , 116099 , 116106 , 116109 , 116110 , 116111 , 116112 , 116113 , 116114 , 116115 , 116116 , 116117 , 116118 , 116120 , 116121 , 116122 , 116123 , 116124 , 116125 , 116126 , 116127 , 116128 , 116129 , 116130 , 116131 , 116132 , 116143 , 116144 , 116148 , 116149 , 116154 , 116155 , 116156 , 116157 , 116158 , 116165 , 116166 , 116167 , 116168 , 116169 , 116172 , 116173 , 116174 , 116258 , 116259 , 116260 , 116261 , 116262 , 116263 , 116264 , 116265 , 116266 , 116276 , 116277 , 116278 , 116279 , 116294 , 116295 , 116296 , 116297 , 116298 , 116308 , 116313 , 116314 , 116329 , 116331 , 116332 , 116337 , 116338 , 116339 , 116357 , 116358 , 116359 , 116360 , 116361 , 116362 , 116363 , 116364 , 116365 , 116366 , 116368 , 116372 , 116373 , 116374 , 116375 , 116376 , 116377 , 116378 , 116379 , 116380 , 116385 , 116386 , 116387 , 116392 , 116393 , 116394 , 116395 , 116396 , 116397 , 116398 , 116399 , 116400 , 116401 , 116407 , 116408 , 116409 , 116410 , 116411 , 116417 , 116419 , 116425 , 116426 , 116427 , 116434 , 116435 , 116436 , 116437 , 116438 , 116439 , 116440 , 116441 , 116481 , 116482 , 116483 , 116489 , 116490 , 116491 , 116493 , 116494 , 116496 , 116497 , 116498 , 116499 , 116516 , 116519 , 116520 , 116521 , 116522 , 116523 , 116524 , 116525 , 116530 , 116531 , 116532 , 116533 , 116534 , 116539 , 116540 , 116541 , 116542 , 116543 , 116544 , 116547 , 116548 , 116549 , 116550 , 116553 , 116554 , 116555 , 116563 , 116564 , 116565 , 116567 , 116662 , 116698 , 116699 , 116701 , 116702 , 116703 , 116704 , 116705 , 116706 , 116707 , 116708 , 116709 , 116710 , 116712 , 116713 , 116715 , 116716 , 116717 , 116718 , 116719 , 116720 , 116721 , 116722 , 116723 , 116725 , 116726 , 116728 , 116729 , 116731 , 116732 , 116733 , 116738 , 116739 , 116760 , 116764 , 116765 , 116766 , 116767 , 116816 , 116819 , 116820 , 116821 , 116822 , 116824 , 116827 , 116828 , 116832 , 116833 , 116834 , 116835 , 116840 , 116859 , 116860 , 116866 , 116870 , 116871 , 116872 , 116873 , 116874 , 116875 , 116876 , 116877 , 116878 , 116880 , 116881 , 147921 , 116883 , 116884 , 116885 , 116905 , 116906 , 116921 , 116922 , 116925 , 116926 , 116927 , 116928 , 116929 , 116930 , 116938 , 147923 , 116944 , 116945 , 116946 , 116949 , 116950 , 116951 , 116955 , 116966 , 116967 , 116970 , 116971 , 116972 , 116973 , 116974 , 116975 , 116977 , 116978 , 116980 , 150569 , 117010 , 117013 , 117014 , 117015 , 117016 , 117017 , 117018 , 117032 , 117033 , 117049 , 117050 , 117051 , 117053 , 117054 , 117055 , 117056 , 117057 , 117067 , 117068 , 117069 , 117070 , 117073 , 117074 , 117075 , 150587 , 147928 , 117103 , 117105 , 117106 , 117107 , 117108 , 117109 , 117115 , 147929 , 150595 , 117224 , 117225 , 117226 , 117227 , 117228 , 117229 , 117230 , 117234 , 117235 , 117236 , 117237 , 117239 , 117243 , 117244 , 117245 , 117247 , 117248 , 117251 , 117252 , 117253 , 117254 , 117255 , 117256 , 117257 , 147934 , 117293 , 117299 , 117316 , 117317 , 117354 , 117356 , 117357 , 117377 , 117378 , 117380 , 117381 , 117382 , 117383 , 117384 , 117385 , 117387 , 117388 , 117389 , 117407 , 117408 , 117409 , 117410 , 117411 , 117412 , 117413 , 117414 , 117415 , 117417 , 117418 , 117419 , 117420 , 117422 , 117423 , 117424 , 117425 , 117426 , 117429 , 117436 , 117437 , 117438 , 117439 , 117440 , 117441 , 117443 , 117444 , 117450 , 117451 , 139211 , 117468 , 117469 , 117470 , 117474 , 117475 , 117478 , 117479 , 117480 , 117484 , 139213 , 117523 , 117524 , 117525 , 117526 , 117527 , 117528 , 117530 , 117531 , 117534 , 117535 , 117538 , 117539 , 117540 , 117541 , 139214 , 117572 , 117573 , 117574 , 117575 , 117576 , 117577 , 117578 , 117581 , 117584 , 117585 , 117587 , 117588 , 117589 , 117590 , 117610 , 117611 , 117612 , 117619 , 117620 , 117627 , 117628 , 117630 , 117631 , 117632 , 117633 , 117637 , 117640 , 117641 , 117642 , 117643 , 117644 , 117645 , 117646 , 117647 , 117648 , 117664 , 117665 , 117676 , 117677 , 117685 , 117686 , 117688 , 117689 , 117690 , 117691 , 117692 , 117693 , 117694 , 117695 , 117697 , 117698 , 117699 , 117700 , 117701 , 117703 , 117704 , 117705 , 117706 , 117707 , 117718 , 117719 , 117720 , 117723 , 117724 , 117739 , 117792 , 117793 , 117794 , 117795 , 117796 , 117797 , 117813 , 117814 , 117815 , 117816 , 117817 , 117818 , 117819 , 117820 , 117821 , 117823 , 117825 , 117826 , 117827 , 117830 , 117831 , 117832 , 117833 , 117836 , 117840 , 117843 , 117844 , 117847 , 117848 , 117849 , 139225 , 117879 , 117880 , 117920 , 117921 , 117929 , 150728 , 150729 , 117956 , 117957 , 117958 , 117959 , 117960 , 117961 , 117962 , 117963 , 117964 , 117966 , 117968 , 117969 , 117970 , 117971 , 117972 , 117973 , 117974 , 117975 , 117977 , 117978 , 117982 , 118075 , 118113 , 118114 , 118117 , 118118 , 118121 , 118122 , 118126 , 118127 , 118128 , 118135 , 118136 , 118137 , 118138 , 118139 , 118140 , 118141 , 118142 , 118143 , 118144 , 118145 , 118154 , 118158 , 118179 , 118180 , 118181 , 118196 , 118197 , 118198 , 118199 , 118211 , 118212 , 118213 , 118215 , 118216 , 118220 , 118223 , 118224 , 118225 , 118232 , 118271 , 118272 , 118273 , 118274 , 118275 , 118276 , 118315 , 118323 , 118324 , 118325 , 118326 , 118327 , 118328 , 118332 , 118333 , 118334 , 118335 , 118336 , 118372 , 118374 , 118378 , 118379 , 118381 , 118382 , 118383 , 118385 , 118386 , 118387 , 118388 , 118389 , 118390 , 118391 , 118437 , 118438 , 118440 , 118441 , 118442 , 118443 , 118470 , 118483 , 118497 , 118501 , 118502 , 118505 , 118506 , 118507 , 118533 , 118534 , 118536 , 118539 , 118562 , 118563 , 118564 , 118565 , 118566 , 118567 , 118568 , 118578 , 118586 , 118594 , 118595 , 118596 , 118597 , 118640 , 118653 , 118660 , 118661 , 118687 , 118723 , 118725 , 118726 , 118729 , 118734 , 118735 , 118736 , 118737 , 118738 , 118739 , 118740 , 118741 , 118742 , 118743 , 118744 , 118751 , 118752 , 118753 , 118754 , 118755 , 118760 , 118761 , 118762 , 118823 , 118824 , 118825 , 118826 , 118828 , 118840 , 118841 , 118847 , 118848 , 118852 , 118853 , 118916 , 118917 , 118918 , 118919 , 118920 , 118921 , 118922 , 118923 , 118925 , 118926 , 118928 , 118929 , 118930 , 118931 , 118932 , 118933 , 118934 , 118935 , 118936 , 118937 , 118938 , 118939 , 118978 , 118981 , 118982 , 118983 , 118984 , 118985 , 118986 , 118988 , 118989 , 118997 , 118999 , 119005 , 119006 , 119007 , 119011 , 119052 , 119053 , 119068 , 119069 , 119070 , 119075 , 119076 , 119077 , 119078 , 119079 , 119080 , 119082 , 119083 , 119088 , 119089 , 119090 , 119093 , 119100 , 119119 , 119122 , 119123 , 119133 , 119139 , 119140 , 119142 , 119143 , 119144 , 119145 , 119146 , 119153 , 119154 , 119155 , 119193 , 119194 , 119198 , 119199 , 119200 , 119201 , 119202 , 119203 , 119204 , 119205 , 143635 , 119262 , 119263 , 119264 , 119265 , 119285 , 119286 , 119287 , 119289 , 119290 , 119291 , 119292 , 119293 , 119294 , 119295 , 119296 , 119324 , 119325 , 119326 , 119327 , 119328 , 119330 , 119331 , 119336 , 119356 , 119357 , 119358 , 119359 , 119360 , 119361 , 119377 , 119378 , 119426 , 119427 , 119444 , 119445 , 119446 , 119468 , 119480 , 119525 , 119526 , 119527 , 119529 , 119534 , 119535 , 119541 , 119542 , 119548 , 119549 , 119550 , 119551 , 119565 , 119566 , 119567 , 119568 , 119569 , 119604 , 119605 , 119606 , 119607 , 119616 , 119617 , 119618 , 119619 , 119620 , 119653 , 119654 , 119655 , 119656 , 119657 , 119658 , 119659 , 119662 , 119663 , 119664 , 119671 , 119672 , 119673 , 119674 , 119675 , 119676 , 119677 , 119678 , 119679 , 119680 , 119681 , 119682 , 119685 , 119686 , 119687 , 119688 , 119689 , 119690 , 119691 , 119692 , 119693 , 119694 , 119698 , 119699 , 119700 , 119703 , 119704 , 119705 , 119706 , 119707 , 119712 , 119713 , 119714 , 119715 , 119716 , 119718 , 119721 , 119722 , 119723 , 119724 , 119725 , 119726 , 119727 , 119728 , 119729 , 119731 , 119732 , 119735 , 119740 , 119741 , 119742 , 119743 , 119744 , 119745 , 119746 , 119747 , 119748 , 119749 , 119750 , 119751 , 119752 , 119753 , 119754 , 119756 , 119761 , 119762 , 119763 , 119764 , 119765 , 119766 , 119767 , 119768 , 119769 , 119784 , 119785 , 119786 , 119787 , 119812 , 119813 , 119814 , 119815 , 119816 , 119817 , 119818 , 119819 , 119820 , 119821 , 119822 , 119823 , 119824 , 119825 , 119826 , 119827 , 119844 , 119863 , 119867 , 119868 , 119869 , 119881 , 119882 , 119883 , 119884 , 119885 , 119886 , 119887 , 151054 , 151055 , 119903 , 119904 , 119905 , 119906 , 119907 , 119908 , 119909 , 119910 , 119911 , 119912 , 119913 , 119914 , 119920 , 119921 , 119922 , 119924 , 151062 , 148023 , 151063 , 119959 , 119960 , 119980 , 119981 , 119982 , 119983 , 119984 , 119985 , 119987 , 119994 , 120009 , 120011 , 120012 , 120013 , 120014 , 120015 , 120017 , 120018 , 120019 , 120020 , 120021 , 120022 , 120023 , 120024 , 120025 , 120031 , 120032 , 120033 , 120034 , 120035 , 120036 , 120037 , 120038 , 120039 , 120040 , 120042 , 120043 , 120044 , 120047 , 120048 , 120049 , 120053 , 120054 , 120055 , 120056 , 120057 , 120058 , 120059 , 120060 , 120061 , 120062 , 120064 , 120065 , 120066 , 120120 , 120121 , 120122 , 120123 , 120124 , 120139 , 120150 , 120165 , 120166 , 120167 , 120168 , 120169 , 120170 , 120171 , 120175 , 120176 , 120177 , 120179 , 120180 , 120181 , 120182 , 120183 , 120184 , 120185 , 151107 , 151108 , 151109 , 151110 , 151114 , 120299 , 120300 , 120340 , 120347 , 120348 , 120349 , 120353 , 120354 , 120355 , 120357 , 120358 , 120359 , 120360 , 120363 , 120364 , 120365 , 120384 , 151148 , 120475 , 120476 , 120477 , 120478 , 120479 , 120480 , 120484 , 120485 , 120486 , 120494 , 120495 , 120496 , 120497 , 120498 , 120499 , 120500 , 120502 , 120503 , 120504 , 120505 , 120506 , 120509 , 120510 , 120511 , 120523 , 120524 , 120525 , 120526 , 120527 , 120528 , 120529 , 120534 , 120553 , 120554 , 120555 , 120556 , 120557 , 120558 , 120559 , 143679 , 120567 , 120568 , 120569 , 120570 , 120572 , 120579 , 151171 , 151172 , 151173 , 151174 , 120619 , 120620 , 120621 , 120622 , 120625 , 151178 , 120639 , 120640 , 151179 , 120651 , 120652 , 120653 , 120661 , 120662 , 120663 , 120664 , 120665 , 120666 , 120668 , 120669 , 120670 , 120671 , 120673 , 120674 , 120675 , 120676 , 120677 , 120678 , 120684 , 120685 , 120686 , 120687 , 120689 , 120709 , 151193 , 120730 , 120731 , 151194 , 151195 , 120743 , 120749 , 120750 , 120751 , 120752 , 120756 , 120757 , 120758 , 120759 , 120760 , 120761 , 120764 , 120765 , 120771 , 120772 , 120773 , 120778 , 120779 , 120780 , 120781 , 120783 , 120784 , 120785 , 120786 , 120787 , 120788 , 120789 , 120790 , 120791 , 120795 , 120797 , 120800 , 120801 , 120802 , 120803 , 120804 , 120805 , 120813 , 120814 , 120815 , 120816 , 120817 , 120818 , 120819 , 120822 , 120823 , 120824 , 120825 , 120831 , 120832 , 120833 , 120834 , 120835 , 120836 , 151213 , 120863 , 120869 , 151217 , 120876 , 120877 , 120882 , 120883 , 120884 , 151696 , 120914 , 120938 , 120942 , 120943 , 120944 , 120945 , 120946 , 120947 , 120949 , 120950 , 120951 , 120953 , 120954 , 120955 , 120956 , 120958 , 120959 , 120962 , 121007 , 121013 , 121014 , 121015 , 121016 , 121017 , 121088 , 121089 , 121090 , 121091 , 121093 , 121094 , 121096 , 121097 , 121099 , 121100 , 121102 , 121103 , 121104 , 121105 , 121114 , 121115 , 121116 , 121117 , 121118 , 121119 , 121120 , 121121 , 121122 , 121123 , 121124 , 121172 , 121173 , 121174 , 121175 , 121178 , 121179 , 121180 , 121240 , 121241 , 121242 , 121244 , 121247 , 121249 , 121250 , 121251 , 121252 , 121254 , 121256 , 121257 , 121258 , 121259 , 121261 , 121264 , 121265 , 121266 , 121292 , 121293 , 121294 , 121295 , 121296 , 121297 , 121298 , 121299 , 121300 , 121301 , 121302 , 121303 , 121305 , 121306 , 121307 , 121308 , 121309 , 121310 , 121311 , 121312 , 121314 , 121315 , 121316 , 121317 , 121318 , 121319 , 121320 , 121321 , 121322 , 121323 , 121324 , 121325 , 121326 , 121327 , 121331 , 121332 , 121333 , 121334 , 121335 , 121338 , 121339 , 121340 , 121341 , 121342 , 121414 , 121418 , 121419 , 121420 , 121421 , 121447 , 121448 , 121482 , 121484 , 121485 , 121486 , 121487 , 121488 , 121489 , 121490 , 121520 , 121529 , 121532 , 121557 , 121558 , 121559 , 121560 , 121564 , 121565 , 121585 , 121586 , 121587 , 121624 , 121625 , 121626 , 121627 , 121628 , 121634 , 121635 , 121636 , 121641 , 121642 , 121643 , 121644 , 121648 , 121649 , 121650 , 121651 , 121658 , 121659 , 121660 , 121661 , 121662 , 121663 , 121664 , 121665 , 121666 , 121667 , 121668 , 121671 , 121673 , 121705 , 151363 , 121782 , 121783 , 121784 , 121793 , 121794 , 121797 , 121800 , 121801 , 121802 , 121803 , 121804 , 121805 , 121810 , 121814 , 121821 , 121822 , 121823 , 121824 , 121827 , 121828 , 121829 , 121830 , 121831 , 121832 , 121833 , 121834 , 121835 , 121836 , 121837 , 121854 , 121855 , 121859 , 121860 , 121861 , 121862 , 121863 , 121864 , 121865 , 121866 , 121867 , 121869 , 121870 , 121871 , 121874 , 121875 , 121876 , 121877 , 121878 , 121879 , 121880 , 121881 , 121882 , 121886 , 121889 , 121893 , 121897 , 121902 , 121905 , 152696 , 121913 , 121914 , 121915 , 121917 , 121918 , 121919 , 121920 , 121921 , 121922 , 121925 , 121926 , 121927 , 121928 , 121929 , 121930 , 121934 , 121935 , 121936 , 121937 , 121938 , 121945 , 121946 , 121947 , 121948 , 121949 , 121950 , 121951 , 121952 , 121955 , 121956 , 121957 , 121958 , 121964 , 121967 , 121968 , 121969 , 121975 , 121976 , 121977 , 121978 , 121979 , 121980 , 121983 , 151403 , 121988 , 121989 , 121990 , 121991 , 121992 , 122030 , 122034 , 122035 , 122038 , 122039 , 122068 , 122076 , 122077 , 151420 , 151422 , 122107 , 151424 , 122120 , 122121 , 122122 , 122123 , 122126 , 122129 , 122130 , 122134 , 122135 , 122136 , 122137 , 122138 , 122158 , 122159 , 122160 , 122161 , 122162 , 122163 , 122164 , 122165 , 122167 , 122168 , 122203 , 122204 , 122206 , 151445 , 151446 , 122292 , 122293 , 122294 , 122295 , 122296 , 122297 , 122298 , 122299 , 122300 , 122406 , 122422 , 122458 , 122466 , 122487 , 122495 , 122496 , 122497 , 122498 , 122499 , 122500 , 122531 , 122534 , 122538 , 122539 , 122540 , 122548 , 122549 , 122572 , 122576 , 122577 , 122578 , 122579 , 122580 , 151502 , 122583 , 122584 , 122591 , 122592 , 122593 , 122595 , 122596 , 122597 , 122623 , 122624 , 122625 , 122626 , 122651 , 122652 , 122653 , 122654 , 122655 , 122656 , 122657 , 122658 , 122669 , 122670 , 151517 , 122672 , 151520 , 122690 , 122691 , 122692 , 122693 , 122694 , 122695 , 122697 , 122698 , 122699 , 122700 , 122707 , 122708 , 151524 , 122714 , 122715 , 122718 , 151525 , 122720 , 122729 , 122730 , 122731 , 122732 , 122733 , 122734 , 122735 , 122736 , 122737 , 122738 , 122740 , 122745 , 122746 , 122755 , 122756 , 122757 , 122758 , 122759 , 122760 , 122770 , 122771 , 122772 , 122773 , 122774 , 122776 , 122778 , 122779 , 122780 , 122781 , 122782 , 122783 , 122793 , 122794 , 122839 , 122846 , 122847 , 122879 , 122911 , 122912 , 122926 , 122927 , 122928 , 122929 , 122930 , 122931 , 122932 , 122934 , 122935 , 122939 , 122940 , 122941 , 122942 , 122944 , 122945 , 122946 , 122954 , 122966 , 122969 , 122972 , 122978 , 122979 , 122980 , 122981 , 122982 , 122983 , 122984 , 122985 , 122986 , 122987 , 122988 , 122989 , 122990 , 122998 , 123000 , 123001 , 123002 , 123003 , 123004 , 123008 , 123012 , 123015 , 123026 , 123029 , 123030 , 123032 , 123033 , 123041 , 123042 , 123043 , 123045 , 123046 , 123047 , 123048 , 123049 , 123050 , 123051 , 123061 , 123064 , 123065 , 123066 , 123069 , 123070 , 123071 , 123076 , 123077 , 123111 , 123112 , 123113 , 123128 , 123149 , 123150 , 123151 , 123152 , 123153 , 123157 , 123158 , 123159 , 123194 , 123195 , 123196 , 123197 , 123198 , 123199 , 123200 , 123202 , 123203 , 123208 , 123209 , 123210 , 151608 , 123222 , 123269 , 123297 , 123298 , 123309 , 123314 , 123315 , 123326 , 123327 , 123328 , 123329 , 123330 , 123341 , 123342 , 123348 , 123349 , 123356 , 123361 , 123362 , 123363 , 123364 , 123365 , 123366 , 123367 , 123368 , 123369 , 123372 , 123373 , 123374 , 123375 , 123376 , 123377 , 123378 , 123380 , 123381 , 123383 , 123386 , 123387 , 123404 , 123405 , 123406 , 123407 , 123408 , 123415 , 123416 , 123417 , 123419 , 123420 , 123421 , 123436 , 123437 , 123446 , 123458 , 123459 , 123460 , 123464 , 123465 , 123466 , 123467 , 123472 , 123473 , 123474 , 123475 , 123482 , 123483 , 123484 , 123486 , 123487 , 123488 , 123489 , 123490 , 123491 , 123492 , 123493 , 123494 , 123497 , 123498 , 123499 , 123500 , 123543 , 123544 , 123547 , 123548 , 123549 , 123551 , 123552 , 123553 , 123554 , 123573 , 123576 , 123577 , 123584 , 123585 , 123589 , 123590 , 123591 , 151677 , 123639 , 123640 , 123641 , 123642 , 123643 , 123644 , 123645 , 123646 , 123647 , 123648 , 123649 , 123650 , 123651 , 123652 , 123653 , 151681 , 123656 , 123657 , 123658 , 123659 , 123660 , 123661 , 123662 , 123663 , 123664 , 123665 , 123666 , 123667 , 123668 , 123669 , 123670 , 123673 , 123674 , 123675 , 151685 , 123680 , 123681 , 123682 , 123683 , 123684 , 123685 , 123686 , 123691 , 123692 , 123693 , 123727 , 151694 , 151695 , 123743 , 123744 , 123745 , 123746 , 123747 , 123749 , 123750 , 123751 , 123752 , 123753 , 123758 , 123759 , 123760 , 123761 , 123762 , 123763 , 123764 , 123765 , 123767 , 123768 , 123774 , 123791 , 123792 , 123801 , 123802 , 123803 , 123804 , 123805 , 123808 , 123815 , 123816 , 123817 , 123820 , 123825 , 123826 , 123827 , 123828 , 123829 , 123890 , 123909 , 123910 , 123911 , 123912 , 123913 , 123915 , 123916 , 123917 , 123918 , 123919 , 123920 , 123921 , 123922 , 123923 , 123924 , 123925 , 123926 , 123927 , 123929 , 123930 , 123931 , 123932 , 123933 , 124053 , 124054 , 124055 , 124056 , 124075 , 124076 , 124077 , 124079 , 124080 , 124081 , 124082 , 124083 , 124084 , 124124 , 124129 , 124163 , 124164 , 124182 , 124183 , 124184 , 124187 , 124188 , 124196 , 124213 , 124214 , 124215 , 124216 , 124217 , 124219 , 124220 , 124222 , 124223 , 124224 , 124225 , 124226 , 124227 , 124228 , 124230 , 124231 , 124242 , 124243 , 124244 , 124248 , 124250 , 124251 , 124252 , 124253 , 124254 , 124255 , 124256 , 124258 , 124260 , 124261 , 124264 , 124279 , 124280 , 124281 , 124282 , 124283 , 124284 , 124285 , 124286 , 124290 , 124291 , 124292 , 124293 , 124294 , 124295 , 124321 , 124322 , 124323 , 124324 , 124325 , 124326 , 124327 , 124329 , 124336 , 124337 , 124365 , 124366 , 124378 , 124391 , 124392 , 124393 , 124394 , 124395 , 124396 , 124401 , 124404 , 124453 , 124492 , 124493 , 124513 , 124514 , 124515 , 147476 , 124559 , 124560 , 124564 , 124565 , 124566 , 124567 , 124570 , 124571 , 124572 , 124573 , 124574 , 124575 , 124576 , 124577 , 124578 , 124585 , 124589 , 124590 , 124591 , 124592 , 124593 , 124594 , 124595 , 124596 , 124597 , 124598 , 124602 , 124603 , 124604 , 124613 , 124614 , 124616 , 124617 , 124618 , 124619 , 124621 , 124622 , 124623 , 124624 , 124632 , 124633 , 124634 , 124635 , 124636 , 124637 , 124638 , 124642 , 124643 , 124644 , 124645 , 124653 , 124658 , 124662 , 124675 , 124676 , 124677 , 124678 , 124679 , 124680 , 124681 , 124682 , 124683 , 124684 , 124693 , 124697 , 124698 , 124700 , 124701 , 124702 , 124704 , 124705 , 124706 , 124707 , 124708 , 124709 , 124710 , 124712 , 124713 , 124749 , 124779 , 124780 , 124781 , 124806 , 124862 , 124863 , 124864 , 124865 , 124866 , 124867 , 124868 , 124869 , 124870 , 124871 , 124872 , 124880 , 124881 , 124884 , 124885 , 124886 , 124900 , 124901 , 124902 , 124903 , 124904 , 124905 , 124906 , 124907 , 124918 , 124919 , 124920 , 124921 , 124922 , 124923 , 124924 , 124925 , 124995 , 124996 , 124998 , 124999 , 125002 , 125003 , 125004 , 125006 , 125007 , 125008 , 125009 , 125021 , 125022 , 125027 , 125028 , 151910 , 125030 , 151911 , 125053 , 125063 , 125064 , 125065 , 125067 , 125070 , 125082 , 125083 , 125084 , 125104 , 125105 , 125106 , 125107 , 125108 , 125109 , 125110 , 125118 , 125120 , 125121 , 125132 , 125133 , 125149 , 125150 , 125151 , 125152 , 125153 , 125154 , 125155 , 125156 , 125157 , 125159 , 125160 , 125166 , 125167 , 125168 , 125169 , 125171 , 125172 , 125173 , 125174 , 125175 , 125176 , 125177 , 125178 , 125180 , 125181 , 125182 , 125183 , 125184 , 125185 , 125186 , 125188 , 125209 , 125210 , 125211 , 125214 , 125215 , 125216 , 125217 , 125218 , 125219 , 125220 , 125221 , 125222 , 125223 , 125224 , 125225 , 125226 , 125227 , 125228 , 125229 , 125230 , 125231 , 125232 , 125233 , 125234 , 125235 , 125236 , 125237 , 125238 , 125294 , 125295 , 125297 , 125302 , 125303 , 125307 , 125308 , 125309 , 125310 , 125315 , 125323 , 125324 , 125331 , 125332 , 125333 , 125334 , 125335 , 125341 , 125357 , 125358 , 125361 , 125362 , 125363 , 125364 , 125365 , 125391 , 125396 , 125397 , 125398 , 125399 , 125405 , 125406 , 125408 , 125411 , 125436 , 125437 , 125441 , 125442 , 125443 , 125444 , 125445 , 125446 , 125447 , 125448 , 125449 , 125458 , 125459 , 125460 , 125463 , 125464 , 125471 , 125488 , 125491 , 125492 , 125493 , 125494 , 125497 , 125498 , 125505 , 125506 , 125507 , 125508 , 125509 , 125510 , 125511 , 125512 , 125513 , 125514 , 125515 , 125516 , 125517 , 125518 , 125519 , 151993 , 125536 , 125561 , 125562 , 125563 , 125564 , 125565 , 125566 , 125567 , 125568 , 125569 , 125570 , 125576 , 125577 , 125578 , 125579 , 125580 , 125581 , 125582 , 125583 , 125584 , 125585 , 125586 , 125587 , 125588 , 125590 , 125592 , 125593 , 125594 , 125616 , 125617 , 125618 , 125620 , 125621 , 125624 , 152011 , 125663 , 125664 , 125667 , 125668 , 125696 , 125702 , 125708 , 125709 , 125710 , 125711 , 125712 , 125713 , 125714 , 125715 , 125719 , 125720 , 125724 , 125725 , 125729 , 125730 , 125732 , 125733 , 125734 , 125735 , 125736 , 125740 , 125761 , 125762 , 125763 , 125764 , 125765 , 125766 , 125769 , 125770 , 125776 , 125777 , 125780 , 125783 , 125784 , 125786 , 125787 , 125789 , 125790 , 125791 , 125792 , 125793 , 125794 , 125795 , 125797 , 125798 , 125802 , 125803 , 125804 , 125805 , 125806 , 125809 , 152045 , 125844 , 125845 , 125846 , 125847 , 125848 , 152047 , 125878 , 125879 , 125880 , 125881 , 125882 , 125883 , 125885 , 125886 , 125887 , 125888 , 125902 , 125903 , 125904 , 125905 , 125906 , 125909 , 125910 , 125911 , 125915 , 125920 , 125923 , 125924 , 125925 , 125926 , 125927 , 125928 , 125929 , 125932 , 125933 , 125936 , 125937 , 125938 , 125939 , 125941 , 125952 , 125953 , 125963 , 125964 , 125965 , 125968 , 125969 , 125983 , 125984 , 125985 , 125996 , 125997 , 126012 , 126013 , 126015 , 126016 , 126017 , 152090 , 152091 , 126120 , 126121 , 126122 , 126123 , 126124 , 126125 , 126126 , 126181 , 126182 , 126183 , 126184 , 126185 , 126186 , 126187 , 126189 , 126190 , 126191 , 126192 , 126193 , 126197 , 126198 , 126199 , 126200 , 126205 , 126220 , 126231 , 126232 , 126233 , 126252 , 126253 , 126254 , 126255 , 126259 , 126261 , 154471 , 126328 , 126329 , 126330 , 126331 , 126332 , 126333 , 126334 , 126337 , 126338 , 126339 , 126340 , 126369 , 126370 , 126373 , 126374 , 126375 , 126376 , 126377 , 126378 , 126409 , 126410 , 126411 , 126412 , 126413 , 126414 , 126417 , 126418 , 126419 , 126420 , 126421 , 126422 , 126423 , 126425 , 126426 , 126427 , 126432 , 126433 , 126434 , 126435 , 126439 , 126440 , 126441 , 126442 , 126443 , 126445 , 126446 , 126450 , 126451 , 126475 , 126476 , 126485 , 126486 , 126487 , 126488 , 126489 , 126490 , 126491 , 126492 , 126497 , 126498 , 126529 , 126530 , 126531 , 126532 , 126534 , 126535 , 126536 , 126537 , 126538 , 126539 , 126540 , 126541 , 126542 , 126543 , 126544 , 126545 , 126546 , 126547 , 126548 , 126549 , 126551 , 126552 , 126553 , 126554 , 126555 , 126556 , 126557 , 126558 , 126559 , 126561 , 126562 , 126566 , 126567 , 126568 , 126569 , 126570 , 126571 , 126573 , 126581 , 126582 , 126583 , 126584 , 126585 , 126586 , 126587 , 126588 , 126589 , 126590 , 126591 , 126592 , 126593 , 152171 , 126601 , 126602 , 126604 , 126605 , 126671 , 126672 , 126673 , 126674 , 126675 , 126676 , 126677 , 126679 , 126690 , 126691 , 126693 , 126694 , 126695 , 126698 , 126699 , 126700 , 126701 , 126702 , 126703 , 126704 , 126705 , 126706 , 126707 , 126708 , 126709 , 126731 , 126732 , 126733 , 126734 , 126756 , 126772 , 126773 , 126774 , 126775 , 126776 , 126777 , 126778 , 126779 , 126780 , 126781 , 126782 , 126783 , 126784 , 126788 , 126793 , 136690 , 152206 , 152207 , 126812 , 126816 , 126817 , 126818 , 126819 , 126821 , 126860 , 126874 , 126875 , 126876 , 126877 , 126878 , 126880 , 126882 , 126883 , 126886 , 126887 , 126888 , 126894 , 126895 , 126896 , 126897 , 126900 , 126901 , 126902 , 126903 , 152223 , 126947 , 126959 , 126960 , 126961 , 126962 , 126973 , 127001 , 127010 , 127011 , 127013 , 127017 , 127018 , 127019 , 127020 , 127040 , 127041 , 127042 , 127043 , 127044 , 127045 , 127046 , 127047 , 127051 , 127052 , 127053 , 127055 , 127056 , 127057 , 127059 , 127080 , 127081 , 127082 , 127083 , 127085 , 127091 , 127092 , 127093 , 127094 , 127095 , 127096 , 127097 , 127100 , 127101 , 127102 , 152626 , 127238 , 127240 , 127257 , 127261 , 127262 , 127263 , 127264 , 127265 , 127266 , 127267 , 127268 , 127269 , 127270 , 127271 , 127287 , 127289 , 127290 , 127291 , 127292 , 127293 , 127295 , 127297 , 127300 , 127301 , 127302 , 127303 , 127304 , 127306 , 127307 , 127308 , 127309 , 127310 , 127311 , 127312 , 127315 , 127317 , 127318 , 127319 , 127320 , 127323 , 127331 , 127332 , 127333 , 127341 , 127343 , 127344 , 127345 , 127346 , 127351 , 127352 , 127353 , 127354 , 127355 , 127356 , 127357 , 127362 , 127363 , 127364 , 127365 , 127367 , 127368 , 127369 , 127370 , 127371 , 127372 , 127379 , 127380 , 127381 , 127382 , 127386 , 127388 , 127389 , 127390 , 127391 , 127392 , 127393 , 127394 , 127395 , 127427 , 127428 , 127484 , 127485 , 127491 , 127499 , 127500 , 127501 , 127502 , 127504 , 127510 , 127511 , 127512 , 127513 , 127514 , 127515 , 127516 , 127517 , 127541 , 127548 , 127564 , 127565 , 127568 , 152336 , 127589 , 127592 , 127609 , 127610 , 127611 , 127613 , 127614 , 127615 , 127619 , 127620 , 127621 , 127622 , 127623 , 127624 , 127627 , 127628 , 127629 , 127630 , 127631 , 127632 , 127633 , 127634 , 127636 , 127637 , 127638 , 127642 , 127643 , 127644 , 127645 , 127646 , 127647 , 127648 , 127649 , 127650 , 127658 , 127660 , 127661 , 127669 , 127673 , 127674 , 127675 , 152352 , 127682 , 127683 , 127684 , 127686 , 127690 , 127691 , 127692 , 127722 , 127724 , 127725 , 127726 , 127727 , 127728 , 135189 , 127749 , 127750 , 127753 , 127754 , 127763 , 127764 , 127767 , 127768 , 127769 , 127770 , 127771 , 127772 , 127815 , 127851 , 127852 , 127864 , 127865 , 127868 , 127871 , 127879 , 127884 , 127885 , 127886 , 127887 , 127889 , 127914 , 127915 , 127916 , 127917 , 127918 , 127919 , 127920 , 127921 , 127924 , 127925 , 127927 , 127957 , 127958 , 127969 , 127970 , 127971 , 127972 , 127973 , 127974 , 127975 , 127976 , 127977 , 127978 , 127979 , 127980 , 127981 , 127982 , 127983 , 127984 , 127985 , 127986 , 127987 , 127988 , 127990 , 127991 , 127998 , 127999 , 128000 , 128010 , 128011 , 128012 , 128013 , 128019 , 128020 , 128021 , 128024 , 128025 , 128033 , 128034 , 128035 , 128047 , 128048 , 128049 , 128064 , 128067 , 128068 , 128069 , 128070 , 128071 , 128072 , 128080 , 128083 , 128084 , 128085 , 128086 , 128088 , 128089 , 128090 , 128091 , 128092 , 128093 , 128094 , 128095 , 128096 , 128101 , 128102 , 128104 , 128107 , 128108 , 128109 , 128110 , 128111 , 128113 , 128118 , 128119 , 128120 , 128124 , 128140 , 128141 , 128142 , 128143 , 128144 , 128147 , 128148 , 128149 , 128150 , 128151 , 128152 , 128179 , 128210 , 128211 , 128212 , 128213 , 128214 , 128215 , 128219 , 128220 , 128221 , 128222 , 128223 , 128225 , 128229 , 128230 , 128231 , 128232 , 128233 , 128234 , 128235 , 128241 , 128242 , 128243 , 128244 , 128250 , 128251 , 128279 , 128288 , 128291 , 128292 , 128294 , 128295 , 128296 , 128297 , 128298 , 128303 , 128304 , 128306 , 128308 , 128309 , 128310 , 128314 , 128336 , 128340 , 128341 , 128345 , 128346 , 128347 , 128348 , 128367 , 128368 , 128382 , 128383 , 128399 , 128411 , 128412 , 128416 , 128417 , 128418 , 128419 , 128420 , 128421 , 128422 , 128423 , 128424 , 128425 , 128427 , 128430 , 128431 , 128432 , 128433 , 128434 , 128435 , 128438 , 128439 , 128441 , 128447 , 128448 , 128449 , 128450 , 128451 , 128452 , 128453 , 128485 , 128486 , 128487 , 128488 , 128491 , 128492 , 128493 , 128494 , 128495 , 128496 , 128501 , 128502 , 152491 , 128531 , 128535 , 128536 , 128542 , 128543 , 128592 , 128593 , 128612 , 128613 , 128615 , 128616 , 128618 , 128619 , 128630 , 128631 , 128632 , 128633 , 128634 , 128635 , 128636 , 128637 , 128638 , 128639 , 128640 , 128643 , 128675 , 128676 , 128677 , 128679 , 128680 , 128681 , 128682 , 128683 , 128684 , 128685 , 128688 , 128689 , 128690 , 128691 , 128693 , 128694 , 128700 , 128753 , 128754 , 128755 , 128756 , 128757 , 128759 , 152535 , 128794 , 128809 , 128810 , 128811 , 128812 , 128847 , 128848 , 128849 , 128850 , 128851 , 128852 , 128873 , 128875 , 128876 , 128877 , 128878 , 128883 , 128884 , 128890 , 128891 , 128894 , 128895 , 128896 , 128936 , 128937 , 128942 , 128943 , 129054 , 129055 , 129073 , 129074 , 129075 , 129076 , 129078 , 129079 , 129080 , 129081 , 129082 , 129084 , 129085 , 129086 , 129118 , 129119 , 129152 , 129156 , 129157 , 129158 , 129159 , 129160 , 129161 , 129163 , 129175 , 129176 , 129177 , 129178 , 129187 , 129190 , 129197 , 129198 , 129199 , 129200 , 129201 , 129202 , 129203 , 129204 , 129205 , 129207 , 129208 , 129209 , 129210 , 129215 , 129216 , 129217 , 129218 , 129238 , 129239 , 129240 , 129241 , 129242 , 129243 , 129244 , 129248 , 129249 , 129250 , 129251 , 129252 , 129253 , 129254 , 129255 , 129257 , 129261 , 129275 , 129284 , 129285 , 129286 , 129287 , 129289 , 129290 , 129292 , 129293 , 129294 , 129295 , 152622 , 152623 , 152624 , 152625 , 129325 , 129326 , 152627 , 129359 , 129360 , 129364 , 129365 , 129373 , 129375 , 129397 , 129398 , 129403 , 129404 , 129405 , 129406 , 129407 , 129409 , 129410 , 129411 , 129412 , 129425 , 129466 , 129467 , 129471 , 129472 , 129480 , 129481 , 129482 , 129532 , 129533 , 129535 , 129536 , 129538 , 129572 , 129576 , 129577 , 129579 , 129580 , 129581 , 129582 , 129608 , 129609 , 129610 , 129611 , 129612 , 129619 , 129640 , 129641 , 129642 , 129643 , 129644 , 129645 , 129646 , 129647 , 129648 , 129649 , 129650 , 129652 , 129653 , 129654 , 129655 , 129656 , 129657 , 129658 , 129659 , 129662 , 129663 , 129664 , 129692 , 129693 , 129694 , 129699 , 129712 , 129713 , 129714 , 152692 , 152693 , 129731 , 129732 , 129733 , 129736 , 129737 , 129738 , 129739 , 129741 , 129742 , 129743 , 129744 , 129745 , 129746 , 129747 , 129748 , 129749 , 129750 , 152697 , 129776 , 129777 , 129778 , 129779 , 129782 , 129783 , 129784 , 129786 , 129787 , 129788 , 129799 , 129818 , 129819 , 129825 , 129835 , 129836 , 129837 , 129838 , 129839 , 129840 , 129841 , 129842 , 129843 , 129844 , 129845 , 152713 , 152714 , 129856 , 129857 , 129858 , 152715 , 129860 , 129881 , 129885 , 152720 , 152721 , 152722 , 129933 , 129934 , 129935 , 129936 , 129937 , 129938 , 129939 , 129940 , 129944 , 129952 , 139629 , 130032 , 130037 , 130046 , 130047 , 130048 , 130049 , 130051 , 130052 , 130053 , 130054 , 130055 , 130056 , 130057 , 130058 , 130059 , 130060 , 130061 , 130065 , 130073 , 130074 , 130075 , 130077 , 130078 , 130079 , 130080 , 130081 , 130087 , 130089 , 130090 , 130091 , 130092 , 130093 , 130094 , 130096 , 130101 , 130102 , 130117 , 130122 , 130123 , 130124 , 130126 , 130127 , 130130 , 130131 , 130149 , 130150 , 130151 , 130152 , 130153 , 130154 , 130155 , 130158 , 130159 , 130160 , 130169 , 130170 , 130171 , 130173 , 130174 , 130183 , 130184 , 130185 , 130189 , 130190 , 130229 , 130230 , 130231 , 130232 , 130233 , 130234 , 130235 , 130237 , 130238 , 130239 , 130240 , 130241 , 139637 , 130259 , 130286 , 130287 , 130288 , 130289 , 130292 , 130294 , 130295 , 130296 , 130297 , 130298 , 130299 , 130303 , 130309 , 130310 , 130311 , 152795 , 130352 , 130353 , 130354 , 130355 , 130356 , 130357 , 130358 , 130361 , 130365 , 130366 , 130367 , 130368 , 130369 , 130370 , 130371 , 130372 , 130373 , 130374 , 130378 , 130380 , 130381 , 130382 , 130383 , 130449 , 130450 , 130451 , 130452 , 130453 , 130454 , 130455 , 130456 , 130457 , 130459 , 130462 , 130463 , 130464 , 130465 , 130467 , 130468 , 130469 , 130470 , 130472 , 130473 , 130474 , 130478 , 130479 , 130536 , 130537 , 130538 , 130548 , 130549 , 130554 , 130555 , 130572 , 130573 , 130574 , 130575 , 130576 , 130640 , 152848 , 130659 , 130660 , 130661 , 130662 , 130663 , 130664 , 152851 , 130700 , 130701 , 152856 , 130707 , 130708 , 130709 , 130710 , 130716 , 130717 , 130718 , 130720 , 130747 , 130748 , 130749 , 130750 , 130752 , 130753 , 130754 , 130756 , 130759 , 130760 , 130761 , 130762 , 130775 , 130776 , 130777 , 130778 , 130818 , 130819 , 130820 , 130821 , 130822 , 130823 , 130824 , 130825 , 130826 , 130827 , 130828 , 130829 , 130830 , 130831 , 130832 , 130833 , 130834 , 130835 , 130836 , 130837 , 130838 , 130839 , 130840 , 130841 , 130842 , 130843 , 130844 , 130845 , 130846 , 130847 , 130848 , 130855 , 130866 , 130867 , 130868 , 130869 , 130870 , 130871 , 130874 , 130875 , 130876 , 130877 , 130878 , 130879 , 130881 , 130882 , 130883 , 130884 , 130888 , 148388 , 130933 , 130935 , 130936 , 130937 , 130938 , 130939 , 130941 , 130942 , 130943 , 130944 , 130946 , 130948 , 130949 , 130950 , 130951 , 130952 , 130953 , 130954 , 130955 , 130956 , 130957 , 130958 , 130962 , 130963 , 130964 , 130966 , 130967 , 130968 , 152900 , 130972 , 130974 , 130975 , 130981 , 130982 , 130983 , 130984 , 130985 , 130986 , 130987 , 130988 , 130989 , 130990 , 130991 , 130993 , 130994 , 130995 , 130996 , 130997 , 130998 , 130999 , 131000 , 131003 , 131004 , 131005 , 131006 , 131007 , 131010 , 131011 , 131012 , 131013 , 131018 , 131019 , 131020 , 131021 , 131022 , 131023 , 131024 , 131025 , 131026 , 131027 , 131031 , 131032 , 131033 , 131034 , 131037 , 131038 , 131039 , 131040 , 131042 , 131043 , 131044 , 131045 , 131046 , 131048 , 131051 , 131052 , 131053 , 131054 , 131055 , 131056 , 131057 , 131058 , 131059 , 131060 , 131068 , 131069 , 131071 , 
 sentiment score 1 
28 , 31 , 32 , 33 , 38 , 41 , 43 , 45 , 47 , 50 , 51 , 52 , 53 , 54 , 55 , 57 , 131132 , 131161 , 131162 , 131163 , 97 , 99 , 106 , 107 , 108 , 114 , 131189 , 122 , 123 , 131197 , 131198 , 131199 , 131200 , 131201 , 131202 , 131203 , 131204 , 131205 , 131206 , 131207 , 131208 , 137 , 138 , 139 , 131212 , 131213 , 142 , 143 , 131216 , 131219 , 131220 , 131221 , 131222 , 131223 , 153 , 154 , 155 , 164 , 165 , 131238 , 131239 , 131240 , 131241 , 131242 , 131243 , 131244 , 131245 , 131246 , 131247 , 131248 , 131249 , 131250 , 131251 , 131254 , 131259 , 131260 , 189 , 190 , 131104 , 139671 , 211 , 212 , 131289 , 131293 , 131294 , 131304 , 131306 , 237 , 249 , 250 , 251 , 252 , 253 , 254 , 258 , 131332 , 131333 , 131334 , 131335 , 264 , 131337 , 266 , 267 , 268 , 131342 , 271 , 273 , 274 , 275 , 276 , 277 , 279 , 280 , 282 , 283 , 284 , 285 , 286 , 287 , 288 , 290 , 291 , 292 , 293 , 294 , 295 , 296 , 297 , 131382 , 131383 , 131384 , 131124 , 131386 , 131387 , 131389 , 131390 , 131391 , 131392 , 131393 , 131394 , 131395 , 131399 , 131402 , 331 , 332 , 131405 , 131406 , 335 , 131408 , 337 , 338 , 131411 , 340 , 131413 , 131414 , 131416 , 346 , 348 , 131421 , 350 , 351 , 131429 , 361 , 131436 , 131439 , 381 , 152981 , 131458 , 131461 , 152983 , 400 , 131479 , 131480 , 131481 , 421 , 429 , 430 , 434 , 435 , 436 , 437 , 438 , 455 , 131529 , 131530 , 464 , 479 , 131552 , 131553 , 131554 , 131555 , 131556 , 131557 , 131558 , 131559 , 131560 , 131561 , 131562 , 131563 , 497 , 501 , 153001 , 516 , 517 , 521 , 522 , 526 , 527 , 131607 , 538 , 539 , 541 , 542 , 544 , 545 , 548 , 549 , 554 , 556 , 561 , 562 , 142286 , 131638 , 131643 , 131644 , 131645 , 131646 , 131647 , 131648 , 131657 , 587 , 131664 , 131681 , 131683 , 614 , 619 , 620 , 621 , 622 , 623 , 624 , 625 , 131698 , 627 , 628 , 629 , 131702 , 631 , 632 , 634 , 637 , 638 , 639 , 131712 , 641 , 131714 , 643 , 644 , 131717 , 131718 , 131719 , 131720 , 131721 , 131722 , 131723 , 131724 , 131725 , 131726 , 131729 , 131730 , 131731 , 131732 , 131733 , 131746 , 687 , 688 , 131761 , 131772 , 131773 , 131775 , 131780 , 131781 , 131786 , 721 , 131794 , 723 , 131796 , 131797 , 131798 , 131801 , 730 , 131842 , 771 , 131844 , 131845 , 131846 , 131847 , 131848 , 131849 , 131850 , 131851 , 131852 , 786 , 789 , 790 , 792 , 793 , 131868 , 797 , 798 , 799 , 131872 , 801 , 802 , 131878 , 131879 , 131880 , 131881 , 131882 , 131883 , 131884 , 131885 , 131886 , 153053 , 131888 , 131889 , 131890 , 131891 , 131892 , 131893 , 131894 , 131895 , 153057 , 841 , 842 , 843 , 844 , 845 , 847 , 852 , 853 , 854 , 855 , 856 , 857 , 858 , 859 , 860 , 861 , 862 , 863 , 864 , 153062 , 873 , 874 , 875 , 877 , 879 , 131952 , 131953 , 131954 , 131955 , 131957 , 131958 , 131959 , 889 , 890 , 131964 , 153066 , 131969 , 899 , 900 , 902 , 131975 , 153068 , 907 , 909 , 910 , 911 , 913 , 923 , 924 , 925 , 926 , 927 , 928 , 934 , 935 , 936 , 938 , 939 , 945 , 132027 , 132028 , 132031 , 132032 , 132033 , 132034 , 132035 , 132036 , 132037 , 132038 , 132040 , 132041 , 970 , 972 , 973 , 132046 , 975 , 976 , 977 , 978 , 979 , 980 , 981 , 132054 , 983 , 984 , 132057 , 132058 , 987 , 988 , 132061 , 990 , 131237 , 992 , 993 , 132066 , 132067 , 996 , 999 , 1000 , 1001 , 1006 , 132097 , 1030 , 1047 , 1049 , 1052 , 1053 , 1054 , 1056 , 1059 , 132133 , 153095 , 153096 , 1076 , 153097 , 1081 , 153098 , 132161 , 1094 , 132173 , 132177 , 132178 , 132181 , 132182 , 1118 , 1123 , 1124 , 1125 , 1126 , 1127 , 1128 , 1130 , 1131 , 1132 , 1133 , 132206 , 131262 , 1152 , 132226 , 1158 , 1169 , 1173 , 1174 , 1175 , 132263 , 132264 , 132266 , 132267 , 132268 , 132271 , 132272 , 1201 , 1204 , 1205 , 1206 , 1207 , 1208 , 132284 , 153120 , 132291 , 132292 , 132293 , 132294 , 1226 , 153122 , 1232 , 153123 , 1236 , 1238 , 1239 , 1240 , 1241 , 1242 , 1246 , 153125 , 1248 , 1249 , 1251 , 1252 , 153126 , 1255 , 132335 , 132337 , 132338 , 153129 , 1272 , 1273 , 1274 , 148436 , 153130 , 132354 , 1287 , 1288 , 1289 , 1290 , 132363 , 132364 , 1293 , 1294 , 132368 , 132370 , 1299 , 1300 , 132373 , 132374 , 1350 , 132428 , 1368 , 1369 , 1370 , 1371 , 1372 , 1373 , 1374 , 1375 , 132448 , 1377 , 1378 , 1379 , 1381 , 1387 , 132463 , 132469 , 132470 , 132471 , 1400 , 1402 , 1403 , 1404 , 1405 , 1406 , 1407 , 1408 , 1409 , 1411 , 1412 , 1413 , 1414 , 1417 , 1420 , 1422 , 1425 , 1426 , 1427 , 1428 , 1429 , 1430 , 132505 , 1434 , 132507 , 132508 , 132509 , 1438 , 1439 , 1441 , 132521 , 1452 , 132525 , 132530 , 132531 , 132532 , 132533 , 132534 , 132535 , 132536 , 132537 , 1472 , 1476 , 1477 , 1481 , 1482 , 132570 , 1499 , 1502 , 1503 , 1504 , 1515 , 1521 , 132625 , 132626 , 132627 , 132633 , 132634 , 132646 , 132647 , 132648 , 132649 , 132650 , 132651 , 131336 , 153183 , 131338 , 132671 , 153184 , 131339 , 132678 , 132679 , 132680 , 132681 , 132682 , 132683 , 132684 , 1613 , 1614 , 132687 , 1629 , 132704 , 132709 , 132710 , 132713 , 1648 , 1649 , 1650 , 132723 , 1652 , 1653 , 1654 , 1655 , 1656 , 132732 , 132734 , 131349 , 1666 , 132741 , 132742 , 132743 , 131352 , 1690 , 1691 , 1692 , 1695 , 1697 , 1698 , 1699 , 1700 , 1701 , 1702 , 1704 , 131356 , 1706 , 1708 , 1709 , 1716 , 1741 , 131363 , 131364 , 1755 , 1757 , 1763 , 1764 , 1766 , 132844 , 1773 , 1775 , 1779 , 1780 , 1781 , 1785 , 132866 , 1809 , 1810 , 1811 , 1812 , 1814 , 1815 , 1817 , 1819 , 1822 , 1823 , 1826 , 1828 , 1829 , 132902 , 1831 , 1832 , 1833 , 132906 , 1835 , 1836 , 132909 , 132910 , 132911 , 1840 , 1841 , 1842 , 1843 , 1845 , 1846 , 1847 , 1848 , 1849 , 1852 , 1853 , 1854 , 1855 , 1856 , 1857 , 132931 , 132932 , 132933 , 1862 , 1863 , 132936 , 132946 , 131385 , 1880 , 1881 , 132960 , 132965 , 132966 , 132968 , 132969 , 1898 , 1899 , 133002 , 133003 , 133004 , 1933 , 133009 , 133010 , 133011 , 133016 , 1945 , 1956 , 133030 , 133031 , 133032 , 133033 , 133034 , 133035 , 133036 , 133039 , 133040 , 133041 , 1972 , 1973 , 1974 , 1975 , 1976 , 1977 , 1978 , 1979 , 133052 , 1981 , 1982 , 133057 , 133058 , 131403 , 133063 , 133064 , 131404 , 133067 , 1996 , 133069 , 1998 , 133071 , 2000 , 2001 , 2002 , 2004 , 133078 , 2007 , 2008 , 131407 , 2014 , 2015 , 2017 , 2020 , 2021 , 2022 , 2023 , 2026 , 2027 , 2029 , 2030 , 2031 , 2032 , 2034 , 2035 , 2038 , 2039 , 131412 , 2047 , 2050 , 2051 , 2052 , 2053 , 2055 , 2058 , 2059 , 2063 , 2064 , 2065 , 2067 , 2068 , 2078 , 2079 , 2080 , 2081 , 2082 , 2084 , 133162 , 133163 , 133164 , 133172 , 133174 , 133175 , 133179 , 133180 , 133193 , 2128 , 2130 , 2134 , 153274 , 153278 , 133247 , 133248 , 133249 , 133250 , 2180 , 2181 , 133266 , 133267 , 133268 , 133269 , 2199 , 2223 , 2225 , 2227 , 2228 , 2230 , 2231 , 2232 , 2233 , 2245 , 2246 , 2247 , 2248 , 2249 , 2250 , 2251 , 2252 , 2254 , 2260 , 2261 , 2274 , 153297 , 2295 , 2300 , 2301 , 2306 , 2310 , 2311 , 2351 , 2352 , 2353 , 2354 , 2356 , 2357 , 2361 , 133438 , 133439 , 2373 , 2374 , 2377 , 2378 , 2380 , 2381 , 2382 , 2383 , 2384 , 2385 , 2386 , 2387 , 2388 , 2389 , 2391 , 133464 , 133465 , 133466 , 133467 , 133468 , 133469 , 133470 , 133471 , 133472 , 133473 , 133474 , 133475 , 2415 , 2416 , 2417 , 2418 , 2434 , 2435 , 2440 , 2442 , 2444 , 2468 , 2469 , 133547 , 133550 , 133551 , 133564 , 2495 , 133594 , 2531 , 2537 , 2542 , 2543 , 144045 , 133624 , 2555 , 2556 , 2557 , 2558 , 2559 , 2561 , 2562 , 2563 , 2566 , 2567 , 2568 , 2571 , 2572 , 2573 , 2574 , 2575 , 2576 , 2585 , 2586 , 2590 , 2591 , 2592 , 2593 , 2594 , 2595 , 133668 , 2597 , 2599 , 2600 , 2602 , 2603 , 2604 , 2605 , 2606 , 2607 , 2608 , 2609 , 2611 , 2621 , 2623 , 2624 , 2625 , 2626 , 2627 , 2628 , 2629 , 2632 , 2642 , 2644 , 2645 , 133718 , 2647 , 2648 , 2649 , 2650 , 2652 , 133747 , 133748 , 133755 , 133756 , 133757 , 133758 , 133759 , 153366 , 133773 , 133774 , 133775 , 2708 , 2711 , 2712 , 2713 , 2714 , 2715 , 2722 , 2723 , 2724 , 2725 , 133800 , 2730 , 2732 , 133807 , 133808 , 133809 , 133810 , 133813 , 133814 , 133815 , 133816 , 133817 , 153375 , 133822 , 133823 , 133824 , 133825 , 133832 , 133833 , 133834 , 133835 , 133836 , 133837 , 133838 , 133866 , 133867 , 133875 , 133876 , 133877 , 133878 , 2811 , 2814 , 2815 , 2816 , 2817 , 133890 , 133892 , 2821 , 133905 , 133906 , 133909 , 133910 , 2866 , 2867 , 2868 , 2869 , 2870 , 2871 , 2872 , 2873 , 2874 , 2875 , 2876 , 2877 , 2878 , 2880 , 133953 , 2882 , 133955 , 2884 , 133957 , 2886 , 133959 , 133960 , 2889 , 2890 , 2891 , 2892 , 2893 , 133966 , 133967 , 133968 , 133969 , 133970 , 133971 , 2900 , 2901 , 133974 , 2903 , 133976 , 133978 , 2907 , 133980 , 133981 , 133982 , 133983 , 133984 , 133985 , 133986 , 133987 , 2925 , 2926 , 2927 , 2928 , 134001 , 134002 , 2931 , 2932 , 2933 , 2934 , 2936 , 2937 , 2938 , 153407 , 2940 , 2941 , 2942 , 2943 , 2944 , 2945 , 2946 , 2953 , 2954 , 134029 , 2958 , 2959 , 2960 , 2961 , 134034 , 2963 , 2964 , 2965 , 2966 , 2967 , 2969 , 2972 , 2973 , 134046 , 134047 , 134048 , 134049 , 134052 , 134053 , 2982 , 148493 , 3006 , 134082 , 134084 , 134088 , 3017 , 134090 , 3019 , 3020 , 3022 , 3024 , 3025 , 3027 , 3028 , 3030 , 3031 , 3032 , 3033 , 3035 , 134128 , 134129 , 134131 , 134132 , 134133 , 134134 , 134135 , 3070 , 3071 , 3072 , 134145 , 134146 , 3075 , 134148 , 134149 , 134150 , 3088 , 3090 , 3092 , 3093 , 3094 , 3095 , 3096 , 134169 , 134170 , 3158 , 3160 , 3172 , 3176 , 3177 , 3178 , 3179 , 3192 , 3195 , 3196 , 3197 , 134275 , 134276 , 3207 , 134285 , 3218 , 134294 , 134296 , 134297 , 134298 , 134299 , 134300 , 131610 , 131611 , 134309 , 3238 , 3239 , 3240 , 3241 , 134314 , 3243 , 3244 , 3245 , 134331 , 131616 , 3271 , 134365 , 3294 , 3299 , 3300 , 134379 , 134385 , 134386 , 134387 , 134388 , 134389 , 134390 , 134391 , 134392 , 134393 , 134397 , 134398 , 134399 , 134400 , 134418 , 134419 , 134422 , 3352 , 3353 , 3354 , 134427 , 134431 , 134433 , 134441 , 134448 , 134449 , 134450 , 134451 , 3380 , 3381 , 3382 , 3385 , 134458 , 134459 , 134460 , 134461 , 134462 , 134463 , 134464 , 134465 , 134467 , 134468 , 134469 , 134473 , 134490 , 134491 , 134492 , 134493 , 134494 , 134495 , 134496 , 134497 , 134498 , 134499 , 134500 , 3429 , 134502 , 134503 , 3441 , 3442 , 134530 , 134531 , 153494 , 3477 , 3478 , 134551 , 134552 , 134557 , 134558 , 134559 , 134561 , 3490 , 134563 , 134564 , 134565 , 134566 , 153500 , 134570 , 134572 , 134573 , 134575 , 134576 , 134577 , 153503 , 153504 , 3522 , 3523 , 3524 , 3525 , 3526 , 153505 , 148511 , 134614 , 134619 , 134620 , 3550 , 3551 , 3552 , 3553 , 3554 , 3555 , 134629 , 134630 , 3561 , 3562 , 3563 , 3564 , 3565 , 134638 , 3568 , 3569 , 3570 , 3571 , 3572 , 3573 , 3574 , 134647 , 3576 , 3577 , 3578 , 3579 , 3580 , 134653 , 134654 , 3583 , 3584 , 3585 , 134658 , 3587 , 134660 , 134661 , 134662 , 134663 , 134664 , 134665 , 134666 , 134667 , 134668 , 134669 , 134670 , 134671 , 134672 , 3601 , 134674 , 3603 , 134677 , 3607 , 134687 , 134688 , 134689 , 134690 , 134691 , 134692 , 134693 , 3622 , 134695 , 3624 , 134697 , 3627 , 134700 , 134701 , 134702 , 134703 , 134704 , 134705 , 134708 , 134709 , 134719 , 134720 , 3649 , 134722 , 3651 , 134724 , 3653 , 3654 , 3655 , 3657 , 134733 , 134734 , 3663 , 153528 , 134738 , 134739 , 134745 , 134746 , 134747 , 134748 , 134749 , 134750 , 3679 , 134752 , 3682 , 3683 , 3684 , 134761 , 3691 , 3692 , 3693 , 3698 , 3699 , 3700 , 134774 , 134775 , 3704 , 3706 , 134780 , 3711 , 3720 , 134797 , 134798 , 134799 , 3728 , 3729 , 3748 , 3750 , 3751 , 3753 , 134831 , 134832 , 131699 , 131700 , 3773 , 3774 , 131701 , 3779 , 3780 , 3781 , 3784 , 3786 , 131703 , 3788 , 3789 , 134862 , 3791 , 134864 , 131704 , 134866 , 3796 , 134869 , 134870 , 134871 , 153551 , 134879 , 134880 , 134881 , 134882 , 134883 , 134884 , 134887 , 3816 , 134889 , 3818 , 3819 , 134892 , 3821 , 134894 , 3823 , 134896 , 134897 , 134898 , 3829 , 3830 , 134903 , 3832 , 3833 , 3834 , 3835 , 134908 , 3837 , 134910 , 3839 , 3840 , 134913 , 3842 , 3843 , 3844 , 3845 , 131713 , 134922 , 134923 , 3859 , 134948 , 134949 , 134950 , 3879 , 134952 , 134953 , 3882 , 134955 , 134956 , 134957 , 134958 , 134959 , 134960 , 3889 , 3890 , 3891 , 3892 , 134965 , 134966 , 134967 , 134968 , 134969 , 134970 , 134971 , 134972 , 134973 , 134974 , 134975 , 134976 , 134977 , 134982 , 134983 , 134984 , 3926 , 3927 , 135014 , 135015 , 3947 , 3948 , 3949 , 3950 , 3951 , 3954 , 3955 , 3956 , 3957 , 3958 , 3960 , 3961 , 3962 , 3963 , 3964 , 3965 , 3966 , 3971 , 3972 , 3973 , 3974 , 3975 , 3977 , 3978 , 3979 , 3980 , 3981 , 3982 , 3983 , 3988 , 3989 , 3990 , 3991 , 3992 , 3999 , 135077 , 135078 , 135079 , 135080 , 135081 , 135082 , 135084 , 135085 , 135086 , 135087 , 135088 , 135089 , 135093 , 4024 , 135097 , 135098 , 135099 , 4029 , 4030 , 135103 , 135104 , 135105 , 4034 , 135107 , 4036 , 4040 , 4041 , 4044 , 4045 , 4048 , 4049 , 4050 , 135125 , 135126 , 135127 , 135128 , 135129 , 135130 , 135131 , 135132 , 135133 , 135134 , 135135 , 135136 , 135137 , 135139 , 4068 , 135141 , 135142 , 153596 , 4076 , 4077 , 4078 , 4079 , 4081 , 4082 , 4083 , 4084 , 4085 , 4086 , 4087 , 4088 , 135162 , 135163 , 4093 , 4094 , 153600 , 4101 , 4102 , 4103 , 4104 , 4105 , 4106 , 135179 , 135180 , 153602 , 153603 , 4119 , 4120 , 4121 , 4122 , 4125 , 135201 , 135202 , 135203 , 135204 , 135205 , 135206 , 4135 , 135208 , 135209 , 135210 , 135211 , 4140 , 135213 , 135214 , 135215 , 135216 , 4145 , 4146 , 153609 , 135225 , 135226 , 135227 , 135228 , 135229 , 135230 , 135231 , 135232 , 135240 , 135241 , 135265 , 4194 , 4195 , 4196 , 4197 , 153617 , 4201 , 4202 , 4203 , 4204 , 4205 , 4206 , 4207 , 4208 , 4210 , 135283 , 135284 , 135285 , 135286 , 135287 , 4244 , 135330 , 135339 , 4297 , 135371 , 135372 , 4311 , 4312 , 4313 , 4316 , 4324 , 135397 , 135398 , 4330 , 4331 , 4332 , 4333 , 4338 , 4339 , 4340 , 4341 , 4342 , 4343 , 4346 , 4347 , 4348 , 4349 , 4350 , 135423 , 135425 , 135433 , 135434 , 135435 , 135437 , 135438 , 4367 , 135440 , 4369 , 135444 , 135445 , 135446 , 135449 , 135451 , 4381 , 135455 , 4384 , 4385 , 4386 , 4387 , 4388 , 4389 , 4392 , 4394 , 4395 , 148540 , 135475 , 4404 , 4405 , 4406 , 4407 , 4408 , 4409 , 4413 , 4414 , 4415 , 4416 , 4417 , 4418 , 4420 , 4424 , 4426 , 4427 , 4428 , 135501 , 135502 , 135506 , 135507 , 135508 , 4447 , 4459 , 4460 , 135536 , 135537 , 135538 , 4470 , 135551 , 135552 , 153664 , 153665 , 135565 , 135576 , 135577 , 135578 , 135579 , 4509 , 135585 , 135588 , 135589 , 135590 , 135591 , 135592 , 4521 , 4524 , 135597 , 135598 , 4530 , 4531 , 4532 , 4548 , 4549 , 4551 , 4552 , 4555 , 4557 , 4561 , 135637 , 135638 , 135639 , 4568 , 4569 , 135642 , 135643 , 135644 , 4573 , 4574 , 4575 , 4576 , 4578 , 4579 , 4580 , 135653 , 135654 , 135655 , 4588 , 4589 , 4590 , 4591 , 135664 , 4593 , 135666 , 4596 , 4597 , 4598 , 135671 , 4600 , 4601 , 135674 , 4603 , 4604 , 4605 , 4606 , 4609 , 4610 , 4613 , 4615 , 4616 , 4617 , 4618 , 4619 , 4620 , 4621 , 4625 , 131843 , 4628 , 4629 , 4631 , 4634 , 4635 , 4636 , 4637 , 4638 , 135711 , 4640 , 135715 , 4645 , 135719 , 135726 , 135727 , 4668 , 4677 , 4700 , 135787 , 135788 , 4718 , 4719 , 135792 , 4722 , 4723 , 4728 , 4729 , 4734 , 4736 , 4737 , 4738 , 4740 , 4741 , 4742 , 135815 , 135817 , 135818 , 4747 , 153709 , 153710 , 153711 , 135840 , 135841 , 131869 , 135856 , 135857 , 135858 , 131870 , 135862 , 135871 , 135872 , 135873 , 135874 , 135875 , 135876 , 135460 , 153719 , 135889 , 135892 , 135893 , 135894 , 4834 , 4835 , 4836 , 4837 , 4839 , 4840 , 4841 , 4843 , 4847 , 4853 , 4854 , 4856 , 4857 , 135931 , 135932 , 135933 , 135934 , 4868 , 4869 , 4870 , 135944 , 4873 , 4875 , 4878 , 135952 , 135953 , 135954 , 4883 , 135956 , 4889 , 4890 , 4891 , 4898 , 4901 , 4902 , 4905 , 4906 , 4907 , 4908 , 4909 , 135983 , 135984 , 135985 , 135989 , 135990 , 135991 , 135992 , 135993 , 135994 , 135995 , 135996 , 135997 , 135998 , 4927 , 4928 , 4929 , 4930 , 4931 , 4932 , 136006 , 136007 , 136008 , 4937 , 4938 , 4941 , 4942 , 4943 , 136017 , 136018 , 4949 , 4950 , 4951 , 4953 , 4954 , 4955 , 136028 , 4959 , 4960 , 136034 , 4964 , 4965 , 4966 , 4967 , 4972 , 4973 , 4974 , 136050 , 136051 , 4980 , 4982 , 4983 , 4984 , 4985 , 4986 , 4990 , 4991 , 4992 , 4993 , 4994 , 4995 , 5000 , 5001 , 5002 , 5006 , 5007 , 5008 , 5009 , 5010 , 5018 , 5019 , 5025 , 5026 , 136099 , 136100 , 136101 , 136102 , 5035 , 136108 , 136112 , 5041 , 5042 , 5043 , 5044 , 5045 , 5046 , 5047 , 5051 , 5052 , 5053 , 5054 , 5061 , 136135 , 136136 , 136137 , 136138 , 136139 , 136140 , 136143 , 5072 , 136145 , 136146 , 136147 , 136148 , 5077 , 5079 , 5080 , 5082 , 5083 , 5084 , 5085 , 5086 , 5102 , 136177 , 136178 , 136179 , 136180 , 5109 , 136182 , 136183 , 5112 , 136185 , 5114 , 136187 , 5117 , 5118 , 5119 , 136192 , 5121 , 136194 , 5123 , 136196 , 136197 , 136198 , 5127 , 5128 , 136201 , 136202 , 136203 , 5133 , 5134 , 5135 , 5139 , 5143 , 5144 , 5145 , 5146 , 136224 , 5153 , 5154 , 5155 , 5156 , 136239 , 5177 , 5178 , 5179 , 136268 , 136269 , 136270 , 136271 , 136272 , 136284 , 136285 , 136286 , 136295 , 136296 , 136297 , 136298 , 136299 , 136300 , 136301 , 136302 , 136303 , 136304 , 131945 , 5244 , 136334 , 136336 , 136337 , 136338 , 136339 , 5271 , 5272 , 153796 , 131951 , 136355 , 136357 , 136360 , 136361 , 136362 , 5301 , 5302 , 5303 , 5304 , 5305 , 5308 , 5309 , 136384 , 136402 , 131961 , 5338 , 5339 , 5340 , 5344 , 155732 , 136421 , 136422 , 136423 , 136424 , 136425 , 136426 , 5355 , 5356 , 5357 , 5358 , 5360 , 5362 , 5363 , 136436 , 136444 , 136445 , 5374 , 136447 , 5380 , 5381 , 5382 , 5383 , 5387 , 136464 , 5396 , 5397 , 131974 , 153666 , 5420 , 5421 , 5422 , 5423 , 5426 , 5427 , 136506 , 5438 , 5441 , 5444 , 5445 , 5452 , 5457 , 136530 , 136531 , 136532 , 136533 , 5462 , 136540 , 136541 , 5474 , 5475 , 5476 , 136553 , 136555 , 136556 , 136559 , 136560 , 136567 , 136568 , 136569 , 136570 , 136571 , 136572 , 136573 , 136574 , 136575 , 136576 , 136577 , 136578 , 136583 , 136585 , 136586 , 136589 , 136590 , 136591 , 136592 , 136593 , 136596 , 5526 , 5527 , 5528 , 136601 , 136602 , 5531 , 5532 , 136605 , 5534 , 136607 , 136608 , 5537 , 136610 , 136611 , 136612 , 5541 , 136614 , 136615 , 5547 , 5548 , 5549 , 5550 , 5551 , 5552 , 5553 , 5554 , 5555 , 5557 , 5558 , 5559 , 5560 , 5561 , 5562 , 5563 , 5564 , 136637 , 5566 , 5567 , 136645 , 136646 , 136647 , 136654 , 5586 , 5587 , 136675 , 136676 , 136684 , 136686 , 136687 , 136692 , 5621 , 136694 , 5623 , 5624 , 5625 , 136698 , 5627 , 136700 , 136702 , 136703 , 136708 , 5642 , 5643 , 5644 , 5650 , 136723 , 136724 , 5653 , 136726 , 136727 , 136728 , 136747 , 136748 , 136749 , 5678 , 5679 , 5680 , 136758 , 136759 , 5688 , 136761 , 5691 , 5692 , 5693 , 5694 , 5695 , 5696 , 5697 , 5698 , 5699 , 5700 , 5701 , 5702 , 5703 , 5704 , 5705 , 5706 , 5707 , 5708 , 5720 , 5732 , 5733 , 5734 , 136812 , 5742 , 5756 , 5757 , 5758 , 5759 , 5760 , 136852 , 136856 , 136857 , 136867 , 136868 , 136869 , 136870 , 136871 , 136872 , 136873 , 136874 , 136875 , 5814 , 5815 , 5820 , 5821 , 5822 , 5830 , 136904 , 5834 , 5835 , 153890 , 136910 , 132045 , 136915 , 5845 , 5846 , 5847 , 5848 , 5849 , 5850 , 5851 , 136928 , 136929 , 136930 , 132049 , 5866 , 5867 , 5870 , 132051 , 136950 , 136951 , 5880 , 5881 , 5883 , 5885 , 5886 , 132053 , 136960 , 136961 , 136970 , 132055 , 136972 , 136973 , 136977 , 136978 , 136979 , 136980 , 136985 , 132059 , 136999 , 137000 , 132060 , 137002 , 137004 , 137005 , 137006 , 137007 , 137008 , 5938 , 137011 , 132062 , 137017 , 137018 , 132063 , 5949 , 132064 , 137029 , 137030 , 132065 , 137032 , 132068 , 153914 , 153915 , 5988 , 5989 , 132071 , 137068 , 137069 , 153917 , 132072 , 137076 , 137077 , 137078 , 132073 , 137080 , 137081 , 6010 , 6011 , 6012 , 6013 , 6014 , 6015 , 137090 , 137091 , 6023 , 6024 , 137097 , 137098 , 137099 , 137100 , 153922 , 153923 , 6044 , 6045 , 137118 , 153925 , 137131 , 137132 , 137133 , 137136 , 137137 , 6071 , 137153 , 137154 , 6085 , 137163 , 137164 , 137165 , 137166 , 137167 , 137168 , 137169 , 137170 , 137171 , 153934 , 137177 , 6111 , 137184 , 137185 , 6116 , 6117 , 6118 , 6119 , 6120 , 137193 , 137194 , 6123 , 6124 , 6125 , 6126 , 6127 , 6128 , 6129 , 6130 , 6131 , 6132 , 6133 , 6134 , 6137 , 6138 , 6139 , 137213 , 137220 , 6151 , 6152 , 6157 , 6158 , 6159 , 137233 , 137234 , 137235 , 137248 , 137249 , 137250 , 137251 , 137252 , 137253 , 137254 , 137255 , 137256 , 137257 , 6186 , 137259 , 137260 , 137261 , 137262 , 137263 , 137276 , 137277 , 137278 , 137279 , 137281 , 137282 , 137283 , 137285 , 137286 , 137288 , 137292 , 137293 , 6222 , 6224 , 6236 , 6238 , 137311 , 137312 , 137313 , 137314 , 137315 , 137319 , 137320 , 137322 , 137323 , 137324 , 137325 , 137326 , 137330 , 6264 , 6265 , 137338 , 137339 , 137340 , 137344 , 137345 , 6276 , 137349 , 137350 , 137354 , 137356 , 6285 , 137361 , 137362 , 137368 , 137369 , 137376 , 137377 , 137378 , 137379 , 137380 , 137382 , 6311 , 6312 , 137385 , 6314 , 137387 , 137388 , 153970 , 137390 , 137391 , 6320 , 137393 , 137394 , 137395 , 137396 , 137397 , 6326 , 137401 , 137405 , 6334 , 152969 , 6341 , 6347 , 6348 , 6350 , 6353 , 153978 , 153979 , 153981 , 153984 , 137475 , 137476 , 153985 , 6413 , 6415 , 6420 , 6421 , 6422 , 6423 , 6425 , 6426 , 6427 , 6428 , 6429 , 137515 , 137516 , 137517 , 137528 , 137529 , 137537 , 137538 , 137544 , 137545 , 6481 , 6482 , 6486 , 6487 , 6488 , 6489 , 6490 , 137567 , 137568 , 137569 , 137571 , 6500 , 137574 , 137575 , 137576 , 137577 , 137578 , 137579 , 137580 , 137581 , 6510 , 137583 , 137584 , 137585 , 137586 , 137588 , 137589 , 137590 , 137591 , 137592 , 137593 , 137598 , 6527 , 137600 , 137601 , 6532 , 137612 , 137613 , 137616 , 137617 , 137631 , 137632 , 137633 , 137634 , 6563 , 137636 , 132166 , 137638 , 6569 , 137642 , 6571 , 6572 , 6573 , 6575 , 6576 , 6577 , 6578 , 6579 , 6586 , 6589 , 6592 , 6593 , 6595 , 6596 , 6597 , 6599 , 6600 , 137675 , 137676 , 137677 , 137678 , 137679 , 137680 , 137681 , 154019 , 137686 , 137687 , 6616 , 137689 , 137690 , 6619 , 137692 , 137693 , 6622 , 6625 , 6626 , 6635 , 6636 , 6637 , 6638 , 6639 , 6640 , 6641 , 6642 , 6643 , 6644 , 6645 , 6646 , 6647 , 6650 , 6651 , 6652 , 6655 , 6656 , 6657 , 6661 , 6662 , 6664 , 6667 , 6668 , 6669 , 154029 , 137745 , 137746 , 137748 , 137749 , 137750 , 137751 , 137752 , 137753 , 137754 , 6683 , 6684 , 137757 , 137758 , 137759 , 137760 , 137761 , 137762 , 137763 , 6692 , 137765 , 137766 , 137767 , 6696 , 6697 , 6698 , 6699 , 6705 , 6706 , 137781 , 137782 , 137783 , 137784 , 137786 , 137789 , 137790 , 152982 , 6729 , 6730 , 154042 , 6753 , 154043 , 6758 , 6759 , 154044 , 6762 , 6763 , 154045 , 137840 , 154046 , 6776 , 132202 , 132203 , 6788 , 6789 , 6790 , 6798 , 6800 , 6808 , 6809 , 137894 , 137895 , 137902 , 6833 , 6834 , 137907 , 6836 , 6837 , 137910 , 137911 , 6840 , 6841 , 6842 , 6843 , 6844 , 6845 , 6846 , 6847 , 6848 , 6849 , 6850 , 6851 , 6852 , 6853 , 6856 , 6857 , 137935 , 137936 , 137937 , 137944 , 6885 , 6886 , 6887 , 6888 , 6889 , 6890 , 6891 , 6892 , 6896 , 6901 , 6902 , 6903 , 6904 , 6906 , 6908 , 6909 , 6910 , 6911 , 6912 , 6915 , 6916 , 6922 , 6924 , 6925 , 6926 , 6933 , 6934 , 6935 , 6936 , 6937 , 6938 , 6939 , 6940 , 6945 , 6949 , 6950 , 6951 , 6952 , 6953 , 138052 , 138053 , 138054 , 138055 , 138056 , 138057 , 138058 , 6989 , 138070 , 138074 , 7006 , 138080 , 138081 , 138082 , 138090 , 154089 , 154090 , 7041 , 7042 , 154091 , 7046 , 7047 , 7048 , 7049 , 7050 , 7051 , 138124 , 7053 , 7054 , 7055 , 138128 , 138130 , 7060 , 7061 , 138134 , 138135 , 7065 , 7066 , 7067 , 7068 , 7069 , 7070 , 7071 , 7072 , 7073 , 7077 , 138156 , 7088 , 7089 , 7090 , 138163 , 7098 , 7106 , 7107 , 7109 , 7110 , 144266 , 138207 , 138208 , 138209 , 138210 , 138211 , 138212 , 138213 , 138214 , 138215 , 7144 , 138218 , 138219 , 7148 , 132728 , 7156 , 7157 , 7158 , 7159 , 7160 , 7161 , 7162 , 138235 , 7166 , 7167 , 7168 , 7169 , 138243 , 7172 , 138245 , 7174 , 7175 , 7176 , 7177 , 138250 , 138251 , 7182 , 7189 , 7191 , 7193 , 7194 , 7195 , 7196 , 7197 , 7198 , 7199 , 7200 , 7201 , 7202 , 7203 , 7205 , 7206 , 7207 , 7208 , 7209 , 7210 , 7211 , 7212 , 7213 , 7214 , 7215 , 7217 , 7218 , 138294 , 138295 , 138303 , 7234 , 7235 , 7236 , 7239 , 138314 , 138315 , 138316 , 138317 , 138318 , 138319 , 7248 , 138322 , 138332 , 153000 , 7269 , 7270 , 7301 , 7308 , 7324 , 7325 , 7329 , 7330 , 7333 , 7334 , 7335 , 7336 , 7337 , 7338 , 7339 , 7340 , 7348 , 7349 , 7359 , 138442 , 138444 , 7373 , 138446 , 138447 , 138449 , 138450 , 153004 , 7389 , 7390 , 7392 , 7393 , 7394 , 7395 , 7396 , 7397 , 7398 , 138473 , 7408 , 7411 , 7415 , 153005 , 138491 , 7420 , 7424 , 7425 , 138500 , 138506 , 138507 , 138508 , 138509 , 138510 , 138511 , 138512 , 138513 , 138514 , 138515 , 138516 , 138517 , 138518 , 138519 , 138520 , 138521 , 138522 , 138523 , 138524 , 138525 , 138526 , 7455 , 7456 , 138529 , 138530 , 138531 , 138532 , 138533 , 138544 , 138545 , 7477 , 138557 , 138558 , 138559 , 7502 , 138597 , 7527 , 7528 , 7529 , 7530 , 7531 , 7533 , 7534 , 7535 , 7536 , 7538 , 7539 , 7541 , 7542 , 7543 , 138618 , 138619 , 7548 , 138622 , 138625 , 138626 , 7555 , 138628 , 138629 , 138630 , 7559 , 7560 , 7561 , 7562 , 7563 , 7564 , 138639 , 138640 , 138641 , 138642 , 138643 , 138644 , 138645 , 138646 , 138647 , 138648 , 138649 , 7578 , 7592 , 7593 , 7594 , 7595 , 7596 , 7597 , 7598 , 7600 , 7608 , 7609 , 7611 , 7612 , 7613 , 7614 , 7615 , 7616 , 7617 , 7619 , 138692 , 138693 , 7624 , 7625 , 7626 , 7627 , 7628 , 7629 , 7630 , 7631 , 7632 , 7633 , 7634 , 7636 , 7637 , 138711 , 138712 , 138713 , 138714 , 132346 , 154196 , 138747 , 138748 , 138763 , 138764 , 7693 , 7694 , 7695 , 7696 , 7697 , 7698 , 7699 , 7700 , 138775 , 7704 , 7705 , 7706 , 138779 , 138780 , 7709 , 138787 , 138788 , 138789 , 138790 , 138792 , 7721 , 7722 , 7725 , 7726 , 154205 , 132360 , 154206 , 132361 , 132362 , 138820 , 138821 , 138822 , 138823 , 138824 , 138827 , 132365 , 7760 , 7762 , 7763 , 132366 , 7766 , 7769 , 7770 , 7786 , 132371 , 138868 , 7801 , 7802 , 7803 , 7804 , 138877 , 7816 , 138889 , 138891 , 138894 , 138895 , 7843 , 7844 , 7845 , 7846 , 7847 , 7852 , 154227 , 138934 , 7867 , 7868 , 7869 , 7870 , 7871 , 7872 , 138945 , 7874 , 7875 , 138949 , 138950 , 148656 , 138960 , 7890 , 7891 , 7892 , 7895 , 138968 , 7897 , 7898 , 138971 , 138978 , 138979 , 138980 , 138981 , 138982 , 138983 , 7915 , 7919 , 7920 , 154238 , 7931 , 7932 , 7947 , 7948 , 7949 , 7950 , 139033 , 139034 , 7965 , 7966 , 7967 , 7969 , 7973 , 7974 , 7975 , 7976 , 7977 , 7978 , 139057 , 7997 , 8004 , 139083 , 139088 , 154254 , 8022 , 8024 , 8025 , 139107 , 139108 , 139109 , 139110 , 139111 , 8040 , 8041 , 8042 , 8043 , 139125 , 139126 , 139127 , 139131 , 139132 , 139133 , 139137 , 139141 , 8071 , 8076 , 8077 , 8079 , 8080 , 8081 , 8082 , 8084 , 8085 , 8086 , 8087 , 8088 , 8092 , 139170 , 139188 , 8120 , 139207 , 139209 , 139210 , 154274 , 8150 , 8157 , 8158 , 139231 , 139234 , 139240 , 139241 , 139243 , 139246 , 139247 , 8180 , 8181 , 8183 , 139257 , 139258 , 8190 , 8191 , 8195 , 8196 , 8200 , 8201 , 8203 , 8204 , 8205 , 8206 , 8207 , 8208 , 8209 , 8210 , 8211 , 8213 , 8214 , 8215 , 8216 , 139290 , 8220 , 8221 , 8222 , 8223 , 8225 , 8226 , 8227 , 8228 , 8229 , 132444 , 8238 , 132445 , 139314 , 8243 , 139316 , 132446 , 8246 , 8247 , 139320 , 8249 , 8250 , 8251 , 8263 , 8265 , 8266 , 8267 , 8269 , 8270 , 8274 , 8275 , 8276 , 8277 , 139361 , 139362 , 139363 , 139364 , 139365 , 139366 , 139367 , 139368 , 139370 , 139371 , 139372 , 139373 , 139381 , 139382 , 8311 , 139384 , 8313 , 139386 , 139387 , 139388 , 139389 , 139390 , 139391 , 139392 , 139393 , 139394 , 139395 , 139396 , 139397 , 139398 , 139399 , 139400 , 139401 , 8331 , 8335 , 8336 , 139409 , 8338 , 8339 , 8340 , 139413 , 139423 , 139424 , 8354 , 8355 , 8356 , 8357 , 8358 , 8359 , 139433 , 8364 , 8365 , 131214 , 8373 , 8374 , 8375 , 8376 , 8377 , 8380 , 8381 , 139467 , 131215 , 132472 , 8412 , 8413 , 8414 , 8418 , 8419 , 8420 , 8421 , 8422 , 8423 , 8424 , 8426 , 8427 , 8428 , 8429 , 8430 , 132477 , 8433 , 8434 , 139508 , 132478 , 139510 , 139515 , 139516 , 139518 , 139519 , 139520 , 139521 , 139522 , 139523 , 8460 , 8461 , 139534 , 8463 , 8464 , 139537 , 139538 , 139539 , 139540 , 8469 , 8470 , 8471 , 8472 , 139545 , 8474 , 8475 , 8476 , 8477 , 139567 , 8505 , 154335 , 8508 , 8509 , 8510 , 8512 , 8513 , 8514 , 8515 , 8516 , 8517 , 8518 , 8519 , 8524 , 139598 , 139601 , 8531 , 8532 , 8533 , 139612 , 139620 , 139621 , 139624 , 8560 , 8561 , 8562 , 8564 , 139638 , 139639 , 139640 , 8569 , 8570 , 8571 , 139644 , 139645 , 139646 , 139658 , 8587 , 8588 , 8589 , 8593 , 8594 , 8595 , 8596 , 8597 , 8598 , 8599 , 8600 , 8601 , 8603 , 132506 , 8606 , 139685 , 139706 , 8648 , 8649 , 139726 , 139728 , 139731 , 139732 , 139735 , 139736 , 139737 , 139738 , 139739 , 139746 , 139747 , 8680 , 8682 , 8686 , 8688 , 8689 , 8690 , 8694 , 8697 , 8698 , 8699 , 8700 , 8701 , 8702 , 8703 , 139787 , 8720 , 8721 , 8722 , 8723 , 8724 , 8725 , 8726 , 8727 , 8728 , 8729 , 8730 , 8740 , 8746 , 8758 , 8759 , 8764 , 8766 , 139841 , 139842 , 8774 , 8777 , 8778 , 139866 , 8799 , 8800 , 8801 , 8808 , 8809 , 8810 , 8812 , 8813 , 8821 , 8822 , 8824 , 153052 , 139922 , 144324 , 139936 , 8865 , 8866 , 8867 , 139942 , 139943 , 139945 , 139946 , 8877 , 8878 , 8882 , 8883 , 8888 , 8889 , 8890 , 8891 , 8892 , 8893 , 8894 , 8895 , 8899 , 8900 , 8901 , 8902 , 8903 , 8904 , 139979 , 139980 , 139981 , 139984 , 8913 , 139986 , 139989 , 139990 , 139991 , 139994 , 139995 , 139996 , 140002 , 140003 , 140004 , 140018 , 140019 , 8948 , 140021 , 140040 , 8977 , 8983 , 8985 , 8986 , 8987 , 8988 , 8989 , 8993 , 8994 , 8996 , 8997 , 8999 , 9000 , 140078 , 140079 , 140080 , 140081 , 140082 , 140083 , 140084 , 140085 , 140086 , 140087 , 140088 , 140089 , 140090 , 140091 , 140092 , 140093 , 9022 , 140095 , 140096 , 140097 , 140099 , 140111 , 140112 , 140113 , 140114 , 140115 , 140116 , 140118 , 140119 , 140121 , 140122 , 140123 , 140124 , 9054 , 9056 , 9057 , 9058 , 9059 , 9060 , 9061 , 9062 , 140135 , 140136 , 9065 , 9066 , 140139 , 140140 , 9069 , 9070 , 140143 , 9072 , 9073 , 9075 , 9076 , 9077 , 140150 , 140151 , 9080 , 9081 , 9082 , 140159 , 140167 , 140170 , 140171 , 140172 , 140181 , 140182 , 140183 , 140188 , 140194 , 140195 , 140196 , 9138 , 9146 , 9151 , 9155 , 9156 , 153063 , 9162 , 9164 , 9165 , 9166 , 9171 , 9172 , 9181 , 9182 , 9184 , 9185 , 9186 , 140259 , 9188 , 153064 , 9198 , 9199 , 9202 , 140281 , 140282 , 140286 , 140289 , 140290 , 140291 , 9221 , 140296 , 9225 , 140298 , 140299 , 140300 , 140301 , 140302 , 140303 , 140304 , 140305 , 140306 , 9236 , 9237 , 9238 , 9239 , 9240 , 9241 , 9242 , 9243 , 9244 , 9245 , 9246 , 9247 , 9248 , 9249 , 9250 , 140323 , 140324 , 9253 , 9254 , 9255 , 9257 , 9258 , 9260 , 154461 , 153067 , 9292 , 9293 , 9295 , 9296 , 9297 , 9298 , 9299 , 140373 , 140374 , 140375 , 140378 , 140382 , 140383 , 140392 , 140402 , 140408 , 140409 , 140410 , 140411 , 9340 , 9341 , 140415 , 140416 , 140417 , 140418 , 140419 , 140420 , 140421 , 140422 , 140423 , 140424 , 140425 , 140426 , 140427 , 140428 , 140429 , 9358 , 140442 , 140443 , 140444 , 9378 , 9381 , 9382 , 9399 , 9400 , 9402 , 9403 , 9404 , 9407 , 9408 , 140510 , 140511 , 140512 , 9447 , 9448 , 9453 , 9454 , 9456 , 9457 , 9458 , 9459 , 140539 , 140540 , 140541 , 140542 , 140543 , 140544 , 9482 , 9483 , 9490 , 140563 , 9492 , 9496 , 9497 , 9498 , 140571 , 140572 , 140576 , 140577 , 140578 , 140579 , 140580 , 140581 , 9510 , 9511 , 9512 , 9513 , 140586 , 140587 , 140588 , 9517 , 9518 , 140591 , 9520 , 9524 , 9525 , 9526 , 9530 , 140605 , 9535 , 9543 , 9544 , 9546 , 9547 , 9549 , 140622 , 9563 , 9565 , 9568 , 9570 , 9571 , 9572 , 9573 , 9574 , 9575 , 9576 , 9577 , 9578 , 140651 , 140652 , 140653 , 9582 , 9583 , 9584 , 9585 , 140658 , 140659 , 140660 , 140661 , 140662 , 9598 , 154518 , 154519 , 9617 , 9618 , 9619 , 154521 , 139985 , 9628 , 9629 , 9630 , 9631 , 9632 , 154523 , 9638 , 140711 , 140716 , 140717 , 140718 , 140719 , 140720 , 9649 , 140722 , 140724 , 140726 , 140727 , 140728 , 9658 , 140731 , 140732 , 9661 , 140734 , 9663 , 140736 , 140737 , 140738 , 140739 , 140740 , 140741 , 140742 , 140743 , 140744 , 140745 , 140746 , 140747 , 140748 , 140749 , 140750 , 140751 , 140752 , 140753 , 140754 , 140755 , 9684 , 132686 , 140779 , 140780 , 140781 , 9713 , 9717 , 9721 , 9722 , 9731 , 140808 , 140809 , 140810 , 140811 , 140812 , 140814 , 140829 , 140830 , 140831 , 140832 , 9761 , 140834 , 9763 , 140836 , 140837 , 140838 , 140839 , 9768 , 9769 , 9770 , 140843 , 140844 , 140845 , 140846 , 140847 , 140848 , 140849 , 140850 , 9779 , 9780 , 140853 , 9782 , 140856 , 140857 , 9793 , 9794 , 9795 , 9797 , 9800 , 9820 , 9822 , 9823 , 9828 , 9833 , 9834 , 9835 , 9837 , 9838 , 9839 , 9840 , 9843 , 9844 , 9845 , 9849 , 9850 , 9851 , 9852 , 9853 , 9854 , 9855 , 9860 , 154562 , 154563 , 140953 , 140957 , 140958 , 140959 , 9888 , 9889 , 9890 , 140963 , 9892 , 9893 , 9894 , 132721 , 154567 , 132722 , 140975 , 140978 , 140980 , 140981 , 132724 , 140986 , 132725 , 9923 , 132726 , 9928 , 9929 , 9931 , 9932 , 9933 , 9935 , 9936 , 9937 , 9939 , 141013 , 141014 , 141015 , 141016 , 141025 , 141026 , 141027 , 141028 , 141031 , 141032 , 141033 , 141034 , 141035 , 141036 , 141037 , 141038 , 141039 , 141042 , 141043 , 141044 , 141045 , 141046 , 141047 , 141049 , 141050 , 141051 , 141052 , 141053 , 9985 , 9986 , 9987 , 141062 , 141063 , 9992 , 9995 , 9996 , 9997 , 9998 , 9999 , 141072 , 141073 , 141074 , 141078 , 141081 , 10010 , 10011 , 10018 , 10038 , 10039 , 10041 , 10042 , 10043 , 10044 , 10045 , 10047 , 10048 , 10049 , 10054 , 141142 , 10077 , 10078 , 10079 , 10080 , 10081 , 10082 , 10083 , 10084 , 10085 , 10086 , 10087 , 141164 , 141167 , 141168 , 141169 , 141170 , 141171 , 141172 , 141173 , 141174 , 141175 , 141176 , 141177 , 141178 , 141179 , 10108 , 141181 , 10110 , 141183 , 10115 , 10118 , 10119 , 10120 , 154604 , 10122 , 10123 , 10124 , 10125 , 10126 , 10127 , 10128 , 10129 , 10130 , 141208 , 10140 , 10141 , 10142 , 10143 , 10144 , 10145 , 10146 , 141226 , 141242 , 141247 , 10176 , 141249 , 141252 , 10183 , 10184 , 10186 , 10188 , 10190 , 10191 , 10192 , 141266 , 10202 , 141276 , 10205 , 10206 , 10207 , 10208 , 141281 , 10210 , 10211 , 10212 , 141285 , 141286 , 10215 , 10216 , 10217 , 10218 , 10219 , 10220 , 10221 , 10222 , 10223 , 10224 , 10225 , 10226 , 10227 , 10228 , 10229 , 10230 , 10231 , 10232 , 10233 , 10234 , 10235 , 10236 , 10237 , 10238 , 141312 , 141313 , 10242 , 141315 , 141316 , 10245 , 10251 , 10253 , 141333 , 10266 , 10269 , 10270 , 141354 , 10291 , 10292 , 10293 , 141366 , 141379 , 141380 , 141397 , 10326 , 10327 , 10328 , 10329 , 10332 , 10333 , 10334 , 10335 , 10336 , 10354 , 10355 , 141429 , 10358 , 10359 , 10360 , 141433 , 135645 , 10364 , 10365 , 10366 , 10367 , 10368 , 10369 , 141447 , 141448 , 10377 , 10388 , 10389 , 10390 , 10396 , 10397 , 10398 , 10399 , 10400 , 141479 , 141480 , 141481 , 141482 , 141502 , 141503 , 141504 , 141505 , 141506 , 10444 , 10445 , 10446 , 10447 , 10448 , 10450 , 10451 , 10452 , 141526 , 10469 , 10470 , 10471 , 10472 , 10473 , 10474 , 10475 , 141548 , 141549 , 10478 , 10479 , 10480 , 10481 , 10482 , 141557 , 141558 , 141559 , 141560 , 141561 , 141562 , 141563 , 141564 , 10493 , 10494 , 10495 , 141568 , 141569 , 141570 , 141571 , 10500 , 10501 , 10502 , 10503 , 141576 , 10505 , 141578 , 141579 , 10509 , 10510 , 10511 , 10512 , 10513 , 10514 , 141588 , 10517 , 141590 , 10523 , 10524 , 10525 , 10526 , 10527 , 10528 , 10530 , 10531 , 10533 , 10534 , 10535 , 10536 , 10537 , 141610 , 141611 , 141613 , 141614 , 141615 , 10544 , 141617 , 141618 , 10552 , 10553 , 141626 , 141627 , 154677 , 10562 , 10563 , 10564 , 10565 , 141638 , 141639 , 141640 , 141641 , 141642 , 141643 , 141644 , 141645 , 141647 , 141648 , 132836 , 141670 , 10599 , 10600 , 10601 , 10602 , 10603 , 10604 , 10605 , 10609 , 10610 , 141685 , 141686 , 10617 , 10622 , 10623 , 10624 , 10625 , 10626 , 10627 , 10628 , 141701 , 10630 , 10634 , 141710 , 132845 , 10641 , 10644 , 10645 , 10646 , 10647 , 10648 , 10651 , 141725 , 10658 , 10659 , 10670 , 140020 , 10682 , 10687 , 10689 , 10690 , 10691 , 10693 , 10694 , 10696 , 10698 , 141772 , 141773 , 10713 , 141786 , 141787 , 141788 , 10717 , 141790 , 141791 , 10720 , 10721 , 141794 , 10727 , 10728 , 10729 , 141817 , 141818 , 10748 , 10749 , 10750 , 10751 , 10752 , 10753 , 10754 , 141827 , 141828 , 141829 , 141830 , 141831 , 10774 , 10775 , 10776 , 10777 , 10778 , 10779 , 141856 , 141859 , 10788 , 10789 , 10790 , 10791 , 10792 , 10793 , 10794 , 10795 , 10796 , 10797 , 10798 , 10799 , 10800 , 10801 , 10804 , 10806 , 10807 , 10808 , 10809 , 10810 , 10811 , 10812 , 10813 , 10814 , 10815 , 10816 , 10817 , 10818 , 10827 , 10828 , 141902 , 10831 , 10832 , 10835 , 141908 , 10837 , 10838 , 10839 , 10840 , 10841 , 10843 , 10844 , 10845 , 10847 , 141920 , 10849 , 10850 , 10851 , 141924 , 154726 , 141926 , 141927 , 141928 , 141929 , 141931 , 141932 , 141933 , 141935 , 141936 , 141937 , 141938 , 141939 , 10868 , 141941 , 10870 , 154729 , 141952 , 141953 , 141954 , 141955 , 141956 , 141957 , 141958 , 141959 , 10892 , 141968 , 141969 , 141970 , 141971 , 10917 , 10918 , 141991 , 141992 , 141994 , 10923 , 141996 , 141997 , 10927 , 10928 , 10929 , 10930 , 154743 , 10972 , 10975 , 10976 , 10977 , 10978 , 10979 , 10980 , 10981 , 10982 , 10983 , 10985 , 10986 , 10987 , 10988 , 10989 , 10990 , 10991 , 142064 , 10993 , 10994 , 10995 , 132905 , 142072 , 132907 , 132908 , 142096 , 11025 , 11026 , 11027 , 142100 , 142102 , 11031 , 11032 , 11033 , 11035 , 11036 , 11037 , 11039 , 11040 , 132912 , 142114 , 11043 , 11044 , 11045 , 11046 , 11047 , 11048 , 11049 , 142122 , 142123 , 11052 , 11053 , 11055 , 11057 , 11058 , 11059 , 142133 , 11067 , 11068 , 11069 , 142142 , 132918 , 142153 , 142166 , 142169 , 142172 , 142173 , 142174 , 142175 , 142176 , 142177 , 142178 , 11107 , 11108 , 11109 , 142183 , 142187 , 142188 , 142189 , 142190 , 142192 , 142194 , 142195 , 11124 , 142197 , 11126 , 11127 , 142200 , 142201 , 142202 , 142203 , 142204 , 142205 , 142206 , 142207 , 142208 , 142209 , 142210 , 142211 , 11140 , 142214 , 142215 , 142216 , 11145 , 11146 , 11147 , 142222 , 142223 , 142224 , 142225 , 142228 , 142230 , 142231 , 142232 , 142233 , 142236 , 142237 , 11171 , 11172 , 11173 , 11174 , 11175 , 11176 , 11178 , 11179 , 11180 , 11181 , 11182 , 142261 , 11190 , 11191 , 11194 , 11195 , 11196 , 11197 , 11200 , 135673 , 11204 , 11205 , 11206 , 11207 , 11208 , 11209 , 11210 , 11211 , 142284 , 142285 , 11214 , 11216 , 11217 , 11218 , 11219 , 11220 , 142302 , 142303 , 142304 , 142305 , 142306 , 142307 , 142312 , 142313 , 142314 , 142315 , 142319 , 142320 , 11257 , 11258 , 154794 , 11262 , 11263 , 11264 , 11265 , 11266 , 11267 , 142342 , 142343 , 142344 , 11273 , 11277 , 11278 , 11294 , 142367 , 142368 , 142371 , 11300 , 142373 , 142374 , 142375 , 142376 , 11315 , 11322 , 11323 , 142399 , 142402 , 11332 , 11333 , 11334 , 11335 , 11336 , 11337 , 11338 , 11339 , 11340 , 11341 , 11343 , 11348 , 11349 , 11352 , 11359 , 11361 , 11362 , 11366 , 11367 , 11368 , 11369 , 11371 , 11373 , 11374 , 11375 , 132970 , 142462 , 142463 , 132971 , 142472 , 142483 , 142484 , 142485 , 11414 , 11415 , 11416 , 142489 , 142494 , 142495 , 142496 , 154822 , 11432 , 154823 , 11443 , 11445 , 11446 , 142521 , 11450 , 11451 , 142536 , 142537 , 142550 , 11480 , 11481 , 11482 , 11483 , 11484 , 11485 , 11502 , 11503 , 11504 , 11517 , 11518 , 11519 , 11520 , 11521 , 142599 , 142600 , 142601 , 142602 , 142603 , 142604 , 142605 , 142606 , 142607 , 142609 , 142610 , 142611 , 142612 , 142613 , 142614 , 11543 , 142616 , 142617 , 142618 , 11547 , 142620 , 142621 , 142622 , 142623 , 11561 , 11562 , 154845 , 154846 , 142646 , 142647 , 142648 , 142649 , 142650 , 142651 , 142652 , 142653 , 142654 , 142655 , 142657 , 142658 , 142659 , 142660 , 142661 , 11592 , 11593 , 11594 , 11597 , 11598 , 11599 , 11605 , 142679 , 142680 , 142686 , 142687 , 142688 , 142689 , 142690 , 142692 , 142695 , 142696 , 142697 , 142698 , 142699 , 142700 , 11630 , 11631 , 11632 , 11635 , 11636 , 11637 , 11640 , 11641 , 11650 , 142725 , 11654 , 142731 , 11660 , 11661 , 142736 , 142737 , 142738 , 142739 , 142740 , 142741 , 142742 , 142743 , 142744 , 142745 , 142746 , 142747 , 142749 , 142750 , 154864 , 11690 , 142770 , 142772 , 142773 , 142774 , 142775 , 142776 , 142777 , 142785 , 142786 , 142787 , 142788 , 142789 , 142790 , 142791 , 142792 , 11721 , 11722 , 11723 , 11724 , 11725 , 11726 , 11727 , 11728 , 11729 , 11733 , 11734 , 11735 , 11736 , 11738 , 154874 , 142814 , 142820 , 142826 , 142827 , 142829 , 142830 , 142841 , 142842 , 142848 , 142851 , 142853 , 142854 , 142855 , 142856 , 11789 , 11790 , 142866 , 142867 , 11796 , 11797 , 11798 , 11799 , 11803 , 11811 , 11812 , 11816 , 142892 , 142896 , 142900 , 142907 , 142929 , 142930 , 142931 , 142943 , 11875 , 11876 , 11882 , 142958 , 11887 , 11888 , 11889 , 133054 , 11896 , 11899 , 11900 , 11901 , 11902 , 11903 , 11904 , 11905 , 11907 , 11909 , 11910 , 11911 , 11912 , 11913 , 11914 , 11915 , 11916 , 11917 , 11918 , 11919 , 11920 , 11921 , 11922 , 11923 , 11924 , 11925 , 11926 , 11928 , 11929 , 11930 , 11931 , 11932 , 11934 , 11935 , 11936 , 11939 , 11940 , 11968 , 143043 , 133068 , 143050 , 143051 , 143052 , 143053 , 143054 , 143055 , 11984 , 11985 , 11986 , 143059 , 143060 , 133070 , 143062 , 11991 , 11992 , 11993 , 11994 , 11995 , 11996 , 11997 , 11998 , 143071 , 143075 , 143076 , 143077 , 143078 , 143080 , 143081 , 143082 , 12011 , 12012 , 12013 , 12014 , 154923 , 133079 , 133080 , 143127 , 143128 , 143130 , 143131 , 143132 , 143133 , 143138 , 143147 , 12077 , 143151 , 143152 , 12082 , 143155 , 143156 , 143157 , 143158 , 143159 , 12096 , 143175 , 143176 , 143177 , 143178 , 143180 , 143181 , 143182 , 12117 , 12120 , 12131 , 143213 , 143214 , 143223 , 143224 , 143232 , 143233 , 143234 , 144434 , 143236 , 12165 , 12166 , 12167 , 12168 , 12169 , 12171 , 143262 , 143263 , 143264 , 12193 , 12194 , 143286 , 143287 , 143288 , 143289 , 143290 , 143291 , 143292 , 143293 , 143294 , 143295 , 143296 , 143297 , 133110 , 143321 , 143322 , 144437 , 12254 , 12255 , 143330 , 143331 , 143332 , 143334 , 143335 , 143336 , 143337 , 143338 , 12267 , 12270 , 12272 , 12273 , 12274 , 12275 , 12276 , 12278 , 133119 , 12291 , 12292 , 12293 , 12294 , 12295 , 12299 , 12300 , 12301 , 12302 , 12304 , 12305 , 12306 , 12307 , 12308 , 12309 , 143383 , 143384 , 143385 , 135710 , 12332 , 12333 , 12335 , 12336 , 143412 , 143413 , 143414 , 143415 , 143417 , 143418 , 143419 , 143420 , 143421 , 143425 , 143426 , 143427 , 143428 , 143429 , 12358 , 12359 , 12360 , 143433 , 143434 , 12365 , 12366 , 12367 , 135712 , 143450 , 143451 , 143456 , 143457 , 143459 , 143460 , 12389 , 143462 , 143463 , 143464 , 143465 , 143473 , 143483 , 143484 , 143485 , 12414 , 143487 , 143488 , 143490 , 143491 , 143492 , 143493 , 143494 , 143495 , 143496 , 143497 , 143498 , 143501 , 12450 , 12451 , 12452 , 143525 , 12454 , 143528 , 143529 , 143530 , 143531 , 143532 , 143533 , 143534 , 143535 , 12464 , 12465 , 12466 , 143539 , 143540 , 143541 , 143542 , 143543 , 143544 , 12473 , 133151 , 143551 , 143552 , 133152 , 12482 , 12483 , 12484 , 143557 , 12486 , 143559 , 143561 , 143562 , 12491 , 12492 , 143565 , 12500 , 133156 , 12507 , 12517 , 12518 , 12519 , 12523 , 12534 , 12535 , 12536 , 12537 , 12538 , 12539 , 12540 , 12541 , 12557 , 143636 , 12565 , 12566 , 12570 , 12571 , 12572 , 12574 , 12575 , 143651 , 143652 , 12583 , 12586 , 12587 , 12588 , 12589 , 12590 , 12592 , 12593 , 12600 , 12601 , 12602 , 12603 , 12605 , 12608 , 12609 , 12610 , 12611 , 12612 , 12613 , 12615 , 12616 , 12617 , 12619 , 12620 , 143694 , 143696 , 143697 , 143698 , 143699 , 143700 , 143701 , 143703 , 143704 , 143705 , 143706 , 143707 , 12638 , 12639 , 12640 , 12644 , 12645 , 12646 , 12647 , 12648 , 143722 , 143725 , 143726 , 143727 , 143728 , 143729 , 143735 , 12677 , 12678 , 12679 , 12680 , 12681 , 12682 , 12683 , 12685 , 12687 , 12688 , 12689 , 12692 , 12693 , 12695 , 12696 , 12697 , 143773 , 12702 , 12703 , 143776 , 143777 , 12708 , 12709 , 12710 , 12711 , 12712 , 12713 , 143786 , 12715 , 12716 , 12717 , 12718 , 143791 , 143792 , 143793 , 12722 , 12728 , 12729 , 12735 , 12739 , 143813 , 12743 , 12744 , 12745 , 12746 , 12747 , 12750 , 12751 , 12753 , 12754 , 12755 , 143828 , 143829 , 143830 , 143838 , 143841 , 143842 , 143843 , 143844 , 143845 , 143846 , 143847 , 12776 , 143849 , 12781 , 12782 , 143873 , 143883 , 143884 , 143899 , 143900 , 143901 , 143902 , 143903 , 143904 , 143905 , 143906 , 143907 , 143908 , 143909 , 143910 , 143911 , 12840 , 143913 , 143914 , 143915 , 143916 , 143917 , 143918 , 12847 , 12848 , 143921 , 143922 , 143923 , 12852 , 12853 , 12854 , 12855 , 143929 , 143930 , 143931 , 143932 , 143933 , 143936 , 143937 , 12879 , 12883 , 12885 , 143965 , 12901 , 143978 , 12911 , 12912 , 12913 , 12914 , 12917 , 144011 , 12941 , 12942 , 12943 , 12944 , 12945 , 12946 , 12947 , 12949 , 12950 , 12951 , 12952 , 12953 , 12955 , 12961 , 12962 , 12963 , 12964 , 12965 , 12966 , 12967 , 12968 , 12970 , 12971 , 12972 , 12973 , 12974 , 12975 , 12976 , 144049 , 12978 , 144053 , 144056 , 144057 , 144058 , 144059 , 144060 , 144061 , 12996 , 144069 , 144071 , 155085 , 144086 , 144087 , 144088 , 144089 , 144091 , 144092 , 13030 , 13031 , 144117 , 144125 , 144126 , 144140 , 144141 , 144142 , 144143 , 144145 , 144147 , 144156 , 144157 , 144158 , 144159 , 144160 , 144161 , 144162 , 13091 , 144164 , 13093 , 13095 , 13097 , 13103 , 13106 , 13107 , 13108 , 13109 , 13110 , 13111 , 13112 , 13113 , 13120 , 13121 , 13126 , 13127 , 13129 , 13130 , 144205 , 144209 , 144210 , 144211 , 144215 , 144216 , 144218 , 144219 , 144220 , 144221 , 155109 , 144225 , 144228 , 144229 , 144231 , 144235 , 144236 , 144238 , 144241 , 144242 , 13175 , 144248 , 144249 , 13178 , 155114 , 144257 , 144258 , 144259 , 13188 , 144261 , 144262 , 144263 , 144264 , 144265 , 13194 , 13195 , 13196 , 144273 , 144274 , 144277 , 144278 , 144279 , 144280 , 144281 , 144282 , 13211 , 144285 , 13214 , 144287 , 144288 , 144289 , 144290 , 144294 , 13226 , 13227 , 144300 , 144301 , 13230 , 13231 , 144304 , 144305 , 144306 , 144307 , 144308 , 144309 , 144310 , 144312 , 144313 , 13249 , 13250 , 13251 , 13252 , 13253 , 13254 , 13255 , 13267 , 13268 , 13269 , 144345 , 155130 , 144353 , 144354 , 155131 , 155132 , 155133 , 155134 , 13320 , 13321 , 13322 , 13323 , 13347 , 144421 , 144422 , 144423 , 144424 , 144425 , 144426 , 144427 , 144428 , 13357 , 13358 , 13359 , 144432 , 13361 , 13362 , 13363 , 13364 , 13365 , 13368 , 13369 , 13370 , 13371 , 13373 , 13374 , 13375 , 13376 , 13377 , 155148 , 155149 , 13408 , 13409 , 13411 , 13413 , 13421 , 13422 , 13423 , 13424 , 13430 , 13431 , 13432 , 144520 , 144521 , 144528 , 144529 , 144533 , 144534 , 144535 , 144536 , 144537 , 144538 , 144539 , 144540 , 144542 , 144544 , 144545 , 144546 , 13475 , 144552 , 144553 , 144554 , 144555 , 13484 , 13485 , 144558 , 144559 , 144562 , 144563 , 144564 , 144565 , 144566 , 133321 , 144568 , 13497 , 13498 , 13499 , 13500 , 144573 , 144574 , 144575 , 144576 , 13506 , 13515 , 13516 , 13519 , 13520 , 144599 , 13529 , 13533 , 13534 , 13535 , 13536 , 13537 , 13541 , 13542 , 13543 , 13544 , 13545 , 13546 , 13547 , 13548 , 13551 , 13552 , 13553 , 13554 , 13555 , 13556 , 13557 , 13558 , 13559 , 13560 , 13561 , 13562 , 13563 , 13566 , 13567 , 13568 , 13569 , 144648 , 13577 , 13578 , 13579 , 13580 , 13581 , 144656 , 13585 , 13586 , 13594 , 13595 , 13597 , 13618 , 13619 , 13620 , 144695 , 144697 , 13626 , 144699 , 144700 , 144701 , 144702 , 144703 , 144704 , 144705 , 144706 , 144707 , 144708 , 144709 , 144710 , 144711 , 144719 , 144721 , 144722 , 144723 , 13654 , 144734 , 144735 , 144736 , 144738 , 144739 , 144740 , 144741 , 144742 , 13671 , 13672 , 13673 , 13674 , 13675 , 148849 , 144752 , 144753 , 13697 , 144770 , 144771 , 144772 , 144774 , 144775 , 144776 , 144777 , 144778 , 144779 , 144780 , 13722 , 13723 , 13724 , 13725 , 13726 , 13727 , 13728 , 13729 , 13731 , 13739 , 144812 , 144813 , 144820 , 144821 , 144833 , 144834 , 155217 , 155218 , 155219 , 155220 , 144893 , 144913 , 144930 , 144931 , 144932 , 13868 , 155232 , 144963 , 155233 , 13902 , 13903 , 13906 , 144979 , 144980 , 13909 , 13910 , 13916 , 13918 , 13919 , 13920 , 13921 , 13923 , 13924 , 13926 , 145006 , 145007 , 145008 , 145009 , 145010 , 13939 , 145012 , 13941 , 145014 , 145015 , 145021 , 13950 , 13951 , 13959 , 13964 , 13967 , 13968 , 13971 , 145044 , 145045 , 13975 , 13976 , 13977 , 13978 , 13979 , 13980 , 13984 , 13985 , 13987 , 13988 , 145063 , 145066 , 145067 , 145068 , 145069 , 145100 , 145101 , 145111 , 14040 , 140132 , 145114 , 145115 , 14045 , 14047 , 14048 , 145123 , 145124 , 145125 , 145126 , 14055 , 145141 , 145142 , 145143 , 145144 , 145161 , 145162 , 145166 , 145168 , 14097 , 140134 , 14104 , 145177 , 14117 , 14118 , 145202 , 145203 , 145204 , 145205 , 145206 , 145207 , 145208 , 155274 , 155275 , 155276 , 145263 , 145264 , 145265 , 145266 , 145267 , 145268 , 145269 , 145270 , 145271 , 145272 , 145274 , 145275 , 145277 , 145278 , 145279 , 14208 , 145283 , 145284 , 14215 , 145288 , 145289 , 145290 , 145291 , 145292 , 131409 , 145301 , 145302 , 145303 , 145304 , 145305 , 145306 , 145307 , 145308 , 14237 , 14238 , 14239 , 145313 , 155291 , 145318 , 145320 , 155292 , 131410 , 14254 , 14255 , 155294 , 155295 , 153725 , 14281 , 14283 , 14284 , 14285 , 133453 , 133454 , 155301 , 133457 , 145385 , 145387 , 145388 , 133458 , 145390 , 145391 , 145396 , 145397 , 145398 , 155305 , 133460 , 145402 , 145403 , 145404 , 155306 , 145406 , 133461 , 145408 , 145409 , 145410 , 145411 , 145412 , 145413 , 145414 , 145415 , 14344 , 14345 , 14346 , 133463 , 14348 , 14349 , 14356 , 14361 , 14365 , 14366 , 14367 , 14368 , 14369 , 14376 , 145449 , 145450 , 145451 , 14380 , 14381 , 14382 , 145456 , 145469 , 14400 , 155318 , 155319 , 153726 , 14425 , 155322 , 145507 , 145513 , 14459 , 14461 , 14462 , 145538 , 145539 , 14468 , 14469 , 14471 , 14473 , 14474 , 14475 , 14477 , 14478 , 14479 , 14480 , 14482 , 14483 , 14484 , 14485 , 14486 , 14487 , 14488 , 14489 , 14490 , 14491 , 145566 , 14495 , 14496 , 14497 , 14498 , 14499 , 14502 , 14503 , 14510 , 14511 , 14514 , 14516 , 14517 , 14518 , 14520 , 145596 , 145597 , 14526 , 145599 , 14528 , 14529 , 14530 , 14533 , 14534 , 14535 , 145617 , 145618 , 145619 , 14551 , 145636 , 145637 , 145638 , 14567 , 14568 , 14572 , 14573 , 14574 , 145647 , 145648 , 14581 , 14582 , 14585 , 145658 , 145659 , 145664 , 145665 , 145666 , 145667 , 145671 , 145672 , 145673 , 145674 , 145675 , 145678 , 145679 , 145680 , 145681 , 145682 , 145683 , 145684 , 145685 , 145686 , 145687 , 145688 , 145689 , 145690 , 145699 , 145701 , 145702 , 145703 , 145709 , 145710 , 145711 , 145716 , 145726 , 145727 , 145730 , 145731 , 145742 , 145747 , 145748 , 145749 , 145750 , 145751 , 145752 , 145753 , 145754 , 145755 , 145756 , 145759 , 145760 , 145761 , 14693 , 14694 , 14695 , 14696 , 14697 , 14698 , 14699 , 14700 , 145773 , 14702 , 145775 , 14704 , 14705 , 14706 , 14707 , 145780 , 14715 , 145788 , 145789 , 145790 , 145791 , 145799 , 145800 , 145802 , 145803 , 145804 , 145805 , 145807 , 145826 , 14771 , 14772 , 14814 , 14815 , 14827 , 14831 , 14832 , 14833 , 14834 , 14835 , 155390 , 145912 , 145913 , 14842 , 145915 , 145916 , 145918 , 14847 , 145935 , 145936 , 145937 , 145938 , 145939 , 145941 , 145942 , 145943 , 145952 , 145953 , 145954 , 145955 , 145956 , 145957 , 145958 , 145960 , 145961 , 145964 , 145965 , 145970 , 145971 , 14900 , 14901 , 145974 , 145984 , 145989 , 145990 , 145994 , 145995 , 14932 , 14933 , 14935 , 146008 , 146009 , 146010 , 146011 , 146012 , 146020 , 146023 , 146024 , 146025 , 146026 , 146027 , 146028 , 146029 , 146030 , 146031 , 146032 , 146033 , 14966 , 14967 , 14968 , 14970 , 146065 , 15007 , 146083 , 15023 , 15053 , 15065 , 146141 , 146142 , 15074 , 15075 , 146153 , 146154 , 15084 , 15101 , 15111 , 15112 , 146185 , 15120 , 15121 , 15126 , 15129 , 15130 , 15133 , 15134 , 15162 , 146240 , 146241 , 146256 , 146257 , 15194 , 146267 , 15197 , 15198 , 15201 , 15202 , 146285 , 15219 , 146292 , 146296 , 146297 , 146298 , 146299 , 146300 , 146301 , 146302 , 146303 , 146305 , 146306 , 146308 , 146310 , 146311 , 146312 , 146313 , 146314 , 146315 , 146316 , 15249 , 146323 , 146324 , 15253 , 146326 , 146327 , 146328 , 15257 , 15258 , 15259 , 15260 , 146333 , 15262 , 15263 , 15264 , 155462 , 15274 , 15276 , 15277 , 146352 , 146353 , 15282 , 146355 , 146356 , 146357 , 146358 , 146359 , 146360 , 146361 , 15300 , 15302 , 15307 , 15308 , 15316 , 15320 , 146393 , 146398 , 146399 , 146400 , 15332 , 146411 , 146412 , 146413 , 146414 , 146415 , 146416 , 146417 , 146418 , 146419 , 146420 , 146421 , 146422 , 146423 , 15359 , 15364 , 15365 , 15366 , 15367 , 15368 , 15369 , 15371 , 15372 , 15373 , 15374 , 15376 , 15377 , 15378 , 15379 , 15380 , 15381 , 15382 , 15383 , 15384 , 15385 , 15386 , 146459 , 146460 , 15389 , 146462 , 15391 , 15392 , 15393 , 15396 , 146470 , 146471 , 146472 , 146482 , 15411 , 146484 , 15413 , 15414 , 15415 , 15416 , 15417 , 15418 , 15419 , 15420 , 146493 , 15422 , 15423 , 15424 , 15426 , 15427 , 15428 , 15429 , 15430 , 15431 , 15432 , 15435 , 15436 , 15437 , 15438 , 15439 , 15440 , 15441 , 15443 , 15444 , 133646 , 15447 , 15449 , 15450 , 15452 , 15453 , 15454 , 146527 , 15457 , 146530 , 15459 , 15460 , 15461 , 15463 , 15464 , 15465 , 15466 , 15467 , 146540 , 146541 , 146542 , 146543 , 146544 , 146545 , 146546 , 146547 , 146549 , 146550 , 155497 , 146554 , 146566 , 146570 , 146571 , 146572 , 146573 , 146574 , 15524 , 15525 , 15526 , 15527 , 15528 , 146601 , 146603 , 146606 , 146607 , 15538 , 15539 , 15540 , 15541 , 15543 , 15544 , 15546 , 15547 , 15548 , 149369 , 15550 , 15551 , 15552 , 15554 , 15556 , 15557 , 15558 , 15560 , 15561 , 15562 , 15563 , 15564 , 15565 , 15566 , 15570 , 15571 , 15572 , 15573 , 15574 , 15575 , 146648 , 146649 , 146650 , 146651 , 146652 , 15581 , 133669 , 15586 , 15588 , 15589 , 15590 , 15591 , 15592 , 15593 , 146667 , 15596 , 15597 , 15607 , 15609 , 15610 , 15611 , 15612 , 15613 , 146686 , 15621 , 15622 , 15625 , 15626 , 146700 , 146701 , 146702 , 15633 , 15634 , 15635 , 15636 , 15637 , 15638 , 15639 , 15645 , 15646 , 15647 , 15648 , 15649 , 15650 , 15651 , 15652 , 146748 , 146762 , 146763 , 146764 , 146765 , 146766 , 146767 , 146768 , 146769 , 146770 , 15699 , 15700 , 15701 , 15702 , 15703 , 15704 , 15705 , 15707 , 146789 , 146790 , 15756 , 15757 , 15758 , 146831 , 146832 , 15764 , 15765 , 15766 , 15768 , 15769 , 146873 , 146874 , 146875 , 146876 , 146881 , 15814 , 15815 , 144556 , 15847 , 15848 , 15849 , 15850 , 15851 , 15854 , 146928 , 146929 , 146930 , 146939 , 133717 , 146944 , 146945 , 15876 , 15877 , 15878 , 15879 , 15880 , 15881 , 15882 , 15883 , 15884 , 15885 , 15886 , 15887 , 15889 , 15890 , 15891 , 15892 , 15893 , 15894 , 15895 , 15896 , 15897 , 15898 , 15899 , 15900 , 15901 , 15902 , 146975 , 15916 , 15917 , 15918 , 146992 , 146993 , 146999 , 147000 , 147001 , 147002 , 147003 , 147006 , 15937 , 147012 , 147018 , 147019 , 147020 , 147021 , 147023 , 147024 , 147025 , 15958 , 147034 , 147040 , 147041 , 147043 , 15973 , 15974 , 15975 , 15976 , 147049 , 147050 , 147051 , 15980 , 15981 , 147054 , 147055 , 15986 , 147063 , 147064 , 147065 , 147066 , 147067 , 147068 , 147070 , 147082 , 16014 , 147090 , 147104 , 147105 , 147110 , 16040 , 16041 , 147118 , 147119 , 16048 , 16050 , 147124 , 16056 , 16057 , 147130 , 16059 , 16060 , 16065 , 16069 , 16075 , 16076 , 16077 , 16078 , 16079 , 147169 , 16098 , 16099 , 147172 , 147173 , 147174 , 147175 , 16104 , 16105 , 16106 , 147179 , 16108 , 16109 , 16110 , 16111 , 16112 , 16113 , 16114 , 16115 , 16116 , 16117 , 16118 , 16119 , 16120 , 147193 , 147194 , 147195 , 16124 , 16125 , 147198 , 147199 , 147200 , 147201 , 147204 , 147210 , 147211 , 16142 , 144567 , 16171 , 16172 , 147245 , 147251 , 147252 , 147253 , 16184 , 16185 , 16186 , 147259 , 147260 , 147261 , 147262 , 147263 , 147264 , 147265 , 147266 , 147267 , 16200 , 16202 , 147291 , 16230 , 16231 , 16232 , 147308 , 147309 , 147310 , 16240 , 16249 , 16250 , 16251 , 16252 , 16253 , 16254 , 16258 , 147336 , 147337 , 147338 , 147339 , 147340 , 147341 , 147342 , 16271 , 133786 , 16286 , 16287 , 16288 , 16291 , 16292 , 16300 , 16302 , 147378 , 147390 , 147391 , 147399 , 147400 , 147401 , 147402 , 147413 , 147418 , 147419 , 147421 , 147422 , 147423 , 147424 , 147425 , 16362 , 16363 , 16364 , 147439 , 147445 , 147446 , 147448 , 147450 , 147451 , 147452 , 147453 , 147454 , 147468 , 16399 , 16401 , 16402 , 16405 , 16406 , 16407 , 16408 , 16409 , 147482 , 147526 , 147527 , 147537 , 147538 , 155662 , 16470 , 155663 , 147554 , 147556 , 147564 , 16498 , 148943 , 16503 , 147577 , 147582 , 147583 , 147584 , 16527 , 16530 , 147610 , 16540 , 16541 , 147619 , 16551 , 16552 , 16554 , 16555 , 16557 , 16575 , 16582 , 16583 , 16584 , 16585 , 16586 , 16589 , 147666 , 16601 , 16602 , 16606 , 16607 , 16608 , 16609 , 16611 , 16612 , 16613 , 16636 , 16645 , 16646 , 16647 , 16649 , 16650 , 147728 , 147742 , 147745 , 16683 , 16684 , 16685 , 147760 , 147761 , 147773 , 16703 , 16704 , 16705 , 16707 , 147789 , 147799 , 147800 , 147801 , 147802 , 147803 , 147804 , 147805 , 147808 , 147809 , 16745 , 147819 , 147820 , 147828 , 147829 , 147830 , 147831 , 147832 , 147833 , 147835 , 147836 , 147838 , 147845 , 16774 , 16775 , 16776 , 16777 , 16778 , 16779 , 16781 , 147854 , 16783 , 16784 , 16785 , 16786 , 16787 , 16788 , 16789 , 16790 , 147863 , 147864 , 147865 , 147866 , 147867 , 16796 , 16797 , 16798 , 16800 , 16801 , 16802 , 16803 , 16804 , 16805 , 16806 , 16809 , 147882 , 16811 , 16812 , 16813 , 16817 , 16818 , 16820 , 16821 , 147897 , 147898 , 147899 , 147901 , 147902 , 16831 , 16832 , 147905 , 147906 , 16835 , 16836 , 16837 , 147910 , 147911 , 147912 , 147913 , 147914 , 147915 , 147916 , 16845 , 16847 , 147930 , 147931 , 147936 , 155729 , 155730 , 16878 , 16879 , 155731 , 16886 , 16887 , 16888 , 16889 , 16891 , 16892 , 16893 , 16894 , 16895 , 16896 , 16897 , 16898 , 147973 , 16902 , 16903 , 16904 , 147977 , 16912 , 16913 , 16914 , 147989 , 147990 , 133893 , 148010 , 16939 , 148012 , 16945 , 16946 , 16947 , 148021 , 148022 , 148025 , 148026 , 148027 , 16960 , 16961 , 16962 , 148035 , 16964 , 16966 , 16968 , 16969 , 16970 , 16971 , 16972 , 16973 , 148048 , 16978 , 16979 , 16980 , 148057 , 148058 , 16991 , 16992 , 16993 , 16994 , 16995 , 16996 , 16997 , 16998 , 16999 , 148072 , 17001 , 17002 , 17003 , 17004 , 17005 , 17006 , 148080 , 17009 , 17010 , 17011 , 17012 , 17013 , 17014 , 17017 , 148099 , 148105 , 17046 , 17055 , 17056 , 17057 , 17067 , 17068 , 17069 , 17070 , 17071 , 17074 , 17075 , 17076 , 17077 , 17078 , 17082 , 17083 , 17084 , 17085 , 17088 , 17089 , 17090 , 17099 , 17100 , 17104 , 17105 , 17106 , 17107 , 17108 , 17109 , 17110 , 17111 , 17112 , 17113 , 17114 , 17115 , 17116 , 17117 , 17118 , 17119 , 17120 , 17122 , 148196 , 17125 , 148198 , 17127 , 148200 , 17129 , 17130 , 17131 , 17132 , 17133 , 17134 , 17135 , 17136 , 148209 , 17139 , 17140 , 17141 , 17142 , 17143 , 17144 , 17145 , 17146 , 17147 , 17148 , 17149 , 17150 , 17151 , 17152 , 17153 , 17154 , 17155 , 17157 , 17160 , 17161 , 17162 , 17163 , 17164 , 17165 , 17170 , 17171 , 17172 , 17173 , 148252 , 148253 , 148256 , 17190 , 148287 , 148288 , 17217 , 148290 , 17219 , 17220 , 17221 , 17222 , 148295 , 148296 , 17226 , 17227 , 17228 , 17229 , 17230 , 17231 , 148304 , 17233 , 17234 , 148307 , 148308 , 148309 , 17238 , 148312 , 148313 , 17242 , 17243 , 148316 , 148318 , 17247 , 17271 , 17276 , 133952 , 17282 , 148355 , 148356 , 133954 , 155801 , 133956 , 148380 , 148381 , 148382 , 133958 , 17324 , 148397 , 17326 , 17327 , 17328 , 17329 , 17330 , 17333 , 17334 , 133961 , 17337 , 133962 , 17342 , 17346 , 17353 , 17355 , 17356 , 133965 , 17362 , 17363 , 17364 , 17369 , 155817 , 133972 , 133973 , 148480 , 148481 , 17417 , 17418 , 17419 , 17420 , 17421 , 17422 , 17423 , 148497 , 148498 , 148499 , 148501 , 148502 , 148503 , 148504 , 148505 , 148507 , 148510 , 17439 , 148512 , 17441 , 17442 , 133979 , 148525 , 148526 , 17457 , 17458 , 17459 , 17460 , 17461 , 17462 , 17463 , 17464 , 148537 , 148538 , 17467 , 17468 , 17469 , 17470 , 17474 , 17475 , 17476 , 148553 , 148555 , 148560 , 148561 , 148562 , 17491 , 148564 , 17493 , 17495 , 17496 , 17497 , 17498 , 17499 , 17500 , 17502 , 17503 , 17504 , 17505 , 148593 , 148594 , 148597 , 148598 , 148600 , 148603 , 148604 , 148605 , 148606 , 148607 , 148608 , 148609 , 148610 , 148614 , 148617 , 148618 , 148619 , 148620 , 148621 , 148622 , 148623 , 148624 , 148626 , 17558 , 148631 , 17563 , 17564 , 17566 , 17571 , 17572 , 17574 , 17575 , 17576 , 17577 , 17578 , 17579 , 17582 , 17583 , 17584 , 17585 , 17586 , 148660 , 148661 , 148662 , 148663 , 148664 , 148665 , 17595 , 17596 , 17598 , 17608 , 134009 , 148700 , 134010 , 148702 , 134012 , 17643 , 134013 , 134014 , 148728 , 134015 , 148733 , 134016 , 134017 , 134018 , 17698 , 17699 , 17701 , 17712 , 17714 , 17719 , 17720 , 17721 , 17722 , 17723 , 17724 , 134026 , 17728 , 17729 , 17733 , 17734 , 17735 , 17736 , 17737 , 17739 , 17740 , 148815 , 148816 , 148817 , 148818 , 148819 , 148823 , 148824 , 148825 , 17756 , 148830 , 17759 , 17760 , 17761 , 148834 , 148835 , 17764 , 17765 , 17766 , 17767 , 148840 , 148841 , 148842 , 17771 , 17773 , 17774 , 17775 , 17776 , 17777 , 17778 , 17779 , 17780 , 17781 , 17782 , 17783 , 17784 , 17785 , 17786 , 17789 , 148880 , 148987 , 148901 , 148902 , 148903 , 148904 , 148907 , 148912 , 148914 , 148916 , 17853 , 17862 , 148935 , 17866 , 148939 , 17870 , 17871 , 17872 , 148953 , 148954 , 148955 , 148956 , 148957 , 148958 , 148959 , 148960 , 148961 , 17894 , 17897 , 17898 , 17899 , 17900 , 17901 , 17902 , 17903 , 17904 , 17912 , 17913 , 17914 , 17915 , 17916 , 148989 , 17933 , 17934 , 17935 , 17936 , 17937 , 17938 , 17939 , 17940 , 17943 , 17944 , 17945 , 17947 , 140656 , 149042 , 149044 , 149054 , 149055 , 149056 , 149057 , 149058 , 149059 , 149061 , 149063 , 149066 , 149067 , 17996 , 149071 , 18000 , 18001 , 18002 , 18003 , 18004 , 149089 , 149090 , 18019 , 149092 , 149094 , 18026 , 149099 , 149100 , 149106 , 149108 , 18041 , 18042 , 18044 , 149117 , 18046 , 18047 , 18048 , 18049 , 18050 , 18051 , 18052 , 18053 , 18054 , 18055 , 18056 , 18062 , 18083 , 18087 , 149164 , 149165 , 18096 , 18097 , 149170 , 149173 , 134089 , 18105 , 18106 , 18107 , 18108 , 18109 , 18111 , 149184 , 149185 , 149186 , 149187 , 18116 , 18117 , 149190 , 18119 , 149192 , 18121 , 149194 , 18123 , 18124 , 149197 , 149198 , 149199 , 149200 , 149201 , 149202 , 149203 , 149204 , 149205 , 149209 , 149212 , 18144 , 18145 , 18146 , 18148 , 149221 , 18150 , 18151 , 18152 , 18155 , 18156 , 18158 , 18169 , 18174 , 18176 , 18177 , 149250 , 149251 , 149252 , 134102 , 149254 , 149255 , 18184 , 149257 , 134103 , 149260 , 149261 , 149262 , 149263 , 134104 , 149266 , 149267 , 149268 , 149269 , 149270 , 149274 , 149276 , 149278 , 149279 , 149280 , 149281 , 149282 , 149283 , 149284 , 149285 , 149286 , 149287 , 149288 , 149289 , 149290 , 18220 , 18231 , 18232 , 149309 , 149310 , 149312 , 149313 , 149314 , 149315 , 149333 , 18283 , 149360 , 149361 , 18290 , 18291 , 18292 , 18293 , 18295 , 18296 , 18297 , 18298 , 18299 , 18300 , 18315 , 149395 , 149396 , 149408 , 149435 , 149436 , 149437 , 149440 , 149441 , 149445 , 149446 , 18390 , 18391 , 18392 , 18393 , 149466 , 149467 , 18398 , 18399 , 18405 , 18406 , 18407 , 18409 , 18410 , 18411 , 18412 , 149485 , 149486 , 18415 , 18416 , 18417 , 18418 , 149495 , 149496 , 149497 , 134143 , 149501 , 149508 , 149509 , 18447 , 18448 , 18449 , 18450 , 18451 , 18452 , 18453 , 18454 , 149534 , 18464 , 18465 , 18466 , 18467 , 18480 , 149554 , 149555 , 149556 , 149557 , 131551 , 18487 , 18488 , 18489 , 18490 , 18498 , 18503 , 18504 , 18506 , 18507 , 18508 , 18518 , 18519 , 18520 , 18522 , 18526 , 18527 , 18528 , 18529 , 149614 , 149615 , 149616 , 134165 , 149632 , 149633 , 18563 , 18564 , 18565 , 149639 , 149641 , 134167 , 18572 , 134168 , 18590 , 18591 , 18592 , 18593 , 18594 , 149667 , 149668 , 18597 , 18598 , 18599 , 18600 , 18601 , 149674 , 18603 , 149677 , 149678 , 18609 , 18621 , 18622 , 18627 , 149702 , 18649 , 18650 , 18651 , 18652 , 18653 , 18654 , 149727 , 18656 , 149729 , 18659 , 18660 , 18661 , 149734 , 149735 , 149736 , 149737 , 149738 , 149739 , 149740 , 149741 , 149742 , 149743 , 149744 , 149745 , 149746 , 149751 , 18686 , 156033 , 18696 , 18697 , 18706 , 156035 , 18710 , 18711 , 149785 , 149790 , 149795 , 149805 , 149810 , 144653 , 149813 , 149814 , 149815 , 149816 , 149817 , 18753 , 18754 , 18755 , 18756 , 18757 , 18758 , 18759 , 18761 , 18762 , 18763 , 18764 , 149838 , 18767 , 18768 , 18769 , 18770 , 18771 , 18772 , 18773 , 18774 , 18775 , 149848 , 149849 , 149850 , 149851 , 149852 , 18781 , 18782 , 18783 , 18784 , 18785 , 18786 , 18787 , 18788 , 18789 , 18793 , 18794 , 18795 , 18797 , 18798 , 149872 , 149874 , 149875 , 149884 , 149885 , 149886 , 149887 , 149891 , 149892 , 149893 , 18825 , 149903 , 149904 , 149906 , 149907 , 18841 , 18842 , 18845 , 18846 , 18847 , 18848 , 18849 , 18850 , 18851 , 149924 , 18853 , 18854 , 18855 , 18856 , 18858 , 18863 , 18864 , 18871 , 18872 , 18882 , 18883 , 18891 , 18899 , 18900 , 18903 , 18904 , 18905 , 18906 , 18907 , 18908 , 149981 , 18919 , 149992 , 18923 , 150001 , 150002 , 150006 , 150007 , 150008 , 150009 , 150010 , 150011 , 150019 , 150021 , 150022 , 150023 , 150024 , 18955 , 18956 , 150029 , 150030 , 18960 , 150033 , 150034 , 18963 , 18964 , 150037 , 150051 , 150052 , 150053 , 150056 , 150058 , 150059 , 150060 , 150061 , 18992 , 18993 , 19002 , 150075 , 19004 , 150077 , 150080 , 150081 , 19010 , 150083 , 150084 , 19013 , 19014 , 19015 , 19016 , 19017 , 19021 , 19023 , 150096 , 150097 , 150098 , 150099 , 19029 , 19030 , 19031 , 150107 , 19040 , 19041 , 19042 , 19043 , 150116 , 150118 , 150119 , 150120 , 150121 , 150122 , 150123 , 150124 , 150125 , 19054 , 19055 , 150130 , 19061 , 19074 , 150150 , 150151 , 19089 , 19091 , 19092 , 19093 , 19094 , 150167 , 150168 , 150170 , 19104 , 19105 , 19106 , 19107 , 150180 , 150181 , 19110 , 19111 , 19112 , 19113 , 150186 , 150187 , 150195 , 150197 , 150198 , 150204 , 150205 , 150206 , 150208 , 150209 , 150210 , 150211 , 150213 , 150214 , 19145 , 19146 , 19148 , 19154 , 19155 , 19156 , 19157 , 19158 , 19159 , 19163 , 19164 , 19165 , 150243 , 150253 , 150260 , 19191 , 150264 , 150272 , 19202 , 19206 , 19207 , 150280 , 19227 , 150306 , 150307 , 150309 , 150310 , 150311 , 150312 , 150313 , 150314 , 150315 , 150316 , 19245 , 150318 , 150319 , 150320 , 150321 , 150322 , 150323 , 150324 , 150325 , 150327 , 150328 , 150329 , 19269 , 19276 , 153400 , 150365 , 150366 , 19295 , 19296 , 19297 , 19298 , 19299 , 19300 , 19306 , 19307 , 19308 , 153401 , 19312 , 150411 , 150412 , 150413 , 19344 , 150420 , 19350 , 19353 , 19354 , 150428 , 150429 , 150430 , 150431 , 150432 , 150433 , 19364 , 19365 , 19366 , 19367 , 19368 , 19369 , 19370 , 19371 , 19372 , 19373 , 150446 , 134301 , 150448 , 150449 , 19378 , 19379 , 19380 , 19385 , 19386 , 19391 , 19392 , 150465 , 19394 , 19395 , 19396 , 19397 , 19398 , 19399 , 19400 , 19402 , 19403 , 150478 , 150482 , 150483 , 150484 , 19413 , 19414 , 150488 , 19418 , 19419 , 19420 , 19423 , 134310 , 150502 , 150503 , 150504 , 150505 , 150506 , 19438 , 19439 , 19440 , 19441 , 19442 , 150516 , 150517 , 150518 , 134313 , 150529 , 134315 , 134316 , 19472 , 19473 , 19474 , 19480 , 19481 , 19482 , 19483 , 19490 , 19491 , 19492 , 19493 , 19494 , 150567 , 150570 , 19499 , 150572 , 150573 , 19502 , 19503 , 19504 , 19505 , 150578 , 19507 , 19508 , 150581 , 19510 , 150583 , 150585 , 150593 , 150594 , 19524 , 19525 , 150600 , 19529 , 19532 , 19533 , 150606 , 19535 , 19536 , 19539 , 19540 , 150619 , 150620 , 150621 , 150624 , 19554 , 19555 , 19558 , 19563 , 19564 , 19568 , 19570 , 19571 , 19572 , 19573 , 19574 , 19575 , 19576 , 19577 , 19579 , 19580 , 19581 , 150657 , 150658 , 150659 , 150660 , 150661 , 150662 , 150663 , 150664 , 150665 , 150666 , 150669 , 19598 , 150671 , 150672 , 150673 , 150674 , 150675 , 150676 , 19606 , 19608 , 19610 , 19611 , 19612 , 19613 , 19614 , 19615 , 19616 , 19617 , 19618 , 19619 , 19620 , 19621 , 19622 , 19623 , 19624 , 150698 , 19631 , 19632 , 19633 , 19634 , 19650 , 19651 , 19653 , 19654 , 19665 , 19666 , 150755 , 19684 , 150765 , 150766 , 150767 , 150768 , 150769 , 150770 , 150773 , 19714 , 19715 , 19716 , 19734 , 19735 , 19736 , 19737 , 19738 , 150821 , 150822 , 150823 , 19763 , 19764 , 150848 , 19780 , 19781 , 19782 , 150869 , 150870 , 150871 , 19800 , 150886 , 150887 , 19819 , 19829 , 19830 , 19831 , 19832 , 19833 , 19834 , 19835 , 19836 , 19837 , 19838 , 19839 , 19840 , 19841 , 19842 , 19846 , 19847 , 135961 , 150929 , 150930 , 150931 , 150932 , 150933 , 150934 , 150935 , 150936 , 150937 , 150938 , 19869 , 19870 , 19871 , 19877 , 19879 , 19880 , 135962 , 19885 , 19886 , 19887 , 19888 , 19889 , 19890 , 19891 , 19892 , 150969 , 19898 , 150971 , 150972 , 150973 , 150974 , 150975 , 150976 , 150977 , 150978 , 150979 , 150980 , 150981 , 150982 , 150983 , 150984 , 150988 , 19917 , 19918 , 150994 , 150995 , 150996 , 150997 , 150998 , 150999 , 151000 , 151002 , 151003 , 151004 , 151005 , 19956 , 19957 , 19961 , 19962 , 19963 , 19964 , 19965 , 19968 , 151058 , 151059 , 151060 , 151061 , 19992 , 151066 , 151067 , 19996 , 151069 , 151070 , 151071 , 151072 , 151075 , 151076 , 20005 , 20006 , 20008 , 20009 , 20010 , 20011 , 20012 , 20013 , 20015 , 20017 , 151104 , 151106 , 20039 , 20040 , 20041 , 20043 , 20044 , 20045 , 20047 , 20048 , 20049 , 20050 , 20051 , 20052 , 151127 , 151128 , 20057 , 151130 , 151134 , 151135 , 151137 , 151138 , 20067 , 151140 , 20069 , 20070 , 20071 , 20073 , 20074 , 151150 , 20079 , 151155 , 151156 , 151157 , 151158 , 151161 , 20090 , 144698 , 151164 , 151166 , 151167 , 151168 , 151169 , 20098 , 151182 , 151183 , 151187 , 151188 , 151189 , 151190 , 151196 , 20131 , 20140 , 151216 , 20146 , 20148 , 151224 , 151225 , 20162 , 20180 , 20181 , 20182 , 20183 , 20184 , 20185 , 20186 , 20187 , 20207 , 20209 , 20229 , 20230 , 20231 , 151304 , 151305 , 151306 , 151307 , 151308 , 151311 , 151312 , 151313 , 20247 , 151322 , 151323 , 20252 , 20253 , 151327 , 20256 , 151329 , 151330 , 20260 , 20261 , 20264 , 144163 , 20268 , 20269 , 20270 , 20271 , 20272 , 20273 , 20274 , 20275 , 20276 , 20277 , 20280 , 20281 , 20282 , 134453 , 20293 , 20294 , 20295 , 20296 , 20305 , 20307 , 134457 , 20327 , 20328 , 151407 , 151408 , 151409 , 151410 , 151411 , 151412 , 151413 , 151414 , 151415 , 20345 , 20346 , 20349 , 20353 , 20354 , 20355 , 20356 , 20357 , 20358 , 151431 , 20361 , 150274 , 151447 , 149072 , 151449 , 151450 , 151458 , 151459 , 151460 , 151461 , 151463 , 151464 , 20397 , 151474 , 151475 , 149073 , 20413 , 20414 , 20415 , 20416 , 20417 , 20423 , 151513 , 151514 , 151518 , 151519 , 151521 , 151522 , 151523 , 20455 , 20456 , 20457 , 151530 , 151532 , 20463 , 20464 , 20465 , 20466 , 20467 , 131617 , 20474 , 20475 , 20476 , 20477 , 20479 , 20480 , 151554 , 151555 , 151561 , 20490 , 20491 , 20492 , 20493 , 20494 , 20495 , 20496 , 151569 , 151572 , 151573 , 151574 , 151577 , 151578 , 151579 , 151580 , 151581 , 151582 , 20521 , 20522 , 20523 , 20524 , 20525 , 20526 , 20527 , 20528 , 20529 , 20530 , 20531 , 20532 , 20534 , 20535 , 20541 , 20542 , 20543 , 20547 , 20557 , 20558 , 20559 , 20560 , 20562 , 151648 , 151650 , 151651 , 151667 , 151678 , 151679 , 20618 , 20619 , 20620 , 20635 , 151709 , 20638 , 20649 , 151725 , 20663 , 151740 , 151741 , 151742 , 151747 , 151748 , 151749 , 20682 , 151767 , 151768 , 151769 , 151770 , 151771 , 151772 , 151773 , 151780 , 151781 , 151795 , 151796 , 151797 , 151808 , 137183 , 20746 , 20747 , 20748 , 20749 , 20754 , 20755 , 20756 , 20758 , 20761 , 20762 , 20763 , 20769 , 20774 , 20775 , 20776 , 20778 , 20779 , 20780 , 20781 , 20782 , 151855 , 20784 , 20785 , 20786 , 20787 , 20788 , 20794 , 20795 , 20796 , 20797 , 20798 , 20799 , 20800 , 20801 , 20802 , 151875 , 151876 , 151877 , 151878 , 151879 , 20808 , 20809 , 20811 , 151890 , 151891 , 20820 , 20821 , 20822 , 20823 , 151904 , 20840 , 20841 , 20842 , 151916 , 151917 , 20846 , 20847 , 20848 , 20850 , 20851 , 20854 , 20855 , 20856 , 151929 , 151930 , 151931 , 151932 , 151933 , 134550 , 151986 , 151987 , 151988 , 151990 , 151991 , 151992 , 20925 , 152001 , 152002 , 20931 , 20932 , 20933 , 20934 , 20935 , 20936 , 20937 , 152010 , 152012 , 134562 , 20942 , 152018 , 149091 , 152036 , 20971 , 20972 , 20976 , 20978 , 20979 , 20980 , 20982 , 20985 , 20986 , 20988 , 20989 , 20990 , 20991 , 20992 , 21003 , 21004 , 21005 , 21006 , 21007 , 152092 , 152093 , 152099 , 152100 , 21035 , 21036 , 21037 , 152130 , 152131 , 152132 , 152133 , 21063 , 21065 , 21066 , 21067 , 21068 , 21073 , 21074 , 21075 , 152154 , 152155 , 152156 , 152157 , 152158 , 152159 , 152160 , 152161 , 152162 , 21101 , 21103 , 21126 , 21127 , 21128 , 21136 , 21137 , 21138 , 21139 , 21140 , 21141 , 21142 , 21143 , 21144 , 21145 , 21152 , 21153 , 21154 , 152234 , 152235 , 152236 , 152240 , 152241 , 152243 , 21173 , 21174 , 21175 , 21176 , 21177 , 21178 , 21179 , 21180 , 21181 , 152254 , 152262 , 152265 , 152271 , 152272 , 152273 , 152274 , 152275 , 152276 , 152277 , 152278 , 152281 , 152282 , 152283 , 152285 , 21220 , 21221 , 21222 , 21245 , 21246 , 21247 , 21248 , 21249 , 21250 , 21251 , 21252 , 21253 , 21254 , 21255 , 21256 , 21257 , 21259 , 21265 , 21266 , 21270 , 21271 , 21277 , 21278 , 21279 , 21281 , 21282 , 21288 , 152361 , 21290 , 21291 , 21292 , 21293 , 21294 , 21295 , 21299 , 21300 , 21301 , 152374 , 152375 , 21304 , 21305 , 21306 , 152379 , 152380 , 152381 , 152385 , 152386 , 152387 , 152388 , 152389 , 152390 , 152394 , 152395 , 152396 , 21325 , 21326 , 152399 , 21328 , 21332 , 21333 , 21334 , 21335 , 21336 , 21340 , 21341 , 21344 , 21345 , 21346 , 21347 , 21348 , 21349 , 21350 , 152428 , 152429 , 134634 , 152450 , 152451 , 152452 , 152453 , 152454 , 152459 , 152460 , 152461 , 152462 , 134637 , 152464 , 152465 , 21398 , 21399 , 21403 , 21404 , 21405 , 21406 , 21407 , 21408 , 21409 , 21410 , 21411 , 21412 , 21413 , 152486 , 21415 , 21416 , 21417 , 21418 , 21420 , 152494 , 152497 , 21426 , 21427 , 152500 , 152512 , 134646 , 152524 , 21455 , 152530 , 152532 , 21470 , 21472 , 144744 , 21478 , 21479 , 21481 , 21482 , 21484 , 21486 , 21487 , 21488 , 21491 , 21492 , 152568 , 152569 , 152570 , 134655 , 152572 , 152573 , 152574 , 152576 , 134656 , 152578 , 152579 , 152585 , 152591 , 152592 , 152593 , 21537 , 21538 , 21556 , 152630 , 152631 , 152632 , 152636 , 152639 , 152644 , 152645 , 21577 , 21578 , 21579 , 21580 , 21581 , 152655 , 152656 , 152657 , 152658 , 152660 , 21591 , 21592 , 21595 , 152668 , 152670 , 21599 , 21600 , 21601 , 152674 , 152678 , 134673 , 152680 , 152681 , 152682 , 152683 , 152684 , 152685 , 152686 , 152687 , 152688 , 152689 , 152690 , 134675 , 152694 , 152706 , 152709 , 152723 , 152724 , 21653 , 152726 , 152727 , 152728 , 21665 , 21666 , 21667 , 21668 , 21669 , 21670 , 21671 , 21672 , 21673 , 21674 , 152750 , 152751 , 21692 , 21702 , 21703 , 152790 , 152791 , 152792 , 152796 , 152797 , 152799 , 152801 , 152802 , 152803 , 152804 , 134694 , 152806 , 152807 , 21741 , 21743 , 21744 , 21745 , 21746 , 21747 , 152820 , 152827 , 21760 , 152833 , 152834 , 134699 , 21781 , 21782 , 21783 , 21788 , 21789 , 152863 , 152865 , 152867 , 152868 , 152875 , 21809 , 21827 , 21840 , 21841 , 21848 , 21849 , 21850 , 21851 , 21852 , 21853 , 152932 , 152933 , 152934 , 152936 , 152937 , 152938 , 152939 , 21869 , 152942 , 152943 , 21895 , 21896 , 21897 , 21899 , 21900 , 21901 , 21902 , 21903 , 21905 , 21906 , 21907 , 152980 , 21909 , 21910 , 21911 , 152984 , 152985 , 152986 , 21923 , 21927 , 21928 , 21929 , 21931 , 21932 , 21933 , 21934 , 21935 , 21936 , 21937 , 21938 , 21941 , 21942 , 21943 , 153026 , 153027 , 153028 , 153029 , 153030 , 153035 , 153038 , 21973 , 21974 , 21975 , 21976 , 21977 , 21978 , 21979 , 21980 , 21981 , 153054 , 153055 , 153056 , 136032 , 21988 , 21990 , 21991 , 21992 , 21993 , 21994 , 21995 , 21996 , 153069 , 153070 , 21999 , 22002 , 153079 , 153080 , 153090 , 22020 , 22021 , 22022 , 22023 , 22024 , 22025 , 22026 , 153100 , 22030 , 22031 , 22038 , 22039 , 22040 , 22041 , 22042 , 22043 , 22044 , 22045 , 153118 , 22047 , 22048 , 22049 , 22050 , 22051 , 22052 , 22053 , 22054 , 153128 , 22057 , 22058 , 153131 , 22060 , 22063 , 22064 , 22065 , 22066 , 22067 , 153145 , 134751 , 153148 , 22081 , 22091 , 22097 , 22098 , 22099 , 22100 , 22102 , 22105 , 22106 , 22107 , 22109 , 22110 , 22111 , 22112 , 22128 , 22129 , 22130 , 22131 , 22132 , 22139 , 22141 , 22142 , 22143 , 22144 , 22146 , 153220 , 22156 , 22157 , 153230 , 22160 , 22161 , 153243 , 153253 , 153261 , 153262 , 153265 , 22202 , 153277 , 22206 , 22214 , 22224 , 22225 , 22228 , 22229 , 22230 , 22233 , 22234 , 22235 , 22236 , 22237 , 22238 , 22239 , 153499 , 22262 , 22263 , 22264 , 22266 , 22267 , 22268 , 153341 , 153342 , 22274 , 153349 , 153350 , 153351 , 153352 , 153354 , 153355 , 22285 , 153360 , 153361 , 22290 , 22291 , 22292 , 22294 , 153367 , 22303 , 22306 , 153501 , 22314 , 22315 , 22320 , 22321 , 22324 , 22328 , 22329 , 22330 , 22331 , 153405 , 22334 , 22335 , 153408 , 153411 , 153418 , 153419 , 22350 , 153424 , 153425 , 153426 , 153427 , 153429 , 153430 , 153431 , 153432 , 153437 , 153438 , 153439 , 153440 , 22371 , 22372 , 22373 , 22374 , 22375 , 22376 , 22384 , 22385 , 22386 , 22388 , 22390 , 22391 , 22392 , 22393 , 22394 , 153467 , 22397 , 22398 , 22399 , 22400 , 22401 , 22402 , 22403 , 22404 , 22405 , 22410 , 22411 , 22412 , 22413 , 22414 , 22415 , 22416 , 22417 , 22418 , 153493 , 22422 , 22423 , 22424 , 22425 , 22426 , 22427 , 22428 , 22429 , 153502 , 22431 , 22432 , 22433 , 22434 , 22435 , 22436 , 22437 , 22438 , 22439 , 22440 , 22441 , 22442 , 22443 , 22444 , 153517 , 22446 , 22447 , 22448 , 22449 , 153522 , 153526 , 153527 , 22456 , 22460 , 22463 , 22465 , 22466 , 22467 , 22468 , 22469 , 22470 , 22471 , 22472 , 22474 , 22475 , 22476 , 22479 , 22480 , 22481 , 153554 , 153555 , 153556 , 153557 , 153558 , 153559 , 22490 , 22491 , 22492 , 22493 , 22494 , 22495 , 22496 , 22497 , 22498 , 22499 , 22500 , 22501 , 22502 , 22503 , 22510 , 153585 , 153587 , 153588 , 153589 , 22521 , 22522 , 22523 , 22524 , 153597 , 22526 , 22527 , 22528 , 22529 , 22530 , 22531 , 22532 , 153605 , 153606 , 22536 , 22537 , 22538 , 153612 , 153613 , 153614 , 153615 , 153616 , 137195 , 153618 , 153621 , 153626 , 153628 , 153629 , 153630 , 153631 , 153632 , 153633 , 153634 , 153635 , 153636 , 153638 , 153639 , 153640 , 153650 , 153651 , 153652 , 153653 , 153654 , 153656 , 153657 , 153660 , 153661 , 153662 , 153663 , 22592 , 22593 , 22594 , 153667 , 153668 , 153669 , 153670 , 22603 , 22604 , 22605 , 22606 , 22607 , 22609 , 153682 , 153683 , 153689 , 153690 , 22622 , 153697 , 153700 , 153701 , 153702 , 153703 , 153706 , 22637 , 22638 , 22639 , 153712 , 153713 , 153715 , 153716 , 153717 , 153718 , 22647 , 22648 , 22649 , 22650 , 22651 , 22652 , 22653 , 22654 , 22655 , 153728 , 153729 , 153730 , 153731 , 153732 , 153733 , 153734 , 153736 , 153737 , 153738 , 153739 , 153740 , 153741 , 153742 , 153743 , 153744 , 153745 , 153748 , 153749 , 153750 , 153751 , 153752 , 153753 , 22684 , 22687 , 22688 , 22689 , 22690 , 22691 , 22692 , 22693 , 22703 , 22712 , 22717 , 153790 , 153791 , 22724 , 153797 , 22726 , 22727 , 22728 , 22729 , 22730 , 22731 , 153515 , 134861 , 134863 , 134865 , 153516 , 153836 , 153837 , 153838 , 153839 , 22768 , 22769 , 22770 , 134868 , 22779 , 22780 , 22781 , 22782 , 153855 , 153856 , 153857 , 153865 , 153866 , 153868 , 153869 , 153870 , 153871 , 153872 , 153873 , 153885 , 22815 , 22816 , 22817 , 22818 , 22826 , 22827 , 22834 , 153908 , 153909 , 153910 , 153911 , 22842 , 22843 , 22844 , 22845 , 22846 , 153919 , 153920 , 153921 , 22850 , 22851 , 153924 , 22853 , 22854 , 22857 , 22858 , 22859 , 22860 , 22861 , 22862 , 22863 , 22864 , 22865 , 22866 , 22867 , 22868 , 22870 , 22871 , 22872 , 22873 , 22874 , 153966 , 153967 , 153968 , 22897 , 22898 , 22899 , 22901 , 22902 , 153975 , 153976 , 153977 , 22906 , 22907 , 153980 , 134890 , 153982 , 153983 , 22912 , 153521 , 22914 , 134891 , 22916 , 22917 , 22918 , 134893 , 22938 , 22939 , 22940 , 22941 , 22942 , 22943 , 22944 , 22945 , 22946 , 22947 , 22948 , 22950 , 22951 , 22952 , 22953 , 22954 , 22955 , 22956 , 22957 , 154030 , 154031 , 154032 , 22961 , 154034 , 154035 , 22964 , 22965 , 22966 , 22967 , 22968 , 22969 , 22970 , 22971 , 22972 , 22973 , 22974 , 22981 , 22982 , 154059 , 154061 , 154069 , 134905 , 23000 , 134906 , 23008 , 134907 , 154088 , 23017 , 23018 , 23019 , 23020 , 154093 , 134909 , 23026 , 154103 , 134911 , 154110 , 154111 , 134912 , 23045 , 23047 , 23049 , 23050 , 23051 , 134914 , 154142 , 154150 , 154151 , 154152 , 23090 , 154170 , 23103 , 23104 , 23105 , 23107 , 154183 , 154184 , 154188 , 23124 , 23125 , 23133 , 23134 , 154207 , 154208 , 154213 , 23144 , 23145 , 23146 , 23147 , 23148 , 23149 , 23150 , 23152 , 23154 , 23155 , 23156 , 23157 , 23158 , 154231 , 154232 , 154233 , 154234 , 23163 , 154236 , 23165 , 23166 , 23167 , 154240 , 23169 , 23170 , 23177 , 23178 , 154253 , 23182 , 23183 , 154264 , 154265 , 154266 , 154267 , 154273 , 23202 , 23203 , 23207 , 23208 , 23220 , 23221 , 23222 , 23223 , 23224 , 23225 , 23226 , 131709 , 154305 , 154306 , 154313 , 154314 , 23247 , 23248 , 23249 , 154332 , 131710 , 23262 , 23263 , 154336 , 154337 , 154340 , 154341 , 23270 , 23271 , 23272 , 23273 , 23274 , 134951 , 154348 , 154349 , 154350 , 23279 , 154352 , 154353 , 154354 , 154355 , 154356 , 154357 , 131711 , 134954 , 154381 , 154384 , 154385 , 154386 , 154387 , 154388 , 23324 , 23325 , 154402 , 23338 , 154413 , 134963 , 134964 , 23367 , 23369 , 23370 , 23372 , 23373 , 23375 , 23376 , 23378 , 23379 , 23380 , 23381 , 23383 , 23384 , 154457 , 154458 , 23387 , 23388 , 23389 , 154462 , 154463 , 154464 , 154465 , 154466 , 154467 , 154468 , 154469 , 154470 , 23400 , 154478 , 154483 , 23422 , 23423 , 153538 , 23442 , 23443 , 23444 , 154517 , 23446 , 23447 , 23448 , 23449 , 23450 , 23451 , 154524 , 23453 , 23455 , 23456 , 23458 , 23459 , 154538 , 23481 , 23488 , 154561 , 23490 , 23491 , 23492 , 23493 , 23494 , 23495 , 23496 , 23497 , 23501 , 23502 , 23503 , 23505 , 23507 , 23508 , 23509 , 23510 , 23511 , 23512 , 23513 , 23514 , 23515 , 23516 , 23518 , 23519 , 23520 , 23527 , 154601 , 23530 , 23531 , 23532 , 23534 , 23535 , 23536 , 23537 , 23538 , 23539 , 23540 , 23541 , 23542 , 23543 , 23545 , 23546 , 23547 , 23548 , 23549 , 23550 , 154630 , 154631 , 23562 , 23564 , 23565 , 23566 , 154639 , 154640 , 154641 , 23570 , 23573 , 154646 , 23575 , 23580 , 154653 , 23582 , 23583 , 23584 , 23585 , 23586 , 23587 , 154672 , 154673 , 154676 , 23605 , 23607 , 23608 , 154682 , 149180 , 154694 , 154695 , 154697 , 23627 , 23629 , 154711 , 23643 , 154717 , 154718 , 154719 , 154720 , 154721 , 154725 , 23654 , 23655 , 23656 , 23657 , 154730 , 154733 , 154734 , 154736 , 154737 , 23667 , 23670 , 23671 , 23672 , 154745 , 154746 , 154747 , 154748 , 154749 , 154750 , 154751 , 154753 , 154754 , 154759 , 154760 , 154761 , 154762 , 154763 , 154764 , 154765 , 154767 , 23699 , 23700 , 23701 , 23702 , 23703 , 23704 , 154777 , 23708 , 154791 , 154792 , 154793 , 23722 , 23723 , 23724 , 23732 , 23733 , 23734 , 23735 , 23736 , 23737 , 23738 , 23739 , 23740 , 23743 , 23750 , 23751 , 23752 , 23754 , 23755 , 23756 , 23757 , 23759 , 23760 , 135032 , 23770 , 23771 , 23772 , 23773 , 23774 , 23775 , 154852 , 23784 , 154862 , 23791 , 23792 , 154867 , 23800 , 23801 , 23802 , 154875 , 154877 , 154878 , 154886 , 154887 , 23836 , 23837 , 23838 , 23839 , 23840 , 154914 , 23844 , 23845 , 23846 , 23847 , 154920 , 154921 , 154922 , 23851 , 23853 , 149188 , 135049 , 154944 , 153553 , 154950 , 154957 , 149189 , 154971 , 154972 , 154981 , 154982 , 154993 , 155006 , 155009 , 155010 , 155015 , 155016 , 155017 , 155018 , 155019 , 23951 , 23952 , 155025 , 155026 , 155035 , 136098 , 155057 , 155058 , 155060 , 155063 , 155067 , 155068 , 24011 , 24012 , 24013 , 24014 , 24017 , 24019 , 24021 , 24022 , 24024 , 155098 , 24029 , 24030 , 155103 , 155104 , 155105 , 24034 , 24035 , 155108 , 24037 , 24039 , 24040 , 24041 , 24042 , 24043 , 24044 , 24045 , 24046 , 24047 , 24050 , 24057 , 24058 , 24059 , 24060 , 24061 , 24062 , 24063 , 24064 , 155139 , 155140 , 155141 , 24072 , 24073 , 24075 , 24076 , 24077 , 24078 , 24079 , 155152 , 24084 , 24085 , 24086 , 24087 , 24088 , 24090 , 155163 , 155164 , 24093 , 155166 , 155167 , 24110 , 24113 , 24114 , 24115 , 24116 , 24117 , 24118 , 24119 , 24121 , 24122 , 155196 , 155197 , 155199 , 155200 , 24132 , 24144 , 24145 , 24146 , 24147 , 24148 , 155221 , 155222 , 24152 , 24153 , 24154 , 24155 , 24156 , 24157 , 24158 , 24159 , 24160 , 24161 , 24162 , 24163 , 24167 , 24168 , 155241 , 155242 , 155243 , 155244 , 135102 , 24185 , 24186 , 24191 , 24201 , 24202 , 24203 , 24204 , 24205 , 24206 , 24207 , 24208 , 24210 , 24211 , 24214 , 24215 , 155288 , 135108 , 155290 , 24219 , 24220 , 24221 , 24222 , 24223 , 155296 , 155297 , 24226 , 155299 , 155300 , 24229 , 155302 , 24231 , 155304 , 24233 , 24234 , 155307 , 24236 , 155309 , 155311 , 24240 , 155313 , 24242 , 155316 , 155317 , 24246 , 135113 , 155320 , 24249 , 24250 , 24251 , 24252 , 24253 , 24254 , 24255 , 153566 , 155339 , 155340 , 155341 , 24282 , 24283 , 24284 , 24286 , 24287 , 24288 , 155362 , 24291 , 24304 , 155379 , 155380 , 155381 , 155382 , 155383 , 155384 , 155385 , 24316 , 24317 , 24318 , 155412 , 155413 , 155414 , 155418 , 155419 , 155422 , 155423 , 155424 , 155425 , 155426 , 155435 , 155436 , 155437 , 155447 , 155449 , 24379 , 24380 , 24381 , 155455 , 155457 , 155458 , 155459 , 155460 , 24389 , 24390 , 155463 , 155464 , 155465 , 155466 , 155467 , 155468 , 155469 , 155472 , 155473 , 24404 , 24405 , 155478 , 135140 , 24410 , 24411 , 24412 , 24424 , 24425 , 155501 , 155511 , 155512 , 155520 , 155521 , 155522 , 155523 , 155524 , 155536 , 155537 , 24476 , 24477 , 155552 , 155555 , 155562 , 155563 , 155564 , 155565 , 24498 , 24505 , 24506 , 24510 , 24511 , 24512 , 155591 , 24531 , 24532 , 24533 , 24554 , 24555 , 24557 , 24558 , 24559 , 24561 , 24562 , 24563 , 24564 , 24566 , 155641 , 24570 , 24571 , 155647 , 155651 , 155652 , 24582 , 24583 , 155659 , 155660 , 155661 , 24590 , 24591 , 155664 , 155665 , 24595 , 24596 , 24600 , 24601 , 24604 , 24605 , 24607 , 24610 , 24613 , 24614 , 24615 , 24616 , 24617 , 24618 , 24621 , 24626 , 24627 , 24628 , 24629 , 24631 , 24632 , 24633 , 24640 , 24641 , 24642 , 24643 , 155718 , 155719 , 155720 , 24650 , 24651 , 24652 , 24653 , 24654 , 24655 , 24657 , 24658 , 24659 , 24660 , 24661 , 24662 , 24663 , 155737 , 155741 , 155742 , 24671 , 24673 , 24674 , 155753 , 155754 , 155761 , 155769 , 24698 , 155771 , 155772 , 155773 , 24727 , 24728 , 24729 , 24730 , 24745 , 24748 , 24749 , 155837 , 155838 , 155839 , 155840 , 155841 , 24770 , 155843 , 155844 , 155845 , 155854 , 155855 , 155856 , 155869 , 155870 , 135207 , 155885 , 155886 , 155887 , 155888 , 155893 , 155895 , 155896 , 155897 , 155898 , 155899 , 135212 , 24849 , 24850 , 24851 , 24854 , 24855 , 24856 , 24858 , 155936 , 24866 , 135217 , 149222 , 24885 , 24892 , 24893 , 24894 , 24895 , 24896 , 24897 , 24898 , 24899 , 24900 , 24902 , 24903 , 24904 , 24905 , 24906 , 155982 , 149223 , 24916 , 155990 , 155993 , 155994 , 24923 , 155996 , 155998 , 24939 , 24940 , 24941 , 156022 , 156023 , 156024 , 156025 , 24955 , 156031 , 156032 , 24961 , 156034 , 24963 , 156036 , 156037 , 24977 , 24978 , 24981 , 24982 , 24984 , 24985 , 24989 , 24990 , 24991 , 24993 , 24994 , 24995 , 24996 , 25000 , 25001 , 25003 , 25005 , 25006 , 25007 , 25008 , 25009 , 25010 , 25011 , 25012 , 25013 , 25016 , 25017 , 25018 , 25019 , 25020 , 25021 , 25027 , 25028 , 25029 , 25031 , 25032 , 25033 , 25034 , 25049 , 25050 , 25061 , 25062 , 25063 , 25064 , 25065 , 25066 , 25067 , 25068 , 25069 , 153593 , 25087 , 25088 , 25091 , 25092 , 25094 , 25095 , 25096 , 25097 , 25098 , 25099 , 25101 , 25102 , 25103 , 153594 , 25108 , 25109 , 25110 , 25111 , 25112 , 25113 , 25115 , 25116 , 25118 , 25119 , 153595 , 25141 , 25157 , 25158 , 25159 , 25160 , 25161 , 25162 , 135266 , 135267 , 25177 , 25178 , 25179 , 25180 , 25181 , 25189 , 25205 , 25206 , 153598 , 25231 , 25232 , 25252 , 25253 , 25254 , 25255 , 25256 , 25257 , 25258 , 25265 , 25266 , 25267 , 25289 , 25294 , 25295 , 25299 , 25300 , 25304 , 153601 , 25323 , 25324 , 25331 , 25334 , 25335 , 25340 , 25341 , 25342 , 25354 , 25377 , 25379 , 25380 , 25381 , 25382 , 25388 , 25389 , 25394 , 25395 , 25398 , 25400 , 25401 , 25402 , 153604 , 25410 , 25449 , 25450 , 25451 , 25452 , 25453 , 25454 , 25455 , 25456 , 25473 , 25474 , 25478 , 25479 , 25481 , 25486 , 25487 , 25488 , 25491 , 25492 , 25493 , 25494 , 25507 , 153608 , 25528 , 25529 , 25530 , 25531 , 25532 , 25533 , 25534 , 25535 , 25536 , 25537 , 25538 , 25539 , 25540 , 25541 , 25553 , 25555 , 25556 , 25559 , 25560 , 25561 , 25562 , 25563 , 25569 , 25580 , 25581 , 25582 , 25583 , 153610 , 25591 , 25592 , 25593 , 25594 , 25595 , 25596 , 25610 , 25611 , 25612 , 25613 , 25615 , 25616 , 25618 , 25620 , 25621 , 25624 , 25631 , 25634 , 25637 , 25639 , 25644 , 25646 , 25647 , 136154 , 25661 , 25679 , 25688 , 25689 , 25690 , 25691 , 25692 , 25693 , 25694 , 25696 , 25697 , 25698 , 25699 , 25722 , 25723 , 25732 , 25733 , 25734 , 25735 , 25736 , 25753 , 25754 , 25755 , 25756 , 25787 , 25788 , 25789 , 25790 , 25791 , 25793 , 25794 , 25795 , 25808 , 25809 , 25816 , 25817 , 25818 , 25819 , 25822 , 25824 , 25825 , 25826 , 25827 , 25829 , 25830 , 25831 , 25832 , 25833 , 25834 , 25835 , 25836 , 25839 , 25840 , 25881 , 25892 , 149256 , 25961 , 25973 , 25994 , 26010 , 26013 , 26014 , 131802 , 26027 , 26029 , 26030 , 26038 , 26039 , 26041 , 26046 , 26058 , 26059 , 26060 , 26061 , 26062 , 26081 , 26083 , 26084 , 26085 , 26086 , 26087 , 26090 , 26092 , 26093 , 26094 , 26096 , 26097 , 26103 , 26108 , 26109 , 26114 , 26138 , 26139 , 26140 , 26141 , 26142 , 26148 , 26149 , 26150 , 26151 , 26152 , 26153 , 26154 , 26155 , 26156 , 26157 , 26158 , 26159 , 26160 , 26164 , 26165 , 26166 , 26167 , 26168 , 26170 , 26173 , 26174 , 26175 , 26176 , 26177 , 26179 , 26180 , 26181 , 26182 , 26183 , 26184 , 26185 , 26186 , 26187 , 26188 , 26189 , 26191 , 26192 , 26193 , 26194 , 26195 , 26196 , 26197 , 26198 , 26199 , 26200 , 26201 , 26202 , 135439 , 26206 , 26207 , 26208 , 26210 , 26211 , 26212 , 26213 , 26214 , 26217 , 26218 , 26222 , 26223 , 26224 , 26225 , 26232 , 26246 , 26247 , 26293 , 26294 , 26296 , 26297 , 26298 , 26299 , 26300 , 135456 , 135457 , 135458 , 26324 , 26325 , 26328 , 26329 , 26330 , 135461 , 26342 , 26345 , 26346 , 26347 , 26348 , 26349 , 26350 , 26351 , 26352 , 26355 , 26356 , 26357 , 26362 , 26363 , 26364 , 26380 , 26382 , 26389 , 26390 , 26393 , 26417 , 26418 , 26419 , 26420 , 26421 , 26422 , 26423 , 26424 , 135476 , 26427 , 26432 , 26433 , 26434 , 26435 , 26436 , 26437 , 26438 , 26440 , 26442 , 26446 , 26449 , 26450 , 26452 , 26453 , 26454 , 26455 , 26456 , 26457 , 26458 , 26459 , 26460 , 26461 , 26462 , 26463 , 26464 , 26465 , 26466 , 26467 , 26469 , 26470 , 26488 , 26508 , 26509 , 26510 , 26560 , 26598 , 26600 , 136186 , 26624 , 26625 , 26626 , 26627 , 26628 , 26629 , 26630 , 26632 , 26633 , 26635 , 26638 , 26639 , 26640 , 26651 , 26652 , 26653 , 26659 , 26660 , 26661 , 26662 , 26663 , 26664 , 26665 , 26666 , 26668 , 26669 , 26670 , 26671 , 26672 , 26675 , 26676 , 26677 , 26678 , 26707 , 26708 , 26715 , 26716 , 26717 , 26718 , 26719 , 26731 , 26756 , 26757 , 26758 , 26760 , 26761 , 26762 , 26763 , 26766 , 26769 , 26770 , 26773 , 26774 , 26784 , 26785 , 26812 , 26813 , 26815 , 26857 , 26858 , 26875 , 136195 , 26901 , 26912 , 26913 , 26914 , 26915 , 26916 , 26917 , 26918 , 26919 , 26920 , 26921 , 26922 , 26923 , 26924 , 26925 , 26926 , 26927 , 26928 , 26929 , 26934 , 26936 , 26937 , 26968 , 26969 , 26970 , 26971 , 26973 , 26974 , 26975 , 26976 , 26977 , 26978 , 26979 , 26980 , 26981 , 26983 , 26984 , 26985 , 26986 , 26987 , 26988 , 26989 , 26991 , 26992 , 26993 , 26994 , 26995 , 26996 , 26997 , 26998 , 26999 , 27000 , 27001 , 27002 , 27003 , 27004 , 27045 , 27046 , 27051 , 27052 , 27053 , 27054 , 27055 , 27095 , 27096 , 135593 , 27157 , 27171 , 27173 , 27174 , 27175 , 27176 , 27177 , 27182 , 27189 , 135604 , 27195 , 27201 , 27202 , 27203 , 27206 , 27207 , 27216 , 27217 , 27265 , 27266 , 27267 , 27268 , 27269 , 27270 , 27271 , 27275 , 27276 , 27278 , 27279 , 27280 , 27281 , 27282 , 27283 , 27284 , 27286 , 27287 , 27288 , 27289 , 27290 , 27291 , 27294 , 27295 , 27296 , 27299 , 27300 , 27307 , 27308 , 27312 , 27313 , 27314 , 27315 , 27316 , 27318 , 27319 , 27321 , 27322 , 27323 , 27329 , 27332 , 27333 , 27335 , 27336 , 27339 , 27340 , 27341 , 27342 , 27351 , 27355 , 27360 , 27361 , 27362 , 27363 , 27364 , 27370 , 27371 , 27386 , 27392 , 27393 , 27394 , 27396 , 27397 , 27399 , 27400 , 27401 , 27402 , 27403 , 27404 , 27405 , 27406 , 27407 , 135640 , 135641 , 27435 , 27436 , 27437 , 27438 , 27439 , 27440 , 27442 , 27443 , 135646 , 27449 , 27469 , 27470 , 27471 , 27472 , 27473 , 135652 , 27482 , 27483 , 27484 , 27491 , 27492 , 27493 , 27494 , 27495 , 27497 , 27499 , 27519 , 27538 , 27547 , 135665 , 27583 , 27584 , 27586 , 135670 , 27598 , 27602 , 27603 , 27604 , 27605 , 27606 , 27607 , 27608 , 27609 , 27610 , 27611 , 27612 , 140584 , 27617 , 27618 , 135675 , 135676 , 27630 , 27631 , 140585 , 27673 , 27674 , 27675 , 153681 , 27735 , 27737 , 27740 , 27743 , 27755 , 27767 , 27769 , 27770 , 27775 , 27776 , 27777 , 27778 , 27779 , 27780 , 27781 , 27782 , 27783 , 27784 , 27785 , 27786 , 27789 , 27794 , 27795 , 27796 , 27797 , 27798 , 27799 , 27800 , 27801 , 27810 , 27811 , 27812 , 27816 , 27817 , 27821 , 27822 , 27826 , 27827 , 27828 , 27829 , 27830 , 27833 , 27834 , 27835 , 27836 , 27837 , 27838 , 27839 , 27840 , 27841 , 27842 , 27843 , 27844 , 27845 , 27846 , 27848 , 27862 , 27863 , 135717 , 27886 , 27887 , 27888 , 27889 , 27890 , 27891 , 27892 , 27893 , 27894 , 27895 , 27900 , 27901 , 27906 , 27907 , 27909 , 27910 , 27911 , 27913 , 27914 , 27915 , 27916 , 27917 , 27931 , 27932 , 27933 , 27938 , 27939 , 27941 , 27969 , 27970 , 27971 , 27973 , 27974 , 27975 , 27976 , 27977 , 27979 , 27981 , 27982 , 27984 , 27986 , 27987 , 27988 , 27989 , 27990 , 28011 , 28013 , 28044 , 28045 , 28046 , 28048 , 28054 , 28055 , 28056 , 28069 , 28084 , 28085 , 28086 , 28091 , 28092 , 28093 , 28100 , 28103 , 28106 , 28107 , 28113 , 28114 , 28115 , 28118 , 28120 , 28121 , 28127 , 28128 , 28129 , 28130 , 28131 , 28133 , 28143 , 28146 , 28147 , 28148 , 28149 , 28150 , 28151 , 28156 , 28157 , 28158 , 28159 , 28174 , 28175 , 28176 , 28177 , 28183 , 28186 , 28187 , 28198 , 28199 , 28241 , 28242 , 28243 , 28244 , 28245 , 28248 , 28249 , 28254 , 28255 , 28256 , 28288 , 28289 , 28291 , 28292 , 28293 , 28294 , 28334 , 28335 , 28336 , 28337 , 28339 , 28340 , 28341 , 28342 , 28343 , 28344 , 28345 , 28348 , 28354 , 28393 , 28394 , 28399 , 28400 , 28403 , 28404 , 28406 , 28408 , 28409 , 28421 , 135809 , 28426 , 28427 , 28428 , 28433 , 28435 , 28436 , 135813 , 135814 , 28455 , 28456 , 28457 , 28458 , 28459 , 28460 , 28504 , 28545 , 28546 , 28547 , 28572 , 28584 , 28599 , 28605 , 28606 , 28607 , 28608 , 28609 , 28615 , 28624 , 28628 , 28629 , 28630 , 28631 , 28632 , 28633 , 28635 , 28636 , 28637 , 28638 , 28640 , 28641 , 28654 , 28655 , 28656 , 28689 , 28690 , 28691 , 28692 , 28693 , 28694 , 28711 , 28713 , 28714 , 28715 , 28716 , 28717 , 28718 , 28720 , 28752 , 28753 , 28758 , 28759 , 28765 , 28766 , 28767 , 28769 , 28770 , 28774 , 28775 , 28778 , 28779 , 28780 , 28789 , 28801 , 28805 , 28806 , 28807 , 28815 , 28816 , 28818 , 28836 , 28837 , 28838 , 28839 , 28840 , 28847 , 28848 , 28849 , 28850 , 28851 , 28852 , 28853 , 28859 , 28864 , 28870 , 28871 , 28872 , 28884 , 28888 , 153720 , 28891 , 28892 , 28893 , 28894 , 28895 , 28932 , 28933 , 28935 , 28936 , 28948 , 28949 , 28950 , 28951 , 28960 , 28963 , 28969 , 28970 , 28971 , 28974 , 153723 , 28982 , 28983 , 28984 , 28985 , 28986 , 28987 , 28988 , 28996 , 29006 , 153724 , 29011 , 29012 , 29013 , 29014 , 29036 , 29037 , 29038 , 29039 , 29040 , 29041 , 29042 , 29043 , 29047 , 29049 , 29050 , 29053 , 29054 , 29055 , 29057 , 29058 , 29059 , 29060 , 29061 , 29062 , 29063 , 29064 , 29065 , 29069 , 29073 , 29074 , 29075 , 29076 , 29078 , 29079 , 29080 , 29082 , 29083 , 29084 , 29088 , 29089 , 29090 , 29093 , 29094 , 29096 , 29097 , 29098 , 29099 , 29119 , 29152 , 29153 , 29155 , 29156 , 29170 , 29171 , 29172 , 29173 , 29208 , 29214 , 29215 , 29216 , 29217 , 29218 , 29219 , 29220 , 29221 , 29222 , 29234 , 29239 , 29240 , 29241 , 29244 , 29245 , 29246 , 29247 , 29248 , 29249 , 29250 , 29251 , 29252 , 29253 , 29254 , 29255 , 29256 , 29257 , 29260 , 29261 , 29262 , 29264 , 29291 , 29292 , 29293 , 29294 , 29295 , 29296 , 135955 , 29321 , 29322 , 29323 , 29324 , 29325 , 29326 , 29327 , 29328 , 29329 , 29330 , 29331 , 29332 , 29333 , 29334 , 29335 , 29336 , 29337 , 29338 , 29339 , 29340 , 29341 , 29342 , 29343 , 29344 , 29345 , 29350 , 29354 , 29377 , 29378 , 29385 , 29388 , 29392 , 29393 , 29422 , 29424 , 29483 , 29484 , 29486 , 29488 , 29489 , 29490 , 29492 , 29493 , 29505 , 29506 , 29507 , 29511 , 135999 , 136000 , 136001 , 136002 , 29586 , 29591 , 29594 , 29595 , 29630 , 29631 , 29672 , 29673 , 29674 , 29680 , 29681 , 29682 , 29683 , 29684 , 29686 , 29687 , 29689 , 29690 , 29691 , 29692 , 29693 , 29696 , 29697 , 29699 , 29702 , 29705 , 29706 , 29708 , 29710 , 29711 , 29712 , 29713 , 29714 , 29747 , 136031 , 29761 , 29777 , 29778 , 29780 , 29781 , 29782 , 136037 , 29793 , 29799 , 29800 , 29801 , 29802 , 29804 , 29805 , 29806 , 29807 , 29808 , 29810 , 29811 , 29812 , 29813 , 29814 , 29815 , 29816 , 29817 , 29840 , 29841 , 29842 , 29843 , 145023 , 29867 , 29869 , 29877 , 29878 , 29898 , 29901 , 29902 , 29903 , 29925 , 29928 , 29932 , 29933 , 29940 , 29958 , 29959 , 29960 , 29961 , 29962 , 29963 , 29964 , 29965 , 29978 , 29979 , 29980 , 29981 , 29982 , 29983 , 29984 , 29985 , 29997 , 29998 , 29999 , 30000 , 30001 , 30002 , 30003 , 136073 , 30015 , 30016 , 30017 , 30018 , 30019 , 30020 , 30021 , 30022 , 30023 , 30109 , 30135 , 30136 , 30156 , 30157 , 30160 , 30161 , 30163 , 30178 , 30179 , 30208 , 30244 , 30247 , 30248 , 30249 , 30250 , 30251 , 30252 , 30253 , 30270 , 30271 , 30274 , 30275 , 30277 , 30278 , 30279 , 30281 , 30282 , 30284 , 30285 , 30305 , 30348 , 30355 , 30356 , 30357 , 30358 , 30381 , 30389 , 30390 , 30399 , 30411 , 30415 , 30416 , 136144 , 30434 , 30435 , 30436 , 30440 , 30441 , 30456 , 30457 , 30458 , 30469 , 30470 , 30471 , 30472 , 30474 , 136151 , 30477 , 30478 , 30482 , 30483 , 30493 , 30494 , 30496 , 136155 , 30529 , 30530 , 30533 , 30535 , 30537 , 30538 , 30539 , 30540 , 30541 , 30542 , 30549 , 30550 , 30551 , 30552 , 30554 , 30555 , 30557 , 30577 , 30614 , 30615 , 30626 , 30627 , 30630 , 30631 , 30632 , 30635 , 30648 , 30649 , 30650 , 136181 , 30657 , 30659 , 30660 , 30661 , 30662 , 30666 , 30667 , 30668 , 30669 , 30671 , 30672 , 30673 , 30676 , 30677 , 30679 , 30680 , 30681 , 30682 , 30683 , 30684 , 30685 , 30686 , 30687 , 30688 , 30690 , 30691 , 30692 , 30694 , 30695 , 30723 , 30724 , 30725 , 136193 , 30731 , 30732 , 30739 , 30740 , 30741 , 30742 , 30743 , 30744 , 30745 , 30756 , 30757 , 30761 , 136199 , 30778 , 30782 , 30783 , 30784 , 30785 , 30788 , 30791 , 30792 , 30793 , 30806 , 30807 , 30808 , 30809 , 30810 , 30811 , 30812 , 30821 , 30822 , 30823 , 30824 , 30855 , 30856 , 30872 , 30873 , 30874 , 30875 , 30877 , 30878 , 30879 , 30882 , 30883 , 30884 , 30887 , 30888 , 30889 , 30890 , 30891 , 30901 , 30902 , 30903 , 30904 , 136225 , 30923 , 30931 , 30932 , 30948 , 30949 , 30954 , 30955 , 30958 , 30959 , 30963 , 30964 , 30965 , 30966 , 30968 , 30975 , 30976 , 30977 , 30978 , 30979 , 30980 , 30981 , 30982 , 30983 , 30984 , 30991 , 30992 , 30993 , 30994 , 30995 , 30996 , 30997 , 30998 , 30999 , 31000 , 31001 , 31063 , 31065 , 31066 , 31067 , 31068 , 31070 , 31071 , 31072 , 31073 , 31075 , 31079 , 31080 , 31082 , 31083 , 31084 , 31085 , 31086 , 31087 , 31089 , 31090 , 31092 , 31093 , 31100 , 31101 , 31106 , 31115 , 31126 , 31129 , 31132 , 31143 , 31144 , 31147 , 31172 , 31173 , 31174 , 31175 , 31194 , 31195 , 31196 , 31197 , 31198 , 31208 , 31209 , 31212 , 31213 , 31214 , 31221 , 31223 , 31224 , 31226 , 31227 , 31228 , 31229 , 31230 , 31231 , 153798 , 31233 , 31234 , 31235 , 31272 , 31273 , 31274 , 31278 , 31302 , 31303 , 31305 , 31306 , 31311 , 31312 , 31313 , 31314 , 31315 , 31329 , 31330 , 31331 , 31332 , 31333 , 31335 , 31336 , 31348 , 31349 , 31350 , 31354 , 31355 , 31356 , 31357 , 31358 , 31359 , 31360 , 31381 , 31386 , 31387 , 31395 , 31396 , 31416 , 31422 , 31423 , 31425 , 31426 , 31427 , 31430 , 31446 , 31448 , 31452 , 31453 , 31454 , 31455 , 31456 , 31458 , 31459 , 31463 , 31470 , 31471 , 31475 , 31476 , 31481 , 31482 , 31508 , 31513 , 31514 , 31515 , 31516 , 31517 , 31520 , 31521 , 31522 , 31528 , 31529 , 31530 , 31531 , 31532 , 31533 , 31534 , 31535 , 31537 , 31540 , 31541 , 31542 , 31543 , 31550 , 31565 , 31566 , 31567 , 31576 , 31602 , 31609 , 31619 , 31620 , 31621 , 31622 , 31629 , 31633 , 31654 , 31656 , 31657 , 31658 , 31659 , 31662 , 31663 , 31680 , 145112 , 31709 , 31716 , 31717 , 31718 , 31719 , 31720 , 31721 , 31727 , 140721 , 31749 , 31750 , 31751 , 31754 , 31755 , 31792 , 31793 , 31795 , 31796 , 31797 , 31805 , 31806 , 31811 , 31812 , 31813 , 31814 , 31817 , 31824 , 31825 , 31826 , 31827 , 31828 , 31829 , 31830 , 31831 , 31832 , 31833 , 31834 , 31835 , 31836 , 31841 , 31842 , 31843 , 31850 , 31875 , 31876 , 31883 , 31884 , 31893 , 31894 , 31898 , 31899 , 31900 , 31901 , 31902 , 31903 , 31904 , 31905 , 31914 , 31915 , 31916 , 31917 , 31918 , 31919 , 31920 , 31930 , 31931 , 31932 , 31936 , 31937 , 31938 , 31939 , 31940 , 31941 , 31951 , 31952 , 31953 , 31955 , 31957 , 31958 , 31961 , 31962 , 31963 , 31967 , 31972 , 31973 , 31974 , 31975 , 31977 , 31980 , 140730 , 32004 , 32005 , 32006 , 32008 , 32019 , 32078 , 32079 , 32080 , 32081 , 32082 , 32083 , 32084 , 32085 , 32088 , 32089 , 32090 , 32091 , 32092 , 32094 , 32095 , 32096 , 32112 , 32113 , 32114 , 136427 , 32135 , 32137 , 32138 , 32140 , 32145 , 32146 , 32147 , 32156 , 32162 , 32163 , 32164 , 32165 , 32166 , 32173 , 32208 , 32209 , 32213 , 32214 , 32215 , 32216 , 32217 , 32218 , 32219 , 32226 , 141624 , 32234 , 32235 , 136446 , 32276 , 32277 , 32279 , 32303 , 32308 , 32309 , 32310 , 32313 , 32314 , 32315 , 32316 , 32317 , 32318 , 32319 , 32320 , 32321 , 32327 , 32328 , 32336 , 32337 , 32347 , 32353 , 32354 , 32355 , 32356 , 32358 , 32359 , 32360 , 32361 , 32362 , 32365 , 32366 , 32367 , 32368 , 32381 , 32387 , 32388 , 32389 , 32390 , 32391 , 32395 , 32396 , 32397 , 32398 , 32401 , 32402 , 32403 , 32404 , 32405 , 32406 , 32407 , 32408 , 32409 , 32410 , 32411 , 32413 , 32414 , 32415 , 32416 , 32417 , 32418 , 32419 , 32420 , 32434 , 32435 , 32436 , 32437 , 32438 , 32440 , 32446 , 32456 , 32457 , 32464 , 32465 , 32466 , 32467 , 32469 , 32470 , 32472 , 32473 , 32475 , 32476 , 32478 , 32479 , 153840 , 32496 , 32503 , 32515 , 32520 , 32521 , 32522 , 32524 , 32525 , 32528 , 32529 , 32530 , 32531 , 32532 , 32542 , 32543 , 32544 , 32547 , 32548 , 32549 , 32550 , 32560 , 32573 , 32590 , 32594 , 32617 , 32618 , 32619 , 32620 , 32641 , 32642 , 32660 , 32661 , 32662 , 32663 , 32664 , 32665 , 32666 , 32667 , 32668 , 32669 , 32670 , 32671 , 32672 , 32673 , 32674 , 32675 , 32676 , 32677 , 32678 , 32680 , 32682 , 32683 , 32684 , 32690 , 32699 , 32701 , 32702 , 32703 , 32708 , 32709 , 32710 , 32711 , 32713 , 32714 , 32715 , 32716 , 32717 , 32718 , 145119 , 32743 , 32744 , 32747 , 32748 , 149484 , 32750 , 32751 , 32755 , 32756 , 32762 , 32765 , 32766 , 32788 , 32797 , 32800 , 32801 , 32805 , 32806 , 32807 , 32808 , 32809 , 32810 , 32811 , 32813 , 32814 , 32815 , 149487 , 32843 , 32869 , 32886 , 32907 , 32908 , 32909 , 32910 , 153854 , 32915 , 32917 , 153918 , 32937 , 32938 , 32968 , 32976 , 32989 , 32990 , 32991 , 32992 , 33024 , 33043 , 33053 , 33075 , 33076 , 33077 , 33078 , 33079 , 33080 , 33104 , 33105 , 33106 , 33107 , 33108 , 33110 , 33129 , 33134 , 33135 , 33136 , 33141 , 33142 , 33143 , 33145 , 33146 , 33147 , 33151 , 33152 , 33153 , 33154 , 33155 , 33156 , 136598 , 136599 , 136600 , 33173 , 33174 , 33175 , 33176 , 33182 , 33183 , 33185 , 33186 , 136603 , 33188 , 136604 , 33200 , 33201 , 33202 , 33203 , 33204 , 136606 , 33209 , 33210 , 33211 , 33212 , 33217 , 33219 , 33220 , 33221 , 33222 , 136609 , 33229 , 33230 , 33233 , 33234 , 33235 , 33236 , 33238 , 33239 , 33240 , 136613 , 33261 , 33262 , 33265 , 33266 , 33267 , 33268 , 33269 , 33291 , 33294 , 33295 , 136622 , 136623 , 33314 , 33315 , 33320 , 33321 , 33324 , 33325 , 33326 , 136629 , 136631 , 33372 , 33374 , 33375 , 136635 , 33384 , 33385 , 33386 , 136638 , 33400 , 136639 , 33436 , 33457 , 33458 , 33459 , 33460 , 33488 , 33492 , 33507 , 33508 , 33510 , 33511 , 33512 , 33516 , 33517 , 33518 , 33521 , 33523 , 33545 , 33555 , 33556 , 33557 , 33571 , 33573 , 33577 , 33581 , 33582 , 33586 , 33587 , 33588 , 33638 , 33644 , 33645 , 33670 , 33682 , 33699 , 33700 , 33703 , 33713 , 136693 , 136695 , 136696 , 136697 , 33760 , 136699 , 140789 , 33780 , 33789 , 33792 , 33793 , 33794 , 33796 , 33838 , 33884 , 33885 , 33906 , 33907 , 33908 , 33909 , 33916 , 136725 , 33922 , 33926 , 33932 , 33966 , 33975 , 33976 , 33977 , 33979 , 33981 , 33982 , 33983 , 33984 , 33985 , 33986 , 33987 , 33988 , 33989 , 33990 , 33991 , 33992 , 33993 , 33994 , 33995 , 33996 , 33997 , 33998 , 34000 , 34001 , 34002 , 34005 , 34006 , 34007 , 34009 , 34010 , 34011 , 34012 , 34013 , 34014 , 34015 , 34060 , 34067 , 34068 , 136750 , 34079 , 34080 , 34081 , 34082 , 34083 , 34085 , 34088 , 34089 , 34090 , 34091 , 34092 , 34093 , 34094 , 34098 , 34099 , 34100 , 34101 , 34102 , 34103 , 34104 , 34105 , 34106 , 34107 , 34108 , 34109 , 34110 , 34111 , 34112 , 34113 , 34114 , 34115 , 34116 , 34119 , 34126 , 34127 , 34128 , 136760 , 34130 , 34131 , 34132 , 34133 , 34134 , 34135 , 34140 , 34141 , 34143 , 34144 , 34145 , 34147 , 34148 , 34149 , 34150 , 34151 , 34152 , 34153 , 34154 , 136765 , 34170 , 34171 , 34177 , 34178 , 34179 , 34180 , 34189 , 34190 , 34195 , 34213 , 34216 , 136775 , 34230 , 34232 , 34242 , 34250 , 34251 , 34252 , 34259 , 34263 , 34267 , 34268 , 34269 , 34280 , 34281 , 34282 , 34288 , 34289 , 34290 , 34291 , 34325 , 34328 , 34329 , 34330 , 34332 , 34333 , 34334 , 34335 , 34338 , 34339 , 34340 , 34341 , 34343 , 34344 , 34345 , 34347 , 34348 , 34350 , 34351 , 34352 , 34353 , 34354 , 34355 , 34356 , 34357 , 34366 , 34371 , 34372 , 34377 , 34380 , 34430 , 34433 , 34437 , 34438 , 34439 , 34440 , 34441 , 34442 , 34443 , 34444 , 34445 , 34453 , 34454 , 34455 , 34456 , 34457 , 34458 , 34459 , 34460 , 34461 , 34462 , 34463 , 34469 , 34471 , 34472 , 34473 , 34475 , 34476 , 34477 , 34478 , 34480 , 34481 , 34482 , 34483 , 34484 , 34485 , 34486 , 34489 , 34498 , 34499 , 34501 , 34502 , 34503 , 34504 , 34505 , 34506 , 34510 , 34511 , 34512 , 34515 , 34516 , 34518 , 34519 , 34520 , 34521 , 34522 , 34523 , 34525 , 34526 , 34528 , 34532 , 34537 , 34541 , 34542 , 34543 , 34546 , 34547 , 34549 , 34551 , 34552 , 34576 , 34577 , 34578 , 34579 , 34581 , 34582 , 34592 , 34594 , 34595 , 34596 , 34597 , 34598 , 34599 , 34606 , 34607 , 34608 , 34626 , 34627 , 34628 , 34629 , 34630 , 34639 , 34640 , 34642 , 34643 , 34644 , 34645 , 34646 , 34647 , 34649 , 34650 , 34651 , 34652 , 34653 , 34654 , 34655 , 34656 , 34659 , 34660 , 34661 , 34662 , 34676 , 34677 , 34678 , 34679 , 34680 , 34698 , 34699 , 34700 , 34701 , 34702 , 34707 , 34708 , 34710 , 34738 , 34740 , 34741 , 34771 , 34772 , 34773 , 34774 , 34775 , 34776 , 34777 , 34778 , 34780 , 34809 , 34810 , 34821 , 34823 , 34834 , 34835 , 145189 , 34863 , 34865 , 34866 , 34869 , 34871 , 34872 , 34901 , 34904 , 34905 , 34906 , 34907 , 34918 , 136894 , 34945 , 34946 , 34947 , 34957 , 34958 , 34964 , 34966 , 149558 , 34976 , 34977 , 34978 , 34979 , 34980 , 34983 , 34984 , 34985 , 34992 , 34993 , 34994 , 34995 , 34996 , 35005 , 35006 , 35007 , 35008 , 35009 , 35010 , 136907 , 35012 , 35013 , 35014 , 35023 , 35039 , 35058 , 35059 , 35060 , 35061 , 35064 , 35065 , 35067 , 35068 , 35069 , 35070 , 35071 , 35072 , 35073 , 35074 , 35078 , 35084 , 35085 , 35118 , 35119 , 35120 , 35121 , 35122 , 35123 , 35124 , 35125 , 35126 , 35127 , 35128 , 35134 , 35135 , 35145 , 35146 , 35150 , 140835 , 35180 , 136938 , 136939 , 35208 , 35209 , 35213 , 35214 , 35218 , 35219 , 35229 , 35230 , 35231 , 35232 , 35233 , 35234 , 35235 , 35236 , 35237 , 35238 , 35239 , 35240 , 35242 , 35249 , 35250 , 35272 , 35273 , 136952 , 35289 , 35290 , 35291 , 35301 , 35314 , 35323 , 35324 , 35325 , 35326 , 35327 , 35335 , 35368 , 35369 , 35371 , 35385 , 35394 , 35395 , 35396 , 35405 , 35463 , 35521 , 35527 , 35537 , 35538 , 35539 , 35556 , 137001 , 35584 , 35591 , 35592 , 137010 , 140851 , 35646 , 35647 , 35648 , 35649 , 35650 , 35651 , 35653 , 140852 , 35664 , 35666 , 35668 , 35669 , 35670 , 35671 , 35672 , 35673 , 35675 , 35676 , 35677 , 35689 , 35695 , 35698 , 35730 , 35731 , 35732 , 35733 , 35734 , 35738 , 35739 , 35745 , 137031 , 35767 , 35798 , 35808 , 35818 , 35819 , 35823 , 35824 , 35825 , 35826 , 35828 , 35829 , 35830 , 35831 , 35856 , 35857 , 35860 , 35861 , 35862 , 35863 , 35864 , 35866 , 35869 , 35873 , 35888 , 35917 , 35920 , 35921 , 35922 , 137060 , 137061 , 35951 , 35971 , 35972 , 35975 , 35976 , 35977 , 35978 , 35979 , 36003 , 137079 , 36049 , 36053 , 36054 , 137082 , 137083 , 36076 , 137085 , 36088 , 36089 , 36090 , 36091 , 36093 , 36094 , 36104 , 36105 , 36107 , 36108 , 36109 , 36110 , 36113 , 36114 , 36115 , 36116 , 36117 , 36119 , 36134 , 36135 , 36140 , 36141 , 36142 , 36143 , 36144 , 137096 , 36152 , 36153 , 36154 , 36178 , 36179 , 36206 , 36207 , 36208 , 36209 , 36211 , 36212 , 36214 , 36215 , 36243 , 36244 , 36245 , 36246 , 36247 , 36249 , 36250 , 36251 , 36252 , 36253 , 36254 , 137116 , 36276 , 36280 , 36281 , 36282 , 36283 , 36292 , 36293 , 36294 , 36295 , 36308 , 36309 , 36325 , 36326 , 36334 , 36344 , 153969 , 36370 , 36375 , 36376 , 36377 , 36379 , 36380 , 36381 , 36382 , 36383 , 36384 , 36385 , 36386 , 36388 , 36390 , 36410 , 36411 , 36412 , 36418 , 36434 , 36444 , 36445 , 36446 , 36447 , 36448 , 36449 , 36452 , 36454 , 36455 , 36456 , 36457 , 36458 , 36459 , 36460 , 36462 , 36516 , 36517 , 36518 , 36524 , 36525 , 36526 , 36527 , 36528 , 36529 , 36530 , 36549 , 36550 , 36551 , 36552 , 36553 , 36554 , 36555 , 36556 , 36557 , 36559 , 36560 , 36578 , 36579 , 36583 , 36584 , 36590 , 36613 , 36614 , 36615 , 36627 , 36628 , 36629 , 36638 , 36639 , 36664 , 36666 , 36667 , 36679 , 36690 , 36694 , 36696 , 36697 , 36698 , 36700 , 36701 , 36703 , 36704 , 36705 , 36706 , 36707 , 137190 , 36711 , 36712 , 36713 , 36714 , 36715 , 36716 , 36718 , 36719 , 36720 , 36721 , 36722 , 36723 , 36724 , 36732 , 36733 , 36734 , 36738 , 36739 , 36740 , 36742 , 36743 , 36744 , 36759 , 36775 , 36788 , 36791 , 36792 , 36793 , 36834 , 36848 , 36867 , 36868 , 36869 , 36870 , 36872 , 36874 , 36875 , 36883 , 36884 , 136529 , 36913 , 36930 , 36931 , 36932 , 36933 , 36934 , 36935 , 137229 , 36949 , 36969 , 36970 , 36971 , 36973 , 36978 , 36986 , 36997 , 36998 , 37000 , 37001 , 37002 , 37003 , 37004 , 37005 , 37006 , 37007 , 37008 , 37009 , 37024 , 37025 , 37026 , 37027 , 37028 , 37029 , 37030 , 37031 , 37032 , 37033 , 37034 , 37035 , 37036 , 37038 , 37039 , 37040 , 37041 , 37043 , 37058 , 37059 , 37066 , 37067 , 37072 , 37073 , 37074 , 37075 , 37076 , 37077 , 37112 , 37113 , 37114 , 37115 , 137258 , 37118 , 37119 , 37120 , 37121 , 37122 , 37126 , 37127 , 37128 , 37135 , 37154 , 37155 , 37156 , 37157 , 37168 , 37169 , 37170 , 37171 , 37172 , 37173 , 37174 , 37175 , 37203 , 37209 , 37212 , 37217 , 37218 , 37227 , 37228 , 37231 , 37278 , 37279 , 37280 , 37283 , 37284 , 37286 , 37287 , 37288 , 37289 , 37290 , 37293 , 37321 , 37322 , 37323 , 37324 , 37327 , 37328 , 37329 , 37330 , 137294 , 37334 , 37372 , 37379 , 37381 , 37395 , 37396 , 37397 , 37403 , 37406 , 37407 , 37413 , 37414 , 37415 , 37416 , 37417 , 37418 , 37419 , 37420 , 37421 , 37424 , 37425 , 37426 , 37427 , 37428 , 137310 , 37430 , 37431 , 37434 , 37437 , 37438 , 37439 , 37440 , 37441 , 37442 , 37443 , 37480 , 37481 , 37482 , 37490 , 37492 , 37493 , 37505 , 37506 , 37507 , 37509 , 37510 , 37511 , 37512 , 37534 , 37542 , 37543 , 37571 , 37572 , 37573 , 37574 , 37589 , 137337 , 37597 , 37603 , 37604 , 37606 , 37607 , 37608 , 37618 , 37619 , 37635 , 37640 , 37645 , 37647 , 37648 , 37649 , 37650 , 37651 , 37656 , 37657 , 37658 , 37661 , 37662 , 37663 , 37664 , 37665 , 37666 , 37667 , 37669 , 37671 , 37672 , 37673 , 37674 , 37682 , 37683 , 37684 , 37686 , 37687 , 37693 , 37696 , 137357 , 37716 , 37720 , 37721 , 37722 , 37723 , 37724 , 37726 , 37727 , 37728 , 37764 , 37765 , 37766 , 37767 , 37768 , 37769 , 37770 , 37771 , 37772 , 37773 , 37774 , 37775 , 37777 , 37778 , 37780 , 37781 , 37782 , 37783 , 37784 , 37790 , 37792 , 37795 , 37796 , 37803 , 37804 , 37832 , 37833 , 37834 , 37835 , 37836 , 37837 , 37838 , 37839 , 37840 , 37841 , 37842 , 37843 , 37845 , 37846 , 37847 , 37849 , 37851 , 37852 , 137383 , 137384 , 37883 , 37884 , 37885 , 37886 , 37887 , 37888 , 37889 , 37890 , 37891 , 37892 , 37893 , 37894 , 37895 , 37896 , 37915 , 37916 , 37917 , 37918 , 37919 , 37920 , 37921 , 37926 , 37927 , 37928 , 37929 , 37932 , 37933 , 37934 , 37957 , 37958 , 37959 , 37960 , 37980 , 37981 , 37982 , 37983 , 37998 , 37999 , 38000 , 38001 , 38073 , 38074 , 38076 , 38077 , 38088 , 38089 , 38090 , 38091 , 38093 , 38113 , 38114 , 38116 , 38153 , 38154 , 38155 , 38156 , 38160 , 38169 , 38170 , 38171 , 38172 , 38173 , 38174 , 38175 , 38176 , 38177 , 38178 , 38179 , 38180 , 149665 , 38200 , 38206 , 149666 , 38225 , 38235 , 38236 , 38291 , 38292 , 38293 , 38294 , 38295 , 38296 , 38298 , 38304 , 149669 , 38307 , 38308 , 38309 , 38340 , 38344 , 38347 , 38348 , 38349 , 38350 , 38351 , 38352 , 38353 , 38354 , 38358 , 38359 , 38361 , 38374 , 38381 , 38382 , 38389 , 38392 , 38393 , 38394 , 38395 , 38396 , 38397 , 38398 , 38399 , 38400 , 38401 , 38403 , 38404 , 38405 , 38407 , 38408 , 149673 , 38439 , 38440 , 38450 , 38459 , 38460 , 38461 , 38463 , 38464 , 38465 , 38481 , 38482 , 38483 , 38486 , 38487 , 38509 , 38510 , 38511 , 38512 , 38513 , 38514 , 38515 , 38516 , 38517 , 38520 , 38524 , 38525 , 38529 , 38530 , 38531 , 38532 , 38535 , 38536 , 38537 , 38538 , 38541 , 38542 , 38543 , 38548 , 38551 , 38618 , 38632 , 38635 , 38636 , 38637 , 38638 , 38639 , 38640 , 38641 , 38642 , 38643 , 38645 , 38646 , 38654 , 38655 , 38656 , 38657 , 38658 , 38659 , 38660 , 38661 , 38662 , 38663 , 38664 , 38666 , 38672 , 38687 , 38689 , 38690 , 38691 , 38692 , 38695 , 38696 , 38727 , 38728 , 38732 , 38733 , 38734 , 38735 , 38736 , 38737 , 38738 , 38739 , 38740 , 38742 , 38744 , 38745 , 38746 , 38747 , 38752 , 38753 , 38754 , 38755 , 38756 , 38760 , 38767 , 38781 , 38782 , 38783 , 38794 , 38795 , 38796 , 38797 , 38798 , 38799 , 38800 , 38801 , 38803 , 38804 , 38805 , 38806 , 38807 , 38808 , 38809 , 38831 , 38834 , 38835 , 38838 , 38839 , 38842 , 132230 , 38897 , 38909 , 38910 , 38911 , 38932 , 38939 , 38940 , 38951 , 38954 , 38981 , 38982 , 38983 , 38985 , 137572 , 39009 , 39010 , 39011 , 39012 , 39013 , 39018 , 39049 , 137582 , 39075 , 39076 , 39107 , 39108 , 39120 , 39121 , 39122 , 39125 , 39156 , 39157 , 39158 , 39159 , 39160 , 39161 , 39162 , 39163 , 39164 , 39165 , 39175 , 39184 , 39193 , 39194 , 39195 , 39196 , 39197 , 39198 , 39199 , 39201 , 39209 , 39210 , 39235 , 39256 , 39262 , 39263 , 39264 , 39265 , 39266 , 39267 , 39268 , 39279 , 39280 , 39281 , 39282 , 39283 , 39284 , 39295 , 39296 , 39297 , 39298 , 39299 , 39306 , 39307 , 39308 , 39309 , 39310 , 39322 , 39323 , 39328 , 39329 , 39334 , 39344 , 39345 , 39346 , 39347 , 39350 , 39351 , 39352 , 39353 , 39354 , 39355 , 39356 , 39357 , 39358 , 39359 , 39375 , 39376 , 39377 , 39378 , 137635 , 39381 , 39382 , 39383 , 39385 , 39386 , 39387 , 137637 , 39399 , 39410 , 39412 , 39413 , 39414 , 39416 , 39417 , 39418 , 39419 , 39420 , 39421 , 39426 , 39427 , 39429 , 39430 , 39438 , 39445 , 39446 , 39458 , 39461 , 39462 , 39465 , 39468 , 39469 , 39470 , 39471 , 39473 , 39474 , 39475 , 39476 , 39477 , 39478 , 39484 , 39485 , 39486 , 39487 , 39488 , 39489 , 39502 , 39520 , 39528 , 39529 , 39530 , 39531 , 39532 , 39533 , 39534 , 39535 , 39536 , 39537 , 39538 , 39539 , 39540 , 39541 , 39542 , 39543 , 39544 , 39545 , 39546 , 39558 , 39559 , 39560 , 39561 , 39562 , 39563 , 39564 , 39565 , 39576 , 137668 , 39588 , 39589 , 39631 , 39632 , 39634 , 39662 , 39673 , 39675 , 39678 , 39679 , 39680 , 39681 , 39682 , 39683 , 39684 , 39685 , 39686 , 39687 , 39688 , 39695 , 39696 , 137688 , 39702 , 39707 , 39708 , 39713 , 39714 , 39715 , 39721 , 39722 , 39732 , 39735 , 39736 , 39737 , 39780 , 39796 , 39797 , 39798 , 39801 , 39804 , 39806 , 39808 , 39809 , 39810 , 39811 , 39812 , 39813 , 137708 , 39822 , 39823 , 39824 , 39827 , 39828 , 137710 , 39839 , 39840 , 39843 , 39844 , 39845 , 39846 , 39847 , 39848 , 39849 , 39850 , 39859 , 39860 , 39861 , 39862 , 39864 , 39871 , 39872 , 137718 , 137719 , 39892 , 39894 , 39895 , 39896 , 39897 , 39898 , 39899 , 39926 , 39938 , 39939 , 39952 , 39953 , 39954 , 39955 , 39956 , 39957 , 39958 , 39960 , 39961 , 39962 , 39963 , 39967 , 39969 , 39970 , 137734 , 149725 , 39991 , 39993 , 39994 , 39997 , 39998 , 39999 , 40005 , 40006 , 40007 , 40020 , 40037 , 40042 , 40043 , 40057 , 40058 , 154092 , 137755 , 137756 , 136636 , 40125 , 40131 , 40138 , 40140 , 40141 , 40142 , 40143 , 40144 , 40145 , 40147 , 40148 , 40149 , 40150 , 40151 , 40152 , 40153 , 40154 , 40156 , 40157 , 40158 , 40159 , 40160 , 132273 , 40176 , 137768 , 40182 , 40183 , 40186 , 40187 , 40199 , 140590 , 149733 , 40228 , 40229 , 40231 , 40232 , 40234 , 40235 , 40236 , 40237 , 40238 , 40239 , 40249 , 40256 , 40257 , 40258 , 40259 , 40260 , 40261 , 40262 , 40263 , 40264 , 40265 , 40268 , 40269 , 40273 , 40275 , 40276 , 40321 , 40322 , 40324 , 40325 , 40336 , 40337 , 40338 , 40339 , 40341 , 40342 , 40343 , 40344 , 40345 , 40346 , 40347 , 40348 , 40349 , 40350 , 40351 , 40352 , 40353 , 40354 , 40356 , 40357 , 40358 , 40359 , 40360 , 40361 , 40363 , 40364 , 40370 , 40374 , 40375 , 40376 , 40377 , 40378 , 40379 , 40380 , 40383 , 40385 , 40386 , 40387 , 40388 , 40389 , 40390 , 40392 , 40395 , 40396 , 40397 , 40407 , 40454 , 40467 , 40498 , 40507 , 40508 , 40532 , 40544 , 40545 , 40546 , 40547 , 40548 , 40549 , 40551 , 40566 , 40567 , 40578 , 40579 , 40591 , 40592 , 40593 , 40594 , 40595 , 40596 , 40597 , 40598 , 40601 , 40602 , 40603 , 40607 , 40608 , 40610 , 40611 , 40612 , 40635 , 40636 , 40646 , 40647 , 40651 , 40653 , 40654 , 40672 , 40673 , 40674 , 40676 , 40680 , 40681 , 40689 , 40690 , 40691 , 40692 , 40700 , 40701 , 40702 , 40703 , 40704 , 40705 , 40706 , 40707 , 40708 , 40709 , 40710 , 40725 , 40726 , 40727 , 40729 , 40733 , 40734 , 40753 , 40755 , 40756 , 40757 , 40758 , 40759 , 40765 , 40766 , 40767 , 40769 , 40770 , 40805 , 40826 , 40830 , 40831 , 40832 , 40836 , 40837 , 40838 , 40841 , 40848 , 40850 , 40851 , 40852 , 40853 , 40856 , 40862 , 40863 , 40865 , 40882 , 40883 , 40884 , 40885 , 40894 , 40904 , 40905 , 40921 , 40924 , 40925 , 40926 , 40927 , 40928 , 40934 , 40938 , 40939 , 40940 , 40942 , 40943 , 40960 , 40965 , 40966 , 40967 , 40992 , 137908 , 41019 , 41020 , 41021 , 137909 , 146920 , 139937 , 41064 , 41065 , 41070 , 41076 , 41083 , 41113 , 41114 , 41118 , 41120 , 41121 , 41123 , 41124 , 41125 , 41128 , 41129 , 41130 , 41133 , 41134 , 41135 , 41136 , 41137 , 41138 , 41139 , 41140 , 41141 , 41142 , 41143 , 41144 , 41145 , 41146 , 41161 , 41168 , 41169 , 41186 , 41241 , 41242 , 41243 , 41246 , 41252 , 41253 , 41281 , 41282 , 41283 , 41284 , 41285 , 41286 , 41288 , 41289 , 41290 , 41307 , 41308 , 137957 , 41312 , 41314 , 41315 , 41316 , 41349 , 41353 , 41357 , 41358 , 41361 , 41412 , 41432 , 41433 , 41439 , 41440 , 41441 , 41455 , 41456 , 41457 , 41458 , 41473 , 41474 , 41476 , 41477 , 41478 , 41481 , 41482 , 41483 , 41485 , 41486 , 41487 , 41488 , 41489 , 41507 , 41508 , 41509 , 41510 , 41511 , 41512 , 41513 , 41514 , 41515 , 41516 , 41517 , 41518 , 41527 , 41528 , 41538 , 41539 , 41540 , 41541 , 41564 , 41569 , 41570 , 41575 , 41576 , 41577 , 41579 , 41585 , 41586 , 41587 , 41588 , 41589 , 41591 , 41592 , 41593 , 41594 , 41596 , 41597 , 41605 , 41607 , 41608 , 41609 , 41610 , 41611 , 41612 , 41613 , 41628 , 41632 , 41633 , 41634 , 41635 , 41636 , 41643 , 41644 , 41645 , 41648 , 41649 , 41670 , 41671 , 41673 , 41695 , 41696 , 41704 , 41705 , 41706 , 41718 , 41719 , 41720 , 41721 , 41723 , 41724 , 41725 , 41726 , 41727 , 41739 , 41772 , 41773 , 41817 , 41818 , 41819 , 41841 , 41842 , 41843 , 41844 , 41845 , 41846 , 41847 , 41848 , 41850 , 41851 , 41852 , 41853 , 41894 , 41901 , 41902 , 41911 , 41912 , 41913 , 41951 , 41953 , 41954 , 41955 , 41956 , 41963 , 41977 , 41982 , 41984 , 41986 , 41988 , 42001 , 42002 , 42011 , 42012 , 42013 , 42014 , 42018 , 42019 , 42020 , 42021 , 42022 , 42023 , 42024 , 42025 , 138078 , 42041 , 42042 , 42052 , 42053 , 42054 , 42055 , 42056 , 42058 , 42059 , 42067 , 42077 , 42102 , 42103 , 42105 , 42106 , 42107 , 42108 , 42134 , 42138 , 42139 , 42140 , 42141 , 42142 , 42143 , 42144 , 42145 , 42146 , 42147 , 42154 , 42162 , 42163 , 42164 , 42165 , 42168 , 42171 , 42172 , 42177 , 42183 , 42186 , 42187 , 42188 , 42189 , 42192 , 42193 , 42194 , 42195 , 42198 , 42203 , 42247 , 42278 , 42296 , 42297 , 138125 , 138126 , 42326 , 42327 , 42328 , 42331 , 42332 , 42333 , 42334 , 42335 , 42336 , 42337 , 42338 , 42339 , 42352 , 42356 , 42357 , 42358 , 42360 , 138132 , 138133 , 42378 , 42423 , 138144 , 138145 , 42466 , 42467 , 42468 , 42473 , 42474 , 42482 , 42483 , 42488 , 42490 , 42491 , 42495 , 42498 , 42499 , 42500 , 42501 , 42505 , 42506 , 42507 , 42508 , 42509 , 42548 , 42549 , 42550 , 42551 , 42558 , 42561 , 42562 , 42575 , 42602 , 42604 , 42605 , 42612 , 42613 , 42615 , 42616 , 42617 , 42618 , 42623 , 42624 , 42625 , 42626 , 42627 , 42628 , 42629 , 42630 , 42631 , 42632 , 42639 , 42640 , 42641 , 42642 , 42644 , 42648 , 42651 , 42653 , 42657 , 42658 , 42659 , 42669 , 42670 , 42672 , 42673 , 42674 , 42675 , 42681 , 42682 , 42683 , 42684 , 42685 , 42686 , 42697 , 42698 , 42699 , 42700 , 42722 , 42726 , 42750 , 42756 , 42757 , 42823 , 42824 , 42826 , 42827 , 42828 , 42829 , 42830 , 42831 , 42832 , 42834 , 42835 , 42836 , 42837 , 42850 , 42868 , 42886 , 42887 , 138220 , 42890 , 42891 , 42892 , 42893 , 42894 , 42895 , 42897 , 42900 , 42901 , 42902 , 42914 , 42923 , 42936 , 42937 , 42944 , 42945 , 42946 , 42947 , 42953 , 42954 , 42955 , 42956 , 42957 , 42958 , 42959 , 138232 , 42962 , 42963 , 42964 , 138233 , 138234 , 149825 , 42997 , 42998 , 138239 , 43004 , 43005 , 43006 , 43007 , 43008 , 43009 , 43011 , 43012 , 43013 , 43016 , 43017 , 43018 , 138244 , 138247 , 43052 , 43053 , 138248 , 43059 , 43060 , 138249 , 43065 , 43066 , 43068 , 43069 , 43070 , 43071 , 43078 , 43079 , 43080 , 43083 , 43097 , 43098 , 43099 , 43100 , 43101 , 43102 , 43103 , 43104 , 43105 , 43114 , 43122 , 43127 , 43128 , 43129 , 43130 , 43139 , 43140 , 132372 , 43145 , 43146 , 43148 , 43149 , 43150 , 138269 , 43215 , 43216 , 43217 , 43218 , 43219 , 43229 , 43235 , 43236 , 138279 , 43253 , 43254 , 43255 , 43256 , 43257 , 43264 , 43265 , 43266 , 43268 , 43269 , 43270 , 43271 , 43272 , 138287 , 43292 , 43293 , 43294 , 43295 , 43296 , 43297 , 43298 , 138289 , 43310 , 43311 , 43312 , 43314 , 43336 , 43337 , 43338 , 43339 , 43340 , 43343 , 43344 , 43345 , 43346 , 43358 , 43359 , 43362 , 43363 , 43364 , 43366 , 43367 , 43368 , 43375 , 43381 , 43384 , 43385 , 43390 , 43391 , 43392 , 43393 , 43394 , 43395 , 43416 , 43417 , 43419 , 43421 , 43422 , 43429 , 43430 , 43432 , 43480 , 43488 , 43489 , 43493 , 43494 , 43497 , 43498 , 43506 , 43508 , 43510 , 43523 , 43529 , 43530 , 43533 , 43538 , 43542 , 43543 , 43544 , 43545 , 43546 , 43548 , 43549 , 43550 , 43551 , 43553 , 43554 , 43555 , 43556 , 141115 , 43562 , 43565 , 43573 , 43574 , 43593 , 43594 , 43627 , 43628 , 43629 , 43645 , 43668 , 43669 , 43670 , 43711 , 43712 , 43731 , 43739 , 43740 , 43741 , 43742 , 43743 , 43744 , 43746 , 43747 , 43748 , 43749 , 43750 , 43751 , 43752 , 43759 , 43760 , 43761 , 43763 , 43766 , 43767 , 43777 , 43778 , 43779 , 43780 , 43781 , 43782 , 43784 , 43791 , 43792 , 43798 , 43799 , 43800 , 43801 , 43802 , 43803 , 43805 , 43806 , 43808 , 43809 , 43811 , 43812 , 43817 , 43818 , 43819 , 43820 , 43821 , 43822 , 43823 , 43824 , 43825 , 43827 , 43828 , 43829 , 43830 , 43831 , 43832 , 43833 , 43834 , 43835 , 43836 , 43837 , 43838 , 43841 , 43842 , 43843 , 43844 , 43845 , 43846 , 43847 , 43849 , 43850 , 149855 , 43895 , 43896 , 43897 , 43898 , 43899 , 43900 , 43901 , 43902 , 43905 , 43906 , 43907 , 43908 , 43909 , 43910 , 43911 , 43912 , 43913 , 43914 , 43915 , 43917 , 43918 , 43919 , 43931 , 136763 , 43952 , 43953 , 136764 , 43998 , 43999 , 44000 , 44032 , 44033 , 44056 , 44057 , 44058 , 44067 , 44068 , 44072 , 44073 , 44074 , 44075 , 44076 , 44077 , 44090 , 44091 , 44092 , 44093 , 44094 , 44095 , 44096 , 44097 , 44098 , 44099 , 44108 , 44109 , 44110 , 44111 , 44119 , 44136 , 44137 , 44138 , 44155 , 44156 , 44157 , 44158 , 44159 , 44160 , 44161 , 44162 , 44163 , 44164 , 44167 , 44168 , 44169 , 44170 , 44171 , 44172 , 44173 , 154229 , 44178 , 154230 , 44208 , 44209 , 44215 , 138445 , 44242 , 44244 , 44245 , 44246 , 44247 , 44248 , 44249 , 44250 , 44251 , 44263 , 44266 , 44267 , 44268 , 44269 , 44270 , 44271 , 44272 , 44273 , 44274 , 44276 , 44277 , 44278 , 44279 , 44280 , 44281 , 44282 , 44284 , 44285 , 44317 , 44318 , 44319 , 44320 , 44321 , 44322 , 44323 , 44324 , 44325 , 44326 , 44327 , 44332 , 44333 , 44334 , 44335 , 44336 , 44337 , 44338 , 44339 , 44340 , 44341 , 154235 , 44357 , 44358 , 44360 , 44361 , 44362 , 44363 , 44380 , 44400 , 44405 , 44406 , 44409 , 44411 , 44412 , 44413 , 44415 , 44416 , 44417 , 44418 , 44419 , 44420 , 44421 , 44422 , 44423 , 44424 , 44425 , 44426 , 44437 , 44449 , 44450 , 44451 , 154239 , 44491 , 44492 , 44493 , 44494 , 44495 , 44496 , 44497 , 44498 , 44499 , 44500 , 44501 , 44502 , 44503 , 44504 , 44505 , 44510 , 44511 , 44512 , 44513 , 44514 , 44515 , 44516 , 44518 , 44519 , 44520 , 44521 , 44522 , 44523 , 44524 , 44525 , 44526 , 44527 , 44528 , 44530 , 44531 , 44532 , 44533 , 44534 , 44535 , 44538 , 44539 , 44547 , 44565 , 44569 , 44570 , 44571 , 44572 , 44573 , 44592 , 44594 , 44595 , 44602 , 44605 , 44606 , 44610 , 44611 , 44613 , 44623 , 44624 , 44625 , 44656 , 44671 , 44672 , 138527 , 44734 , 138528 , 44742 , 44750 , 44751 , 44756 , 44757 , 44761 , 44805 , 44806 , 44807 , 44808 , 44809 , 44810 , 44811 , 44812 , 44821 , 44822 , 44823 , 44824 , 44839 , 44840 , 44841 , 44843 , 44844 , 44846 , 44848 , 44849 , 44850 , 44852 , 44853 , 44854 , 44857 , 44858 , 44859 , 44860 , 44861 , 44862 , 44863 , 44864 , 44865 , 44866 , 44867 , 44868 , 44869 , 44870 , 44879 , 44880 , 44881 , 44890 , 44901 , 44902 , 44923 , 44936 , 44955 , 44975 , 44976 , 44977 , 44978 , 44979 , 44982 , 44983 , 44990 , 44991 , 44992 , 44994 , 45006 , 45008 , 45009 , 45010 , 45011 , 45012 , 45014 , 45019 , 45026 , 45027 , 45028 , 45040 , 45055 , 45056 , 45059 , 45060 , 45064 , 45065 , 45066 , 45067 , 45122 , 45123 , 45146 , 45147 , 45150 , 45152 , 45157 , 45158 , 45159 , 45160 , 45161 , 45173 , 45174 , 45175 , 45178 , 45181 , 45204 , 45205 , 45206 , 45207 , 45208 , 45209 , 45210 , 45211 , 45212 , 45213 , 45214 , 45215 , 45224 , 132442 , 45255 , 45259 , 45260 , 132443 , 45305 , 45306 , 138627 , 138631 , 138632 , 138633 , 152941 , 146949 , 132447 , 45413 , 45414 , 45415 , 45416 , 45417 , 45418 , 45419 , 45420 , 45421 , 45422 , 45423 , 45424 , 132449 , 45466 , 45467 , 45479 , 45482 , 132450 , 45495 , 45496 , 45497 , 138664 , 138666 , 45567 , 45568 , 45569 , 45570 , 45571 , 45572 , 45573 , 45574 , 45575 , 45576 , 45577 , 45579 , 45580 , 45581 , 45596 , 45597 , 45600 , 45604 , 45605 , 45606 , 45607 , 45608 , 45613 , 45651 , 45652 , 45653 , 45655 , 45656 , 45657 , 45658 , 154279 , 45694 , 45695 , 45696 , 45697 , 45698 , 45699 , 45700 , 45701 , 45705 , 138691 , 45726 , 45727 , 45746 , 45752 , 45753 , 45754 , 45765 , 45786 , 45787 , 45788 , 45789 , 45795 , 45796 , 45797 , 45798 , 45800 , 45812 , 45813 , 45814 , 45816 , 45817 , 45818 , 45819 , 45820 , 45821 , 45859 , 45860 , 45861 , 45862 , 45863 , 45864 , 45865 , 45866 , 45867 , 45868 , 45891 , 45892 , 45893 , 45894 , 45896 , 45897 , 45898 , 45899 , 45900 , 45901 , 45906 , 45910 , 45911 , 45914 , 45923 , 45924 , 45925 , 45945 , 45946 , 45947 , 45948 , 45950 , 45952 , 45958 , 46004 , 46006 , 46007 , 46019 , 46020 , 46030 , 46031 , 145562 , 46042 , 46045 , 46047 , 46048 , 46055 , 46057 , 46058 , 145563 , 46070 , 46071 , 46072 , 46109 , 46110 , 46111 , 46112 , 46113 , 46116 , 46117 , 46136 , 46140 , 46141 , 46155 , 46156 , 46157 , 46158 , 46159 , 46160 , 46161 , 46162 , 46163 , 138766 , 46169 , 46170 , 46171 , 46172 , 46173 , 46174 , 46175 , 46176 , 138768 , 46178 , 46179 , 46180 , 46181 , 46182 , 46183 , 46184 , 46185 , 46186 , 46187 , 46188 , 138770 , 46191 , 46192 , 46193 , 46195 , 46196 , 46197 , 46198 , 46199 , 46200 , 145568 , 46221 , 138776 , 138777 , 46235 , 46236 , 46237 , 46244 , 46245 , 46249 , 46250 , 46251 , 46256 , 46257 , 46272 , 46273 , 46274 , 46275 , 46277 , 46278 , 46279 , 46280 , 46281 , 46288 , 46289 , 46290 , 46291 , 46292 , 46293 , 46294 , 46301 , 46302 , 46303 , 46304 , 46305 , 46321 , 46386 , 46391 , 46399 , 46400 , 46401 , 46402 , 46428 , 46429 , 46430 , 46431 , 46432 , 46433 , 46442 , 46443 , 46444 , 46450 , 46452 , 46453 , 46454 , 46455 , 46483 , 46489 , 46497 , 46512 , 46514 , 46515 , 46516 , 46517 , 46518 , 46519 , 46521 , 46541 , 46543 , 46544 , 46563 , 46585 , 46586 , 46587 , 46588 , 46589 , 46590 , 46605 , 46627 , 46656 , 46658 , 46659 , 46667 , 46708 , 46709 , 46715 , 46716 , 46717 , 46718 , 46719 , 46720 , 46721 , 46737 , 46738 , 46739 , 46740 , 46741 , 46742 , 46749 , 46750 , 46751 , 46752 , 46792 , 46793 , 46794 , 46795 , 46796 , 46797 , 46798 , 46803 , 46827 , 46828 , 46829 , 46831 , 46848 , 46859 , 46860 , 46862 , 46863 , 46877 , 46881 , 46882 , 46904 , 46911 , 46912 , 46913 , 46914 , 46915 , 46919 , 46920 , 46922 , 46923 , 46924 , 46925 , 46926 , 46927 , 46928 , 46929 , 46931 , 46934 , 46935 , 46936 , 46937 , 46946 , 46947 , 46948 , 46950 , 46951 , 46952 , 46953 , 46954 , 46955 , 46956 , 46961 , 46964 , 46965 , 46966 , 46967 , 46969 , 46981 , 46982 , 46983 , 46987 , 46988 , 46989 , 46992 , 46993 , 46994 , 46995 , 46996 , 47012 , 47013 , 47022 , 47023 , 47024 , 47041 , 47044 , 47045 , 47046 , 47052 , 47053 , 47054 , 47055 , 47056 , 47058 , 47061 , 47062 , 47063 , 47064 , 47065 , 47068 , 47070 , 47071 , 47111 , 47112 , 47113 , 47117 , 47120 , 47122 , 47171 , 47172 , 47173 , 47174 , 47175 , 47176 , 47177 , 47178 , 145600 , 47181 , 47185 , 47186 , 47187 , 47188 , 47189 , 47190 , 47191 , 47192 , 47194 , 47195 , 47196 , 47203 , 47204 , 47205 , 47206 , 47207 , 47208 , 47209 , 138941 , 47218 , 138942 , 47225 , 47226 , 47227 , 47230 , 47231 , 47233 , 138946 , 47262 , 47263 , 47267 , 47288 , 47289 , 47290 , 47291 , 47292 , 47300 , 47301 , 47312 , 47324 , 47362 , 47366 , 47367 , 47368 , 47369 , 47370 , 47371 , 138969 , 138970 , 47403 , 47404 , 47428 , 47429 , 47430 , 47435 , 47436 , 47437 , 47439 , 47440 , 47441 , 47442 , 47443 , 47444 , 47445 , 47446 , 47447 , 47448 , 47449 , 47450 , 47455 , 47456 , 47457 , 47458 , 47459 , 47460 , 47461 , 47478 , 47495 , 47496 , 47502 , 47506 , 47511 , 47524 , 47525 , 47526 , 47528 , 47555 , 47556 , 154342 , 47578 , 47579 , 47580 , 47581 , 47586 , 47587 , 47590 , 47591 , 47632 , 47640 , 47641 , 47642 , 47643 , 47644 , 47645 , 47646 , 154345 , 47664 , 47665 , 47666 , 47667 , 47689 , 47703 , 47704 , 47709 , 47710 , 47713 , 47742 , 47768 , 47773 , 47786 , 47787 , 47790 , 47797 , 47798 , 139039 , 47822 , 47847 , 47848 , 47849 , 47850 , 47851 , 47852 , 47853 , 47854 , 47855 , 47856 , 47873 , 47879 , 47880 , 47891 , 47892 , 47903 , 47904 , 47906 , 47907 , 47908 , 47909 , 47910 , 47911 , 47919 , 47920 , 47921 , 47941 , 47952 , 47953 , 47954 , 47955 , 47987 , 47988 , 47989 , 48000 , 48001 , 48002 , 48003 , 48013 , 48014 , 48017 , 48018 , 48020 , 48021 , 48022 , 48024 , 48025 , 48026 , 48031 , 48032 , 48033 , 48035 , 48036 , 48042 , 48043 , 48073 , 48094 , 48105 , 48106 , 48107 , 48109 , 48110 , 48111 , 48112 , 48113 , 48114 , 48115 , 48120 , 48121 , 48122 , 48123 , 48124 , 48126 , 48152 , 48153 , 48155 , 48156 , 48157 , 48160 , 48166 , 48168 , 48169 , 48170 , 48171 , 48173 , 48175 , 48185 , 48190 , 48193 , 48196 , 48197 , 48201 , 48207 , 48208 , 48216 , 48217 , 48218 , 48223 , 48225 , 48233 , 48234 , 48235 , 48237 , 48238 , 48239 , 48240 , 48241 , 48242 , 48243 , 48244 , 139113 , 48261 , 48273 , 48274 , 48275 , 48276 , 48277 , 48301 , 48322 , 48332 , 48334 , 48339 , 48340 , 48341 , 48349 , 48356 , 48359 , 48360 , 48361 , 48362 , 48363 , 48364 , 48365 , 48366 , 48368 , 48378 , 48379 , 48380 , 48381 , 48382 , 48383 , 48387 , 48395 , 48399 , 48401 , 48415 , 48416 , 48417 , 48418 , 48419 , 48420 , 48421 , 48422 , 48423 , 48424 , 141277 , 139143 , 48429 , 48430 , 48438 , 48443 , 48444 , 48445 , 48446 , 48447 , 48461 , 48462 , 48463 , 48464 , 48465 , 48469 , 48472 , 48473 , 48474 , 48475 , 48476 , 48496 , 48497 , 48498 , 48499 , 48500 , 48501 , 48502 , 48503 , 48504 , 48505 , 48506 , 48525 , 48526 , 48527 , 48559 , 48564 , 48567 , 48568 , 48569 , 48584 , 48585 , 48606 , 48607 , 48608 , 48624 , 48627 , 48628 , 48629 , 48630 , 48632 , 48633 , 48634 , 48635 , 48636 , 48637 , 48638 , 48639 , 48655 , 48656 , 48657 , 48658 , 48672 , 48673 , 48680 , 48681 , 48686 , 48687 , 48701 , 48717 , 48721 , 48722 , 48725 , 48726 , 48727 , 48735 , 48736 , 48737 , 48738 , 48740 , 48741 , 48742 , 48756 , 48774 , 48776 , 48777 , 48787 , 48788 , 141290 , 48831 , 48838 , 48845 , 48862 , 48878 , 48883 , 48901 , 48902 , 48903 , 48904 , 48905 , 48920 , 48927 , 48928 , 48929 , 48930 , 48931 , 48932 , 48933 , 48934 , 48936 , 48940 , 139229 , 139230 , 48968 , 48994 , 48995 , 48996 , 48997 , 48998 , 48999 , 49000 , 49001 , 49002 , 49003 , 49005 , 49006 , 49007 , 49015 , 49021 , 49025 , 49033 , 49034 , 49035 , 49036 , 49037 , 49038 , 49039 , 49040 , 49042 , 49062 , 49067 , 49074 , 49075 , 49076 , 49078 , 49079 , 49080 , 49096 , 49097 , 49104 , 49105 , 49117 , 49121 , 49122 , 49123 , 49124 , 49130 , 49131 , 49146 , 49151 , 49152 , 49172 , 49174 , 49177 , 49180 , 49181 , 49182 , 49183 , 49184 , 49185 , 49188 , 49201 , 49205 , 139275 , 139276 , 139277 , 139278 , 49253 , 49254 , 49255 , 49256 , 49266 , 49267 , 49268 , 49269 , 49278 , 49290 , 49325 , 49327 , 49336 , 49337 , 49338 , 49340 , 49361 , 49363 , 49369 , 49382 , 49386 , 49387 , 49388 , 49389 , 49390 , 49391 , 49395 , 49398 , 49400 , 49401 , 49418 , 49419 , 49440 , 49445 , 49446 , 49447 , 49448 , 139315 , 49469 , 49470 , 49471 , 49472 , 139318 , 139319 , 49484 , 49491 , 49492 , 49494 , 49495 , 49496 , 49497 , 49498 , 49499 , 49539 , 49540 , 49541 , 49542 , 49543 , 49546 , 49547 , 49548 , 49549 , 49583 , 49585 , 49590 , 49610 , 49611 , 49612 , 49613 , 49618 , 49619 , 49620 , 49625 , 49640 , 49641 , 49646 , 49648 , 49650 , 49664 , 49665 , 49685 , 49686 , 49687 , 49688 , 49689 , 49691 , 49693 , 49694 , 49695 , 49696 , 49697 , 49740 , 49741 , 49815 , 49816 , 49817 , 49818 , 49819 , 49820 , 49821 , 49828 , 49829 , 49830 , 49831 , 49832 , 49834 , 49835 , 49840 , 49841 , 49842 , 49843 , 49844 , 49845 , 49846 , 49847 , 49848 , 49863 , 139383 , 139385 , 49884 , 49891 , 49892 , 49893 , 49894 , 49895 , 49896 , 49905 , 49906 , 49929 , 49930 , 49966 , 49967 , 49968 , 49977 , 49978 , 49980 , 49981 , 49982 , 139403 , 50006 , 50007 , 50008 , 50009 , 50010 , 50011 , 50013 , 50014 , 50015 , 50019 , 50020 , 50021 , 50022 , 50023 , 50024 , 50025 , 50026 , 50027 , 50028 , 50029 , 50030 , 50031 , 50032 , 50033 , 50034 , 50035 , 50036 , 50037 , 50038 , 50039 , 139412 , 50050 , 50059 , 50085 , 50097 , 50100 , 50101 , 50102 , 50103 , 50105 , 50106 , 50107 , 50109 , 50111 , 50112 , 50113 , 50119 , 50120 , 50121 , 50122 , 50123 , 50124 , 50125 , 50126 , 50127 , 50128 , 50129 , 50130 , 50133 , 50134 , 50148 , 50149 , 50150 , 50163 , 50164 , 50165 , 50167 , 50168 , 50169 , 50170 , 50171 , 50172 , 50173 , 50174 , 50175 , 50176 , 50177 , 50178 , 50179 , 50180 , 50181 , 50182 , 50184 , 50185 , 50186 , 50188 , 50189 , 50190 , 50191 , 50192 , 50193 , 50199 , 50204 , 50205 , 50206 , 50207 , 50208 , 50209 , 50210 , 50211 , 50212 , 50213 , 50214 , 50215 , 50216 , 50231 , 50245 , 50248 , 50289 , 50290 , 50294 , 50297 , 50298 , 50299 , 50310 , 50317 , 50322 , 50339 , 50340 , 50342 , 50343 , 50344 , 50345 , 50346 , 50347 , 50348 , 50349 , 50350 , 50351 , 50352 , 50353 , 50354 , 50355 , 50368 , 50369 , 50370 , 50371 , 50372 , 50391 , 50393 , 50399 , 50400 , 50401 , 50407 , 50408 , 50409 , 50410 , 50411 , 50412 , 50467 , 50468 , 50470 , 50474 , 50475 , 50476 , 50477 , 50478 , 50483 , 50486 , 50487 , 50489 , 50490 , 50491 , 50492 , 147856 , 50514 , 50515 , 50528 , 50529 , 50530 , 50531 , 50532 , 50533 , 50534 , 50535 , 50536 , 50537 , 50538 , 50539 , 50549 , 50550 , 50556 , 50557 , 50596 , 139506 , 139509 , 50661 , 50662 , 50664 , 50667 , 50668 , 50674 , 50683 , 50684 , 50708 , 50731 , 50754 , 50755 , 50757 , 50758 , 50759 , 50760 , 50761 , 50762 , 50763 , 50765 , 50766 , 50767 , 50768 , 50769 , 50770 , 139535 , 139536 , 50799 , 50805 , 50806 , 50807 , 50808 , 50809 , 50810 , 50811 , 50812 , 50814 , 139541 , 50820 , 50821 , 139543 , 139544 , 50838 , 50839 , 50840 , 50841 , 50842 , 50843 , 139546 , 50847 , 50848 , 139548 , 50859 , 50860 , 50863 , 50864 , 50865 , 50866 , 50867 , 50887 , 50888 , 50890 , 50891 , 50892 , 50894 , 50895 , 50896 , 50901 , 50902 , 50903 , 50904 , 50905 , 50906 , 50907 , 50908 , 50909 , 50910 , 50911 , 50912 , 50913 , 50914 , 50916 , 50917 , 50918 , 50919 , 50922 , 50940 , 50941 , 50942 , 50943 , 50954 , 50955 , 50957 , 50969 , 51009 , 51010 , 51011 , 51012 , 51013 , 51014 , 51015 , 51016 , 51017 , 51018 , 51019 , 51020 , 51021 , 51022 , 51023 , 51024 , 51025 , 51026 , 51027 , 51028 , 51029 , 51031 , 51032 , 51033 , 51034 , 51035 , 51046 , 51047 , 51048 , 51049 , 51050 , 51051 , 51052 , 51053 , 51054 , 51055 , 51056 , 51057 , 51058 , 51063 , 51064 , 51065 , 51066 , 51067 , 51068 , 51069 , 51070 , 51071 , 51072 , 51073 , 51074 , 51075 , 51076 , 51077 , 51078 , 51079 , 51080 , 51081 , 51082 , 51083 , 51084 , 51085 , 51086 , 51087 , 51088 , 51089 , 51090 , 51091 , 51092 , 51093 , 51094 , 51095 , 51097 , 51099 , 51100 , 154460 , 51115 , 51116 , 51117 , 51118 , 51119 , 51120 , 51121 , 51122 , 51123 , 51124 , 51125 , 51126 , 51127 , 51128 , 51129 , 51130 , 51131 , 51132 , 51133 , 51134 , 51135 , 51137 , 51138 , 51139 , 51140 , 51143 , 51144 , 51154 , 51159 , 51160 , 51161 , 51162 , 51163 , 51164 , 51165 , 51166 , 51167 , 51168 , 51169 , 51170 , 51171 , 51172 , 51173 , 51174 , 51175 , 51176 , 51177 , 51178 , 51179 , 51180 , 51184 , 51185 , 51186 , 51187 , 51188 , 51189 , 51192 , 51221 , 51222 , 51223 , 51233 , 51237 , 51238 , 51245 , 51246 , 51247 , 51248 , 51249 , 51253 , 51254 , 51258 , 51261 , 51265 , 51266 , 51267 , 51268 , 51269 , 51280 , 51281 , 51282 , 51283 , 51284 , 51308 , 51317 , 51318 , 51328 , 51330 , 51334 , 51371 , 51372 , 51400 , 51401 , 51409 , 51410 , 51411 , 51418 , 51420 , 139642 , 51423 , 51424 , 51425 , 51426 , 139643 , 51428 , 51429 , 51430 , 51449 , 51450 , 51451 , 51452 , 51459 , 51460 , 51517 , 51522 , 51544 , 51545 , 51546 , 51549 , 51550 , 51551 , 51552 , 51553 , 51555 , 51557 , 51558 , 51559 , 51561 , 51562 , 51586 , 51587 , 139670 , 51593 , 51594 , 51595 , 51596 , 51597 , 51598 , 51599 , 51627 , 51640 , 51641 , 51642 , 51643 , 51644 , 51645 , 51651 , 51652 , 51657 , 51684 , 51717 , 51720 , 51721 , 51722 , 51723 , 51724 , 51727 , 51728 , 51734 , 51740 , 51741 , 51757 , 51772 , 51773 , 51774 , 51775 , 51776 , 51777 , 51794 , 51799 , 51800 , 51801 , 51802 , 51803 , 51804 , 51805 , 51806 , 51807 , 51808 , 51838 , 51839 , 51849 , 51850 , 51851 , 51852 , 51853 , 51865 , 51866 , 51891 , 51924 , 51925 , 51932 , 51933 , 51934 , 51935 , 51936 , 51945 , 51947 , 51948 , 51949 , 51951 , 51955 , 51956 , 51957 , 51958 , 51959 , 51960 , 51961 , 51962 , 51963 , 51964 , 51965 , 51978 , 51979 , 51990 , 51996 , 52007 , 52022 , 52026 , 52027 , 52028 , 52029 , 52030 , 52031 , 52032 , 52033 , 52039 , 52040 , 52042 , 52043 , 52044 , 52051 , 52052 , 52053 , 52054 , 52055 , 52056 , 52057 , 139754 , 52097 , 52098 , 52099 , 52100 , 52101 , 52102 , 52103 , 52104 , 52105 , 52106 , 52107 , 52108 , 52109 , 52110 , 52111 , 52120 , 52121 , 52122 , 52123 , 52124 , 52125 , 52135 , 52156 , 52157 , 52178 , 52179 , 52180 , 52181 , 52182 , 52183 , 52184 , 52185 , 52186 , 52187 , 52188 , 52189 , 52190 , 52191 , 52192 , 52193 , 52195 , 52196 , 52197 , 52198 , 52199 , 52200 , 52201 , 52202 , 52203 , 52204 , 52205 , 52206 , 52207 , 52208 , 52209 , 52210 , 52211 , 52215 , 52216 , 52217 , 52218 , 52222 , 52224 , 145768 , 52227 , 52256 , 52306 , 52316 , 52317 , 52334 , 52340 , 52351 , 52379 , 52387 , 52391 , 52400 , 52403 , 52409 , 52437 , 52438 , 52439 , 52440 , 52441 , 52479 , 52492 , 52493 , 52494 , 52514 , 52516 , 52517 , 52541 , 145779 , 52570 , 52572 , 52576 , 52581 , 52585 , 52586 , 52587 , 52588 , 52589 , 52590 , 52591 , 52592 , 52593 , 52602 , 52603 , 52606 , 52607 , 52616 , 52617 , 52619 , 52628 , 52629 , 52634 , 52635 , 52636 , 52637 , 52638 , 52639 , 52662 , 52665 , 52666 , 52667 , 52673 , 52674 , 52676 , 52677 , 52687 , 52709 , 52710 , 52711 , 52712 , 52714 , 52715 , 52754 , 52755 , 52756 , 52757 , 52758 , 52759 , 52760 , 52761 , 52763 , 52773 , 52801 , 52802 , 52806 , 52807 , 52808 , 52809 , 52810 , 52811 , 52812 , 52820 , 52821 , 52822 , 52823 , 52827 , 52828 , 52829 , 52830 , 52837 , 52838 , 52839 , 52840 , 52842 , 52843 , 52844 , 52845 , 52846 , 52874 , 52896 , 52897 , 52898 , 52902 , 52905 , 52906 , 154520 , 52917 , 52918 , 52947 , 52949 , 52950 , 52951 , 52960 , 154522 , 52984 , 52985 , 52986 , 52989 , 52990 , 52991 , 52992 , 52996 , 52997 , 52998 , 53004 , 53008 , 53009 , 53010 , 53011 , 53012 , 53013 , 53014 , 141430 , 53026 , 53027 , 53038 , 53041 , 53058 , 53075 , 53076 , 53089 , 53090 , 53093 , 53094 , 53096 , 53098 , 53114 , 53129 , 53130 , 53131 , 53133 , 53134 , 53135 , 53142 , 53144 , 53185 , 53186 , 53187 , 53188 , 53189 , 53190 , 53191 , 53192 , 53194 , 139938 , 53199 , 53200 , 53201 , 53202 , 139939 , 53206 , 53231 , 53240 , 53242 , 53243 , 53244 , 53245 , 53246 , 53247 , 53248 , 53249 , 53252 , 53284 , 53298 , 53299 , 53307 , 53308 , 53309 , 53311 , 53312 , 53356 , 139966 , 139967 , 53387 , 53388 , 53389 , 53392 , 53393 , 53394 , 139973 , 139974 , 53418 , 53419 , 53432 , 53478 , 53479 , 53480 , 53489 , 53490 , 53491 , 53493 , 53496 , 53497 , 53498 , 53514 , 53515 , 53516 , 53518 , 53519 , 53521 , 53522 , 53523 , 53525 , 53542 , 53560 , 53568 , 53569 , 53570 , 53571 , 53572 , 53585 , 53586 , 53589 , 53590 , 53591 , 53592 , 53593 , 53595 , 53596 , 53597 , 53598 , 53616 , 53617 , 53618 , 53620 , 53621 , 53622 , 53623 , 53624 , 53625 , 53626 , 53650 , 53652 , 53653 , 53654 , 53655 , 53658 , 53659 , 53660 , 53661 , 53662 , 53663 , 53664 , 53665 , 53666 , 53667 , 53668 , 53669 , 53670 , 53678 , 53681 , 53683 , 53685 , 53688 , 53689 , 53690 , 53691 , 53694 , 53702 , 53703 , 53704 , 53705 , 53706 , 150182 , 53724 , 53725 , 53729 , 53756 , 53785 , 53793 , 53801 , 53802 , 132727 , 139149 , 53821 , 53822 , 53823 , 53825 , 53826 , 53829 , 53830 , 53832 , 53833 , 53842 , 53855 , 53856 , 53863 , 53869 , 53873 , 53874 , 53875 , 53876 , 53877 , 53878 , 53879 , 53880 , 53881 , 53882 , 53884 , 53885 , 53926 , 53928 , 53929 , 53930 , 53931 , 53932 , 53933 , 53934 , 53935 , 53936 , 53941 , 53942 , 53960 , 53961 , 53965 , 53966 , 53967 , 53968 , 53969 , 53977 , 53980 , 53984 , 53985 , 53986 , 53987 , 53988 , 53989 , 53990 , 53997 , 53998 , 53999 , 54000 , 54020 , 54031 , 54045 , 54046 , 54047 , 54049 , 54050 , 54059 , 54080 , 54081 , 54082 , 54083 , 54084 , 54092 , 54125 , 54126 , 54127 , 140094 , 54134 , 54136 , 54137 , 54138 , 54139 , 54140 , 54142 , 54143 , 54144 , 54145 , 54146 , 54147 , 54148 , 54204 , 54205 , 54208 , 54209 , 54210 , 54211 , 54212 , 54213 , 54223 , 54224 , 54225 , 54226 , 54227 , 54228 , 54229 , 54230 , 54231 , 54232 , 54233 , 54235 , 54236 , 54261 , 54263 , 54264 , 54265 , 54266 , 54275 , 54305 , 54306 , 54307 , 54308 , 54309 , 54311 , 54314 , 54316 , 54317 , 54325 , 54328 , 54343 , 54345 , 54346 , 54347 , 54348 , 54349 , 54350 , 54351 , 54356 , 54357 , 54358 , 54359 , 54361 , 140133 , 54372 , 54373 , 54374 , 54377 , 54387 , 54388 , 140137 , 140138 , 140141 , 54430 , 140144 , 54434 , 54435 , 54441 , 54442 , 54443 , 54444 , 54445 , 54446 , 54447 , 54448 , 54449 , 54450 , 54451 , 54454 , 54455 , 54474 , 54475 , 54476 , 54480 , 54481 , 54482 , 54483 , 54484 , 54485 , 54486 , 54487 , 54489 , 54490 , 54496 , 54497 , 54500 , 54501 , 54502 , 54503 , 54504 , 54505 , 54512 , 54518 , 54519 , 54547 , 54548 , 54549 , 54550 , 54551 , 54565 , 54566 , 54567 , 54568 , 54569 , 54570 , 54571 , 54573 , 54574 , 54575 , 54576 , 54578 , 54579 , 54580 , 54602 , 54603 , 54604 , 54605 , 54621 , 54659 , 54660 , 54673 , 54674 , 54675 , 54676 , 54677 , 54678 , 54694 , 54697 , 54703 , 54711 , 54713 , 54714 , 54725 , 54726 , 54755 , 54803 , 54804 , 54805 , 54806 , 54807 , 54808 , 54809 , 54810 , 54816 , 54822 , 54823 , 54824 , 54825 , 54827 , 54828 , 54829 , 54831 , 54832 , 54833 , 54837 , 54838 , 54851 , 54852 , 54853 , 54855 , 54856 , 54857 , 54858 , 54859 , 54860 , 54874 , 54875 , 54924 , 54925 , 54926 , 54927 , 54928 , 54929 , 54930 , 54931 , 54932 , 54933 , 54934 , 54935 , 54936 , 54938 , 54939 , 54940 , 54941 , 54942 , 54943 , 54945 , 54946 , 54950 , 54951 , 54957 , 54958 , 54959 , 54960 , 54962 , 54963 , 54964 , 54965 , 54967 , 54997 , 55010 , 55011 , 55014 , 55018 , 55019 , 55020 , 55021 , 55023 , 55051 , 55052 , 55053 , 55058 , 55059 , 55060 , 55061 , 55062 , 55076 , 55077 , 55103 , 153124 , 55107 , 55115 , 55117 , 55118 , 55119 , 55120 , 55121 , 55122 , 55123 , 55124 , 55125 , 55126 , 55127 , 55128 , 55131 , 55134 , 55135 , 55136 , 55137 , 55138 , 55139 , 55140 , 55141 , 55142 , 55143 , 55154 , 55155 , 55157 , 55164 , 55165 , 55166 , 55174 , 55175 , 55208 , 55209 , 55233 , 55234 , 55235 , 55237 , 55238 , 55239 , 55245 , 55246 , 55266 , 55267 , 55268 , 55269 , 55270 , 55271 , 55272 , 55273 , 55276 , 55286 , 55287 , 55300 , 55301 , 55320 , 55323 , 55327 , 55328 , 55329 , 55330 , 55331 , 55333 , 55334 , 55335 , 55336 , 55342 , 55345 , 55346 , 55348 , 55350 , 140297 , 55359 , 55364 , 55366 , 55367 , 154602 , 55397 , 55398 , 55399 , 55400 , 55401 , 55402 , 55403 , 55407 , 55408 , 55409 , 55410 , 55411 , 55412 , 55413 , 55414 , 55416 , 55418 , 55419 , 55420 , 55421 , 55422 , 55423 , 55450 , 55455 , 55457 , 55458 , 55459 , 55462 , 55467 , 55478 , 55484 , 55485 , 55486 , 55487 , 55488 , 55489 , 55490 , 55491 , 55492 , 149635 , 55530 , 55531 , 55540 , 55552 , 55559 , 55561 , 55569 , 55571 , 55572 , 55573 , 55574 , 55575 , 55576 , 55577 , 55589 , 55590 , 55599 , 55600 , 55601 , 55602 , 55603 , 55604 , 55605 , 55606 , 55607 , 55608 , 55625 , 55626 , 55627 , 55632 , 55659 , 55660 , 55683 , 55684 , 55693 , 55694 , 55695 , 55697 , 55704 , 55705 , 55706 , 55707 , 55715 , 55719 , 55720 , 55733 , 55734 , 55737 , 55738 , 55739 , 55743 , 55744 , 55745 , 55746 , 55747 , 55748 , 55749 , 55750 , 55751 , 55752 , 55753 , 55754 , 55761 , 55790 , 55870 , 55872 , 55873 , 55874 , 55884 , 55885 , 55886 , 55887 , 55889 , 55890 , 55891 , 55893 , 55894 , 55895 , 55896 , 55899 , 55900 , 55901 , 55902 , 55909 , 55911 , 55912 , 55915 , 55916 , 55917 , 55918 , 55925 , 55926 , 55927 , 55928 , 55929 , 55930 , 55955 , 55970 , 55971 , 55972 , 55991 , 55992 , 55993 , 56002 , 56003 , 56006 , 56010 , 56011 , 56012 , 56013 , 56016 , 56017 , 56019 , 56020 , 56021 , 56022 , 56028 , 56029 , 56030 , 56032 , 56033 , 56034 , 56040 , 56041 , 56044 , 56045 , 56046 , 56047 , 56048 , 56049 , 56050 , 56051 , 56069 , 56070 , 56071 , 56072 , 56073 , 56074 , 56075 , 56076 , 56077 , 56078 , 56079 , 56080 , 56081 , 56082 , 56088 , 56089 , 56090 , 56091 , 56092 , 56093 , 56094 , 56095 , 56096 , 56097 , 56098 , 56099 , 56100 , 56101 , 56112 , 56113 , 56114 , 56115 , 56116 , 56117 , 56118 , 56119 , 56120 , 56121 , 56122 , 56123 , 56124 , 56127 , 56128 , 56129 , 56130 , 56144 , 56145 , 140430 , 56158 , 56159 , 56160 , 56161 , 56162 , 56163 , 56168 , 56169 , 56170 , 56179 , 56180 , 56181 , 56226 , 56228 , 56229 , 56230 , 56231 , 56232 , 56258 , 56259 , 56261 , 56262 , 56263 , 56274 , 56278 , 56280 , 56310 , 56312 , 56313 , 56314 , 56315 , 56316 , 56317 , 56318 , 56319 , 56320 , 56321 , 56322 , 56323 , 56324 , 56325 , 56327 , 56330 , 56331 , 56332 , 56333 , 56348 , 56349 , 56357 , 56358 , 56359 , 56360 , 56362 , 56384 , 141542 , 56387 , 56388 , 56396 , 56397 , 56398 , 56399 , 56423 , 56424 , 56425 , 56445 , 56446 , 56447 , 56448 , 56449 , 56450 , 56456 , 154638 , 56470 , 56471 , 56472 , 56473 , 56474 , 56475 , 56478 , 56480 , 56482 , 56483 , 56484 , 56485 , 56495 , 56500 , 56519 , 56528 , 56529 , 56530 , 56533 , 56536 , 56537 , 56538 , 56539 , 56540 , 56542 , 56543 , 56550 , 56551 , 56557 , 56558 , 56559 , 56560 , 56561 , 56591 , 56594 , 56595 , 56598 , 56599 , 56600 , 56601 , 56638 , 56639 , 56644 , 56651 , 56652 , 56653 , 56658 , 56659 , 56660 , 56682 , 56683 , 56686 , 56687 , 56688 , 56689 , 56690 , 56691 , 56695 , 56696 , 137188 , 56705 , 56712 , 56713 , 56714 , 56715 , 56716 , 56717 , 56718 , 56720 , 56721 , 56722 , 137189 , 56732 , 56733 , 56783 , 56784 , 56785 , 56786 , 56787 , 56789 , 137191 , 137192 , 56826 , 56828 , 56834 , 56846 , 56847 , 56848 , 56849 , 56850 , 56852 , 56853 , 56854 , 56855 , 56859 , 56879 , 56886 , 56887 , 56888 , 56889 , 56910 , 56911 , 56920 , 56921 , 56922 , 56923 , 56924 , 56925 , 56926 , 56938 , 140562 , 56948 , 56949 , 56953 , 56956 , 56957 , 56958 , 56959 , 56960 , 56975 , 56976 , 56977 , 56981 , 140570 , 154656 , 57026 , 57027 , 57028 , 57029 , 57030 , 140582 , 140583 , 57068 , 57069 , 57070 , 57071 , 57073 , 57077 , 57078 , 57079 , 57080 , 57081 , 57082 , 57083 , 57084 , 57086 , 57087 , 57097 , 57098 , 57099 , 57100 , 140589 , 57106 , 57107 , 57108 , 57109 , 57114 , 57134 , 57135 , 57140 , 57143 , 57144 , 57145 , 57146 , 57147 , 57148 , 57149 , 57150 , 57151 , 57152 , 57153 , 57154 , 57172 , 57173 , 57174 , 57175 , 57176 , 57177 , 57178 , 57179 , 57180 , 57181 , 57182 , 57183 , 57184 , 57190 , 57191 , 57193 , 57194 , 57195 , 140607 , 57213 , 57218 , 57219 , 57220 , 57222 , 57223 , 57224 , 57229 , 57265 , 57270 , 57271 , 57272 , 57273 , 57274 , 57275 , 140618 , 140619 , 57290 , 140621 , 57297 , 57307 , 57308 , 57309 , 57310 , 57313 , 57314 , 57315 , 57320 , 57321 , 57322 , 57323 , 57324 , 57325 , 57326 , 57327 , 57328 , 57329 , 57330 , 57333 , 57334 , 57335 , 57336 , 57338 , 57342 , 57343 , 57344 , 57355 , 57359 , 57367 , 57368 , 57392 , 57393 , 57394 , 57405 , 141577 , 57439 , 57440 , 57443 , 57444 , 57447 , 57457 , 57458 , 140650 , 57471 , 57472 , 140654 , 57494 , 57495 , 140655 , 57500 , 57501 , 57502 , 57504 , 57505 , 140657 , 57515 , 57522 , 57523 , 57524 , 57525 , 57562 , 57563 , 57564 , 57567 , 57585 , 57586 , 57587 , 57592 , 57593 , 57597 , 57598 , 57599 , 57600 , 57601 , 57602 , 57603 , 57607 , 57608 , 57609 , 57610 , 57611 , 57613 , 57615 , 57688 , 57689 , 57690 , 57691 , 57692 , 57694 , 57695 , 57696 , 57697 , 57698 , 57708 , 57709 , 57710 , 57711 , 57712 , 57713 , 57714 , 57715 , 57716 , 57717 , 57721 , 57722 , 57724 , 57725 , 57726 , 57738 , 57741 , 57743 , 57745 , 150317 , 57770 , 57771 , 140703 , 140704 , 57801 , 57802 , 57814 , 57816 , 57834 , 57835 , 57838 , 57839 , 57840 , 57891 , 57892 , 57894 , 57895 , 57897 , 57898 , 57935 , 57936 , 57937 , 57938 , 57940 , 57941 , 57942 , 57943 , 57945 , 57946 , 57948 , 57949 , 57951 , 57952 , 57953 , 137230 , 140733 , 140735 , 57996 , 57997 , 58000 , 58001 , 58002 , 58003 , 58004 , 58005 , 58007 , 58046 , 58047 , 58048 , 58059 , 58060 , 141598 , 58081 , 58085 , 58093 , 58098 , 140756 , 58107 , 58108 , 58157 , 58182 , 58184 , 58185 , 58186 , 58194 , 58195 , 58229 , 58230 , 58231 , 58232 , 58237 , 58238 , 58252 , 58256 , 58266 , 58267 , 58268 , 58269 , 58295 , 58296 , 58297 , 58298 , 58299 , 58300 , 58301 , 58302 , 58303 , 58304 , 58305 , 58306 , 58307 , 58311 , 58316 , 58317 , 58318 , 140794 , 58349 , 145972 , 58353 , 58354 , 58355 , 58356 , 58357 , 58358 , 145973 , 58397 , 58404 , 58408 , 58409 , 58432 , 58446 , 58449 , 58450 , 58451 , 58452 , 58453 , 58454 , 58455 , 58456 , 58457 , 58458 , 58459 , 58460 , 58461 , 58462 , 58464 , 58466 , 58467 , 58468 , 58469 , 58470 , 58472 , 58473 , 58476 , 58483 , 58484 , 58487 , 58488 , 58489 , 58490 , 58491 , 58513 , 58514 , 58515 , 58524 , 58525 , 58533 , 58534 , 58535 , 58551 , 58552 , 140833 , 58571 , 58572 , 58573 , 58574 , 58575 , 58576 , 58577 , 58578 , 58579 , 58580 , 58581 , 58582 , 58583 , 58584 , 58585 , 58589 , 58590 , 58591 , 58593 , 58594 , 58595 , 58596 , 58599 , 58600 , 141616 , 140840 , 140841 , 140842 , 58626 , 58627 , 58628 , 58650 , 58654 , 58655 , 58675 , 58676 , 58677 , 58680 , 58681 , 58682 , 58683 , 58684 , 58685 , 58691 , 58699 , 58704 , 58723 , 58724 , 58725 , 58726 , 58727 , 58730 , 58731 , 58732 , 58733 , 58734 , 58735 , 58736 , 58737 , 58738 , 58739 , 58740 , 58745 , 58756 , 58757 , 58760 , 58765 , 58766 , 58767 , 58805 , 58809 , 58847 , 58848 , 58849 , 58850 , 58852 , 58853 , 58855 , 58856 , 58857 , 58858 , 58859 , 58860 , 58873 , 58878 , 58879 , 58880 , 58881 , 58882 , 58883 , 58884 , 58887 , 58888 , 58889 , 140892 , 58944 , 58948 , 58949 , 58950 , 58951 , 58952 , 58953 , 58954 , 58955 , 58956 , 58957 , 58958 , 58959 , 58960 , 58961 , 58962 , 58963 , 58964 , 58981 , 58982 , 58983 , 58984 , 58990 , 58997 , 58998 , 58999 , 59003 , 59008 , 59013 , 59024 , 59025 , 59026 , 59027 , 132901 , 59030 , 59031 , 59041 , 59049 , 59070 , 59074 , 59075 , 59076 , 59077 , 59078 , 59079 , 59082 , 59083 , 59085 , 59086 , 59087 , 132903 , 140921 , 59105 , 59106 , 132904 , 154728 , 59168 , 59183 , 59184 , 59190 , 59192 , 59193 , 59194 , 59210 , 59213 , 59214 , 59215 , 59234 , 59235 , 59236 , 59237 , 59238 , 59239 , 59243 , 59244 , 59254 , 59259 , 59260 , 59263 , 59264 , 59270 , 59275 , 59276 , 59278 , 59283 , 59286 , 140962 , 59342 , 140964 , 140965 , 140966 , 59366 , 59367 , 59373 , 59383 , 59384 , 150371 , 59388 , 59389 , 59390 , 146007 , 132914 , 59424 , 59443 , 59444 , 59445 , 59446 , 59467 , 59468 , 59469 , 59470 , 59471 , 59472 , 59473 , 59474 , 59475 , 59476 , 59477 , 59492 , 59513 , 59524 , 59536 , 59537 , 59538 , 59540 , 59541 , 59548 , 59551 , 59552 , 59553 , 59562 , 59574 , 59578 , 59579 , 59580 , 59581 , 59583 , 59584 , 59585 , 59586 , 141004 , 59600 , 59601 , 59607 , 59608 , 59613 , 59622 , 59623 , 59624 , 59625 , 59631 , 59632 , 59633 , 59640 , 59641 , 59642 , 59677 , 59681 , 59686 , 59697 , 59703 , 59713 , 59746 , 59748 , 59750 , 59753 , 59754 , 59756 , 59757 , 59758 , 59759 , 59760 , 59761 , 59762 , 59763 , 59764 , 59785 , 59786 , 59787 , 59794 , 59795 , 59796 , 59827 , 59863 , 59907 , 59908 , 59909 , 59910 , 59911 , 59916 , 59917 , 59918 , 59919 , 59920 , 59921 , 59922 , 59923 , 59924 , 59925 , 59927 , 59928 , 59929 , 59930 , 59937 , 59938 , 59939 , 59940 , 59941 , 59949 , 59950 , 59951 , 59953 , 59954 , 59955 , 59956 , 59957 , 59958 , 59959 , 59960 , 59961 , 59974 , 60007 , 60008 , 132934 , 60023 , 60024 , 60027 , 60028 , 60029 , 60045 , 60049 , 132935 , 60079 , 60080 , 60081 , 60082 , 60093 , 60118 , 60119 , 60120 , 60135 , 60136 , 60137 , 60144 , 60152 , 60156 , 60166 , 60171 , 60172 , 60173 , 60174 , 60175 , 60176 , 60177 , 60178 , 60180 , 60181 , 60194 , 60195 , 60196 , 60200 , 60201 , 60203 , 60204 , 60205 , 60207 , 60208 , 60209 , 60210 , 60237 , 60244 , 60245 , 141113 , 60248 , 60259 , 60265 , 60266 , 60267 , 60274 , 60275 , 60283 , 60284 , 60289 , 60290 , 60299 , 60309 , 60324 , 60328 , 60329 , 60330 , 60331 , 60332 , 60334 , 60335 , 60337 , 60338 , 60340 , 60341 , 60342 , 60343 , 60344 , 60345 , 60346 , 60347 , 60349 , 60350 , 60351 , 60373 , 60374 , 60381 , 60386 , 60408 , 60409 , 60410 , 60411 , 60412 , 60414 , 60415 , 60426 , 60440 , 60446 , 60450 , 60451 , 60454 , 60455 , 60456 , 60457 , 60458 , 60459 , 60465 , 60467 , 60475 , 60480 , 60481 , 60483 , 60484 , 60485 , 60486 , 60487 , 60488 , 60495 , 60496 , 141155 , 60504 , 60505 , 60509 , 60510 , 60511 , 60513 , 60514 , 60515 , 60516 , 60517 , 60518 , 60519 , 60527 , 60533 , 60544 , 60550 , 60555 , 60556 , 60557 , 60558 , 60559 , 154775 , 60587 , 60588 , 60589 , 60590 , 60591 , 60592 , 60593 , 60594 , 60596 , 60599 , 154776 , 60605 , 60606 , 60616 , 60617 , 60621 , 60622 , 60623 , 141180 , 60650 , 60653 , 60656 , 60657 , 60658 , 60659 , 60660 , 141182 , 60668 , 60679 , 60680 , 60681 , 60682 , 60683 , 60684 , 60685 , 60686 , 60690 , 60691 , 60692 , 60693 , 60694 , 60695 , 60696 , 60697 , 60698 , 60699 , 60700 , 60701 , 60702 , 60703 , 60704 , 60705 , 60715 , 60716 , 60717 , 60724 , 60728 , 60729 , 60730 , 60731 , 60732 , 60733 , 60740 , 60749 , 60750 , 60751 , 60752 , 60769 , 60770 , 60780 , 60781 , 60782 , 60783 , 60784 , 60786 , 60787 , 60788 , 60793 , 60794 , 60808 , 60809 , 60846 , 60847 , 60877 , 60878 , 60879 , 60880 , 60881 , 60907 , 60908 , 60909 , 60910 , 60917 , 60918 , 60919 , 60920 , 60921 , 60946 , 60953 , 60954 , 60955 , 60956 , 60957 , 60958 , 60959 , 60960 , 60961 , 60978 , 60985 , 60986 , 61008 , 61009 , 61010 , 61011 , 61012 , 61022 , 61072 , 61073 , 61074 , 61075 , 61081 , 61082 , 61083 , 61101 , 61102 , 61103 , 61112 , 61123 , 61124 , 61125 , 61126 , 61127 , 61128 , 61146 , 61147 , 61160 , 61162 , 154795 , 61183 , 61184 , 61185 , 61186 , 61187 , 61188 , 61191 , 61192 , 61193 , 61194 , 61195 , 61196 , 61199 , 61200 , 154796 , 61227 , 61228 , 61231 , 141278 , 61241 , 61242 , 141279 , 141280 , 141282 , 141283 , 141284 , 61303 , 61307 , 61309 , 61312 , 61313 , 61314 , 141291 , 61317 , 141292 , 61325 , 61326 , 61327 , 61328 , 61329 , 61330 , 141296 , 141297 , 61355 , 61356 , 61357 , 141299 , 141300 , 141301 , 61377 , 61378 , 61379 , 61380 , 61382 , 61388 , 61389 , 61390 , 61391 , 141304 , 61396 , 61397 , 61398 , 61399 , 61401 , 61409 , 61410 , 61414 , 61421 , 61427 , 61428 , 61434 , 61445 , 61446 , 61447 , 141314 , 61456 , 61457 , 61458 , 61459 , 141711 , 61483 , 141323 , 61553 , 61566 , 61567 , 141338 , 61605 , 61606 , 61607 , 61608 , 61609 , 61616 , 61626 , 61627 , 61628 , 61629 , 61630 , 61631 , 61632 , 61633 , 61639 , 61640 , 61641 , 61642 , 61643 , 61644 , 61645 , 141718 , 61692 , 61693 , 61694 , 61696 , 61697 , 61705 , 61706 , 61707 , 61708 , 61709 , 61710 , 61711 , 61718 , 61719 , 61729 , 61730 , 61740 , 61741 , 61743 , 61744 , 61745 , 61746 , 61750 , 61753 , 61757 , 135106 , 61759 , 61760 , 61799 , 61800 , 61801 , 61802 , 61803 , 61804 , 61805 , 61806 , 61807 , 61808 , 61809 , 61810 , 61811 , 61812 , 61818 , 150452 , 61821 , 61822 , 61823 , 61824 , 61825 , 61856 , 61857 , 61858 , 61859 , 61860 , 61861 , 61862 , 61864 , 61865 , 61866 , 61867 , 61868 , 61869 , 61870 , 61871 , 61897 , 61899 , 61900 , 61901 , 61910 , 61911 , 61912 , 61914 , 61915 , 61916 , 61917 , 61918 , 61922 , 61923 , 61933 , 61937 , 61938 , 61942 , 61950 , 61998 , 62000 , 62001 , 62002 , 62006 , 62024 , 62025 , 62026 , 62032 , 62033 , 62041 , 62042 , 62043 , 62044 , 62045 , 62046 , 62047 , 62048 , 62049 , 62050 , 62051 , 62068 , 62089 , 62093 , 62095 , 62143 , 62149 , 62150 , 141431 , 62160 , 141432 , 141434 , 141436 , 141437 , 62204 , 62205 , 62221 , 62234 , 62235 , 62236 , 62237 , 62238 , 62239 , 62240 , 62241 , 62242 , 62243 , 62251 , 62252 , 62268 , 62269 , 62271 , 62275 , 62293 , 62295 , 62298 , 62299 , 62300 , 62307 , 62315 , 62316 , 62317 , 62318 , 62319 , 62320 , 62321 , 62322 , 62323 , 62324 , 62325 , 62326 , 62327 , 62328 , 62329 , 62331 , 62332 , 62333 , 62334 , 62335 , 62353 , 62359 , 62360 , 62361 , 62363 , 62364 , 62365 , 62367 , 62374 , 62376 , 141468 , 62381 , 62382 , 62383 , 62384 , 62393 , 62394 , 62397 , 62398 , 62399 , 62400 , 62413 , 62414 , 62415 , 62416 , 62419 , 62421 , 62442 , 62449 , 62450 , 62451 , 62464 , 62467 , 62468 , 62469 , 62470 , 62472 , 62473 , 62474 , 62475 , 62476 , 62478 , 62479 , 62480 , 62484 , 62489 , 154919 , 62501 , 62502 , 62503 , 62504 , 62520 , 62527 , 62528 , 62529 , 62530 , 62531 , 62532 , 62533 , 62534 , 62537 , 62538 , 62539 , 62540 , 62541 , 62542 , 62543 , 62544 , 62545 , 62579 , 62580 , 62581 , 62627 , 62629 , 62630 , 62637 , 62639 , 137386 , 62652 , 62675 , 141518 , 62679 , 62680 , 62681 , 141519 , 62684 , 62695 , 62696 , 62697 , 62698 , 62699 , 141522 , 141524 , 62719 , 62725 , 62726 , 62727 , 62728 , 62729 , 62730 , 62731 , 62732 , 154847 , 62751 , 62752 , 62757 , 62758 , 62760 , 62763 , 62799 , 62821 , 62823 , 62824 , 62825 , 137392 , 62840 , 62850 , 141550 , 62893 , 62924 , 62925 , 62926 , 62929 , 62932 , 62933 , 62934 , 62946 , 62947 , 62948 , 62949 , 141565 , 141566 , 141567 , 141572 , 137398 , 141575 , 63031 , 63050 , 63069 , 63070 , 63071 , 63072 , 63073 , 63074 , 63080 , 141586 , 63094 , 63095 , 141589 , 63111 , 63153 , 63154 , 63155 , 63156 , 63157 , 63175 , 63176 , 63177 , 63178 , 63179 , 63180 , 63181 , 63182 , 63185 , 63186 , 63187 , 63188 , 63194 , 63197 , 63198 , 63199 , 63200 , 63201 , 63202 , 141607 , 154863 , 141608 , 63234 , 63254 , 63257 , 63258 , 63259 , 63260 , 63262 , 63263 , 63264 , 63265 , 63269 , 63270 , 63284 , 63293 , 63302 , 63303 , 63304 , 63305 , 63306 , 63309 , 63310 , 63311 , 63313 , 63314 , 141625 , 63320 , 63321 , 63323 , 63324 , 63325 , 63355 , 63356 , 63357 , 141634 , 141635 , 63380 , 63381 , 63382 , 141636 , 141637 , 63392 , 63404 , 63405 , 63406 , 63409 , 63410 , 63416 , 63420 , 63427 , 63428 , 63429 , 63444 , 63445 , 63456 , 63457 , 63489 , 63490 , 63494 , 63503 , 63526 , 63527 , 133051 , 63557 , 63558 , 63559 , 63560 , 63561 , 63562 , 63563 , 63564 , 63568 , 63569 , 63577 , 63578 , 63587 , 150511 , 133053 , 141671 , 63638 , 63639 , 63641 , 63642 , 63643 , 63665 , 63666 , 63689 , 63691 , 63695 , 63696 , 63697 , 63698 , 63702 , 63703 , 63704 , 63705 , 63706 , 63707 , 63709 , 63710 , 63713 , 63714 , 63715 , 63716 , 63720 , 63721 , 63722 , 63723 , 63724 , 63725 , 63726 , 63733 , 63735 , 63736 , 63737 , 63738 , 63740 , 63758 , 63771 , 63772 , 63773 , 63774 , 63775 , 63782 , 63783 , 63785 , 63789 , 141789 , 63803 , 63804 , 63808 , 63809 , 63832 , 63833 , 63834 , 63835 , 63836 , 63837 , 63838 , 63839 , 63841 , 63855 , 63871 , 63872 , 63873 , 63874 , 63875 , 63877 , 63878 , 63879 , 63880 , 63881 , 63882 , 63883 , 63884 , 63885 , 63886 , 63887 , 63888 , 63889 , 63890 , 63891 , 63907 , 63908 , 63912 , 63913 , 63914 , 63915 , 63916 , 63931 , 63932 , 63933 , 63934 , 63959 , 63960 , 63978 , 63979 , 63980 , 63981 , 63982 , 63983 , 63984 , 63985 , 63986 , 63987 , 63988 , 63989 , 63990 , 63991 , 64017 , 64035 , 64036 , 64037 , 64038 , 64045 , 64057 , 64058 , 64059 , 64065 , 64066 , 64068 , 64069 , 64100 , 64101 , 64118 , 64133 , 64134 , 64135 , 64136 , 64140 , 64141 , 64142 , 64143 , 64144 , 64145 , 64168 , 64175 , 64176 , 64177 , 64178 , 64179 , 141770 , 64190 , 64236 , 64239 , 64240 , 64242 , 64291 , 64300 , 64301 , 64302 , 64303 , 64304 , 141792 , 141793 , 64340 , 64341 , 64374 , 64375 , 64393 , 64394 , 64395 , 64396 , 64398 , 64399 , 64400 , 64401 , 64402 , 64405 , 64406 , 64407 , 64408 , 64417 , 64418 , 64419 , 64420 , 64422 , 64432 , 64433 , 64462 , 64463 , 64469 , 64471 , 141821 , 64500 , 64501 , 64502 , 64503 , 64504 , 64507 , 141824 , 64514 , 64515 , 64516 , 64517 , 64518 , 64520 , 64523 , 64536 , 64537 , 64538 , 64539 , 64540 , 64541 , 64542 , 64543 , 64544 , 64545 , 64546 , 64568 , 64569 , 64570 , 64572 , 64573 , 64574 , 64577 , 64580 , 64583 , 64584 , 64585 , 64586 , 64589 , 64590 , 64591 , 64592 , 64593 , 64615 , 64650 , 64651 , 64655 , 64656 , 64661 , 64662 , 64663 , 64664 , 64665 , 64666 , 64667 , 64668 , 64669 , 64670 , 64671 , 64672 , 64673 , 64675 , 64684 , 64685 , 64686 , 64687 , 64688 , 64692 , 64698 , 64701 , 64702 , 64703 , 64704 , 64705 , 64710 , 64711 , 64712 , 64713 , 64714 , 64715 , 64716 , 64717 , 64718 , 64719 , 64720 , 64721 , 64722 , 64723 , 64726 , 64727 , 64728 , 64729 , 64730 , 64731 , 64732 , 64733 , 64734 , 64735 , 64736 , 64747 , 64748 , 64751 , 64752 , 64753 , 64754 , 64755 , 64756 , 64757 , 64758 , 64759 , 64760 , 141866 , 64767 , 64768 , 141867 , 64777 , 64778 , 141869 , 64784 , 64790 , 64791 , 64792 , 64806 , 64807 , 64808 , 64809 , 64834 , 64835 , 64836 , 64837 , 64840 , 64842 , 64843 , 64844 , 64848 , 64858 , 64859 , 64865 , 64866 , 64867 , 64868 , 64869 , 64870 , 64871 , 64875 , 64876 , 64882 , 64883 , 64896 , 64897 , 64898 , 64899 , 64902 , 64903 , 64904 , 64905 , 64939 , 64940 , 150571 , 64980 , 64981 , 64982 , 64983 , 64984 , 64985 , 64986 , 65022 , 65023 , 141910 , 141911 , 65041 , 65042 , 65043 , 65044 , 65049 , 65050 , 65051 , 65052 , 65053 , 65054 , 65055 , 65056 , 65065 , 65066 , 65067 , 65081 , 65083 , 65084 , 65085 , 65091 , 65092 , 65093 , 65094 , 141921 , 141922 , 65102 , 65107 , 65108 , 65109 , 65111 , 65112 , 65130 , 65131 , 65135 , 65138 , 65140 , 65142 , 65143 , 65155 , 65156 , 65167 , 65174 , 65175 , 65176 , 65180 , 65191 , 65192 , 65193 , 65194 , 65196 , 65197 , 65198 , 65199 , 65200 , 65201 , 65203 , 65204 , 141940 , 65216 , 65217 , 65218 , 65219 , 141942 , 65226 , 65227 , 65228 , 65229 , 65230 , 65231 , 65232 , 65237 , 65238 , 65247 , 65256 , 65257 , 65259 , 65271 , 65272 , 65273 , 65274 , 65276 , 65277 , 65278 , 65279 , 65282 , 65297 , 65298 , 65299 , 65305 , 65306 , 65318 , 65319 , 65321 , 65322 , 65323 , 65324 , 65331 , 65335 , 65336 , 65352 , 65361 , 65365 , 65366 , 65368 , 65369 , 65382 , 65383 , 65384 , 65385 , 65388 , 65389 , 65390 , 65392 , 65393 , 65394 , 65395 , 65425 , 65428 , 65429 , 65431 , 65432 , 65433 , 65434 , 65435 , 65437 , 65438 , 65441 , 65442 , 65443 , 65451 , 65466 , 65467 , 65476 , 65477 , 65479 , 65483 , 65495 , 65496 , 65497 , 65498 , 65501 , 65508 , 65509 , 150575 , 65523 , 65537 , 141847 , 65552 , 65558 , 65559 , 65560 , 65564 , 65566 , 65567 , 65568 , 65570 , 65571 , 65572 , 65573 , 65574 , 65575 , 65576 , 65577 , 65586 , 65606 , 65613 , 65614 , 65634 , 65635 , 65641 , 65648 , 65652 , 65653 , 65654 , 65655 , 65656 , 65662 , 65665 , 65666 , 65667 , 65668 , 65669 , 65672 , 65673 , 65674 , 65687 , 65695 , 65702 , 65703 , 65708 , 65709 , 65710 , 65711 , 65714 , 65715 , 65716 , 65717 , 65749 , 65750 , 65781 , 65782 , 65789 , 65790 , 65791 , 65811 , 65813 , 65817 , 65819 , 65820 , 65821 , 65822 , 65843 , 65868 , 65869 , 65885 , 65891 , 65895 , 65896 , 65897 , 65899 , 65901 , 65904 , 65905 , 65906 , 65907 , 65915 , 65916 , 65917 , 65918 , 65926 , 65927 , 65928 , 65929 , 65930 , 65934 , 141860 , 65936 , 65937 , 65938 , 65939 , 65940 , 65941 , 65942 , 65944 , 142063 , 65949 , 65950 , 65951 , 65952 , 65953 , 65954 , 65955 , 65956 , 65957 , 65958 , 65959 , 65960 , 65961 , 65962 , 65963 , 65994 , 142071 , 66006 , 66007 , 66018 , 66019 , 66020 , 66021 , 66024 , 66025 , 66026 , 66038 , 66045 , 66046 , 66047 , 66048 , 66049 , 66050 , 66051 , 66052 , 66053 , 66054 , 66055 , 66057 , 66058 , 66059 , 66062 , 66063 , 66066 , 66067 , 66068 , 66069 , 66070 , 66105 , 66106 , 66107 , 66108 , 66109 , 66110 , 66144 , 66145 , 142097 , 142099 , 66171 , 66172 , 141868 , 66176 , 66177 , 66178 , 66180 , 66181 , 66182 , 66183 , 66185 , 66186 , 66187 , 66195 , 66208 , 66209 , 66210 , 66211 , 66213 , 66215 , 66216 , 66220 , 66221 , 66222 , 66223 , 66224 , 66226 , 66227 , 66228 , 66229 , 66230 , 66231 , 66232 , 66233 , 66234 , 142111 , 66237 , 66238 , 142112 , 142113 , 142115 , 142116 , 142117 , 142118 , 66282 , 66292 , 142121 , 66298 , 66299 , 142124 , 66319 , 66331 , 66332 , 66349 , 66350 , 66353 , 66367 , 66375 , 66376 , 66377 , 66378 , 66379 , 66381 , 66396 , 66408 , 66416 , 66439 , 66440 , 66445 , 66446 , 66447 , 66448 , 66476 , 66481 , 66482 , 66483 , 66485 , 66496 , 66497 , 66500 , 66501 , 66502 , 66503 , 66504 , 66505 , 66506 , 66525 , 66526 , 66545 , 66546 , 66547 , 66548 , 66550 , 66551 , 66552 , 66553 , 66557 , 66558 , 66559 , 66560 , 66561 , 66562 , 66564 , 66571 , 66588 , 66612 , 66614 , 66623 , 66624 , 66627 , 66628 , 66629 , 66640 , 66650 , 66654 , 66656 , 66657 , 66659 , 66660 , 66661 , 66662 , 66663 , 66664 , 66665 , 66667 , 66670 , 66671 , 66672 , 66674 , 66675 , 66676 , 66677 , 66678 , 66680 , 66682 , 66683 , 66684 , 66685 , 66686 , 66690 , 66704 , 66705 , 66706 , 66707 , 66708 , 66709 , 66711 , 66712 , 66715 , 66716 , 66720 , 66721 , 66722 , 66723 , 66724 , 66725 , 66726 , 66727 , 66730 , 66731 , 66733 , 66734 , 142196 , 142198 , 142199 , 66769 , 66782 , 66783 , 66784 , 66785 , 66786 , 66787 , 66793 , 66794 , 66795 , 66796 , 66815 , 66822 , 142212 , 66844 , 66845 , 66846 , 142217 , 66893 , 66894 , 66895 , 66896 , 66897 , 66898 , 66899 , 66900 , 66901 , 66902 , 66903 , 66904 , 66907 , 66908 , 66909 , 66913 , 66914 , 66915 , 66922 , 66928 , 66929 , 66930 , 66933 , 66934 , 66938 , 66939 , 66963 , 66964 , 66965 , 66966 , 66967 , 66977 , 66978 , 66979 , 66980 , 66986 , 66987 , 66988 , 66989 , 66990 , 66991 , 66993 , 66994 , 66995 , 66996 , 66997 , 66998 , 66999 , 67000 , 67002 , 67004 , 67005 , 67008 , 67009 , 67010 , 67011 , 67014 , 67015 , 67016 , 67037 , 67038 , 67040 , 67054 , 67075 , 67076 , 67077 , 67078 , 67079 , 67080 , 67081 , 67083 , 67084 , 67085 , 67087 , 67088 , 67089 , 67090 , 67091 , 67092 , 67093 , 67094 , 67095 , 67096 , 67100 , 67111 , 67112 , 67116 , 67117 , 67118 , 67119 , 67120 , 67125 , 67126 , 67127 , 67128 , 67129 , 67130 , 67135 , 67137 , 67142 , 67143 , 67155 , 67157 , 67159 , 67160 , 67165 , 67167 , 67168 , 67169 , 67171 , 67175 , 67176 , 67177 , 67178 , 67179 , 67180 , 67181 , 67182 , 67183 , 67185 , 67186 , 67187 , 67188 , 67189 , 67190 , 67191 , 67192 , 67193 , 67194 , 67224 , 67225 , 67227 , 67228 , 67229 , 67230 , 67231 , 67233 , 67234 , 67235 , 67236 , 67237 , 67238 , 67239 , 67240 , 67241 , 67243 , 67245 , 67246 , 67247 , 67248 , 67249 , 67250 , 142281 , 67261 , 142283 , 67273 , 67274 , 67278 , 67279 , 67280 , 67281 , 67282 , 67283 , 67285 , 67287 , 67302 , 67331 , 67332 , 67351 , 67352 , 67353 , 67354 , 67355 , 67356 , 67357 , 67358 , 67363 , 67364 , 67365 , 67366 , 67367 , 67368 , 67369 , 67370 , 67371 , 67372 , 67373 , 67375 , 67376 , 67377 , 67378 , 67379 , 67380 , 67381 , 67382 , 67383 , 67384 , 67385 , 67386 , 67387 , 67388 , 67389 , 67390 , 67392 , 67393 , 67394 , 67396 , 67397 , 67400 , 67401 , 67402 , 67403 , 67404 , 67405 , 67406 , 67407 , 67408 , 67409 , 67410 , 67416 , 136621 , 67450 , 67452 , 67453 , 67461 , 67462 , 67463 , 67464 , 67465 , 67466 , 67475 , 67476 , 67484 , 67492 , 67499 , 67500 , 67507 , 67509 , 67519 , 67573 , 67574 , 67575 , 67576 , 67580 , 67594 , 67595 , 67596 , 67597 , 67599 , 67608 , 67627 , 67628 , 142345 , 148843 , 67654 , 67664 , 67665 , 67666 , 67667 , 67668 , 67670 , 67693 , 67694 , 67695 , 67696 , 67697 , 67699 , 67700 , 67701 , 67702 , 67703 , 67715 , 67716 , 67717 , 67718 , 67727 , 67728 , 67729 , 67730 , 67731 , 67732 , 67733 , 67734 , 67735 , 67736 , 67737 , 67738 , 67739 , 67740 , 67741 , 67742 , 67743 , 67744 , 67745 , 67746 , 67747 , 67748 , 67749 , 67750 , 67751 , 67753 , 67758 , 67759 , 67762 , 67763 , 67765 , 67766 , 67786 , 67787 , 67788 , 67791 , 67792 , 67793 , 67794 , 67795 , 67796 , 67800 , 142372 , 67802 , 67803 , 67808 , 67809 , 141923 , 67850 , 67856 , 67857 , 67860 , 67879 , 67889 , 67921 , 67922 , 67923 , 67926 , 67930 , 67936 , 67940 , 67941 , 67948 , 67949 , 67958 , 67961 , 67977 , 67980 , 67986 , 67994 , 142405 , 68004 , 142406 , 68007 , 68008 , 142407 , 142408 , 142409 , 142410 , 68060 , 68061 , 68062 , 68063 , 68064 , 68065 , 68066 , 68067 , 68069 , 68070 , 68071 , 68072 , 68073 , 68074 , 68075 , 68076 , 68077 , 68078 , 68079 , 68080 , 68088 , 68089 , 68098 , 68099 , 68100 , 68118 , 68119 , 68121 , 68122 , 68123 , 68124 , 68127 , 68128 , 68129 , 68133 , 68141 , 68143 , 68145 , 68149 , 68155 , 68156 , 68157 , 68159 , 68160 , 68161 , 68162 , 68163 , 68164 , 68165 , 68166 , 68167 , 68168 , 68178 , 68179 , 68182 , 68211 , 68212 , 68213 , 68214 , 68215 , 68216 , 68217 , 68219 , 68220 , 68222 , 68223 , 68228 , 68229 , 68230 , 68232 , 68233 , 68235 , 68236 , 68237 , 68238 , 68239 , 68240 , 68242 , 68243 , 68244 , 68245 , 68246 , 68247 , 68248 , 68249 , 68250 , 68251 , 68252 , 68253 , 68255 , 68284 , 68288 , 68289 , 68290 , 68291 , 68292 , 68293 , 68294 , 68295 , 68297 , 68298 , 68299 , 68300 , 68302 , 68327 , 68331 , 68332 , 68333 , 68334 , 142461 , 68338 , 68339 , 68347 , 68348 , 68349 , 68350 , 68351 , 68352 , 147975 , 148848 , 68393 , 68394 , 68395 , 68398 , 68399 , 68401 , 68402 , 68403 , 68404 , 68405 , 68406 , 68407 , 68408 , 68410 , 68411 , 68414 , 68415 , 68416 , 68417 , 68421 , 68423 , 68424 , 68425 , 68426 , 68427 , 68429 , 68430 , 68431 , 68432 , 68436 , 68437 , 68443 , 68444 , 153213 , 68466 , 68476 , 68477 , 68478 , 68479 , 68480 , 68481 , 142486 , 68488 , 68489 , 68490 , 142487 , 142488 , 68500 , 68501 , 68521 , 68534 , 68542 , 68587 , 68619 , 68620 , 68625 , 68626 , 68627 , 68628 , 68629 , 68630 , 68635 , 68636 , 68637 , 68638 , 68658 , 68659 , 68685 , 68689 , 68690 , 68691 , 68692 , 68693 , 68694 , 68695 , 142522 , 142523 , 68720 , 68721 , 68722 , 68724 , 68725 , 68726 , 68730 , 68731 , 68732 , 68734 , 68735 , 68737 , 68751 , 68753 , 68784 , 68787 , 68795 , 68796 , 68797 , 68798 , 68799 , 68800 , 68801 , 68802 , 68854 , 68858 , 68860 , 68861 , 68862 , 68867 , 68870 , 68871 , 68874 , 68875 , 68876 , 68877 , 68878 , 68879 , 68880 , 68881 , 68882 , 68883 , 68884 , 68885 , 68886 , 68887 , 68889 , 68892 , 68900 , 142556 , 68907 , 68924 , 68927 , 68928 , 68929 , 68930 , 68931 , 68932 , 68933 , 68934 , 68936 , 68937 , 68938 , 68939 , 68997 , 68999 , 69000 , 69007 , 69013 , 69021 , 69023 , 69026 , 69027 , 69028 , 69029 , 137599 , 69102 , 69110 , 69111 , 69112 , 69124 , 69127 , 69131 , 69132 , 69133 , 69140 , 69147 , 69148 , 69149 , 69150 , 69151 , 69152 , 69153 , 69167 , 69170 , 69172 , 69197 , 69198 , 69199 , 69202 , 69203 , 69220 , 69225 , 69226 , 69227 , 69228 , 69229 , 69230 , 69233 , 69235 , 69236 , 69237 , 69238 , 69240 , 69241 , 69242 , 69243 , 69244 , 69245 , 69246 , 69247 , 69248 , 69249 , 69250 , 69251 , 69252 , 69253 , 69254 , 69255 , 69256 , 69257 , 69258 , 142615 , 69282 , 69283 , 69284 , 69290 , 69291 , 69292 , 69293 , 69294 , 69295 , 69296 , 69297 , 69298 , 69299 , 69301 , 69302 , 69305 , 69306 , 69307 , 69308 , 69309 , 69310 , 69311 , 69312 , 69313 , 69314 , 69315 , 69316 , 69317 , 69318 , 69327 , 69338 , 69339 , 69340 , 69341 , 69342 , 69343 , 69344 , 69345 , 69346 , 69349 , 69350 , 69351 , 69390 , 69408 , 69409 , 69410 , 69443 , 69456 , 69459 , 69460 , 69461 , 69468 , 69497 , 69498 , 69537 , 69588 , 69589 , 69590 , 142671 , 69609 , 69610 , 69617 , 69618 , 69619 , 69620 , 69621 , 69622 , 69623 , 69624 , 69625 , 69626 , 69627 , 69628 , 69629 , 69630 , 69631 , 69632 , 69635 , 69636 , 69645 , 69646 , 69647 , 69648 , 69649 , 69650 , 69651 , 69652 , 69653 , 69654 , 69655 , 69656 , 69657 , 69658 , 69659 , 69661 , 69667 , 69668 , 69669 , 69670 , 69671 , 69672 , 69673 , 69719 , 69721 , 69746 , 69747 , 69754 , 69755 , 69760 , 69764 , 69765 , 69766 , 69767 , 69776 , 69779 , 69780 , 69781 , 69782 , 69783 , 69798 , 69799 , 69800 , 69801 , 69802 , 69804 , 69805 , 69806 , 69808 , 69809 , 69810 , 69811 , 69814 , 69815 , 69816 , 69818 , 69819 , 69820 , 69821 , 69822 , 69823 , 69824 , 69825 , 69826 , 69827 , 69831 , 69835 , 69837 , 69839 , 69840 , 69856 , 69857 , 69858 , 69865 , 69868 , 69869 , 69870 , 69871 , 69879 , 69885 , 69896 , 69897 , 69898 , 69925 , 69926 , 69927 , 69928 , 69929 , 69931 , 69932 , 69933 , 69934 , 69935 , 69936 , 69937 , 69938 , 69939 , 69940 , 69941 , 69942 , 69943 , 69944 , 69945 , 69946 , 69947 , 69948 , 69949 , 69950 , 69951 , 69952 , 69953 , 69954 , 69955 , 69956 , 69957 , 69959 , 69961 , 69962 , 69966 , 69967 , 69968 , 69972 , 69973 , 69978 , 69979 , 69980 , 69981 , 69983 , 69984 , 69985 , 69986 , 69987 , 70002 , 70003 , 70004 , 70006 , 70007 , 70008 , 70009 , 70010 , 70011 , 70012 , 70016 , 70017 , 70018 , 70042 , 70043 , 70066 , 70074 , 70075 , 70076 , 70077 , 70078 , 70079 , 70080 , 70097 , 70098 , 70121 , 70122 , 70123 , 70125 , 70126 , 70127 , 70128 , 70129 , 70130 , 70131 , 70132 , 70133 , 70134 , 70135 , 70136 , 70137 , 70138 , 70139 , 70140 , 70141 , 70142 , 70143 , 70144 , 70145 , 70146 , 70147 , 70148 , 70149 , 70158 , 70159 , 70160 , 70163 , 70164 , 70166 , 70167 , 70168 , 70169 , 70170 , 70171 , 70172 , 70173 , 70174 , 70175 , 70176 , 70178 , 70179 , 70180 , 70184 , 70185 , 70187 , 70188 , 70195 , 70220 , 70242 , 70243 , 70249 , 70259 , 70267 , 70268 , 70278 , 70313 , 70314 , 70315 , 70316 , 70317 , 70318 , 142793 , 142794 , 142796 , 142797 , 70365 , 134895 , 70402 , 70436 , 70447 , 70448 , 70449 , 70463 , 70476 , 70479 , 70480 , 70486 , 70487 , 70491 , 70500 , 70501 , 70502 , 155106 , 70515 , 155107 , 70569 , 70590 , 70594 , 70595 , 70601 , 70602 , 70603 , 70604 , 70605 , 70606 , 70607 , 70608 , 70609 , 70610 , 70611 , 70612 , 70629 , 70632 , 70633 , 70634 , 70636 , 155111 , 155112 , 70705 , 70706 , 70707 , 70708 , 70709 , 70712 , 70713 , 70720 , 70721 , 70722 , 155113 , 70724 , 70729 , 70759 , 70760 , 70768 , 70769 , 70770 , 70771 , 70774 , 70775 , 70776 , 70777 , 70778 , 70779 , 70783 , 70784 , 70787 , 70788 , 70789 , 70793 , 70794 , 70796 , 70797 , 70798 , 70799 , 70800 , 70802 , 70803 , 155116 , 70846 , 70847 , 70849 , 70850 , 70851 , 70852 , 70865 , 70866 , 70868 , 70869 , 70872 , 70873 , 70874 , 70875 , 70876 , 70877 , 70878 , 70879 , 70880 , 70881 , 70889 , 70902 , 70929 , 70937 , 70938 , 70941 , 70942 , 70943 , 70944 , 70973 , 155122 , 71014 , 71017 , 71018 , 71039 , 71040 , 71046 , 71059 , 71060 , 71061 , 71062 , 71063 , 71080 , 71082 , 71084 , 71088 , 71116 , 71117 , 71118 , 71119 , 71120 , 71121 , 71123 , 71124 , 71125 , 71136 , 71137 , 71164 , 71165 , 71185 , 71186 , 71187 , 71188 , 71214 , 71215 , 71237 , 71238 , 71239 , 71240 , 71252 , 71268 , 71294 , 71297 , 71298 , 71299 , 71300 , 71302 , 71303 , 71304 , 71305 , 71306 , 71307 , 71308 , 71309 , 71336 , 142965 , 71370 , 71371 , 71377 , 71384 , 71385 , 71386 , 71387 , 71388 , 71389 , 71390 , 71391 , 71392 , 71393 , 71394 , 71404 , 71405 , 71406 , 71407 , 71408 , 71409 , 71410 , 71411 , 71412 , 71413 , 71414 , 71415 , 71416 , 71417 , 71418 , 71419 , 71420 , 71421 , 71433 , 71434 , 71435 , 71436 , 71437 , 71438 , 71439 , 71440 , 71441 , 71444 , 71447 , 71448 , 71449 , 71450 , 71452 , 71453 , 71468 , 71525 , 71530 , 71531 , 71532 , 71533 , 71534 , 71537 , 71538 , 71542 , 71544 , 71549 , 71550 , 71556 , 71587 , 71620 , 71625 , 71626 , 71627 , 71628 , 71630 , 71631 , 71632 , 71633 , 71634 , 71635 , 71636 , 71641 , 71642 , 71663 , 71668 , 71669 , 71670 , 71678 , 71679 , 71685 , 71687 , 71689 , 71690 , 71693 , 71694 , 71700 , 71701 , 71702 , 71703 , 71706 , 71719 , 71765 , 71781 , 139410 , 71794 , 71795 , 71796 , 71797 , 71798 , 71799 , 71800 , 71803 , 71804 , 71805 , 137691 , 71813 , 71814 , 71816 , 71817 , 71818 , 71819 , 71820 , 71821 , 71822 , 71823 , 71826 , 71827 , 71828 , 71832 , 71837 , 71848 , 71851 , 71852 , 71856 , 71857 , 71858 , 71859 , 71860 , 71861 , 71862 , 71863 , 71864 , 71866 , 71867 , 71883 , 71884 , 71885 , 71886 , 71888 , 71889 , 71891 , 71892 , 71894 , 71895 , 71896 , 71897 , 71898 , 71899 , 71900 , 143056 , 71909 , 71910 , 143057 , 143058 , 71929 , 71930 , 71932 , 71935 , 71936 , 71937 , 71938 , 71946 , 143063 , 143066 , 142061 , 71974 , 71980 , 71981 , 71982 , 71983 , 71984 , 143070 , 71990 , 71992 , 142062 , 143083 , 72072 , 72073 , 72077 , 72078 , 72079 , 72081 , 72093 , 72095 , 72124 , 146431 , 72136 , 72137 , 72138 , 72140 , 72141 , 72142 , 72143 , 72148 , 72149 , 72150 , 72153 , 72154 , 72155 , 72156 , 72157 , 72162 , 72208 , 72209 , 72229 , 72230 , 72231 , 72234 , 72236 , 72239 , 72240 , 72242 , 155165 , 72286 , 72287 , 72288 , 72289 , 72290 , 72300 , 72301 , 72302 , 72303 , 72308 , 72313 , 72314 , 72315 , 72316 , 72317 , 72318 , 72319 , 72320 , 72321 , 72322 , 72323 , 72324 , 72325 , 72326 , 72327 , 72328 , 72329 , 72331 , 72332 , 72333 , 72334 , 72335 , 72336 , 72337 , 137709 , 72362 , 72363 , 72369 , 72370 , 72387 , 72388 , 72390 , 72391 , 72392 , 72393 , 72394 , 72396 , 72397 , 72399 , 72400 , 72401 , 72415 , 72416 , 72417 , 72421 , 72422 , 72423 , 72424 , 72425 , 72426 , 72427 , 72429 , 72432 , 72441 , 72460 , 143149 , 72479 , 72480 , 72481 , 72482 , 72483 , 72484 , 72485 , 72486 , 143154 , 72528 , 72535 , 72536 , 72585 , 72586 , 137717 , 72590 , 72596 , 72605 , 72606 , 72607 , 72608 , 72609 , 72610 , 72611 , 72612 , 72613 , 72648 , 72649 , 72650 , 72654 , 72665 , 72666 , 72667 , 72679 , 72731 , 155298 , 72734 , 72741 , 72742 , 72743 , 72747 , 72769 , 72770 , 72778 , 146453 , 72804 , 72808 , 72809 , 72810 , 72811 , 72817 , 72825 , 72826 , 72827 , 72838 , 72847 , 72849 , 72850 , 72885 , 72911 , 155188 , 72986 , 72987 , 72988 , 72989 , 72990 , 72991 , 73000 , 73001 , 73004 , 73008 , 73046 , 73057 , 73058 , 73059 , 73060 , 73061 , 73062 , 73063 , 73064 , 73065 , 73066 , 73067 , 73068 , 73074 , 73075 , 73076 , 73077 , 73083 , 73106 , 73107 , 73108 , 73109 , 73110 , 73111 , 73112 , 73113 , 73115 , 73116 , 73117 , 73118 , 73119 , 73120 , 73121 , 73123 , 73124 , 73125 , 73126 , 73127 , 73133 , 73134 , 73135 , 73136 , 73137 , 73144 , 73145 , 73146 , 73147 , 73148 , 73149 , 73150 , 73151 , 73152 , 73153 , 73154 , 73155 , 73156 , 73157 , 73158 , 143265 , 73160 , 73161 , 73163 , 73164 , 73165 , 73166 , 73170 , 73175 , 73176 , 73177 , 73214 , 73225 , 73236 , 73237 , 73247 , 73268 , 73275 , 73276 , 73285 , 73286 , 73292 , 73304 , 73305 , 73308 , 73315 , 73317 , 73318 , 73319 , 73321 , 73322 , 73327 , 73328 , 73332 , 73333 , 73334 , 73336 , 73351 , 73352 , 73357 , 73364 , 73365 , 73366 , 73424 , 73425 , 73426 , 73427 , 73441 , 73442 , 73444 , 73445 , 73446 , 73447 , 73448 , 73457 , 73479 , 73480 , 73481 , 73486 , 73488 , 73489 , 73490 , 73492 , 73493 , 73494 , 73496 , 73516 , 73519 , 73520 , 73525 , 143327 , 73536 , 73560 , 73561 , 73562 , 73563 , 73564 , 73565 , 73566 , 73567 , 73568 , 73569 , 73570 , 73571 , 73576 , 73598 , 73604 , 73607 , 73622 , 73625 , 73658 , 73660 , 73661 , 73662 , 73663 , 73664 , 73666 , 73667 , 73668 , 73672 , 73678 , 73693 , 73697 , 73699 , 73704 , 73725 , 73726 , 73755 , 73756 , 73757 , 73775 , 73776 , 73777 , 73778 , 73786 , 73787 , 73788 , 73789 , 73790 , 73791 , 73792 , 73793 , 73794 , 73804 , 73805 , 73811 , 73812 , 73815 , 73816 , 73817 , 73818 , 73824 , 73825 , 73826 , 73827 , 73828 , 73829 , 73865 , 73897 , 73910 , 73932 , 137764 , 74001 , 74002 , 74003 , 74013 , 74014 , 74017 , 74018 , 146494 , 74036 , 74037 , 74047 , 74048 , 74049 , 74050 , 74051 , 74053 , 74055 , 74056 , 74057 , 74058 , 74059 , 74065 , 74077 , 74081 , 74084 , 74086 , 74087 , 74115 , 74122 , 143430 , 74153 , 74154 , 74155 , 74157 , 74158 , 74159 , 143432 , 74178 , 74185 , 74186 , 143438 , 74200 , 74203 , 74227 , 74228 , 74229 , 74233 , 74237 , 74238 , 74239 , 74255 , 74265 , 74268 , 74269 , 74271 , 74283 , 74284 , 74288 , 74289 , 74290 , 74305 , 74306 , 74307 , 74308 , 74309 , 74310 , 74324 , 74325 , 74326 , 74327 , 74330 , 74331 , 74332 , 143461 , 74339 , 74351 , 74352 , 74360 , 74363 , 74364 , 74365 , 74366 , 74367 , 74368 , 74373 , 74374 , 74376 , 74377 , 74378 , 74379 , 74380 , 74381 , 74382 , 74383 , 74384 , 74385 , 74386 , 74393 , 74397 , 137778 , 74420 , 74421 , 74433 , 74434 , 74435 , 74436 , 74437 , 74439 , 74442 , 74443 , 74444 , 74445 , 74446 , 74447 , 74475 , 74476 , 74478 , 143486 , 74490 , 74491 , 74492 , 74493 , 74500 , 74512 , 74513 , 74522 , 74527 , 74528 , 74529 , 74544 , 74545 , 74546 , 74547 , 74548 , 74549 , 74550 , 74559 , 74560 , 74561 , 74562 , 74563 , 74564 , 74565 , 74573 , 74580 , 74587 , 74604 , 74612 , 74613 , 74614 , 74615 , 74616 , 74617 , 74618 , 74619 , 74620 , 74621 , 74622 , 74623 , 74624 , 74625 , 74648 , 146516 , 74702 , 74703 , 74704 , 74705 , 74706 , 74707 , 74708 , 74726 , 74727 , 74728 , 74730 , 74741 , 74742 , 74743 , 74744 , 74746 , 74747 , 74748 , 74749 , 74750 , 74751 , 74752 , 74757 , 74760 , 74761 , 74763 , 74773 , 74774 , 143536 , 143537 , 143538 , 74804 , 74821 , 74822 , 74826 , 74833 , 74834 , 74835 , 74836 , 74837 , 74838 , 74839 , 74840 , 74841 , 74846 , 74859 , 74869 , 74870 , 74871 , 74872 , 74873 , 74874 , 74875 , 74876 , 74878 , 74879 , 74880 , 74881 , 74882 , 74884 , 74885 , 74886 , 74887 , 74889 , 74891 , 74892 , 143554 , 74894 , 74896 , 74897 , 74899 , 74905 , 74906 , 74907 , 74908 , 74909 , 74910 , 74911 , 143558 , 143563 , 143564 , 74964 , 74968 , 74969 , 74970 , 74971 , 74972 , 74974 , 74977 , 74978 , 74979 , 74980 , 74981 , 74982 , 74983 , 74985 , 74986 , 74995 , 74996 , 75000 , 75020 , 75021 , 75033 , 75081 , 75082 , 75086 , 75087 , 75095 , 75096 , 75099 , 75100 , 75101 , 75103 , 75104 , 75107 , 75157 , 75158 , 75173 , 75174 , 75175 , 75183 , 75188 , 75189 , 75190 , 75191 , 75213 , 75244 , 75320 , 75321 , 75348 , 75349 , 75370 , 75371 , 75372 , 75373 , 143637 , 75395 , 75396 , 75417 , 75418 , 75423 , 75428 , 143647 , 75452 , 75455 , 75456 , 75469 , 75472 , 75473 , 75474 , 75475 , 75476 , 75477 , 75478 , 75479 , 75480 , 75481 , 75482 , 75483 , 75484 , 75485 , 75486 , 75494 , 155273 , 143661 , 75541 , 75545 , 75546 , 75547 , 75548 , 143664 , 143665 , 75568 , 75569 , 75570 , 75571 , 75572 , 133452 , 75581 , 143672 , 143673 , 143674 , 143675 , 75630 , 75645 , 75646 , 75647 , 75648 , 75649 , 75650 , 75651 , 75652 , 75653 , 75654 , 75660 , 75661 , 75662 , 75663 , 75664 , 75667 , 75668 , 75669 , 75670 , 75675 , 75676 , 75690 , 75691 , 75692 , 75693 , 75694 , 75695 , 75702 , 75703 , 75704 , 75705 , 75707 , 75709 , 75711 , 75712 , 75713 , 75714 , 75715 , 75716 , 75717 , 75720 , 75721 , 75722 , 75723 , 75724 , 75761 , 75774 , 75798 , 75808 , 75809 , 75812 , 75813 , 75821 , 75822 , 75823 , 75824 , 75851 , 75852 , 75853 , 75863 , 75865 , 75866 , 75868 , 75869 , 75870 , 75871 , 75872 , 75873 , 75874 , 75875 , 75876 , 143718 , 143719 , 75884 , 75885 , 75903 , 75927 , 75928 , 75929 , 75946 , 75948 , 75949 , 75950 , 75951 , 75952 , 75953 , 75954 , 75955 , 75956 , 75957 , 75958 , 75969 , 75971 , 75972 , 75982 , 76016 , 76017 , 76018 , 76020 , 76021 , 76022 , 76024 , 76033 , 76036 , 76037 , 76038 , 76039 , 76040 , 76041 , 76042 , 76044 , 76048 , 76049 , 76057 , 76058 , 76059 , 76060 , 76063 , 76064 , 76065 , 76069 , 76070 , 76071 , 76072 , 76073 , 76074 , 76075 , 76077 , 76078 , 76079 , 76080 , 76081 , 76082 , 76083 , 76085 , 76091 , 76093 , 76094 , 76095 , 76096 , 76100 , 76101 , 76104 , 143662 , 76112 , 76113 , 76115 , 76116 , 76117 , 155293 , 76210 , 76211 , 76217 , 76218 , 76219 , 76220 , 76228 , 76233 , 76234 , 76235 , 76240 , 76241 , 76242 , 76243 , 143783 , 143784 , 143785 , 76280 , 76281 , 76282 , 76283 , 76287 , 76288 , 143787 , 143788 , 76298 , 76299 , 143789 , 76304 , 76305 , 143790 , 76313 , 76314 , 76333 , 76334 , 76335 , 76337 , 76338 , 76339 , 76340 , 76341 , 76342 , 76343 , 76344 , 76345 , 76346 , 76347 , 76348 , 76349 , 76350 , 76351 , 76352 , 76353 , 76354 , 76355 , 76356 , 76357 , 76358 , 76359 , 76370 , 76371 , 76372 , 76373 , 76374 , 76393 , 76394 , 76401 , 76418 , 76453 , 76454 , 76458 , 76459 , 76460 , 76462 , 76463 , 76464 , 76465 , 76466 , 76467 , 76468 , 76469 , 76470 , 143817 , 76473 , 143818 , 76479 , 76480 , 76511 , 76512 , 76513 , 76514 , 76515 , 76516 , 76517 , 76518 , 76519 , 76524 , 76525 , 76526 , 143827 , 76533 , 76534 , 76535 , 76550 , 76562 , 76563 , 155308 , 76583 , 76584 , 76585 , 76586 , 76596 , 76597 , 76599 , 76604 , 76605 , 76639 , 76640 , 76657 , 76659 , 76662 , 76663 , 76664 , 76667 , 76668 , 76670 , 76671 , 76672 , 76673 , 76674 , 76675 , 76676 , 76677 , 76678 , 143853 , 155312 , 76701 , 76714 , 76727 , 76728 , 76729 , 76730 , 76731 , 76732 , 76733 , 76752 , 76753 , 76754 , 76755 , 76756 , 76758 , 76759 , 76764 , 76766 , 76768 , 76769 , 76770 , 76772 , 76773 , 76774 , 76775 , 76795 , 76813 , 76814 , 76818 , 76834 , 76841 , 76854 , 76864 , 76870 , 76871 , 76872 , 76884 , 76885 , 76886 , 76902 , 76903 , 76904 , 76910 , 76914 , 76915 , 76918 , 76919 , 76920 , 76921 , 76922 , 76924 , 76925 , 76926 , 76927 , 76931 , 76934 , 76935 , 76936 , 76937 , 76939 , 76940 , 76974 , 76975 , 76976 , 76977 , 76978 , 76979 , 76999 , 143912 , 77047 , 77048 , 77054 , 77055 , 77056 , 77057 , 77058 , 77059 , 77060 , 77061 , 77062 , 77065 , 77066 , 77068 , 77069 , 77070 , 77071 , 77072 , 77073 , 77076 , 77077 , 143919 , 77088 , 143920 , 150961 , 143924 , 143925 , 77126 , 77127 , 77128 , 143927 , 77135 , 77141 , 77142 , 77143 , 77144 , 77146 , 77147 , 77150 , 77151 , 77152 , 77153 , 77160 , 77165 , 77167 , 77168 , 77169 , 77170 , 77171 , 77172 , 77173 , 77174 , 77176 , 77192 , 77193 , 77206 , 77210 , 77211 , 77218 , 77219 , 77220 , 77221 , 77222 , 77230 , 77242 , 77247 , 77262 , 77263 , 77264 , 77269 , 77270 , 77271 , 77275 , 77277 , 77278 , 77279 , 77280 , 77281 , 77282 , 77283 , 77284 , 77285 , 77289 , 77298 , 77299 , 77320 , 77358 , 77359 , 77360 , 77361 , 77362 , 77363 , 77365 , 77366 , 77367 , 77368 , 77370 , 77389 , 77390 , 77391 , 77404 , 77444 , 77445 , 77446 , 77447 , 77448 , 77449 , 77450 , 77451 , 77452 , 77453 , 77454 , 77455 , 77456 , 77461 , 77462 , 77463 , 77469 , 77470 , 77483 , 77484 , 77485 , 77486 , 77492 , 77529 , 77530 , 77531 , 77532 , 77542 , 77545 , 77546 , 77547 , 77548 , 77550 , 77551 , 77555 , 77556 , 77558 , 77561 , 77562 , 77563 , 77564 , 77565 , 77566 , 77567 , 77569 , 77574 , 77607 , 77608 , 77609 , 77610 , 77611 , 77612 , 77613 , 77614 , 77615 , 77616 , 77617 , 77618 , 77619 , 77620 , 77621 , 77644 , 77646 , 77647 , 77650 , 77651 , 77667 , 77674 , 77675 , 77676 , 77677 , 77678 , 77679 , 77680 , 77682 , 77683 , 77684 , 77685 , 77695 , 77697 , 77698 , 77701 , 77702 , 77706 , 77707 , 77708 , 77709 , 77710 , 77711 , 142253 , 77759 , 77762 , 77770 , 77771 , 77772 , 146619 , 77789 , 77790 , 77791 , 77792 , 77793 , 77794 , 77795 , 77811 , 77812 , 77822 , 77826 , 77827 , 77828 , 77829 , 77831 , 77835 , 77836 , 77837 , 77838 , 77839 , 77840 , 77841 , 77846 , 77848 , 144048 , 144050 , 77878 , 77883 , 77884 , 77885 , 77886 , 77887 , 77888 , 77889 , 77890 , 77891 , 77892 , 77893 , 77894 , 77895 , 77903 , 77909 , 77910 , 77911 , 77912 , 77920 , 77921 , 77922 , 144547 , 77970 , 77971 , 78020 , 78065 , 78074 , 78076 , 78084 , 78085 , 78086 , 78087 , 78088 , 78097 , 78123 , 78129 , 78130 , 78131 , 78133 , 78134 , 78135 , 78136 , 78142 , 78158 , 78173 , 78220 , 78225 , 78230 , 78235 , 78236 , 78237 , 78239 , 78240 , 78241 , 78243 , 78245 , 78246 , 78247 , 78258 , 78259 , 78260 , 78267 , 78269 , 78304 , 78310 , 78326 , 78327 , 78334 , 78335 , 78336 , 78337 , 78338 , 78339 , 78340 , 78341 , 78359 , 78360 , 78361 , 78362 , 78363 , 78364 , 78366 , 78367 , 78368 , 78369 , 78370 , 78371 , 78372 , 78375 , 78376 , 78377 , 78378 , 78379 , 78380 , 78381 , 78382 , 78383 , 78385 , 78386 , 78388 , 78389 , 78390 , 78391 , 78392 , 78393 , 78394 , 78395 , 78396 , 78397 , 78398 , 78399 , 78400 , 78401 , 78402 , 78403 , 78404 , 78405 , 78407 , 78408 , 78409 , 78439 , 78440 , 78473 , 78474 , 78475 , 78476 , 78477 , 78478 , 78479 , 78480 , 78493 , 149370 , 78528 , 78529 , 78530 , 78535 , 78536 , 78537 , 78540 , 78543 , 78544 , 78545 , 78547 , 78548 , 144165 , 78579 , 78580 , 78581 , 78582 , 78583 , 78584 , 78585 , 78586 , 78592 , 78593 , 78594 , 78595 , 142282 , 78612 , 78613 , 78622 , 78623 , 78624 , 78625 , 78626 , 78627 , 78628 , 78639 , 78640 , 78641 , 78642 , 78643 , 78644 , 78651 , 78652 , 78653 , 144182 , 78680 , 78702 , 78703 , 78704 , 78713 , 78714 , 78718 , 78719 , 78720 , 78721 , 78722 , 78723 , 78724 , 78725 , 78726 , 78728 , 78729 , 78730 , 78733 , 78735 , 78736 , 78737 , 78759 , 78762 , 78763 , 78764 , 78765 , 78772 , 78773 , 78797 , 78798 , 78799 , 78800 , 78801 , 78802 , 78803 , 78804 , 78805 , 78822 , 78830 , 78831 , 78842 , 78846 , 78847 , 78848 , 78849 , 78851 , 78852 , 78853 , 78856 , 78862 , 78863 , 78864 , 78872 , 78873 , 78874 , 78878 , 78879 , 78880 , 78884 , 78885 , 78886 , 78888 , 78889 , 78890 , 78891 , 78892 , 78893 , 78895 , 78896 , 78911 , 78912 , 78917 , 78929 , 78930 , 78931 , 78944 , 78962 , 78970 , 78971 , 78974 , 78976 , 78990 , 78991 , 78992 , 78993 , 78994 , 79023 , 79037 , 146661 , 144247 , 79083 , 79084 , 79102 , 79103 , 79104 , 79105 , 79107 , 79108 , 79109 , 79110 , 79111 , 79112 , 79113 , 79114 , 79115 , 79116 , 79117 , 79118 , 79119 , 79120 , 79121 , 79122 , 79123 , 79124 , 79125 , 79127 , 79165 , 79166 , 79188 , 79189 , 79207 , 79208 , 79209 , 79210 , 79211 , 79212 , 79213 , 79214 , 79215 , 79216 , 79235 , 79236 , 79237 , 79238 , 79239 , 79240 , 79241 , 79242 , 79243 , 79244 , 79245 , 79246 , 79247 , 79248 , 79249 , 79250 , 79251 , 79252 , 79253 , 79254 , 79255 , 79256 , 79257 , 79258 , 79259 , 79261 , 79262 , 79263 , 79264 , 144286 , 79289 , 79290 , 79294 , 79295 , 79296 , 79316 , 79317 , 79321 , 79322 , 79323 , 79324 , 79326 , 79329 , 79330 , 79331 , 79332 , 79333 , 79334 , 79335 , 79336 , 79337 , 79338 , 79349 , 144299 , 144302 , 151037 , 79400 , 79401 , 79402 , 79404 , 79405 , 79406 , 79407 , 79408 , 79409 , 79410 , 79411 , 79412 , 79414 , 79418 , 79419 , 79429 , 79430 , 79431 , 79432 , 79433 , 79436 , 79437 , 79439 , 79440 , 79441 , 79446 , 79448 , 79457 , 79458 , 79459 , 79460 , 79461 , 79462 , 79463 , 79465 , 79467 , 79468 , 79469 , 79470 , 79471 , 79480 , 79481 , 79482 , 79483 , 79484 , 79485 , 79486 , 79487 , 79493 , 79494 , 79498 , 79499 , 79500 , 144322 , 144323 , 79513 , 79514 , 79515 , 79516 , 79517 , 79518 , 79519 , 79520 , 79522 , 79523 , 79524 , 79550 , 79551 , 79581 , 79582 , 79583 , 79584 , 79585 , 79586 , 79587 , 79588 , 79590 , 79591 , 79592 , 79594 , 79595 , 79596 , 79597 , 79600 , 79601 , 79603 , 79606 , 79607 , 79609 , 79610 , 79611 , 79629 , 79650 , 79655 , 79676 , 79677 , 79679 , 79681 , 79682 , 79683 , 79690 , 79691 , 79692 , 79695 , 79724 , 79744 , 146685 , 79773 , 79774 , 79775 , 79788 , 79789 , 79790 , 79791 , 79798 , 79799 , 79800 , 79801 , 79806 , 79807 , 79808 , 79809 , 79810 , 79811 , 79812 , 79818 , 79819 , 79820 , 79821 , 79822 , 79823 , 79825 , 79826 , 79827 , 79828 , 79829 , 79832 , 79835 , 79836 , 79837 , 79838 , 79839 , 79840 , 79841 , 79842 , 79893 , 79894 , 79895 , 79905 , 79906 , 79936 , 79938 , 79939 , 79948 , 79949 , 79950 , 79951 , 79952 , 79953 , 79954 , 79955 , 79956 , 79957 , 79958 , 79959 , 79960 , 79962 , 79963 , 79964 , 79965 , 79966 , 79967 , 79968 , 79969 , 79970 , 79971 , 79972 , 79982 , 79983 , 79984 , 80006 , 80008 , 80011 , 80015 , 80016 , 80017 , 80018 , 80019 , 80020 , 80040 , 80047 , 80048 , 80056 , 80057 , 80062 , 80069 , 80070 , 147180 , 80078 , 80117 , 80118 , 80119 , 80126 , 80127 , 80128 , 80129 , 80135 , 80136 , 80137 , 144429 , 144430 , 80151 , 80153 , 80154 , 144433 , 80169 , 80170 , 80172 , 80173 , 80174 , 80177 , 80178 , 144435 , 144436 , 80190 , 80191 , 80192 , 80193 , 80194 , 80195 , 80196 , 80197 , 80223 , 80224 , 80225 , 80226 , 80227 , 80228 , 80231 , 80233 , 80237 , 80242 , 80243 , 80249 , 80250 , 80251 , 80252 , 80256 , 80257 , 80288 , 80289 , 80290 , 80291 , 80292 , 80303 , 80312 , 80318 , 80319 , 80320 , 80321 , 80322 , 80324 , 80325 , 80339 , 80341 , 80354 , 80362 , 80371 , 80372 , 80373 , 80374 , 80377 , 80378 , 80379 , 80388 , 80398 , 80399 , 80400 , 80401 , 80412 , 80417 , 80418 , 80419 , 80420 , 80421 , 80422 , 80424 , 80426 , 80430 , 80431 , 80438 , 80440 , 80453 , 80455 , 80456 , 80474 , 80492 , 80493 , 80494 , 80495 , 80496 , 80499 , 80521 , 80528 , 80533 , 80534 , 80535 , 80536 , 80537 , 80538 , 80547 , 80548 , 80556 , 80557 , 80558 , 80559 , 80560 , 80567 , 80568 , 80569 , 80570 , 80577 , 80579 , 80580 , 80581 , 80582 , 80583 , 80584 , 80585 , 80586 , 80587 , 80588 , 80590 , 80591 , 80592 , 80593 , 80594 , 80595 , 80596 , 80597 , 80598 , 80599 , 80602 , 80604 , 80607 , 80608 , 80609 , 80641 , 80663 , 80664 , 80665 , 80666 , 80667 , 80668 , 80671 , 80672 , 80673 , 80674 , 80675 , 80676 , 80684 , 80685 , 80689 , 80690 , 80727 , 80728 , 80729 , 80743 , 80745 , 80751 , 80752 , 80753 , 80808 , 80809 , 80851 , 80852 , 80853 , 80859 , 80860 , 80861 , 80862 , 80863 , 80864 , 80865 , 80866 , 80867 , 80868 , 80877 , 80878 , 80879 , 80897 , 80898 , 80905 , 80906 , 144557 , 80915 , 80918 , 80923 , 80924 , 80925 , 80926 , 80928 , 80929 , 80930 , 80931 , 80933 , 80934 , 80938 , 80939 , 80940 , 80941 , 80942 , 80943 , 80944 , 80945 , 80970 , 80971 , 80973 , 80975 , 80976 , 80977 , 80982 , 144569 , 80988 , 80989 , 80990 , 80991 , 80994 , 81015 , 81017 , 81018 , 81019 , 81020 , 81025 , 81031 , 81035 , 81039 , 81041 , 81042 , 81043 , 81044 , 81055 , 81056 , 81057 , 81058 , 81059 , 81060 , 81061 , 81062 , 81076 , 81077 , 81086 , 81087 , 81088 , 81110 , 81112 , 81113 , 81114 , 81115 , 81123 , 81127 , 81135 , 81156 , 81166 , 81167 , 81169 , 155461 , 81177 , 81178 , 81179 , 81180 , 81181 , 81182 , 81183 , 81184 , 81185 , 81186 , 81190 , 81194 , 81195 , 81196 , 81197 , 81198 , 81199 , 81200 , 81202 , 81204 , 81205 , 81206 , 81207 , 81208 , 81209 , 81210 , 81211 , 81212 , 81213 , 81214 , 81215 , 81216 , 81217 , 81218 , 81219 , 81221 , 81222 , 81223 , 81226 , 81227 , 81228 , 81280 , 81285 , 81288 , 81289 , 81290 , 81291 , 81292 , 81311 , 81323 , 81328 , 81329 , 81330 , 81332 , 81333 , 81334 , 81335 , 81336 , 81337 , 81338 , 81339 , 81340 , 81343 , 81344 , 81382 , 81383 , 81384 , 81385 , 81388 , 81391 , 81392 , 81393 , 81394 , 81397 , 81398 , 81399 , 81402 , 81403 , 81404 , 81405 , 81406 , 81407 , 81408 , 81409 , 81410 , 81411 , 81414 , 81415 , 81416 , 81417 , 81419 , 81422 , 81423 , 81425 , 81435 , 81436 , 81455 , 144649 , 81475 , 144652 , 81485 , 81486 , 81487 , 81488 , 81489 , 81496 , 81497 , 81517 , 81539 , 81540 , 81541 , 81542 , 81543 , 81544 , 81545 , 81546 , 81547 , 81548 , 81549 , 81550 , 81551 , 81552 , 81564 , 81565 , 81566 , 81567 , 81585 , 81587 , 81645 , 81646 , 81647 , 81648 , 81651 , 81655 , 81657 , 81658 , 81660 , 81661 , 81666 , 81682 , 81683 , 81684 , 81689 , 81690 , 81691 , 81692 , 81693 , 81694 , 81695 , 81696 , 81707 , 81708 , 81709 , 81710 , 81727 , 81734 , 81735 , 81736 , 81737 , 81738 , 81739 , 81740 , 81741 , 81742 , 81743 , 81744 , 81746 , 81747 , 81748 , 81749 , 81757 , 81758 , 81759 , 81760 , 81761 , 81789 , 81801 , 81802 , 81807 , 81810 , 81811 , 81815 , 81816 , 81817 , 81818 , 81819 , 81820 , 81824 , 81825 , 81826 , 81827 , 81828 , 81829 , 81830 , 81832 , 81833 , 81835 , 81836 , 138025 , 81838 , 81839 , 81840 , 81841 , 81842 , 81843 , 81844 , 81845 , 81847 , 81848 , 81849 , 81850 , 81853 , 81854 , 81855 , 81856 , 81857 , 81858 , 81859 , 81863 , 81865 , 81899 , 81906 , 81907 , 81908 , 81909 , 81910 , 81911 , 81912 , 81913 , 81914 , 81915 , 81916 , 81917 , 81918 , 81919 , 81920 , 81921 , 81922 , 81923 , 81924 , 81925 , 81926 , 81927 , 81928 , 81929 , 81930 , 81932 , 81978 , 81979 , 82002 , 82003 , 82004 , 82005 , 82007 , 82008 , 82009 , 82017 , 82018 , 144743 , 133667 , 144746 , 144747 , 82056 , 82057 , 82058 , 82073 , 82102 , 82117 , 82118 , 82120 , 82121 , 82122 , 82123 , 82124 , 82132 , 82133 , 82134 , 82135 , 145448 , 82158 , 82159 , 82184 , 82185 , 82219 , 82220 , 82221 , 82222 , 82223 , 82227 , 82229 , 82240 , 82241 , 82253 , 82254 , 82255 , 82263 , 82264 , 82269 , 82270 , 82281 , 82303 , 82341 , 82342 , 82345 , 82346 , 82347 , 82348 , 82352 , 82360 , 82361 , 82362 , 82363 , 82370 , 82373 , 82397 , 82398 , 82413 , 82417 , 82418 , 82419 , 82420 , 82429 , 146774 , 82455 , 82473 , 82474 , 82476 , 82481 , 82482 , 151141 , 82546 , 82564 , 82565 , 82566 , 82569 , 82570 , 82607 , 82608 , 82611 , 82614 , 82615 , 82616 , 82630 , 82642 , 82644 , 82645 , 82667 , 82668 , 82669 , 82670 , 82674 , 82676 , 82678 , 82684 , 82685 , 82686 , 82687 , 82688 , 82707 , 82708 , 82709 , 82710 , 82711 , 82712 , 82714 , 82715 , 82716 , 82717 , 82718 , 82719 , 82720 , 82721 , 82722 , 82723 , 82732 , 82733 , 82734 , 82735 , 82737 , 82740 , 82741 , 82749 , 82750 , 82751 , 82752 , 82753 , 82754 , 82757 , 82758 , 82759 , 82760 , 82761 , 82762 , 82763 , 82765 , 82766 , 82767 , 82768 , 82769 , 82770 , 82786 , 82787 , 82803 , 82832 , 82833 , 82834 , 82835 , 82836 , 82837 , 82838 , 82846 , 82848 , 151563 , 82871 , 82872 , 82873 , 82906 , 82923 , 82926 , 82927 , 82928 , 82929 , 82930 , 82931 , 82971 , 82974 , 82975 , 82984 , 82990 , 82991 , 82992 , 82993 , 82994 , 82995 , 82999 , 83000 , 83001 , 83002 , 83004 , 83007 , 83009 , 83013 , 83014 , 83015 , 83016 , 83023 , 133700 , 83026 , 83027 , 83028 , 83029 , 83030 , 83032 , 83033 , 83034 , 83035 , 83036 , 83038 , 83039 , 83041 , 83043 , 83044 , 83045 , 83046 , 83047 , 83048 , 83049 , 83050 , 83051 , 83052 , 83053 , 83054 , 83055 , 83056 , 83057 , 83058 , 83059 , 83060 , 83061 , 83062 , 83063 , 83064 , 83072 , 83073 , 83074 , 83075 , 83076 , 83077 , 83078 , 83079 , 83082 , 83083 , 83084 , 83085 , 83086 , 83087 , 83089 , 83095 , 83096 , 83097 , 83113 , 83116 , 83141 , 83142 , 83143 , 83144 , 83145 , 83146 , 83147 , 83148 , 83152 , 83153 , 83161 , 83163 , 83164 , 83165 , 83192 , 83226 , 83228 , 83229 , 83230 , 83231 , 83239 , 83250 , 83251 , 83253 , 83254 , 83255 , 83259 , 83262 , 83273 , 83274 , 83275 , 83276 , 83277 , 83283 , 83284 , 83322 , 83324 , 83325 , 83326 , 83329 , 83330 , 83331 , 83333 , 83337 , 83338 , 83353 , 83354 , 83355 , 83358 , 83359 , 83360 , 83361 , 83362 , 83365 , 83366 , 83367 , 83368 , 83371 , 83372 , 83373 , 83374 , 83375 , 83376 , 83383 , 83384 , 83395 , 83397 , 83398 , 83399 , 83400 , 83401 , 83402 , 83403 , 83416 , 83417 , 83436 , 144978 , 83438 , 83439 , 144981 , 83465 , 83466 , 83467 , 83468 , 83473 , 83474 , 83490 , 83494 , 83501 , 83502 , 83504 , 83505 , 83506 , 146330 , 83513 , 83514 , 83519 , 83530 , 83552 , 83553 , 83574 , 83580 , 83581 , 83582 , 83585 , 133719 , 83616 , 83617 , 83620 , 83621 , 83622 , 83623 , 145011 , 83638 , 83639 , 83643 , 83644 , 145013 , 83667 , 83668 , 83669 , 83672 , 83673 , 83674 , 83675 , 83687 , 83688 , 83689 , 145022 , 83707 , 83722 , 83726 , 83727 , 83728 , 83729 , 83730 , 83733 , 83746 , 83751 , 83752 , 83753 , 83754 , 83755 , 83756 , 83764 , 83765 , 83766 , 83767 , 83768 , 83771 , 83772 , 83773 , 83774 , 83775 , 83794 , 83795 , 83797 , 83814 , 83815 , 83816 , 83817 , 83818 , 83819 , 83820 , 83821 , 83822 , 83823 , 83824 , 83825 , 83826 , 83827 , 83828 , 83830 , 83831 , 83833 , 83834 , 83836 , 83837 , 83838 , 83841 , 83847 , 83853 , 83854 , 83855 , 83856 , 83857 , 83858 , 83859 , 83860 , 83894 , 83958 , 83961 , 83962 , 83963 , 83965 , 83982 , 83983 , 83984 , 83986 , 83987 , 83988 , 83989 , 83990 , 83991 , 83992 , 83993 , 83994 , 83995 , 84006 , 84021 , 84022 , 84035 , 84053 , 84054 , 84055 , 84056 , 84057 , 84058 , 84059 , 84083 , 84085 , 84089 , 84100 , 84176 , 84185 , 84186 , 84224 , 84229 , 84230 , 84231 , 84234 , 84235 , 84241 , 84242 , 84243 , 84244 , 84245 , 145113 , 84261 , 84275 , 84276 , 84279 , 84280 , 84281 , 84282 , 84283 , 84287 , 84288 , 145120 , 84303 , 84307 , 84308 , 84309 , 84310 , 84312 , 84314 , 84315 , 84316 , 84317 , 84321 , 84322 , 84323 , 84324 , 84325 , 84326 , 84327 , 145127 , 84339 , 84340 , 84341 , 84343 , 84344 , 84345 , 84346 , 84347 , 84349 , 84355 , 84359 , 84360 , 84361 , 84370 , 84372 , 84391 , 84393 , 84396 , 84397 , 84398 , 84399 , 84400 , 84401 , 84412 , 84413 , 84434 , 84435 , 84436 , 84437 , 84445 , 84446 , 84447 , 84448 , 84452 , 84453 , 84454 , 84455 , 84458 , 84462 , 84464 , 84476 , 84478 , 84479 , 84493 , 84494 , 84495 , 84512 , 84513 , 84514 , 84515 , 84516 , 84517 , 84518 , 84519 , 84520 , 84521 , 84522 , 84523 , 84525 , 84526 , 84542 , 84543 , 84544 , 84548 , 84549 , 84553 , 84555 , 84558 , 84559 , 84581 , 145169 , 84590 , 84591 , 84592 , 84593 , 84594 , 84595 , 84603 , 84604 , 84605 , 84609 , 84617 , 84634 , 84635 , 84636 , 84637 , 84638 , 84639 , 84640 , 84651 , 84682 , 84703 , 84753 , 84754 , 84755 , 84756 , 84757 , 84761 , 84762 , 84763 , 84768 , 84780 , 84783 , 84786 , 84827 , 84828 , 84832 , 84833 , 84835 , 84836 , 84846 , 84852 , 84853 , 84854 , 84855 , 84856 , 84859 , 84860 , 84861 , 84862 , 84863 , 84864 , 84865 , 84869 , 84870 , 84878 , 84884 , 84885 , 84886 , 84887 , 84888 , 84889 , 84890 , 84893 , 84896 , 84898 , 84899 , 138127 , 84906 , 84907 , 84908 , 84909 , 84910 , 84915 , 84917 , 84918 , 84919 , 84920 , 84921 , 84925 , 84926 , 84927 , 84928 , 84929 , 84931 , 84936 , 84939 , 84945 , 84946 , 84947 , 84948 , 84952 , 84953 , 84954 , 84955 , 84963 , 84964 , 84965 , 84975 , 84978 , 84979 , 84980 , 84981 , 84982 , 84983 , 85000 , 85002 , 85032 , 85033 , 85091 , 85102 , 85103 , 85104 , 85105 , 85106 , 85107 , 85108 , 85109 , 85115 , 85151 , 85152 , 85153 , 85154 , 85155 , 85157 , 85166 , 85167 , 85168 , 85171 , 85175 , 85176 , 85203 , 85204 , 85205 , 85218 , 85220 , 85221 , 85222 , 85223 , 85236 , 145280 , 85273 , 85274 , 85275 , 145287 , 85292 , 85298 , 85299 , 85300 , 85301 , 85302 , 85303 , 85304 , 85305 , 85306 , 85307 , 85308 , 85309 , 85310 , 85317 , 85321 , 85334 , 85335 , 85336 , 85339 , 85383 , 85384 , 85387 , 85388 , 85392 , 85394 , 85397 , 85398 , 85403 , 85413 , 85414 , 145309 , 145311 , 85439 , 85440 , 85451 , 85452 , 85453 , 85459 , 85463 , 85464 , 85465 , 85505 , 85506 , 85528 , 85529 , 85530 , 85531 , 85534 , 85538 , 85539 , 85561 , 85562 , 85563 , 85564 , 85565 , 85568 , 85574 , 85575 , 85576 , 85577 , 85579 , 85580 , 85582 , 85583 , 85584 , 85585 , 85586 , 85587 , 85589 , 85590 , 85591 , 85592 , 85593 , 85594 , 85595 , 85596 , 85600 , 85620 , 85628 , 85639 , 85640 , 85641 , 85642 , 85643 , 85644 , 85645 , 85646 , 85647 , 85710 , 85711 , 85712 , 85715 , 85716 , 85734 , 85735 , 85736 , 85737 , 85738 , 85739 , 85740 , 85741 , 85742 , 85743 , 85744 , 85746 , 85747 , 85756 , 85758 , 85770 , 85771 , 85772 , 85773 , 85774 , 85775 , 85786 , 85792 , 85828 , 85829 , 85880 , 85881 , 85882 , 85883 , 85893 , 85894 , 85895 , 85896 , 85897 , 85898 , 85899 , 145389 , 85909 , 85936 , 85937 , 85964 , 85965 , 145401 , 85991 , 85992 , 85996 , 85997 , 85998 , 85999 , 86006 , 145407 , 86029 , 86030 , 86031 , 86038 , 86039 , 86040 , 86044 , 86050 , 86052 , 86055 , 86056 , 86057 , 86058 , 86060 , 86073 , 86074 , 86083 , 86086 , 86087 , 86088 , 86091 , 86092 , 86094 , 86095 , 86096 , 86097 , 86098 , 86107 , 86108 , 86109 , 86110 , 86111 , 86112 , 86113 , 86114 , 86115 , 86117 , 86126 , 86127 , 86128 , 86148 , 86188 , 86189 , 86196 , 145438 , 145439 , 86243 , 86250 , 86251 , 86252 , 86254 , 86255 , 86256 , 86257 , 86258 , 86259 , 86260 , 86261 , 86262 , 86263 , 86264 , 86265 , 86266 , 86267 , 86274 , 86275 , 86276 , 86277 , 86278 , 86279 , 145452 , 86304 , 86333 , 86334 , 86335 , 86347 , 86360 , 86387 , 86391 , 86392 , 86395 , 86398 , 86399 , 86400 , 86402 , 86403 , 86404 , 86405 , 86406 , 86407 , 86408 , 86418 , 86419 , 86427 , 86428 , 86433 , 86434 , 86435 , 86436 , 86437 , 86438 , 86439 , 86442 , 86443 , 86478 , 86479 , 86480 , 86481 , 86482 , 86483 , 86484 , 86485 , 86487 , 86488 , 86489 , 86490 , 86491 , 86492 , 86493 , 86494 , 86495 , 86497 , 86498 , 86499 , 86500 , 86525 , 86526 , 86527 , 86528 , 86529 , 86530 , 86531 , 86533 , 86534 , 86535 , 86543 , 86553 , 86559 , 86560 , 86561 , 86569 , 86570 , 86571 , 86574 , 86580 , 86581 , 86582 , 86583 , 86584 , 86585 , 86586 , 86587 , 86588 , 86589 , 86590 , 86596 , 86597 , 86598 , 86624 , 86625 , 86626 , 86631 , 86632 , 86634 , 86635 , 86636 , 86637 , 86638 , 86643 , 86644 , 86645 , 86646 , 86647 , 86653 , 86654 , 86655 , 86656 , 86657 , 86658 , 86659 , 86660 , 86661 , 86662 , 86663 , 86664 , 86665 , 86666 , 86667 , 86668 , 86669 , 86670 , 86671 , 86672 , 86673 , 86675 , 86678 , 86679 , 86680 , 86681 , 86685 , 86699 , 86700 , 86701 , 86703 , 86704 , 86705 , 142552 , 86737 , 86738 , 86780 , 86781 , 86782 , 86783 , 86785 , 86787 , 86788 , 86789 , 86790 , 86791 , 86792 , 86793 , 86794 , 86795 , 86796 , 86797 , 86798 , 145540 , 145541 , 86821 , 86822 , 86825 , 86826 , 86827 , 86828 , 86829 , 86830 , 86831 , 145545 , 145546 , 86851 , 86872 , 86873 , 86874 , 86875 , 86878 , 86879 , 86880 , 86881 , 86882 , 86899 , 86900 , 145556 , 145558 , 145559 , 86924 , 86926 , 86927 , 145560 , 86940 , 86941 , 86942 , 86943 , 86944 , 86945 , 86946 , 86947 , 86948 , 86949 , 86950 , 86951 , 86952 , 86953 , 86954 , 86955 , 86957 , 86958 , 86959 , 86960 , 86961 , 86962 , 86963 , 86964 , 86965 , 86966 , 86967 , 86968 , 145567 , 86974 , 86976 , 86977 , 86982 , 86983 , 145570 , 86991 , 86992 , 86993 , 86994 , 86996 , 86997 , 87009 , 87019 , 87020 , 87037 , 87038 , 87039 , 87040 , 87041 , 87042 , 87044 , 87047 , 87048 , 87050 , 87052 , 87053 , 87059 , 87063 , 145583 , 87072 , 87073 , 87078 , 87082 , 87094 , 87095 , 87096 , 87098 , 87107 , 87108 , 87109 , 87112 , 87113 , 87115 , 87116 , 87117 , 87136 , 87156 , 145598 , 87167 , 87168 , 87169 , 87192 , 87193 , 87203 , 87204 , 87205 , 87207 , 87221 , 87222 , 87229 , 87256 , 87274 , 87281 , 87282 , 87283 , 87288 , 87289 , 87290 , 87291 , 87292 , 87293 , 87295 , 87297 , 87298 , 87299 , 87300 , 87301 , 87350 , 87361 , 87366 , 87382 , 87384 , 87386 , 87387 , 87388 , 87389 , 87394 , 87404 , 87405 , 87406 , 87408 , 87418 , 87419 , 87422 , 87423 , 145644 , 145645 , 145646 , 87456 , 87458 , 87459 , 87460 , 87461 , 87462 , 87463 , 87464 , 87465 , 87466 , 87467 , 87468 , 87469 , 87470 , 87471 , 87472 , 87473 , 87474 , 87475 , 87497 , 145657 , 87521 , 87522 , 87523 , 87524 , 87528 , 87529 , 87530 , 87531 , 87532 , 87533 , 87534 , 87535 , 87536 , 87538 , 87542 , 87543 , 87544 , 87545 , 87546 , 87558 , 87559 , 87560 , 87561 , 87568 , 87595 , 87596 , 87597 , 87598 , 87599 , 87605 , 87622 , 87623 , 87624 , 87625 , 87629 , 87630 , 87645 , 87646 , 87653 , 87663 , 87670 , 87671 , 87672 , 87675 , 87677 , 87678 , 87679 , 87681 , 87682 , 87683 , 87688 , 87692 , 87693 , 87694 , 87698 , 87699 , 87700 , 87701 , 87702 , 87703 , 87704 , 87707 , 87714 , 87715 , 87719 , 87722 , 87723 , 87725 , 87757 , 87760 , 87761 , 87762 , 87763 , 87765 , 87766 , 87767 , 87768 , 87779 , 87787 , 87834 , 87842 , 87873 , 87874 , 87889 , 87890 , 87891 , 87892 , 87903 , 87905 , 87930 , 87931 , 87933 , 87934 , 87935 , 87936 , 87937 , 87938 , 87939 , 87942 , 87943 , 87944 , 87945 , 87946 , 87947 , 87959 , 87964 , 87965 , 87966 , 87971 , 87975 , 87985 , 87986 , 88024 , 88025 , 88026 , 88027 , 88028 , 88046 , 88077 , 88080 , 88081 , 88082 , 88083 , 88084 , 88085 , 88087 , 88088 , 88089 , 88090 , 88094 , 88095 , 88096 , 88097 , 88098 , 88103 , 88105 , 88106 , 88107 , 88108 , 88109 , 88110 , 88111 , 88112 , 88113 , 88114 , 88128 , 145765 , 145766 , 145767 , 88177 , 88178 , 88179 , 145769 , 88184 , 88185 , 145770 , 145771 , 88197 , 88198 , 145772 , 88205 , 145774 , 145776 , 145777 , 138238 , 145778 , 88243 , 88244 , 88257 , 88258 , 88259 , 88260 , 88261 , 88262 , 88284 , 88285 , 145787 , 88302 , 88345 , 88346 , 88347 , 88348 , 88349 , 88350 , 88351 , 88352 , 88353 , 88354 , 88373 , 88374 , 88375 , 88377 , 88381 , 88382 , 88383 , 88384 , 88387 , 88389 , 88408 , 88409 , 88410 , 88411 , 88415 , 88416 , 88437 , 88438 , 88439 , 88440 , 88479 , 88482 , 88483 , 88488 , 88489 , 88524 , 88525 , 88529 , 88530 , 88531 , 88532 , 88533 , 88534 , 88545 , 88546 , 88548 , 88549 , 88550 , 88551 , 88552 , 88590 , 88591 , 88608 , 88609 , 88610 , 88611 , 88621 , 88622 , 88623 , 88624 , 88625 , 88626 , 88627 , 88628 , 88629 , 88630 , 88631 , 88632 , 88633 , 88634 , 88635 , 88636 , 88637 , 88647 , 88648 , 88649 , 88650 , 88651 , 88652 , 88653 , 88660 , 88661 , 88662 , 88664 , 88665 , 88666 , 88717 , 88718 , 88721 , 88722 , 88723 , 88724 , 88725 , 142619 , 88751 , 88815 , 88816 , 88817 , 88818 , 88819 , 88820 , 88821 , 88822 , 88823 , 88824 , 88825 , 88836 , 88837 , 88838 , 88841 , 88842 , 88845 , 88846 , 88847 , 88859 , 88860 , 88861 , 88862 , 88867 , 88873 , 88874 , 88875 , 88876 , 88877 , 88878 , 88882 , 88883 , 88892 , 88893 , 88894 , 88895 , 88915 , 88916 , 88917 , 88920 , 88922 , 88923 , 88924 , 88939 , 88940 , 88941 , 88942 , 88943 , 88944 , 88945 , 88946 , 88960 , 88963 , 88971 , 88992 , 88993 , 88995 , 88996 , 88997 , 88998 , 155722 , 89031 , 89039 , 89040 , 89041 , 89042 , 89043 , 89044 , 89045 , 89046 , 89047 , 89048 , 89049 , 89050 , 89051 , 89052 , 145914 , 89065 , 89066 , 89067 , 145919 , 89121 , 89148 , 89149 , 89150 , 89151 , 89152 , 89153 , 134147 , 89163 , 89164 , 89165 , 89166 , 89167 , 89168 , 89176 , 89178 , 89179 , 89180 , 89181 , 89182 , 89183 , 89184 , 89185 , 89186 , 89187 , 89188 , 89274 , 89302 , 89304 , 89306 , 89307 , 89311 , 89312 , 89314 , 89324 , 89325 , 89326 , 89327 , 89328 , 89329 , 89340 , 89361 , 89362 , 89370 , 89371 , 89372 , 89374 , 89380 , 89381 , 89384 , 89385 , 89386 , 89387 , 89388 , 89389 , 89390 , 89391 , 89399 , 89401 , 89402 , 89403 , 89404 , 89405 , 89406 , 89407 , 89412 , 89413 , 89418 , 89419 , 89420 , 89444 , 89451 , 89454 , 89455 , 89456 , 89457 , 89461 , 89471 , 89475 , 89479 , 89481 , 89482 , 89483 , 89484 , 89485 , 89486 , 89489 , 89490 , 89491 , 89492 , 89495 , 89496 , 89499 , 89500 , 89501 , 89506 , 89509 , 89510 , 89518 , 89524 , 89525 , 89526 , 89527 , 89528 , 89529 , 89530 , 89531 , 89532 , 89533 , 89547 , 89548 , 89551 , 89565 , 146004 , 146005 , 89602 , 89603 , 89604 , 89605 , 89606 , 89607 , 89608 , 89610 , 89611 , 89612 , 89613 , 89646 , 89654 , 89659 , 89671 , 89672 , 89673 , 89674 , 89675 , 89676 , 89677 , 89678 , 89679 , 89680 , 89681 , 89682 , 89685 , 89686 , 89687 , 89688 , 89689 , 89690 , 89691 , 89692 , 89693 , 89694 , 89695 , 89696 , 89697 , 89698 , 89699 , 89700 , 89701 , 89702 , 89703 , 89706 , 89707 , 89708 , 89753 , 89754 , 89755 , 89767 , 89768 , 89770 , 89773 , 89785 , 89786 , 89787 , 89788 , 89791 , 89792 , 89793 , 89794 , 89795 , 89796 , 89797 , 89798 , 89799 , 89800 , 89801 , 89803 , 89804 , 89805 , 137643 , 89822 , 89823 , 89847 , 89848 , 89849 , 89850 , 89851 , 89852 , 89857 , 89858 , 89859 , 89863 , 89864 , 89865 , 89870 , 89880 , 89888 , 89889 , 89893 , 89894 , 89906 , 89907 , 89916 , 89932 , 89933 , 89934 , 89936 , 89937 , 89946 , 89951 , 89957 , 89958 , 89960 , 89978 , 89979 , 89980 , 89981 , 89983 , 89984 , 89985 , 89986 , 89988 , 89989 , 89990 , 89994 , 89997 , 89999 , 90000 , 90006 , 90007 , 90008 , 90009 , 90010 , 90011 , 90012 , 90019 , 90020 , 90021 , 90022 , 90023 , 90024 , 90025 , 90026 , 90027 , 90050 , 90056 , 90057 , 90064 , 90065 , 90066 , 90067 , 90068 , 90071 , 90072 , 90073 , 90074 , 90075 , 90076 , 90077 , 90078 , 90079 , 90080 , 90086 , 90099 , 90102 , 90103 , 90121 , 90149 , 90156 , 90158 , 90164 , 90165 , 90166 , 90168 , 90207 , 90208 , 90211 , 90212 , 90213 , 90214 , 90220 , 90221 , 90223 , 90224 , 90226 , 90227 , 90236 , 90246 , 90297 , 90357 , 90360 , 90371 , 90372 , 90379 , 90387 , 90388 , 90389 , 90391 , 90392 , 90393 , 90394 , 90395 , 90401 , 90402 , 90403 , 90405 , 90408 , 90409 , 90410 , 90411 , 90412 , 90413 , 90415 , 90416 , 90417 , 90418 , 90421 , 90422 , 90425 , 90426 , 90436 , 90437 , 90438 , 90443 , 90444 , 90445 , 90446 , 90447 , 90451 , 155770 , 90459 , 90472 , 90476 , 90482 , 90483 , 90487 , 146156 , 90516 , 90517 , 90518 , 90519 , 90520 , 90528 , 90529 , 90531 , 90532 , 90538 , 90555 , 90557 , 90565 , 90566 , 90572 , 90573 , 90574 , 90575 , 90599 , 90600 , 90601 , 90602 , 90607 , 90614 , 90615 , 90623 , 90627 , 90653 , 90655 , 90656 , 90657 , 90658 , 90659 , 90660 , 90664 , 90665 , 90666 , 90667 , 90668 , 90685 , 90689 , 90690 , 90694 , 90695 , 138320 , 90697 , 90698 , 90699 , 90700 , 90726 , 90727 , 90746 , 90775 , 90776 , 90778 , 90779 , 90781 , 90820 , 90824 , 90825 , 90826 , 90827 , 90829 , 90830 , 90831 , 90832 , 90833 , 90834 , 90835 , 90836 , 90837 , 90844 , 90845 , 90846 , 90847 , 90848 , 90849 , 90850 , 90851 , 90852 , 90853 , 90887 , 90897 , 90901 , 90902 , 90903 , 90909 , 90921 , 90922 , 90923 , 90928 , 90929 , 90930 , 90931 , 90932 , 90933 , 90938 , 90939 , 90940 , 90955 , 90956 , 90957 , 90979 , 91009 , 91010 , 91033 , 91034 , 91039 , 91041 , 91042 , 91058 , 91060 , 91063 , 91064 , 91065 , 91085 , 91087 , 91096 , 91100 , 91127 , 91140 , 91150 , 154237 , 91164 , 91168 , 91169 , 91172 , 91176 , 91177 , 91178 , 91180 , 91181 , 91182 , 91183 , 91184 , 91185 , 91186 , 91187 , 91221 , 91222 , 91223 , 91224 , 91225 , 91226 , 91227 , 91242 , 91243 , 91250 , 133975 , 91295 , 91296 , 91297 , 91298 , 91299 , 91306 , 91307 , 91309 , 91310 , 91313 , 91314 , 146291 , 91317 , 91349 , 91350 , 91354 , 91357 , 91358 , 91359 , 91381 , 91382 , 91387 , 91396 , 91398 , 91399 , 91400 , 91412 , 91413 , 91414 , 91420 , 91421 , 91433 , 91434 , 91435 , 91436 , 91437 , 91438 , 91439 , 91440 , 91441 , 91442 , 91443 , 91455 , 91456 , 91457 , 91458 , 91459 , 91460 , 91462 , 91466 , 91467 , 91469 , 91472 , 91474 , 91475 , 91477 , 91478 , 91485 , 91491 , 91492 , 91493 , 91494 , 91495 , 91506 , 146325 , 91537 , 91538 , 146329 , 91545 , 91546 , 91549 , 91550 , 91551 , 91552 , 91553 , 91554 , 91555 , 91556 , 146332 , 91630 , 91636 , 91637 , 91638 , 91655 , 91656 , 91657 , 91658 , 91659 , 91661 , 91662 , 91663 , 91689 , 91701 , 91702 , 91703 , 91705 , 91706 , 91707 , 91708 , 91709 , 91710 , 91712 , 91713 , 91714 , 91716 , 91721 , 91722 , 91728 , 91729 , 91730 , 91731 , 91732 , 91741 , 91742 , 91744 , 91745 , 91746 , 91747 , 91748 , 91749 , 91750 , 91751 , 91752 , 91754 , 91755 , 91763 , 91764 , 91765 , 91768 , 91769 , 91770 , 91771 , 91774 , 91775 , 91776 , 91783 , 91798 , 91806 , 91807 , 91808 , 91810 , 91811 , 91812 , 91813 , 91814 , 91817 , 91818 , 91831 , 91832 , 91834 , 91835 , 91836 , 91843 , 91844 , 91845 , 91846 , 91859 , 91860 , 91861 , 91865 , 91875 , 91876 , 91885 , 91886 , 91887 , 91894 , 91895 , 91902 , 91903 , 91907 , 146392 , 155115 , 91944 , 91945 , 91946 , 91947 , 91980 , 91981 , 146404 , 91994 , 91995 , 92019 , 92020 , 92021 , 92025 , 92026 , 92037 , 92038 , 92039 , 92040 , 92041 , 92042 , 92043 , 92044 , 92045 , 92046 , 92048 , 92049 , 92050 , 92051 , 92052 , 92053 , 92054 , 92058 , 92069 , 92070 , 92071 , 92072 , 92074 , 92075 , 92076 , 92077 , 92078 , 92079 , 92091 , 92092 , 92093 , 92094 , 92097 , 92098 , 92099 , 92100 , 92101 , 92102 , 92103 , 92104 , 92105 , 92106 , 142732 , 92132 , 92150 , 92151 , 92153 , 92154 , 92155 , 92160 , 92161 , 92162 , 92163 , 92170 , 92184 , 92185 , 92186 , 92187 , 92188 , 92189 , 92190 , 92191 , 92192 , 92193 , 92194 , 92195 , 146439 , 146443 , 146451 , 92276 , 92277 , 92278 , 146452 , 92286 , 92287 , 146454 , 92303 , 92304 , 92305 , 92306 , 92313 , 92314 , 92315 , 92316 , 92317 , 92318 , 92319 , 92320 , 92325 , 92327 , 92333 , 92334 , 146461 , 92337 , 146463 , 92364 , 92365 , 92366 , 92367 , 92368 , 92369 , 92370 , 92371 , 92373 , 92374 , 92375 , 92376 , 92378 , 92379 , 92380 , 92382 , 92384 , 92385 , 92386 , 92387 , 92415 , 92416 , 92417 , 92418 , 92419 , 92422 , 92423 , 92428 , 92453 , 146483 , 92479 , 92480 , 92481 , 92483 , 92484 , 92485 , 92486 , 92487 , 92488 , 92492 , 92493 , 92494 , 92495 , 92496 , 92498 , 146491 , 146492 , 92525 , 92526 , 92527 , 92528 , 92529 , 92530 , 92531 , 92532 , 92533 , 92534 , 92535 , 92536 , 92544 , 92552 , 92572 , 92573 , 92574 , 92579 , 92583 , 92590 , 92591 , 92592 , 92593 , 92594 , 92595 , 92596 , 92597 , 92598 , 92599 , 92601 , 92602 , 92603 , 92604 , 92605 , 92606 , 92607 , 92608 , 92609 , 92612 , 92614 , 92615 , 92616 , 146508 , 92621 , 92622 , 92623 , 92628 , 92629 , 92658 , 92661 , 92662 , 92663 , 92664 , 92665 , 92666 , 92670 , 146517 , 92673 , 92676 , 92677 , 92680 , 92681 , 92685 , 92686 , 92688 , 92689 , 92690 , 92691 , 92692 , 92693 , 92694 , 92695 , 92696 , 92697 , 92698 , 92699 , 92703 , 92704 , 92706 , 92707 , 92708 , 92709 , 92711 , 92712 , 146526 , 92733 , 92734 , 92735 , 92736 , 92737 , 146529 , 92758 , 92768 , 92769 , 146537 , 146538 , 146539 , 92826 , 92831 , 92832 , 92833 , 92834 , 92835 , 92836 , 92837 , 92849 , 92876 , 92877 , 92878 , 92884 , 92889 , 92890 , 92894 , 92901 , 92902 , 92903 , 92904 , 92905 , 92906 , 92907 , 92908 , 92909 , 92910 , 92911 , 92912 , 92913 , 92914 , 92915 , 92916 , 92917 , 92926 , 137733 , 92946 , 92947 , 92955 , 92975 , 92976 , 92977 , 92996 , 92998 , 92999 , 93000 , 93001 , 93028 , 93029 , 93034 , 93036 , 93038 , 93055 , 93057 , 93058 , 93059 , 93060 , 93061 , 93062 , 143775 , 134035 , 93089 , 93096 , 93103 , 93104 , 93105 , 93106 , 93107 , 93108 , 93109 , 93110 , 93115 , 93116 , 93117 , 93118 , 93123 , 93124 , 93127 , 93128 , 93129 , 93130 , 93131 , 93132 , 93133 , 93135 , 93136 , 93137 , 93138 , 93139 , 93140 , 93155 , 93156 , 93157 , 93160 , 93161 , 93162 , 93164 , 93165 , 93166 , 93167 , 93169 , 93170 , 93171 , 93172 , 93173 , 93174 , 93175 , 93177 , 93178 , 93179 , 93180 , 93181 , 93186 , 93187 , 93188 , 93189 , 93190 , 93191 , 93192 , 93193 , 93194 , 93195 , 93196 , 93197 , 93198 , 93199 , 93208 , 93209 , 93211 , 93212 , 93213 , 93214 , 93215 , 93216 , 93220 , 93221 , 93232 , 93234 , 93235 , 93236 , 93237 , 93238 , 93262 , 93263 , 146618 , 93283 , 93284 , 93301 , 93302 , 93304 , 93305 , 93307 , 93308 , 93309 , 93310 , 93311 , 93338 , 93341 , 93342 , 93348 , 93349 , 93350 , 93360 , 93361 , 93362 , 93365 , 93366 , 93367 , 93368 , 93369 , 93374 , 93375 , 93376 , 93377 , 93378 , 93379 , 93380 , 93382 , 93383 , 93384 , 93385 , 93391 , 93392 , 93393 , 93395 , 93400 , 93401 , 93402 , 93403 , 93404 , 93405 , 93406 , 93408 , 93409 , 93410 , 93411 , 93416 , 93417 , 146642 , 146643 , 146644 , 146646 , 146647 , 93453 , 93455 , 93461 , 93462 , 93463 , 93467 , 93474 , 93476 , 93477 , 93479 , 93480 , 146653 , 93491 , 93492 , 93494 , 93495 , 93496 , 93497 , 93498 , 93499 , 93507 , 146660 , 93532 , 93533 , 93535 , 93536 , 93537 , 93538 , 93539 , 146662 , 93542 , 93543 , 93548 , 93571 , 93572 , 93573 , 93594 , 93595 , 93607 , 93608 , 93610 , 93611 , 93636 , 93659 , 93660 , 146684 , 93679 , 93696 , 93698 , 93699 , 93702 , 93703 , 93704 , 93705 , 93706 , 93707 , 93708 , 93709 , 93710 , 93711 , 93731 , 93732 , 93733 , 93736 , 93737 , 93738 , 93739 , 93740 , 93741 , 93742 , 93744 , 93745 , 93746 , 93747 , 93748 , 93749 , 93750 , 93809 , 93810 , 146709 , 146710 , 93834 , 93863 , 93871 , 93872 , 93873 , 93874 , 93883 , 93912 , 93913 , 93924 , 93925 , 93935 , 93936 , 93937 , 93939 , 93940 , 93942 , 93950 , 93951 , 93954 , 93955 , 93966 , 93968 , 93974 , 93975 , 93976 , 93977 , 93978 , 93979 , 93980 , 93981 , 93993 , 93994 , 93995 , 93996 , 93997 , 93998 , 93999 , 94000 , 94027 , 94028 , 94029 , 94030 , 94031 , 94034 , 94035 , 94036 , 94037 , 94040 , 94062 , 94063 , 94069 , 94072 , 94073 , 94074 , 94076 , 94078 , 94113 , 94121 , 94122 , 94123 , 94130 , 94136 , 94137 , 94138 , 94139 , 94145 , 94146 , 94152 , 94156 , 94159 , 94160 , 94161 , 94163 , 94164 , 94165 , 94184 , 94186 , 94187 , 94188 , 94192 , 94193 , 146771 , 94198 , 94199 , 94200 , 146772 , 146773 , 94213 , 146775 , 94222 , 94223 , 94240 , 94304 , 94310 , 94320 , 94334 , 94346 , 94348 , 94349 , 94350 , 94385 , 94386 , 94387 , 94388 , 94389 , 94390 , 94391 , 94392 , 94393 , 94394 , 94395 , 94396 , 94404 , 94405 , 94411 , 94413 , 94418 , 94419 , 94421 , 94422 , 94427 , 94450 , 94451 , 94452 , 94453 , 94454 , 94455 , 94456 , 94463 , 94464 , 94465 , 94467 , 94475 , 94476 , 94477 , 94479 , 94480 , 94481 , 94485 , 94486 , 94493 , 147176 , 94529 , 94530 , 94531 , 94532 , 94533 , 94534 , 147177 , 146830 , 94556 , 94560 , 94561 , 94563 , 94564 , 94565 , 94575 , 94582 , 94602 , 94603 , 94614 , 94615 , 94618 , 94625 , 94626 , 94627 , 94628 , 94629 , 94630 , 94631 , 94634 , 94635 , 94636 , 94673 , 94677 , 94678 , 94679 , 94689 , 94690 , 94704 , 94705 , 94706 , 94707 , 94708 , 94709 , 94710 , 94711 , 94712 , 94713 , 94714 , 94715 , 94734 , 94735 , 94736 , 94737 , 94738 , 94739 , 94740 , 94742 , 94743 , 94744 , 94745 , 94746 , 94751 , 94752 , 94765 , 94770 , 94775 , 94776 , 94777 , 94778 , 94782 , 94797 , 94799 , 94820 , 94824 , 94832 , 94833 , 94838 , 94843 , 94844 , 94846 , 94851 , 94863 , 94864 , 94865 , 94866 , 94869 , 94870 , 94871 , 94872 , 94905 , 94941 , 94942 , 94957 , 94958 , 94968 , 94969 , 94970 , 94972 , 94980 , 94981 , 94982 , 94983 , 94984 , 94985 , 94986 , 94987 , 94988 , 94989 , 94991 , 94992 , 94993 , 94996 , 94998 , 94999 , 95011 , 95013 , 95030 , 95031 , 95032 , 95033 , 95039 , 95042 , 95050 , 95051 , 95052 , 95053 , 95054 , 95055 , 95056 , 95057 , 95058 , 95059 , 95060 , 95061 , 95062 , 95063 , 95064 , 95065 , 95066 , 95067 , 95068 , 95069 , 95070 , 95074 , 95075 , 95076 , 95077 , 95082 , 146919 , 95088 , 95089 , 95090 , 95091 , 95092 , 95094 , 146921 , 95096 , 95097 , 95098 , 95099 , 95100 , 95123 , 95146 , 95147 , 95163 , 95164 , 95165 , 95166 , 95167 , 95181 , 95183 , 95184 , 95185 , 95214 , 95215 , 95227 , 95228 , 95229 , 95230 , 146948 , 95258 , 95262 , 95263 , 95264 , 95265 , 95266 , 146950 , 95270 , 95275 , 95276 , 95277 , 95278 , 95279 , 95280 , 95281 , 95282 , 95283 , 95284 , 95285 , 95295 , 95304 , 95305 , 95313 , 95314 , 95322 , 95323 , 95324 , 95326 , 95327 , 95328 , 95329 , 95330 , 95331 , 146963 , 146964 , 95358 , 95359 , 95360 , 95361 , 95362 , 95363 , 95366 , 95369 , 146971 , 146974 , 95430 , 95431 , 95432 , 95452 , 95456 , 95473 , 95474 , 95475 , 95476 , 95477 , 95478 , 95480 , 95481 , 95482 , 95483 , 95484 , 95485 , 95486 , 95487 , 95488 , 95489 , 95490 , 95491 , 95492 , 95493 , 95494 , 95514 , 95515 , 95516 , 95518 , 95533 , 95534 , 95537 , 95538 , 95539 , 95540 , 95541 , 95542 , 95543 , 95604 , 95605 , 95606 , 95607 , 95608 , 95611 , 95612 , 95613 , 95614 , 95616 , 95617 , 95618 , 95619 , 95620 , 95621 , 95622 , 95623 , 95624 , 95625 , 95626 , 95627 , 95628 , 95629 , 95646 , 95647 , 95649 , 95650 , 95651 , 95654 , 95655 , 95656 , 95657 , 95658 , 95660 , 95672 , 95679 , 95686 , 95687 , 95688 , 95689 , 95690 , 95691 , 95692 , 95695 , 95696 , 95697 , 95698 , 95699 , 95700 , 95701 , 95702 , 95703 , 95711 , 95722 , 95723 , 95747 , 95748 , 95749 , 95750 , 95751 , 95752 , 95753 , 95754 , 95755 , 95756 , 95758 , 95759 , 95760 , 95761 , 95772 , 95773 , 95774 , 95775 , 95781 , 95804 , 95814 , 95836 , 147045 , 95841 , 147046 , 147047 , 147048 , 95873 , 95874 , 147052 , 147053 , 95922 , 95924 , 95925 , 95931 , 95932 , 95933 , 95934 , 95991 , 96017 , 96018 , 96022 , 96023 , 96024 , 96037 , 96055 , 96056 , 96086 , 96087 , 96092 , 96093 , 96095 , 96096 , 96113 , 96115 , 96116 , 96117 , 96118 , 96119 , 96121 , 96122 , 96123 , 96150 , 96151 , 96152 , 96153 , 96154 , 96155 , 96156 , 96157 , 96158 , 96172 , 96185 , 96192 , 96193 , 96194 , 96195 , 96196 , 96197 , 96198 , 96199 , 96200 , 96201 , 96207 , 96208 , 96215 , 96219 , 96223 , 96224 , 96239 , 96240 , 96251 , 96252 , 96253 , 96256 , 96257 , 96258 , 96259 , 96260 , 96262 , 96263 , 96264 , 96265 , 96266 , 96274 , 96275 , 96276 , 96278 , 96279 , 96280 , 96281 , 96287 , 147120 , 96291 , 96292 , 96295 , 96296 , 96297 , 96299 , 96300 , 96301 , 96302 , 96303 , 96304 , 96305 , 96306 , 96307 , 96308 , 96309 , 96310 , 147129 , 96347 , 96357 , 96374 , 96375 , 96376 , 96377 , 96378 , 96381 , 96382 , 96383 , 96384 , 96386 , 96388 , 96389 , 96390 , 96402 , 96403 , 96404 , 96405 , 96406 , 96409 , 96415 , 96416 , 96417 , 96428 , 96429 , 96430 , 96431 , 96432 , 96433 , 96434 , 96435 , 96436 , 96444 , 96447 , 96448 , 96466 , 96467 , 96468 , 96474 , 96476 , 96486 , 96487 , 96488 , 96497 , 96498 , 96499 , 96500 , 96501 , 96502 , 96503 , 96504 , 96505 , 96506 , 96507 , 96508 , 96509 , 96511 , 96512 , 96513 , 96560 , 96561 , 96562 , 96563 , 96564 , 96566 , 96567 , 96573 , 147170 , 96592 , 96593 , 96594 , 147171 , 96606 , 96620 , 96621 , 96622 , 96623 , 96624 , 96625 , 96626 , 96628 , 96631 , 96632 , 96633 , 96634 , 96635 , 96636 , 147178 , 96642 , 96646 , 96647 , 96648 , 96649 , 96650 , 96651 , 147181 , 147182 , 147183 , 96671 , 96672 , 96673 , 96674 , 96680 , 96685 , 96686 , 96689 , 96690 , 96691 , 96692 , 96693 , 147188 , 96698 , 155978 , 96701 , 96702 , 147189 , 96705 , 96706 , 96707 , 96711 , 147191 , 147192 , 96747 , 96748 , 96758 , 96767 , 96768 , 96773 , 96775 , 96776 , 96782 , 96784 , 96785 , 96786 , 96788 , 96789 , 96793 , 96794 , 96795 , 96796 , 96802 , 96811 , 96820 , 96826 , 96827 , 96830 , 96831 , 96832 , 96838 , 96839 , 96840 , 96841 , 96842 , 96843 , 96844 , 96885 , 96886 , 96887 , 96925 , 96926 , 96933 , 96936 , 96940 , 96941 , 96942 , 96943 , 96950 , 96951 , 96973 , 96974 , 96975 , 96979 , 96980 , 96983 , 96984 , 96985 , 96986 , 96987 , 96988 , 96989 , 96990 , 96993 , 96994 , 134452 , 97013 , 97014 , 134166 , 147244 , 97035 , 97038 , 97039 , 97041 , 97042 , 97043 , 97044 , 97045 , 97046 , 97047 , 97048 , 97049 , 97050 , 97051 , 97052 , 97053 , 97054 , 97055 , 97056 , 97063 , 97069 , 97070 , 97071 , 97076 , 97082 , 97083 , 97089 , 97090 , 97091 , 97092 , 147256 , 97108 , 147257 , 147258 , 97148 , 97149 , 97150 , 97151 , 97156 , 97157 , 97158 , 97159 , 97160 , 97162 , 97191 , 97193 , 97194 , 97195 , 147272 , 155995 , 97213 , 97214 , 97222 , 97223 , 97234 , 97235 , 97236 , 97237 , 97238 , 97239 , 97240 , 97241 , 97242 , 97243 , 97250 , 97251 , 97264 , 97265 , 97266 , 97267 , 97268 , 97269 , 97270 , 97271 , 97285 , 97286 , 97287 , 97288 , 97289 , 97290 , 97293 , 97306 , 97331 , 97332 , 97333 , 97334 , 97335 , 97336 , 97337 , 97338 , 97339 , 97340 , 97345 , 97348 , 97349 , 97369 , 97370 , 97371 , 97383 , 97384 , 97402 , 97403 , 97407 , 97408 , 97415 , 97416 , 97417 , 97418 , 97419 , 97420 , 97421 , 97422 , 97424 , 97431 , 97432 , 97433 , 97434 , 97435 , 153406 , 147321 , 147322 , 97531 , 97532 , 97535 , 97554 , 97555 , 97556 , 97557 , 97558 , 97559 , 97560 , 97561 , 97562 , 97563 , 97564 , 97569 , 97580 , 97581 , 97585 , 97586 , 97593 , 97594 , 97600 , 97601 , 97602 , 97604 , 97605 , 97606 , 97607 , 97617 , 97618 , 97636 , 97637 , 97639 , 97640 , 97652 , 97654 , 97661 , 97669 , 97670 , 97678 , 97679 , 97680 , 97681 , 97682 , 97716 , 97721 , 97722 , 97723 , 97724 , 97725 , 97729 , 97772 , 97773 , 97774 , 97790 , 97791 , 97792 , 97793 , 97799 , 97812 , 97813 , 97814 , 97815 , 97816 , 97818 , 97819 , 97820 , 97821 , 97822 , 97823 , 97824 , 97825 , 97826 , 97832 , 97833 , 97834 , 97835 , 97836 , 97837 , 97838 , 97839 , 97845 , 97846 , 97848 , 97849 , 97852 , 97853 , 97854 , 97855 , 97856 , 97863 , 97865 , 97866 , 97869 , 97872 , 97873 , 97894 , 97895 , 97896 , 97897 , 97898 , 97899 , 97900 , 97901 , 97902 , 97903 , 97911 , 97912 , 97921 , 97922 , 97934 , 97937 , 97938 , 97939 , 97940 , 97941 , 97942 , 97945 , 97946 , 97952 , 97963 , 97967 , 97973 , 97992 , 97994 , 97996 , 98016 , 98065 , 98066 , 98067 , 98070 , 98081 , 98082 , 98115 , 98119 , 98138 , 98158 , 98166 , 98167 , 98168 , 98169 , 98170 , 98171 , 98172 , 98173 , 98174 , 98175 , 98176 , 98177 , 98178 , 98188 , 98189 , 98190 , 98201 , 98202 , 98203 , 98204 , 98220 , 98221 , 98222 , 98223 , 98224 , 98225 , 98226 , 98227 , 98228 , 98229 , 98230 , 98231 , 98233 , 98234 , 98235 , 98236 , 98237 , 98238 , 98239 , 98243 , 98244 , 98245 , 98246 , 98247 , 98248 , 98249 , 98252 , 98253 , 98254 , 98255 , 98259 , 98260 , 98261 , 98262 , 98263 , 98298 , 98309 , 98310 , 98311 , 98312 , 98316 , 98317 , 98318 , 98323 , 98324 , 98325 , 98326 , 98327 , 98349 , 98350 , 98357 , 98368 , 98369 , 98370 , 98371 , 98374 , 98375 , 98378 , 98379 , 98380 , 98381 , 98382 , 98390 , 98391 , 98399 , 98416 , 98417 , 98418 , 98420 , 98421 , 98422 , 98423 , 98429 , 98430 , 98431 , 98432 , 98435 , 147478 , 147479 , 147480 , 147481 , 98485 , 98486 , 98487 , 98493 , 98494 , 98499 , 98500 , 98505 , 98506 , 98534 , 98538 , 98539 , 98540 , 98575 , 98576 , 98578 , 98582 , 98589 , 98590 , 98591 , 98592 , 98595 , 98609 , 98610 , 98611 , 98612 , 98613 , 98617 , 98623 , 98624 , 98625 , 98627 , 98628 , 98635 , 98636 , 98640 , 98671 , 98672 , 98673 , 98674 , 98675 , 98689 , 98690 , 98691 , 98700 , 98701 , 98702 , 98703 , 98704 , 98705 , 98707 , 98708 , 98709 , 98711 , 98712 , 98713 , 98714 , 98715 , 98716 , 98717 , 98718 , 98719 , 98720 , 98721 , 98722 , 98723 , 98724 , 98725 , 98726 , 98727 , 98764 , 98765 , 98773 , 98774 , 98775 , 98796 , 98798 , 98807 , 98808 , 98809 , 98816 , 98819 , 98821 , 98830 , 98831 , 98832 , 98836 , 98838 , 98839 , 98840 , 98841 , 98842 , 98843 , 98844 , 98845 , 98846 , 98849 , 98858 , 98865 , 98866 , 98867 , 98868 , 98869 , 98882 , 98883 , 98887 , 98888 , 98891 , 98892 , 98893 , 98894 , 98907 , 98909 , 98915 , 98923 , 98924 , 98929 , 98930 , 98931 , 98932 , 98936 , 98937 , 98938 , 98943 , 98944 , 98945 , 98946 , 98947 , 98948 , 98949 , 98950 , 98951 , 98952 , 98953 , 98954 , 98955 , 98956 , 98958 , 98959 , 98960 , 98961 , 98962 , 98963 , 98964 , 98965 , 98966 , 98967 , 98968 , 98969 , 98970 , 98971 , 98972 , 98973 , 98974 , 98975 , 98976 , 98977 , 98978 , 98979 , 98980 , 98981 , 98982 , 98983 , 99008 , 99009 , 99010 , 99011 , 151691 , 99035 , 99036 , 99037 , 99041 , 99046 , 99048 , 99050 , 99059 , 99060 , 99127 , 99128 , 99129 , 99130 , 99155 , 99156 , 99157 , 99158 , 99160 , 99177 , 99181 , 99182 , 99186 , 99187 , 99188 , 99189 , 99190 , 99191 , 99192 , 99193 , 99194 , 99202 , 99210 , 99211 , 99212 , 99213 , 99214 , 99215 , 99236 , 99242 , 99267 , 99268 , 99283 , 99284 , 99286 , 99316 , 99317 , 99318 , 99319 , 99322 , 99324 , 99325 , 99427 , 99428 , 99429 , 99444 , 99447 , 99448 , 99449 , 99450 , 99452 , 99453 , 99454 , 99467 , 99474 , 99475 , 99476 , 99477 , 99494 , 99495 , 99496 , 99497 , 99498 , 99499 , 147656 , 99510 , 147657 , 99552 , 99564 , 99565 , 99566 , 99567 , 99568 , 99569 , 99570 , 99571 , 99572 , 99573 , 99574 , 99575 , 99578 , 99582 , 99584 , 99585 , 99589 , 99590 , 99591 , 99592 , 99593 , 99594 , 99595 , 99596 , 99597 , 99598 , 99599 , 99600 , 99621 , 99695 , 99698 , 99699 , 99700 , 99702 , 99703 , 99704 , 99709 , 99710 , 99711 , 99713 , 99714 , 99715 , 99716 , 99734 , 99735 , 99736 , 99737 , 99738 , 99739 , 99741 , 99742 , 99743 , 99744 , 99745 , 99746 , 99747 , 99748 , 99749 , 99750 , 99751 , 99752 , 99753 , 99755 , 99756 , 99757 , 99758 , 99760 , 99761 , 99762 , 99763 , 99764 , 99765 , 99766 , 99767 , 99768 , 99769 , 99771 , 99773 , 99776 , 99777 , 99778 , 99782 , 99783 , 99784 , 99785 , 99807 , 99808 , 99837 , 99838 , 99839 , 99840 , 99841 , 99842 , 99849 , 99850 , 99862 , 99863 , 99864 , 99874 , 99875 , 99877 , 99878 , 99885 , 99886 , 99906 , 141717 , 99912 , 99917 , 99931 , 99932 , 99933 , 99939 , 99951 , 99952 , 99966 , 99967 , 99996 , 99998 , 99999 , 100000 , 100001 , 100004 , 100007 , 100008 , 100009 , 100010 , 100011 , 100017 , 100018 , 100019 , 100021 , 100022 , 100046 , 100047 , 100049 , 100050 , 100079 , 100080 , 100087 , 100088 , 100089 , 100090 , 100091 , 100093 , 100094 , 100100 , 100101 , 100102 , 100103 , 100104 , 100105 , 100106 , 100130 , 100131 , 100132 , 100133 , 100134 , 100135 , 100136 , 100137 , 100138 , 100139 , 100140 , 100141 , 100142 , 100143 , 100144 , 153065 , 100162 , 100170 , 100178 , 100179 , 100180 , 100181 , 100182 , 100183 , 100184 , 100185 , 100186 , 100194 , 100195 , 100213 , 100214 , 100224 , 100225 , 100226 , 100229 , 100263 , 100264 , 100270 , 100271 , 100272 , 100302 , 100312 , 145569 , 100317 , 100341 , 100342 , 100343 , 100357 , 100358 , 100367 , 100368 , 100369 , 100423 , 100424 , 100429 , 100430 , 100431 , 100432 , 100433 , 100434 , 100435 , 100445 , 147817 , 100493 , 100497 , 100498 , 100515 , 100516 , 100528 , 100530 , 100536 , 100537 , 100538 , 100539 , 100540 , 100541 , 100542 , 100543 , 100544 , 100545 , 100546 , 100563 , 100564 , 100565 , 100566 , 100567 , 100568 , 100569 , 100570 , 100571 , 100572 , 100574 , 100575 , 100576 , 135096 , 100597 , 100598 , 100599 , 100600 , 100601 , 100602 , 100604 , 100605 , 100606 , 100607 , 100608 , 100609 , 100610 , 100611 , 100613 , 100614 , 100619 , 100620 , 100630 , 100631 , 100645 , 100646 , 100647 , 100648 , 100649 , 100650 , 100655 , 100658 , 100659 , 100662 , 100664 , 100665 , 100666 , 100667 , 100668 , 100669 , 100674 , 147851 , 100677 , 100678 , 100679 , 147853 , 147855 , 100704 , 100705 , 100706 , 100709 , 147857 , 147858 , 100720 , 100722 , 100723 , 100729 , 100741 , 100742 , 100746 , 100750 , 100751 , 100753 , 100754 , 100755 , 100756 , 100757 , 100760 , 100761 , 100762 , 100763 , 100764 , 100765 , 100768 , 100770 , 100772 , 100773 , 100774 , 100775 , 100776 , 147868 , 100783 , 100786 , 100787 , 147870 , 100796 , 100797 , 100798 , 100799 , 100800 , 100801 , 100802 , 100803 , 100804 , 100805 , 100806 , 100807 , 100808 , 100809 , 100810 , 100811 , 100812 , 100813 , 100816 , 100817 , 100818 , 100819 , 100820 , 100821 , 100822 , 147876 , 100830 , 100831 , 100832 , 100850 , 100854 , 147881 , 100860 , 147883 , 100885 , 100888 , 100889 , 100890 , 100891 , 100894 , 100895 , 100896 , 100897 , 100910 , 100911 , 100912 , 100913 , 100927 , 100928 , 100930 , 100931 , 100963 , 100964 , 100965 , 100970 , 100971 , 100972 , 100985 , 147903 , 100999 , 147907 , 101017 , 147909 , 101035 , 101039 , 101040 , 101044 , 101045 , 101046 , 101047 , 101048 , 101049 , 101050 , 101055 , 101058 , 101062 , 147917 , 101073 , 101074 , 101075 , 101077 , 101078 , 101080 , 101081 , 101082 , 101083 , 101091 , 138667 , 101122 , 101124 , 101125 , 101150 , 101152 , 101158 , 101166 , 101167 , 101168 , 101178 , 101179 , 101180 , 101181 , 101197 , 101199 , 101221 , 101222 , 101223 , 101224 , 101226 , 101227 , 101251 , 101258 , 152019 , 101277 , 101278 , 101279 , 101280 , 101281 , 101282 , 101288 , 101289 , 101290 , 101291 , 101292 , 101313 , 101330 , 101331 , 101333 , 101340 , 101341 , 101342 , 101343 , 101346 , 101347 , 101353 , 101358 , 101367 , 101412 , 101413 , 101414 , 101415 , 101416 , 101417 , 101418 , 101419 , 101420 , 101421 , 101422 , 101423 , 147976 , 149068 , 101430 , 101431 , 101443 , 101444 , 101467 , 101475 , 101476 , 101479 , 101481 , 101482 , 101488 , 101489 , 101490 , 101492 , 101493 , 101494 , 101495 , 155842 , 101525 , 101526 , 101530 , 101534 , 101535 , 101539 , 101540 , 101541 , 101542 , 101543 , 101544 , 101545 , 101546 , 101547 , 101566 , 101568 , 101583 , 101584 , 101592 , 101597 , 101598 , 101599 , 101600 , 101601 , 101602 , 101603 , 101604 , 101605 , 101610 , 101611 , 101612 , 101613 , 101614 , 101615 , 101616 , 101617 , 101618 , 101619 , 101620 , 101623 , 101624 , 101626 , 101627 , 101634 , 101635 , 101636 , 101642 , 101648 , 101653 , 101654 , 101656 , 101657 , 101663 , 101665 , 101667 , 101668 , 101669 , 101670 , 101671 , 101672 , 148018 , 101687 , 101688 , 101689 , 101691 , 101694 , 101695 , 101696 , 101698 , 101706 , 101709 , 101717 , 101718 , 101719 , 101720 , 101745 , 101746 , 101747 , 101748 , 101749 , 101750 , 101751 , 148032 , 148033 , 148034 , 101775 , 101776 , 148036 , 101800 , 101804 , 101809 , 101811 , 101812 , 101813 , 101814 , 101815 , 101816 , 101820 , 101821 , 101824 , 101825 , 101826 , 101827 , 101828 , 101829 , 101830 , 101834 , 101835 , 101865 , 101875 , 101876 , 101877 , 101879 , 101880 , 148052 , 101887 , 101889 , 101890 , 101891 , 101912 , 101955 , 101960 , 101961 , 101977 , 101978 , 148071 , 101996 , 102000 , 102001 , 143061 , 102003 , 102004 , 102005 , 102006 , 102007 , 102008 , 102009 , 102010 , 102011 , 102012 , 102021 , 102022 , 102026 , 102030 , 102044 , 102045 , 102046 , 102047 , 102048 , 102070 , 102074 , 102075 , 102076 , 102077 , 102078 , 102079 , 102080 , 102081 , 102082 , 102083 , 102084 , 102086 , 102088 , 102089 , 102096 , 102098 , 102122 , 102126 , 102129 , 102145 , 102149 , 102150 , 102151 , 102163 , 102166 , 102167 , 102169 , 102175 , 143067 , 102207 , 102211 , 102212 , 102215 , 102216 , 102226 , 102227 , 102231 , 102232 , 102233 , 102234 , 102235 , 102239 , 102240 , 102241 , 102242 , 102243 , 102244 , 102245 , 102246 , 102247 , 102248 , 102249 , 102250 , 102251 , 102252 , 102253 , 102254 , 102255 , 102256 , 102285 , 102291 , 102318 , 102320 , 102321 , 102362 , 102363 , 102364 , 102370 , 102371 , 102377 , 102382 , 102383 , 102384 , 102392 , 102393 , 102394 , 102395 , 102396 , 102397 , 102398 , 102399 , 102400 , 102402 , 102403 , 102404 , 102405 , 102407 , 102412 , 102413 , 102414 , 102415 , 102416 , 102417 , 102418 , 102419 , 102420 , 102422 , 102424 , 102430 , 102432 , 102433 , 102485 , 102487 , 102498 , 148155 , 102537 , 102538 , 102539 , 102540 , 102550 , 102551 , 102567 , 102568 , 102569 , 102570 , 102571 , 102574 , 102575 , 102576 , 102580 , 102582 , 102586 , 102587 , 102588 , 102589 , 102591 , 102592 , 102597 , 102598 , 102602 , 102603 , 102604 , 102605 , 102606 , 102610 , 148177 , 102633 , 148180 , 148181 , 102662 , 102663 , 102664 , 102689 , 148187 , 143084 , 102695 , 102703 , 102704 , 102705 , 148191 , 143085 , 148197 , 102754 , 102758 , 102760 , 148199 , 102769 , 102780 , 102781 , 102798 , 148205 , 148206 , 148207 , 102814 , 102815 , 148208 , 102821 , 148211 , 148212 , 102842 , 102846 , 148213 , 148214 , 148215 , 148216 , 148217 , 151819 , 102876 , 148218 , 148219 , 102888 , 102889 , 102890 , 102891 , 102892 , 148221 , 102902 , 102903 , 102904 , 102905 , 102908 , 102909 , 102910 , 102911 , 102914 , 102915 , 102916 , 102917 , 102918 , 102920 , 150450 , 102932 , 102933 , 102934 , 102935 , 102936 , 102938 , 102939 , 102941 , 102959 , 102960 , 102961 , 102962 , 102963 , 102972 , 102973 , 102974 , 102975 , 148235 , 102983 , 102984 , 102985 , 102986 , 102987 , 102988 , 102994 , 102995 , 102996 , 102997 , 103003 , 103004 , 103005 , 103006 , 103007 , 103008 , 103009 , 103011 , 103012 , 103016 , 148243 , 148244 , 103041 , 103042 , 103045 , 103046 , 103055 , 103056 , 103057 , 103058 , 103059 , 103060 , 103062 , 103063 , 103068 , 103069 , 103073 , 103074 , 103075 , 103076 , 103088 , 103089 , 103107 , 103108 , 103113 , 103114 , 103120 , 103128 , 103129 , 103130 , 103134 , 103135 , 103136 , 103137 , 103138 , 103155 , 103156 , 103159 , 103189 , 103211 , 103212 , 103214 , 103215 , 103220 , 103229 , 103234 , 103235 , 103242 , 103246 , 103247 , 103248 , 103249 , 103252 , 103253 , 103254 , 103255 , 103258 , 103259 , 103260 , 103261 , 103262 , 103263 , 103264 , 103265 , 148289 , 103314 , 148291 , 103316 , 148292 , 148293 , 103330 , 103331 , 148294 , 148298 , 148299 , 148300 , 148301 , 148302 , 148303 , 103388 , 103389 , 103397 , 103402 , 103403 , 148306 , 103408 , 103418 , 103419 , 103420 , 103421 , 103423 , 103424 , 148310 , 103441 , 103479 , 103483 , 103484 , 103515 , 103522 , 103532 , 147477 , 103560 , 103582 , 103583 , 103584 , 103585 , 103586 , 103587 , 103608 , 103609 , 103610 , 103611 , 103612 , 103613 , 103642 , 103643 , 103644 , 103645 , 103652 , 103653 , 103654 , 103655 , 103656 , 103686 , 148354 , 103732 , 103734 , 103735 , 103736 , 103737 , 103738 , 103741 , 103742 , 103746 , 103747 , 103748 , 103749 , 103756 , 103757 , 103758 , 103774 , 103775 , 103782 , 103783 , 103784 , 103785 , 103786 , 103787 , 103788 , 103790 , 103791 , 103792 , 103793 , 103794 , 103795 , 103796 , 103797 , 103798 , 103800 , 103801 , 103802 , 103803 , 103804 , 103805 , 103806 , 103807 , 103808 , 103809 , 103810 , 103811 , 103813 , 103814 , 103859 , 103860 , 103861 , 103863 , 103864 , 103869 , 103883 , 103884 , 103885 , 103899 , 103900 , 103902 , 103903 , 103904 , 103905 , 103906 , 103907 , 103912 , 103913 , 103915 , 103916 , 103917 , 103918 , 103919 , 103920 , 103921 , 103922 , 103923 , 103924 , 103925 , 103926 , 103927 , 103928 , 148398 , 148399 , 148400 , 103994 , 103996 , 103997 , 103998 , 104005 , 104006 , 104008 , 104009 , 104010 , 104011 , 104016 , 104017 , 104018 , 104019 , 104020 , 104031 , 104032 , 104033 , 104034 , 104038 , 138765 , 104067 , 104068 , 104069 , 104070 , 104071 , 104072 , 104073 , 104074 , 104076 , 104077 , 104078 , 104079 , 104080 , 104082 , 104083 , 138767 , 104122 , 104124 , 104127 , 104129 , 104130 , 104131 , 104132 , 104133 , 104134 , 104136 , 104137 , 104138 , 104148 , 104149 , 104150 , 104155 , 104156 , 104157 , 104158 , 104162 , 104163 , 148435 , 104180 , 104181 , 104184 , 104185 , 104186 , 104187 , 104188 , 104189 , 104211 , 104212 , 148441 , 104218 , 104219 , 104220 , 104221 , 104229 , 104248 , 104252 , 104290 , 104291 , 104292 , 104295 , 104296 , 104297 , 104300 , 104302 , 104309 , 104310 , 104313 , 104314 , 104315 , 104316 , 104345 , 104346 , 104347 , 104349 , 104350 , 104357 , 104358 , 151869 , 104385 , 104387 , 104388 , 104400 , 104402 , 104403 , 104404 , 104405 , 104406 , 104412 , 104428 , 104430 , 104431 , 104432 , 138778 , 151873 , 148489 , 148490 , 148491 , 148492 , 151874 , 104527 , 104528 , 104529 , 104530 , 148494 , 104537 , 104538 , 148495 , 104545 , 104546 , 104602 , 104603 , 104614 , 104634 , 104635 , 104636 , 104652 , 104657 , 104723 , 104724 , 104725 , 104726 , 104727 , 104728 , 104729 , 104730 , 104731 , 104732 , 104733 , 104734 , 104735 , 104736 , 104737 , 104745 , 104746 , 104759 , 104760 , 104776 , 104777 , 104779 , 104780 , 104781 , 104782 , 104783 , 104784 , 104785 , 104786 , 104788 , 104789 , 104790 , 104791 , 104792 , 148539 , 104806 , 104808 , 104809 , 104810 , 104811 , 104812 , 104813 , 104814 , 104815 , 104816 , 104817 , 148542 , 104822 , 104823 , 104867 , 104870 , 104871 , 104872 , 104876 , 104877 , 104878 , 104879 , 104880 , 104881 , 104883 , 104884 , 104885 , 104886 , 104887 , 104888 , 104889 , 104890 , 104894 , 104898 , 104903 , 104904 , 104923 , 104924 , 104930 , 104931 , 148563 , 104951 , 104976 , 104978 , 104980 , 104981 , 104982 , 104983 , 105007 , 105009 , 105010 , 105011 , 105019 , 105020 , 105021 , 105022 , 105023 , 148577 , 105066 , 105067 , 105094 , 105095 , 105096 , 105102 , 105103 , 105153 , 148220 , 105240 , 105241 , 105242 , 105243 , 105257 , 105258 , 105268 , 105269 , 105278 , 105279 , 105294 , 105295 , 105297 , 105298 , 105305 , 105306 , 105307 , 105312 , 105313 , 105325 , 105328 , 105331 , 105332 , 105333 , 105338 , 105339 , 105340 , 105341 , 105342 , 105343 , 105344 , 105347 , 105350 , 105351 , 105352 , 105353 , 105354 , 105376 , 105377 , 105378 , 105379 , 105380 , 105381 , 105383 , 105412 , 105416 , 105418 , 105419 , 105420 , 105421 , 105425 , 105432 , 105433 , 105436 , 105437 , 105438 , 105440 , 105441 , 105442 , 105443 , 105467 , 105468 , 105469 , 105480 , 105481 , 105483 , 105484 , 105492 , 105493 , 105494 , 105495 , 105497 , 148655 , 105504 , 105505 , 105506 , 105507 , 148657 , 105515 , 105530 , 105534 , 105535 , 105547 , 105548 , 105566 , 105594 , 105595 , 105596 , 105605 , 105607 , 105608 , 105609 , 105610 , 105612 , 105613 , 105652 , 105662 , 105663 , 105670 , 105671 , 105672 , 105673 , 105676 , 105677 , 105678 , 105679 , 105680 , 105682 , 105683 , 105689 , 105703 , 105704 , 105705 , 105706 , 105707 , 105709 , 105712 , 105746 , 105747 , 105748 , 105749 , 105751 , 105752 , 105753 , 105754 , 105755 , 105757 , 105758 , 105759 , 105761 , 105762 , 105763 , 105764 , 105765 , 105767 , 148701 , 105788 , 105789 , 105790 , 105791 , 105830 , 105831 , 105832 , 105856 , 105866 , 105876 , 105882 , 105883 , 105886 , 105887 , 105893 , 105894 , 105895 , 105896 , 105897 , 105898 , 105899 , 105911 , 105917 , 105918 , 105919 , 105920 , 105922 , 105938 , 105939 , 105940 , 105941 , 105942 , 105943 , 105944 , 105945 , 105946 , 105947 , 105952 , 105953 , 105954 , 105970 , 105973 , 105989 , 105990 , 105996 , 105998 , 105999 , 106000 , 106001 , 106002 , 106003 , 106004 , 106005 , 106006 , 106008 , 106009 , 106025 , 106028 , 106029 , 106057 , 106058 , 106068 , 106069 , 106070 , 106081 , 106117 , 106120 , 106121 , 106122 , 106123 , 106125 , 106126 , 106127 , 151928 , 106149 , 106150 , 106159 , 106162 , 106166 , 106215 , 106216 , 106217 , 106218 , 106220 , 106221 , 106222 , 106223 , 106224 , 106225 , 106226 , 106227 , 106228 , 106232 , 106233 , 106234 , 106235 , 106237 , 106238 , 106250 , 106251 , 106295 , 106296 , 106297 , 106302 , 106303 , 106304 , 106305 , 106306 , 106307 , 106308 , 106314 , 106324 , 106325 , 106331 , 148794 , 148795 , 106348 , 106357 , 106358 , 106360 , 106380 , 106393 , 106394 , 106395 , 106404 , 106405 , 106411 , 106412 , 106413 , 106414 , 106415 , 106416 , 106417 , 106418 , 106419 , 106425 , 106426 , 106433 , 106434 , 106435 , 106436 , 106437 , 106446 , 106448 , 106449 , 106459 , 106460 , 106461 , 106482 , 106483 , 106493 , 106501 , 106502 , 106506 , 106507 , 106508 , 106509 , 106510 , 106515 , 106516 , 106519 , 106520 , 106524 , 106525 , 106531 , 106565 , 106566 , 106567 , 106568 , 106569 , 106570 , 106571 , 106572 , 106573 , 106575 , 106576 , 106577 , 106590 , 106600 , 106601 , 148839 , 106604 , 106606 , 106607 , 106608 , 106609 , 106613 , 106614 , 106615 , 106616 , 106624 , 106625 , 106626 , 106627 , 106628 , 106629 , 148847 , 106655 , 106656 , 106657 , 106661 , 106662 , 106663 , 148852 , 106690 , 106691 , 106692 , 106693 , 106694 , 106695 , 106696 , 106697 , 106698 , 106700 , 106706 , 106707 , 106708 , 106709 , 106710 , 106728 , 106729 , 106731 , 106732 , 106733 , 106734 , 106735 , 106736 , 106737 , 106739 , 106740 , 106741 , 106742 , 106760 , 106761 , 106762 , 106822 , 106830 , 106831 , 106832 , 106834 , 106863 , 106864 , 106866 , 106873 , 106874 , 106875 , 106876 , 106880 , 106881 , 106882 , 106883 , 106884 , 106903 , 106904 , 106905 , 106906 , 106907 , 106908 , 106909 , 106910 , 106911 , 106912 , 106913 , 106914 , 106915 , 106916 , 106917 , 106918 , 106919 , 106921 , 106922 , 106923 , 106934 , 106935 , 106995 , 106999 , 107001 , 107005 , 107010 , 107011 , 107034 , 107035 , 153470 , 107056 , 107059 , 107062 , 107064 , 107079 , 107080 , 107081 , 107103 , 107114 , 107115 , 107116 , 107118 , 107119 , 107120 , 107124 , 107125 , 107191 , 107218 , 107219 , 107224 , 107225 , 107226 , 107227 , 107228 , 107232 , 107233 , 107235 , 107239 , 107240 , 107257 , 107291 , 107309 , 107310 , 107311 , 107315 , 107316 , 107317 , 107318 , 107319 , 107320 , 107321 , 107329 , 107330 , 107331 , 107332 , 107333 , 107334 , 107335 , 107336 , 107338 , 107346 , 107349 , 107350 , 107351 , 107352 , 107353 , 107355 , 148966 , 107377 , 107382 , 107383 , 107384 , 148972 , 148973 , 148974 , 107415 , 148975 , 148976 , 107431 , 107434 , 148985 , 148986 , 107486 , 107491 , 148988 , 107499 , 107500 , 107501 , 107502 , 107503 , 107504 , 107512 , 154346 , 107551 , 107554 , 107561 , 107562 , 148236 , 107579 , 107581 , 107582 , 107583 , 107584 , 107586 , 107587 , 107588 , 107589 , 107590 , 107591 , 107592 , 107593 , 107594 , 107597 , 107598 , 107599 , 107600 , 107607 , 107619 , 107620 , 107621 , 149010 , 149011 , 107643 , 107678 , 107697 , 107698 , 107704 , 107705 , 107706 , 107707 , 107708 , 107714 , 107740 , 107773 , 107774 , 107832 , 107849 , 107857 , 107872 , 107873 , 107874 , 107875 , 107900 , 107901 , 107902 , 107903 , 107904 , 107905 , 107907 , 107908 , 107909 , 107911 , 107912 , 107914 , 107918 , 107921 , 107922 , 107923 , 107924 , 107925 , 107926 , 107927 , 107928 , 107929 , 107931 , 107932 , 107937 , 107938 , 107942 , 107943 , 107944 , 107945 , 107946 , 107949 , 107950 , 107963 , 107964 , 107976 , 107977 , 107996 , 108001 , 108002 , 108004 , 108005 , 108006 , 108007 , 108008 , 108009 , 108010 , 108011 , 108013 , 108014 , 108015 , 108017 , 108018 , 108020 , 108031 , 108032 , 108033 , 108034 , 108035 , 108038 , 108039 , 108040 , 108061 , 108062 , 108113 , 108115 , 108119 , 108120 , 108121 , 108142 , 108143 , 108144 , 108145 , 108146 , 108147 , 108148 , 108150 , 108151 , 108152 , 108153 , 108154 , 108155 , 108156 , 108157 , 108158 , 108163 , 108164 , 108188 , 108193 , 108194 , 108205 , 108206 , 108207 , 108212 , 108230 , 108232 , 108233 , 108234 , 108235 , 108236 , 108237 , 108238 , 108239 , 108240 , 108242 , 108244 , 108245 , 108246 , 108247 , 108248 , 108249 , 108251 , 108252 , 108253 , 108254 , 108280 , 108285 , 108286 , 108287 , 108288 , 108289 , 108290 , 108292 , 108293 , 108294 , 108316 , 108317 , 108318 , 108331 , 108333 , 108334 , 108351 , 108378 , 108379 , 108401 , 108402 , 108403 , 108428 , 108431 , 108443 , 108444 , 108489 , 108490 , 108491 , 108492 , 108494 , 108495 , 108497 , 108502 , 108503 , 108504 , 108505 , 108507 , 108508 , 108509 , 108536 , 108547 , 108551 , 108561 , 108562 , 108563 , 108564 , 108565 , 108593 , 108594 , 108595 , 108596 , 108597 , 108598 , 108599 , 108627 , 108628 , 108634 , 108649 , 108651 , 108652 , 108653 , 108654 , 108655 , 108656 , 108657 , 108658 , 108659 , 108662 , 108663 , 108664 , 108665 , 108668 , 108669 , 108670 , 108671 , 108672 , 108690 , 108691 , 108692 , 108696 , 108697 , 108703 , 149191 , 149193 , 108730 , 149195 , 149196 , 108753 , 108762 , 108763 , 108764 , 108765 , 108766 , 108767 , 108771 , 108773 , 108774 , 108775 , 108776 , 108777 , 108778 , 108779 , 108786 , 108787 , 108789 , 108790 , 108800 , 108801 , 108802 , 108803 , 108805 , 108806 , 108807 , 108809 , 108813 , 108825 , 108826 , 108827 , 108832 , 108833 , 108834 , 108835 , 108836 , 108837 , 108838 , 108839 , 108841 , 108846 , 108849 , 108850 , 108851 , 108852 , 108853 , 108854 , 108855 , 108856 , 108857 , 108873 , 108874 , 108875 , 108876 , 108877 , 108878 , 108879 , 108880 , 108881 , 108882 , 108883 , 149220 , 108890 , 108891 , 108892 , 108893 , 147655 , 108896 , 108897 , 108899 , 108900 , 108901 , 108902 , 108903 , 108905 , 108906 , 108907 , 108908 , 108909 , 108910 , 108911 , 108912 , 108913 , 108958 , 108959 , 108960 , 108961 , 108962 , 108963 , 108964 , 108965 , 108966 , 108967 , 108968 , 108970 , 108971 , 108975 , 108978 , 108979 , 108983 , 108984 , 108985 , 108986 , 108987 , 108997 , 108998 , 108999 , 109000 , 109001 , 109007 , 109008 , 109009 , 109010 , 109011 , 109012 , 109015 , 109016 , 109017 , 109018 , 109020 , 109021 , 109031 , 109032 , 109040 , 149248 , 149249 , 149253 , 109103 , 109105 , 109114 , 109117 , 109118 , 109119 , 109120 , 109123 , 109124 , 109125 , 109126 , 109127 , 109128 , 109131 , 109133 , 109134 , 149265 , 109176 , 109177 , 109182 , 109187 , 109188 , 109189 , 109195 , 109196 , 109205 , 109209 , 109224 , 109225 , 109226 , 109227 , 109228 , 109234 , 109235 , 109236 , 109253 , 109254 , 109257 , 109258 , 109259 , 109260 , 109261 , 109281 , 109294 , 109295 , 109300 , 109301 , 109302 , 109307 , 109308 , 109309 , 109310 , 109312 , 109313 , 109314 , 109315 , 109316 , 109322 , 109323 , 109324 , 109325 , 109326 , 109327 , 109354 , 109355 , 109356 , 109363 , 109365 , 109371 , 109372 , 109391 , 109418 , 109419 , 109420 , 109421 , 109422 , 109423 , 109424 , 109425 , 109426 , 109427 , 109428 , 109429 , 109430 , 109431 , 109433 , 109434 , 138944 , 109440 , 109441 , 109442 , 109443 , 109444 , 109445 , 109446 , 109447 , 109448 , 109449 , 109450 , 109451 , 109452 , 109453 , 109458 , 109459 , 109460 , 109461 , 109462 , 109463 , 109464 , 109465 , 109473 , 109508 , 109509 , 109510 , 109534 , 109535 , 109536 , 109541 , 109543 , 109551 , 109552 , 109554 , 109555 , 109556 , 109557 , 109559 , 109563 , 109564 , 109565 , 109566 , 109567 , 109571 , 109572 , 109574 , 109575 , 109576 , 109577 , 109578 , 109579 , 109580 , 109581 , 109582 , 109583 , 109584 , 109585 , 109586 , 109588 , 109602 , 109603 , 109604 , 109607 , 109608 , 109609 , 109618 , 109620 , 109621 , 109625 , 109639 , 109640 , 109657 , 109658 , 109669 , 109670 , 109672 , 109673 , 109674 , 109675 , 109676 , 109677 , 109678 , 109679 , 109680 , 109681 , 109682 , 109683 , 109684 , 109685 , 109687 , 109688 , 109698 , 109704 , 109726 , 109727 , 109728 , 109729 , 109730 , 109731 , 109732 , 109733 , 109734 , 109735 , 109736 , 109737 , 109738 , 109739 , 109742 , 149364 , 149365 , 109762 , 109763 , 109764 , 109780 , 109781 , 109783 , 109784 , 109785 , 109786 , 109788 , 109789 , 109790 , 109801 , 109830 , 109831 , 109846 , 109847 , 109848 , 109849 , 109854 , 109855 , 109856 , 109857 , 109858 , 109859 , 109860 , 109861 , 109862 , 109864 , 109865 , 109889 , 109890 , 109891 , 109892 , 109893 , 109895 , 109896 , 109898 , 109899 , 109900 , 109901 , 109902 , 109903 , 109904 , 109911 , 109912 , 109913 , 109917 , 109918 , 109921 , 109922 , 109923 , 109924 , 109925 , 109926 , 109927 , 109929 , 109930 , 109931 , 109932 , 109933 , 109934 , 109935 , 109936 , 109953 , 109954 , 109979 , 109987 , 109988 , 109989 , 110013 , 110023 , 110024 , 110025 , 110039 , 110043 , 110044 , 110045 , 110046 , 110048 , 110060 , 110072 , 110095 , 110096 , 110098 , 110099 , 110103 , 110104 , 110105 , 110106 , 110109 , 110110 , 110136 , 110137 , 110139 , 110140 , 110141 , 110142 , 110143 , 110159 , 110167 , 110168 , 110178 , 110179 , 110201 , 110240 , 110241 , 110286 , 110287 , 110290 , 110320 , 110321 , 110322 , 110323 , 110324 , 110325 , 110326 , 110327 , 110328 , 110329 , 110330 , 110331 , 110332 , 110340 , 110341 , 110342 , 110343 , 110345 , 110346 , 110349 , 110350 , 110383 , 146509 , 110391 , 110398 , 110399 , 110406 , 110413 , 110424 , 110425 , 110426 , 149477 , 110449 , 110450 , 110451 , 110452 , 110453 , 149481 , 149482 , 110465 , 110466 , 149483 , 110469 , 110470 , 110471 , 110473 , 110474 , 110475 , 110476 , 110477 , 110478 , 110479 , 110487 , 110491 , 110492 , 110493 , 149488 , 110498 , 110499 , 110500 , 149489 , 110519 , 110520 , 110521 , 110522 , 110525 , 110526 , 110529 , 110530 , 110531 , 110532 , 110564 , 110565 , 110566 , 110567 , 110575 , 110576 , 110588 , 110589 , 110590 , 110591 , 110592 , 110593 , 110594 , 110595 , 110596 , 110598 , 110599 , 110600 , 110601 , 110602 , 110603 , 110604 , 110605 , 110606 , 110607 , 110611 , 110612 , 110613 , 110614 , 110615 , 110616 , 110617 , 110618 , 110619 , 110620 , 110621 , 110622 , 110623 , 110628 , 110630 , 110631 , 110632 , 110633 , 110634 , 110635 , 110636 , 110637 , 110639 , 110641 , 110642 , 110643 , 110650 , 110651 , 110652 , 110656 , 110658 , 110659 , 110662 , 110663 , 110664 , 110665 , 110666 , 110667 , 110668 , 110671 , 110672 , 110673 , 110674 , 110675 , 110676 , 110677 , 110678 , 110679 , 110680 , 110681 , 110682 , 110683 , 110684 , 110685 , 110686 , 110687 , 110688 , 110689 , 110690 , 110691 , 110692 , 110694 , 110695 , 110697 , 110698 , 110699 , 110700 , 110701 , 110702 , 110703 , 110704 , 110706 , 110710 , 110730 , 110731 , 110732 , 110733 , 110737 , 110738 , 110744 , 110745 , 110746 , 110748 , 110751 , 110752 , 110753 , 110757 , 110758 , 110759 , 110766 , 110767 , 110768 , 110771 , 110772 , 110773 , 110780 , 110782 , 149536 , 147718 , 110828 , 110829 , 110830 , 110831 , 110832 , 110847 , 110848 , 110868 , 110869 , 110870 , 110874 , 110875 , 110876 , 110877 , 110878 , 110879 , 110880 , 110881 , 110893 , 110897 , 110898 , 110899 , 110900 , 110901 , 110902 , 110903 , 110905 , 110906 , 110909 , 110910 , 110911 , 110912 , 110913 , 110915 , 110917 , 149559 , 110927 , 110928 , 110929 , 110931 , 110932 , 110940 , 149562 , 110953 , 110960 , 110961 , 110962 , 110963 , 110964 , 110965 , 110966 , 110967 , 110968 , 110969 , 110977 , 110978 , 149570 , 111001 , 111023 , 111025 , 111026 , 111027 , 111028 , 111029 , 111030 , 111031 , 111032 , 111034 , 111043 , 111045 , 111046 , 111048 , 111049 , 111050 , 111051 , 111052 , 111053 , 111054 , 111055 , 111060 , 111070 , 111071 , 111088 , 111089 , 111096 , 111097 , 111098 , 111112 , 111113 , 111136 , 111137 , 111153 , 111154 , 111155 , 111156 , 111159 , 111160 , 111161 , 111162 , 111163 , 111176 , 111184 , 111193 , 111194 , 111196 , 111210 , 111211 , 111213 , 111214 , 111226 , 111228 , 111232 , 111233 , 111234 , 111235 , 111236 , 111237 , 111238 , 111239 , 111240 , 111241 , 111242 , 111262 , 111263 , 111277 , 111287 , 111288 , 111322 , 111323 , 111324 , 111325 , 111327 , 111328 , 111330 , 111331 , 111347 , 111348 , 111349 , 111350 , 111351 , 111358 , 111359 , 111360 , 111361 , 111379 , 111385 , 111405 , 111412 , 111413 , 111414 , 111417 , 111418 , 111422 , 111423 , 111447 , 111448 , 111450 , 111453 , 111454 , 111455 , 111456 , 148541 , 111463 , 111464 , 111465 , 111466 , 139533 , 111474 , 111483 , 111484 , 111485 , 111486 , 111487 , 111488 , 111489 , 111494 , 111495 , 111496 , 111497 , 111498 , 111500 , 111501 , 111502 , 111503 , 111505 , 111506 , 111517 , 111518 , 111519 , 111520 , 111524 , 111525 , 111528 , 111536 , 111537 , 111546 , 149664 , 111559 , 111560 , 111561 , 111562 , 111563 , 111565 , 111566 , 111567 , 111568 , 111571 , 111572 , 111573 , 111574 , 111575 , 111576 , 111577 , 111578 , 111579 , 111580 , 111581 , 111583 , 111584 , 111585 , 111586 , 111587 , 149670 , 149671 , 149672 , 111606 , 111607 , 111608 , 111609 , 111610 , 111611 , 134652 , 149675 , 111651 , 111663 , 111664 , 111665 , 111666 , 111667 , 111668 , 111690 , 111691 , 111696 , 111701 , 111782 , 111783 , 111784 , 111785 , 111794 , 111795 , 111796 , 111797 , 111798 , 111799 , 111800 , 111801 , 111802 , 111803 , 111804 , 111805 , 111806 , 111807 , 111808 , 111809 , 111810 , 111811 , 111812 , 111813 , 111814 , 111816 , 111817 , 111818 , 111819 , 111820 , 111821 , 111822 , 111823 , 111824 , 111825 , 111826 , 111827 , 111828 , 111829 , 111830 , 111831 , 111832 , 111833 , 111834 , 111835 , 111836 , 111861 , 111862 , 111863 , 111864 , 111865 , 111866 , 111867 , 111871 , 111872 , 111887 , 111888 , 111889 , 111890 , 111891 , 111892 , 111895 , 111896 , 111897 , 111898 , 149722 , 111904 , 111905 , 111906 , 111907 , 111908 , 111909 , 111918 , 111919 , 149726 , 149728 , 111942 , 111943 , 111948 , 111949 , 111950 , 111951 , 111952 , 111953 , 111954 , 111955 , 111956 , 149732 , 111967 , 111977 , 111979 , 111981 , 111986 , 111987 , 111997 , 111998 , 111999 , 112000 , 112001 , 112002 , 112003 , 112004 , 112005 , 112006 , 112007 , 112008 , 112009 , 112010 , 112011 , 112012 , 112013 , 112014 , 112015 , 112016 , 112017 , 112018 , 112019 , 112021 , 112033 , 112037 , 112038 , 112042 , 112043 , 112044 , 112045 , 112046 , 112048 , 112049 , 112060 , 112071 , 112072 , 112083 , 112089 , 112097 , 112099 , 112118 , 112129 , 112130 , 112166 , 112167 , 112169 , 112173 , 112174 , 112181 , 112183 , 112184 , 112185 , 112186 , 112187 , 112189 , 146521 , 112196 , 112197 , 112198 , 112204 , 112205 , 112206 , 112207 , 112208 , 112209 , 112210 , 112211 , 112212 , 112213 , 112227 , 112229 , 112235 , 112236 , 112238 , 112252 , 112253 , 139038 , 112261 , 112262 , 112272 , 112285 , 112295 , 112296 , 112297 , 112298 , 112299 , 112322 , 112328 , 112330 , 112333 , 112334 , 112335 , 112336 , 112337 , 112338 , 112339 , 112340 , 112341 , 112342 , 112343 , 112344 , 112345 , 112346 , 112349 , 112350 , 112351 , 112352 , 112353 , 112355 , 112359 , 112361 , 112362 , 112363 , 112364 , 112365 , 112366 , 112367 , 112372 , 140412 , 112389 , 112422 , 112423 , 112424 , 112425 , 112434 , 112435 , 112436 , 112437 , 112442 , 112469 , 112477 , 112480 , 112481 , 112482 , 112483 , 112484 , 112487 , 112488 , 112489 , 112490 , 112491 , 112493 , 112494 , 112498 , 112499 , 112500 , 112503 , 112504 , 112505 , 112506 , 112509 , 112511 , 112513 , 112514 , 112515 , 112518 , 112519 , 112520 , 112521 , 112525 , 112526 , 112527 , 140413 , 112558 , 112559 , 112560 , 112561 , 112564 , 112566 , 112567 , 112568 , 112569 , 112570 , 112571 , 149836 , 112600 , 112601 , 149839 , 112641 , 112642 , 112643 , 149846 , 149847 , 112664 , 112685 , 112686 , 149853 , 149854 , 112696 , 112697 , 112698 , 112699 , 112700 , 112702 , 112703 , 149856 , 112709 , 112710 , 112712 , 112714 , 112716 , 112717 , 112718 , 112762 , 112764 , 112765 , 112768 , 112769 , 112770 , 112771 , 112775 , 112778 , 112779 , 112780 , 112781 , 112782 , 112783 , 112784 , 112806 , 112814 , 112818 , 112819 , 112821 , 112822 , 112823 , 112826 , 112827 , 112830 , 112834 , 112835 , 112836 , 112837 , 112838 , 112839 , 112840 , 112846 , 112847 , 112855 , 112856 , 112860 , 112877 , 112897 , 112898 , 112899 , 112900 , 112910 , 112911 , 112917 , 112918 , 112919 , 112920 , 112923 , 112929 , 134696 , 112939 , 112952 , 112953 , 112954 , 112955 , 112956 , 112957 , 112958 , 112959 , 112960 , 112964 , 112965 , 112967 , 112969 , 112970 , 112971 , 112972 , 112973 , 112974 , 112975 , 112983 , 112985 , 112986 , 112987 , 112988 , 112989 , 112990 , 112991 , 112992 , 112993 , 112994 , 112995 , 112996 , 112997 , 112998 , 112999 , 141289 , 113015 , 113018 , 113019 , 113020 , 113021 , 113022 , 113036 , 113037 , 113046 , 113047 , 113048 , 113049 , 113050 , 113051 , 113052 , 113053 , 113056 , 113057 , 113058 , 113059 , 113071 , 113072 , 113073 , 149919 , 113091 , 113092 , 113102 , 113103 , 113105 , 113112 , 143431 , 113119 , 113120 , 113121 , 113122 , 113123 , 113124 , 113126 , 113127 , 113128 , 113129 , 113135 , 113136 , 113137 , 113142 , 113145 , 113146 , 113147 , 113148 , 113149 , 113159 , 113160 , 113161 , 113162 , 113164 , 113167 , 113168 , 151162 , 113202 , 113203 , 113204 , 113205 , 113207 , 113208 , 113209 , 113213 , 113214 , 113215 , 113216 , 113221 , 113224 , 113238 , 113244 , 113256 , 113264 , 113265 , 113266 , 113267 , 113268 , 113270 , 113271 , 113272 , 113273 , 113274 , 113275 , 113276 , 113277 , 113293 , 113294 , 113295 , 113312 , 113331 , 113332 , 113333 , 113334 , 113348 , 113349 , 113398 , 113399 , 113401 , 113406 , 113407 , 113408 , 113409 , 113410 , 113411 , 113412 , 113413 , 113414 , 113415 , 113416 , 113421 , 113422 , 113424 , 113460 , 113461 , 113470 , 113471 , 113472 , 113473 , 113481 , 113548 , 113549 , 113552 , 113553 , 113574 , 113580 , 113594 , 113595 , 113623 , 113625 , 113631 , 113632 , 113633 , 113634 , 113635 , 113637 , 113638 , 113639 , 113640 , 113645 , 113646 , 113647 , 113648 , 113650 , 113651 , 113652 , 113653 , 113680 , 113681 , 134721 , 113690 , 113715 , 113716 , 113717 , 113718 , 113719 , 113724 , 150028 , 134723 , 150032 , 113777 , 113778 , 150035 , 113801 , 113804 , 113805 , 113806 , 113810 , 113811 , 113812 , 113813 , 113814 , 113815 , 113816 , 113817 , 113818 , 113819 , 113820 , 113821 , 113822 , 113823 , 113824 , 113828 , 113832 , 113833 , 113834 , 113835 , 113837 , 113838 , 113839 , 113843 , 113844 , 113845 , 113846 , 113847 , 113848 , 113849 , 113850 , 113851 , 113852 , 113853 , 113854 , 113855 , 113856 , 113857 , 113858 , 113859 , 113860 , 113862 , 113863 , 113864 , 113865 , 113866 , 113867 , 113868 , 113869 , 113870 , 113872 , 113873 , 113874 , 113895 , 113896 , 113906 , 113950 , 113951 , 113954 , 113955 , 113956 , 113960 , 113961 , 113962 , 113963 , 113964 , 113965 , 113988 , 113989 , 113990 , 113991 , 113992 , 113993 , 113999 , 114000 , 114004 , 114005 , 114008 , 114009 , 150074 , 114016 , 150076 , 114049 , 114050 , 114051 , 114052 , 114053 , 114055 , 114060 , 114061 , 114063 , 114064 , 114065 , 114066 , 150085 , 150086 , 114086 , 114090 , 114091 , 114092 , 114093 , 114094 , 114095 , 114096 , 114097 , 114098 , 114100 , 114101 , 114102 , 134735 , 114114 , 114123 , 114137 , 150095 , 114143 , 114144 , 114145 , 114146 , 114156 , 114176 , 114177 , 114178 , 114186 , 114187 , 114188 , 114189 , 114190 , 114191 , 114192 , 114193 , 114194 , 114220 , 114221 , 114224 , 114225 , 114227 , 114228 , 114229 , 114230 , 114231 , 114238 , 114239 , 150115 , 114276 , 114277 , 114283 , 114284 , 114285 , 114286 , 114287 , 114288 , 114289 , 114290 , 114292 , 114293 , 114294 , 114295 , 114296 , 114297 , 114299 , 114300 , 150126 , 150127 , 114356 , 114362 , 114383 , 114387 , 114388 , 114397 , 114398 , 114399 , 114400 , 114406 , 114422 , 114423 , 114424 , 114425 , 114439 , 114440 , 114442 , 114443 , 114455 , 114456 , 114465 , 114466 , 114475 , 114476 , 114477 , 114478 , 114479 , 139112 , 114482 , 114483 , 114496 , 114497 , 114498 , 114499 , 114500 , 114501 , 114513 , 114514 , 114526 , 114527 , 114529 , 114538 , 114541 , 114542 , 114543 , 114544 , 114545 , 150164 , 150166 , 114570 , 114571 , 114572 , 114573 , 114576 , 114577 , 114578 , 114579 , 114583 , 114585 , 114586 , 114587 , 114597 , 114598 , 114599 , 114600 , 114622 , 114623 , 114628 , 114660 , 114661 , 114662 , 114663 , 114664 , 114665 , 114666 , 114667 , 150185 , 114681 , 114685 , 114686 , 114687 , 114688 , 114689 , 114690 , 114691 , 114692 , 114693 , 114694 , 114695 , 114696 , 114697 , 114698 , 114707 , 114708 , 114710 , 114716 , 114717 , 114718 , 114719 , 114730 , 114731 , 114732 , 114733 , 114734 , 114735 , 114736 , 114737 , 114738 , 114740 , 114741 , 114742 , 114748 , 114749 , 147850 , 114752 , 114753 , 114754 , 114784 , 114786 , 114787 , 114788 , 114789 , 114790 , 114791 , 114795 , 114796 , 114800 , 114822 , 114827 , 114828 , 114829 , 114833 , 114836 , 114837 , 114838 , 114839 , 114840 , 114852 , 114853 , 114857 , 114863 , 114870 , 114874 , 114875 , 114886 , 114887 , 114888 , 114889 , 114890 , 114891 , 114892 , 114893 , 114895 , 114896 , 114909 , 114930 , 114931 , 114942 , 150229 , 150231 , 114982 , 114983 , 114984 , 114986 , 114987 , 114988 , 114989 , 114990 , 114991 , 114992 , 114993 , 114994 , 114997 , 114998 , 114999 , 115000 , 115001 , 115028 , 115029 , 115030 , 115031 , 115034 , 115035 , 115036 , 115037 , 115038 , 115039 , 115040 , 115042 , 115043 , 147860 , 115052 , 115056 , 115093 , 115094 , 115095 , 115096 , 115097 , 115098 , 115099 , 115100 , 115101 , 115102 , 143049 , 115139 , 115143 , 115165 , 115166 , 115167 , 115168 , 115184 , 115186 , 115193 , 115194 , 115195 , 115196 , 115197 , 115206 , 115207 , 115208 , 115209 , 115210 , 115211 , 115212 , 115213 , 115216 , 115217 , 115220 , 115221 , 115222 , 115223 , 115225 , 115226 , 115227 , 115228 , 115229 , 115230 , 115234 , 115235 , 150278 , 115239 , 150279 , 115261 , 115263 , 115264 , 115265 , 115266 , 147869 , 115328 , 115329 , 115356 , 115357 , 115399 , 141305 , 147872 , 115425 , 115426 , 115427 , 115428 , 115441 , 115443 , 115444 , 115445 , 115446 , 115447 , 115448 , 115449 , 115450 , 115451 , 115452 , 115453 , 115454 , 115455 , 115456 , 115457 , 115458 , 115459 , 115460 , 115461 , 115462 , 115463 , 115464 , 115465 , 147874 , 115477 , 115478 , 115479 , 115480 , 115481 , 115482 , 115483 , 115484 , 147875 , 115503 , 115507 , 115508 , 115511 , 115523 , 115524 , 115533 , 115534 , 115535 , 115536 , 115537 , 115538 , 115539 , 115547 , 115558 , 115559 , 115560 , 115561 , 115575 , 115583 , 115588 , 115589 , 115590 , 115592 , 115593 , 115594 , 115595 , 115596 , 115597 , 115598 , 115599 , 115600 , 115601 , 115657 , 115747 , 115778 , 115779 , 115780 , 115781 , 115782 , 150369 , 115785 , 115790 , 115791 , 115792 , 115793 , 115794 , 115795 , 115796 , 115797 , 115799 , 115800 , 150372 , 115809 , 115810 , 115811 , 115824 , 150378 , 150379 , 150380 , 115850 , 115851 , 115852 , 115853 , 115854 , 115855 , 115856 , 115862 , 115865 , 115878 , 115879 , 115884 , 115885 , 115886 , 115887 , 115888 , 115890 , 115891 , 115892 , 115893 , 115894 , 115895 , 115896 , 115897 , 115898 , 115899 , 115916 , 115917 , 115918 , 115927 , 115935 , 115942 , 115943 , 115944 , 115957 , 115958 , 115961 , 115962 , 115963 , 115977 , 115978 , 115990 , 115993 , 115994 , 116007 , 116008 , 116009 , 116010 , 116011 , 116012 , 116013 , 116014 , 116022 , 116025 , 116026 , 116027 , 116028 , 116029 , 116030 , 116068 , 116069 , 116070 , 116072 , 116073 , 116076 , 116077 , 116078 , 150425 , 150426 , 116138 , 116160 , 116176 , 116177 , 150438 , 150439 , 150442 , 150444 , 150445 , 150447 , 116268 , 116269 , 116270 , 116271 , 116272 , 116273 , 116274 , 150451 , 116280 , 116281 , 116282 , 116283 , 116284 , 116285 , 116286 , 116287 , 116288 , 116289 , 116290 , 116291 , 116292 , 116299 , 116300 , 116301 , 116302 , 116303 , 116304 , 116305 , 116306 , 116307 , 116309 , 116310 , 116315 , 116322 , 116333 , 116335 , 116336 , 116342 , 116343 , 150466 , 116367 , 150467 , 116381 , 116382 , 150470 , 116403 , 116404 , 116405 , 116412 , 116413 , 116429 , 116431 , 116432 , 116433 , 116442 , 116443 , 116445 , 116446 , 116447 , 116448 , 116449 , 116450 , 116451 , 116452 , 116453 , 116454 , 116456 , 116457 , 116458 , 116459 , 116460 , 116461 , 116462 , 116463 , 116464 , 116465 , 116466 , 116467 , 116474 , 116484 , 116485 , 116486 , 147908 , 116500 , 116502 , 116503 , 116504 , 116505 , 116506 , 116507 , 143545 , 116545 , 116546 , 116551 , 116552 , 116556 , 116557 , 116558 , 116559 , 116562 , 116566 , 116576 , 116577 , 116578 , 116579 , 116580 , 116581 , 116582 , 116583 , 116584 , 116585 , 116586 , 116587 , 116588 , 116589 , 116590 , 116591 , 116592 , 116625 , 116626 , 116627 , 116628 , 116629 , 116630 , 116631 , 116632 , 116633 , 116634 , 116635 , 116636 , 116637 , 116638 , 116639 , 116640 , 116643 , 116644 , 116645 , 116646 , 116647 , 116648 , 116649 , 116650 , 116651 , 116655 , 116656 , 116657 , 116664 , 116665 , 116666 , 116667 , 116668 , 116669 , 150519 , 116711 , 116724 , 116727 , 116734 , 116825 , 116826 , 116829 , 143555 , 116865 , 143556 , 116869 , 116879 , 116907 , 116908 , 116909 , 116910 , 116911 , 116912 , 116913 , 116914 , 116915 , 116916 , 116917 , 116918 , 116935 , 116936 , 116947 , 116952 , 116953 , 116958 , 116959 , 116960 , 116961 , 116962 , 116963 , 116964 , 116965 , 116968 , 116979 , 116983 , 116994 , 116995 , 116996 , 116997 , 150574 , 117019 , 117020 , 117021 , 117022 , 150576 , 150577 , 150579 , 150580 , 117052 , 117060 , 117061 , 117133 , 117134 , 117148 , 117149 , 117151 , 117173 , 117174 , 117175 , 117176 , 117177 , 117178 , 117179 , 117180 , 117181 , 117182 , 117184 , 117185 , 117186 , 117187 , 117188 , 117189 , 150605 , 117201 , 117202 , 117208 , 117209 , 117210 , 117211 , 117213 , 117214 , 117215 , 117216 , 117217 , 117218 , 117231 , 117232 , 117233 , 117249 , 117283 , 117294 , 117296 , 117297 , 117298 , 117315 , 117318 , 117319 , 117320 , 117321 , 117322 , 150626 , 150627 , 117335 , 117379 , 117391 , 117401 , 117416 , 117421 , 117427 , 117431 , 117432 , 117452 , 117453 , 117454 , 150649 , 117471 , 117476 , 117482 , 117483 , 150653 , 117532 , 117542 , 117543 , 117544 , 117545 , 117546 , 117547 , 117548 , 117549 , 117550 , 117551 , 117552 , 117555 , 117579 , 150670 , 117591 , 117592 , 117593 , 117594 , 117595 , 117596 , 117597 , 117603 , 117607 , 117617 , 117618 , 117634 , 117635 , 117638 , 117639 , 117649 , 117650 , 117651 , 117653 , 117654 , 117666 , 117667 , 117668 , 117669 , 117670 , 117671 , 117678 , 117696 , 117708 , 117725 , 117726 , 117740 , 117741 , 155287 , 117777 , 117778 , 117805 , 117807 , 117808 , 117809 , 117810 , 117811 , 117812 , 117822 , 117824 , 117841 , 117842 , 117845 , 117846 , 134860 , 117875 , 117878 , 117881 , 117882 , 117889 , 117890 , 117891 , 117922 , 117923 , 117924 , 117925 , 117926 , 117927 , 117930 , 117976 , 117979 , 117980 , 117981 , 117983 , 117984 , 117985 , 117986 , 117987 , 117988 , 118016 , 118043 , 118074 , 118085 , 118086 , 118087 , 118088 , 118092 , 118116 , 118129 , 118130 , 118131 , 118132 , 118133 , 118146 , 118148 , 118149 , 118150 , 118151 , 118152 , 118153 , 118155 , 118156 , 118157 , 118159 , 118160 , 118161 , 118162 , 118163 , 118164 , 118167 , 118168 , 118169 , 118170 , 118171 , 118172 , 118173 , 118175 , 118176 , 118177 , 118214 , 118217 , 118218 , 118219 , 118233 , 118242 , 118243 , 118244 , 118277 , 118278 , 118279 , 118280 , 118281 , 118282 , 118283 , 118284 , 118285 , 118288 , 118297 , 118298 , 118299 , 118300 , 118301 , 118302 , 118307 , 118308 , 118309 , 118310 , 118311 , 118312 , 118313 , 118314 , 118316 , 118317 , 118337 , 118338 , 118352 , 118353 , 118354 , 118355 , 118356 , 118357 , 118358 , 118361 , 118362 , 118363 , 118364 , 118366 , 118370 , 118371 , 118375 , 118376 , 118377 , 118399 , 118400 , 118430 , 118431 , 147974 , 118484 , 118485 , 118486 , 118487 , 118488 , 118489 , 118490 , 118498 , 118499 , 118503 , 118504 , 118511 , 118512 , 118513 , 118514 , 118515 , 118516 , 118537 , 118540 , 118552 , 118553 , 118569 , 118570 , 118571 , 118574 , 118577 , 118579 , 118580 , 118581 , 118582 , 118583 , 118584 , 118585 , 118587 , 118588 , 118589 , 118590 , 118591 , 118593 , 118602 , 118603 , 118604 , 118610 , 118611 , 118612 , 118613 , 118618 , 118619 , 118620 , 118621 , 118622 , 118623 , 118624 , 118627 , 118641 , 118642 , 118643 , 118644 , 118645 , 118666 , 118667 , 118668 , 118669 , 118670 , 118688 , 118689 , 118690 , 118692 , 118695 , 134888 , 118705 , 118724 , 118750 , 118763 , 118764 , 118765 , 118766 , 118767 , 118801 , 118802 , 118814 , 118815 , 118816 , 118817 , 118819 , 118820 , 118821 , 118822 , 118834 , 118835 , 118836 , 118851 , 118854 , 118857 , 118858 , 118911 , 118912 , 118913 , 118914 , 118915 , 118927 , 118949 , 118950 , 118951 , 118952 , 118953 , 118954 , 118980 , 118987 , 118994 , 118995 , 119000 , 119001 , 119002 , 119003 , 119004 , 119009 , 119010 , 119012 , 119013 , 119014 , 119015 , 119016 , 119017 , 119018 , 119020 , 119021 , 119022 , 119023 , 119024 , 119025 , 119026 , 119027 , 119029 , 119030 , 119031 , 119033 , 119034 , 119035 , 119059 , 119060 , 119061 , 119062 , 119063 , 119064 , 119065 , 119066 , 119067 , 119071 , 119072 , 119073 , 119074 , 119101 , 119102 , 119113 , 119114 , 134902 , 119130 , 119131 , 119132 , 119134 , 119135 , 119141 , 119148 , 119149 , 119150 , 119151 , 119152 , 119156 , 119173 , 119174 , 119175 , 119181 , 119182 , 119183 , 119184 , 119185 , 119186 , 119187 , 119188 , 119189 , 119190 , 119191 , 119192 , 119197 , 119206 , 119207 , 119208 , 119209 , 119210 , 119211 , 119212 , 119213 , 119214 , 119215 , 119216 , 119217 , 119218 , 119219 , 119220 , 119221 , 119222 , 119223 , 119224 , 119225 , 119226 , 119242 , 119243 , 119244 , 119245 , 119246 , 119247 , 119248 , 119249 , 119250 , 119251 , 119252 , 119253 , 119254 , 119255 , 119256 , 119257 , 119258 , 119259 , 119260 , 119261 , 119266 , 119267 , 119271 , 119297 , 119298 , 119299 , 119300 , 119301 , 119302 , 119314 , 119315 , 150958 , 119318 , 119329 , 119332 , 119333 , 119334 , 119335 , 119339 , 119340 , 150962 , 119342 , 119343 , 119344 , 119345 , 119346 , 119347 , 150964 , 119362 , 119364 , 119365 , 119366 , 119367 , 119370 , 119371 , 119372 , 119373 , 119374 , 119379 , 119380 , 119381 , 119382 , 119383 , 119384 , 150970 , 119392 , 119399 , 119400 , 119401 , 119402 , 119403 , 119404 , 119428 , 119447 , 119448 , 119449 , 119450 , 119494 , 119546 , 119570 , 148011 , 119621 , 119622 , 119623 , 119629 , 119630 , 119631 , 119632 , 119633 , 119634 , 119635 , 119636 , 119637 , 119638 , 119640 , 119641 , 119642 , 119643 , 119665 , 119666 , 119667 , 119668 , 119670 , 119701 , 119708 , 119709 , 119710 , 119711 , 119717 , 119730 , 119733 , 119757 , 119770 , 119777 , 119778 , 119788 , 119789 , 119790 , 119791 , 119794 , 119795 , 119796 , 119798 , 119828 , 119829 , 119830 , 119831 , 119832 , 119833 , 119834 , 119835 , 119836 , 119837 , 119838 , 119840 , 119845 , 119846 , 119852 , 119853 , 119854 , 119855 , 119856 , 119857 , 119858 , 119859 , 119860 , 119861 , 119864 , 119865 , 119872 , 119873 , 119874 , 119888 , 119889 , 119902 , 119915 , 119916 , 119917 , 119918 , 119919 , 119923 , 119925 , 119926 , 119932 , 119933 , 119935 , 119961 , 119962 , 119963 , 119964 , 119965 , 119975 , 119976 , 136971 , 119986 , 119988 , 119989 , 119990 , 119991 , 119992 , 119995 , 119996 , 119998 , 119999 , 120000 , 120001 , 120002 , 120003 , 120004 , 120010 , 120016 , 120030 , 120045 , 120046 , 120050 , 120051 , 120052 , 151082 , 120063 , 151083 , 151084 , 151085 , 120107 , 120129 , 120148 , 120151 , 120152 , 120153 , 120156 , 120157 , 120158 , 120159 , 120160 , 120161 , 120162 , 120163 , 120164 , 120172 , 120173 , 120174 , 120186 , 120187 , 120188 , 120189 , 120190 , 120245 , 120246 , 120247 , 120250 , 120251 , 120252 , 120253 , 120254 , 120255 , 120256 , 120262 , 120263 , 120266 , 120267 , 120268 , 120269 , 120270 , 120271 , 120274 , 120278 , 120279 , 120280 , 120281 , 120282 , 120283 , 120285 , 120286 , 120302 , 120303 , 120307 , 120308 , 120318 , 151129 , 120350 , 120351 , 120352 , 120367 , 120368 , 120371 , 120372 , 120373 , 120375 , 120376 , 120387 , 120389 , 120390 , 120391 , 120392 , 120393 , 120394 , 120395 , 120396 , 120397 , 120398 , 120399 , 120401 , 120402 , 120403 , 120404 , 120405 , 120406 , 120407 , 120408 , 120409 , 120410 , 120411 , 120412 , 120413 , 120414 , 120415 , 120416 , 151142 , 151151 , 120481 , 120482 , 148042 , 120519 , 120532 , 120533 , 120535 , 120538 , 120539 , 120540 , 120541 , 151163 , 120560 , 120561 , 120562 , 120571 , 143680 , 120608 , 120613 , 120614 , 139317 , 120659 , 120660 , 120667 , 120672 , 120680 , 120681 , 143683 , 120683 , 120690 , 120692 , 120693 , 120694 , 120695 , 120696 , 120697 , 120698 , 120699 , 120700 , 120701 , 120703 , 120704 , 120705 , 120706 , 120707 , 120710 , 120711 , 120712 , 120713 , 120735 , 120736 , 120737 , 120741 , 120748 , 120762 , 120763 , 120774 , 120782 , 120798 , 120799 , 120826 , 120827 , 120828 , 120829 , 120830 , 120837 , 120838 , 120839 , 120840 , 120841 , 120842 , 120843 , 120844 , 120845 , 120847 , 120848 , 120849 , 120850 , 120851 , 120852 , 120853 , 120854 , 120855 , 120856 , 120857 , 120858 , 120859 , 120860 , 120861 , 120864 , 120865 , 120866 , 120867 , 120868 , 120870 , 120871 , 120872 , 120873 , 120874 , 120885 , 120894 , 120916 , 120917 , 120918 , 120931 , 120932 , 120933 , 120934 , 120935 , 120936 , 120937 , 120939 , 120940 , 120948 , 120957 , 120992 , 120993 , 120994 , 120995 , 120996 , 120997 , 120998 , 120999 , 121000 , 121001 , 121018 , 121019 , 121020 , 121021 , 121022 , 121023 , 121024 , 121025 , 121026 , 121027 , 121028 , 121029 , 121030 , 121031 , 121033 , 121034 , 121035 , 121036 , 121037 , 121038 , 121051 , 121052 , 121053 , 121054 , 121060 , 121061 , 121081 , 121082 , 121092 , 121101 , 121106 , 121107 , 121108 , 121109 , 121110 , 121111 , 121113 , 151258 , 121125 , 121126 , 121127 , 121128 , 121129 , 121130 , 121181 , 121182 , 121202 , 121203 , 121204 , 121205 , 121206 , 121207 , 121208 , 121209 , 121210 , 121211 , 121212 , 121216 , 121217 , 121218 , 121219 , 121228 , 121229 , 121231 , 121232 , 121243 , 121245 , 121246 , 121248 , 121270 , 121271 , 121272 , 121273 , 121275 , 121276 , 121277 , 121278 , 121279 , 121280 , 121304 , 121313 , 153565 , 121328 , 121330 , 121337 , 121343 , 121367 , 121413 , 121422 , 121423 , 121424 , 121425 , 121426 , 121427 , 121428 , 121431 , 121432 , 121434 , 121435 , 121439 , 121440 , 121449 , 121450 , 121451 , 121452 , 121453 , 121455 , 121456 , 121457 , 121483 , 121492 , 121493 , 121494 , 121495 , 151324 , 121522 , 121524 , 121525 , 121526 , 121527 , 121528 , 121533 , 121534 , 151328 , 121556 , 121561 , 121562 , 121563 , 121566 , 121567 , 121568 , 121569 , 121570 , 121571 , 121574 , 121575 , 121576 , 121577 , 121578 , 121579 , 121580 , 121581 , 121582 , 121583 , 121584 , 121588 , 121589 , 121597 , 121608 , 121609 , 121610 , 121611 , 121612 , 121613 , 121614 , 121615 , 121616 , 121617 , 121618 , 121620 , 121629 , 121630 , 121640 , 121645 , 121646 , 121647 , 121652 , 121653 , 121654 , 121655 , 121656 , 121669 , 121670 , 121672 , 121674 , 121675 , 121676 , 121677 , 121678 , 121679 , 121680 , 143717 , 121707 , 121708 , 121709 , 121710 , 121713 , 121714 , 121717 , 121718 , 121719 , 121720 , 121721 , 121722 , 121723 , 121724 , 121725 , 121726 , 121727 , 121728 , 121729 , 121730 , 121731 , 121732 , 121740 , 155314 , 121811 , 121812 , 121815 , 121818 , 121825 , 121826 , 121839 , 121840 , 121841 , 121842 , 121856 , 121857 , 121858 , 121868 , 121872 , 121873 , 121883 , 121884 , 121885 , 121887 , 121890 , 121894 , 121895 , 121896 , 121898 , 121899 , 121900 , 121901 , 121904 , 121906 , 121909 , 121910 , 121923 , 121924 , 121931 , 121932 , 121933 , 121939 , 121940 , 121941 , 121942 , 121943 , 121953 , 121954 , 121959 , 121961 , 121962 , 121970 , 121973 , 121981 , 121982 , 121993 , 122040 , 122045 , 122046 , 122047 , 122048 , 122049 , 151425 , 122127 , 122128 , 151427 , 151428 , 122142 , 122143 , 122144 , 122145 , 122173 , 122174 , 122175 , 122176 , 122177 , 122178 , 122185 , 122207 , 122208 , 122209 , 122210 , 122211 , 122212 , 122213 , 122214 , 122215 , 122216 , 151448 , 122261 , 122262 , 122265 , 122266 , 122267 , 122268 , 122270 , 122271 , 122272 , 122273 , 122277 , 122278 , 122279 , 122280 , 122281 , 122285 , 122286 , 122288 , 122289 , 122290 , 122305 , 122311 , 122315 , 122316 , 122317 , 122339 , 122340 , 122341 , 122349 , 122350 , 122360 , 122361 , 122362 , 122363 , 122364 , 122365 , 122366 , 122376 , 122377 , 122378 , 122379 , 122380 , 122381 , 122382 , 122383 , 122384 , 122385 , 122386 , 122387 , 122407 , 122421 , 122424 , 122425 , 122426 , 122427 , 122428 , 122429 , 122430 , 122431 , 122432 , 122433 , 122434 , 122435 , 122436 , 122438 , 122443 , 122461 , 122462 , 122463 , 122464 , 122470 , 122476 , 122477 , 122478 , 122479 , 122480 , 122481 , 122483 , 122484 , 122488 , 122489 , 122490 , 122491 , 122501 , 122502 , 122503 , 122506 , 122508 , 122509 , 122510 , 122511 , 122512 , 122515 , 122516 , 122517 , 122519 , 122521 , 122522 , 122523 , 122524 , 122525 , 122526 , 122527 , 122528 , 122529 , 122530 , 122532 , 122533 , 122553 , 122554 , 122563 , 122567 , 122568 , 122569 , 122570 , 122571 , 122573 , 122574 , 122575 , 122594 , 122598 , 122599 , 122600 , 122601 , 122602 , 122603 , 122604 , 122605 , 150082 , 122644 , 122645 , 122659 , 122660 , 122661 , 122674 , 122675 , 152479 , 122701 , 122702 , 122703 , 122712 , 122716 , 122717 , 122721 , 122722 , 122728 , 122739 , 122741 , 122744 , 122761 , 122762 , 122763 , 122764 , 122765 , 122766 , 122792 , 122796 , 151538 , 151539 , 122824 , 122840 , 122841 , 122842 , 122843 , 122844 , 122913 , 122914 , 122915 , 122916 , 122917 , 122918 , 122919 , 122920 , 122921 , 122922 , 122923 , 122933 , 151562 , 122947 , 122948 , 122949 , 122950 , 122951 , 122955 , 122956 , 122957 , 122958 , 122959 , 122960 , 122961 , 122962 , 122963 , 122964 , 122965 , 122970 , 122973 , 122974 , 122991 , 122992 , 122993 , 122994 , 122995 , 122996 , 122999 , 123010 , 123011 , 123013 , 123014 , 123016 , 123017 , 123018 , 123019 , 123022 , 123023 , 123028 , 123034 , 123035 , 123036 , 123037 , 123038 , 123039 , 123040 , 123063 , 123072 , 123073 , 123074 , 123078 , 123081 , 123102 , 123103 , 123119 , 123142 , 123143 , 123145 , 123146 , 123147 , 123155 , 123156 , 123162 , 123163 , 123164 , 123165 , 123201 , 123204 , 123205 , 123206 , 123207 , 123211 , 123212 , 123215 , 123220 , 123221 , 123225 , 123226 , 123232 , 123235 , 123237 , 123239 , 123240 , 123241 , 123245 , 123246 , 123299 , 123316 , 123317 , 123318 , 123319 , 123331 , 123332 , 123333 , 123339 , 123340 , 123343 , 123344 , 123345 , 123346 , 123347 , 123350 , 123351 , 123352 , 123353 , 123354 , 123355 , 123370 , 123371 , 151634 , 123382 , 123384 , 123385 , 123411 , 123412 , 123413 , 123418 , 123422 , 123423 , 123424 , 123425 , 123426 , 123427 , 123428 , 123429 , 123430 , 123431 , 123432 , 123433 , 123434 , 123435 , 123438 , 123439 , 123440 , 123441 , 123442 , 123443 , 123444 , 123447 , 139411 , 123461 , 123468 , 123469 , 123476 , 123477 , 123478 , 123479 , 123480 , 123481 , 123485 , 123495 , 123501 , 123503 , 123504 , 123505 , 123518 , 123520 , 123521 , 123533 , 123534 , 123535 , 123536 , 123537 , 123538 , 123539 , 123540 , 123541 , 123542 , 123545 , 123572 , 123586 , 123593 , 123594 , 123595 , 123596 , 123598 , 123603 , 123604 , 123605 , 123607 , 123615 , 123616 , 123617 , 123618 , 123619 , 123620 , 123621 , 123622 , 123623 , 123624 , 123625 , 123626 , 123628 , 123629 , 123630 , 123631 , 123632 , 123633 , 123634 , 123635 , 123636 , 123637 , 123638 , 123654 , 123688 , 123689 , 123690 , 123705 , 151690 , 123715 , 123717 , 123754 , 123755 , 123756 , 123757 , 123773 , 123776 , 123777 , 123778 , 123779 , 123780 , 123781 , 123782 , 123783 , 123784 , 123785 , 123786 , 123790 , 123793 , 123794 , 123799 , 123800 , 123809 , 123810 , 123811 , 123812 , 123813 , 123814 , 123818 , 150963 , 123830 , 123835 , 123836 , 123837 , 123838 , 123842 , 123843 , 123844 , 123849 , 123851 , 123858 , 123859 , 123861 , 123862 , 123863 , 123864 , 123865 , 123875 , 123887 , 123888 , 123889 , 123891 , 123892 , 123893 , 123894 , 123895 , 123896 , 123897 , 123898 , 123899 , 123900 , 123906 , 123907 , 123908 , 123914 , 123928 , 123936 , 123978 , 123979 , 123980 , 123981 , 123982 , 123983 , 123984 , 123985 , 123986 , 123987 , 123988 , 123989 , 123990 , 123991 , 123992 , 123993 , 123994 , 123995 , 123998 , 123999 , 124000 , 124001 , 124002 , 124003 , 124004 , 124005 , 124006 , 124007 , 124009 , 124010 , 124011 , 124013 , 143794 , 124023 , 124025 , 124026 , 124051 , 146600 , 124057 , 124058 , 124059 , 124060 , 124061 , 124062 , 124065 , 124066 , 124067 , 124068 , 124069 , 124070 , 124071 , 124072 , 124073 , 124074 , 124078 , 124085 , 124086 , 124087 , 124088 , 124089 , 124090 , 124091 , 124092 , 124093 , 124094 , 124095 , 124096 , 124098 , 124099 , 124100 , 124102 , 124103 , 124104 , 124106 , 124107 , 124108 , 124112 , 124115 , 124116 , 124117 , 124118 , 124119 , 124121 , 124122 , 124123 , 124125 , 124126 , 124127 , 124128 , 124130 , 124131 , 152527 , 124160 , 124169 , 124170 , 124193 , 124194 , 124202 , 124203 , 124218 , 124229 , 124232 , 124233 , 124234 , 124235 , 124236 , 124237 , 124238 , 124239 , 124240 , 124241 , 124259 , 124262 , 124263 , 124265 , 124266 , 124267 , 124287 , 124288 , 124289 , 124310 , 124328 , 124330 , 124342 , 124350 , 124352 , 124353 , 124354 , 124355 , 124358 , 124359 , 124360 , 124361 , 124362 , 124363 , 124367 , 124368 , 124369 , 124370 , 124372 , 124379 , 124397 , 124398 , 124399 , 124400 , 124402 , 124403 , 124405 , 124471 , 124472 , 124473 , 124474 , 124475 , 124476 , 124477 , 124479 , 124480 , 124481 , 124482 , 124483 , 124484 , 124485 , 124486 , 124487 , 154459 , 124490 , 124491 , 124496 , 124497 , 124498 , 124499 , 124500 , 124501 , 124502 , 124546 , 124547 , 124548 , 124549 , 124550 , 124551 , 124552 , 124561 , 124562 , 124568 , 124569 , 124579 , 124580 , 124581 , 124582 , 124584 , 124586 , 124587 , 124588 , 124611 , 124620 , 124625 , 124627 , 124628 , 124629 , 124630 , 143815 , 124647 , 124648 , 124649 , 124650 , 124654 , 124656 , 124657 , 124659 , 124663 , 124664 , 124665 , 124670 , 124671 , 143816 , 151852 , 151853 , 151854 , 124703 , 124711 , 124729 , 124730 , 124731 , 124732 , 124733 , 124734 , 124735 , 124742 , 124743 , 124744 , 124745 , 124746 , 124755 , 124756 , 124782 , 124783 , 124784 , 124785 , 124786 , 124787 , 124788 , 124789 , 124790 , 124791 , 124792 , 124793 , 151872 , 124807 , 124808 , 124809 , 124810 , 124811 , 124812 , 124813 , 124814 , 149224 , 124853 , 124854 , 124855 , 124856 , 124857 , 124860 , 124861 , 124873 , 124875 , 124876 , 124877 , 124878 , 124887 , 124889 , 124890 , 124891 , 124908 , 124942 , 124945 , 124946 , 124947 , 124973 , 124974 , 124975 , 124976 , 124977 , 124978 , 124979 , 124980 , 124981 , 124982 , 124983 , 124984 , 124985 , 124986 , 124987 , 124992 , 124993 , 124994 , 124997 , 125000 , 125001 , 125005 , 125010 , 125011 , 125012 , 125013 , 125014 , 125015 , 125016 , 125017 , 125018 , 125019 , 125020 , 125023 , 125024 , 125025 , 125026 , 125031 , 125035 , 125036 , 125037 , 125038 , 125041 , 125042 , 125043 , 125044 , 125045 , 125046 , 125047 , 125048 , 125050 , 125052 , 125054 , 125055 , 125056 , 125075 , 125076 , 125077 , 125078 , 125079 , 125081 , 125087 , 125088 , 125089 , 125090 , 125091 , 125092 , 125093 , 125094 , 125095 , 125098 , 125111 , 125112 , 125113 , 125114 , 125119 , 125122 , 125124 , 125137 , 125144 , 125146 , 125147 , 125158 , 125161 , 125163 , 125170 , 125179 , 125187 , 125190 , 125191 , 125192 , 125193 , 125194 , 125195 , 125197 , 125198 , 125199 , 125200 , 125202 , 125203 , 125204 , 125205 , 125206 , 125207 , 125208 , 125212 , 125213 , 151941 , 125239 , 125240 , 125242 , 125243 , 125244 , 125245 , 125246 , 125247 , 125248 , 125249 , 125250 , 125251 , 125252 , 125253 , 125298 , 125299 , 125300 , 125301 , 125304 , 125305 , 125306 , 125312 , 125313 , 125327 , 125366 , 125374 , 125375 , 125376 , 125378 , 125379 , 125380 , 125381 , 125382 , 125388 , 125392 , 125393 , 125400 , 125409 , 125410 , 125414 , 125415 , 125416 , 125417 , 125438 , 125439 , 125440 , 125451 , 125452 , 125466 , 125472 , 125473 , 125474 , 125475 , 125476 , 125477 , 125478 , 125479 , 125495 , 125534 , 125537 , 125538 , 125539 , 125540 , 125541 , 125542 , 125543 , 125546 , 125547 , 151997 , 125552 , 125553 , 125554 , 125555 , 125556 , 125558 , 125571 , 125572 , 125573 , 125574 , 125575 , 152003 , 152005 , 125601 , 125604 , 152006 , 152007 , 152008 , 152009 , 125625 , 143848 , 152013 , 152014 , 125660 , 125661 , 125669 , 125670 , 125671 , 125681 , 125682 , 125683 , 125684 , 125685 , 125686 , 125687 , 125688 , 125689 , 125690 , 125691 , 125692 , 125693 , 125694 , 125695 , 125697 , 125699 , 125700 , 125701 , 125703 , 125704 , 125705 , 125717 , 125718 , 125737 , 125742 , 125743 , 125744 , 125745 , 125750 , 125751 , 125752 , 125753 , 125755 , 125756 , 125757 , 125771 , 125778 , 125779 , 125781 , 125782 , 125788 , 125796 , 125800 , 125810 , 125811 , 125812 , 125813 , 125815 , 125816 , 125817 , 125818 , 125819 , 125820 , 125821 , 125822 , 125823 , 125849 , 125854 , 125855 , 125856 , 125857 , 125858 , 125859 , 125860 , 125861 , 152054 , 125896 , 125897 , 125898 , 125899 , 125907 , 125908 , 125912 , 125913 , 125914 , 125916 , 125917 , 125919 , 125921 , 125922 , 125930 , 125931 , 125934 , 125942 , 125943 , 125944 , 125945 , 125946 , 125947 , 125948 , 125949 , 125950 , 125951 , 152064 , 125966 , 125967 , 125988 , 125989 , 125991 , 125992 , 125993 , 125994 , 125995 , 126006 , 126007 , 126008 , 126009 , 126010 , 126011 , 126014 , 126018 , 126022 , 126023 , 126045 , 126046 , 126056 , 126057 , 126058 , 126059 , 126060 , 126061 , 126062 , 126063 , 126064 , 126065 , 126066 , 126067 , 126068 , 126069 , 126070 , 126071 , 126072 , 126073 , 126074 , 126075 , 126076 , 126077 , 126078 , 126079 , 126080 , 126081 , 126082 , 126083 , 126084 , 126085 , 126090 , 126091 , 126092 , 126093 , 126094 , 126096 , 126097 , 126098 , 126099 , 126100 , 126101 , 126102 , 126117 , 126118 , 126128 , 126129 , 126130 , 126131 , 126140 , 126141 , 126142 , 126152 , 126155 , 126156 , 126194 , 126195 , 126196 , 126221 , 126222 , 126225 , 126226 , 126227 , 126228 , 126229 , 126230 , 126234 , 126235 , 126236 , 126237 , 126238 , 126239 , 126260 , 126262 , 126263 , 126264 , 126265 , 126266 , 126267 , 126268 , 126269 , 126270 , 126272 , 126273 , 126274 , 126275 , 126276 , 126277 , 126297 , 126335 , 126336 , 126341 , 126342 , 126343 , 126344 , 126345 , 126358 , 142251 , 126416 , 153599 , 126429 , 126436 , 126437 , 126438 , 126448 , 126449 , 126452 , 126453 , 126457 , 126465 , 126466 , 126467 , 126468 , 126469 , 126470 , 126471 , 126472 , 126473 , 126474 , 126493 , 126494 , 126500 , 126501 , 126502 , 126503 , 142252 , 126563 , 126564 , 126565 , 126572 , 126574 , 126575 , 126576 , 126577 , 126578 , 126579 , 126580 , 126594 , 126595 , 126603 , 126641 , 126642 , 126648 , 126661 , 126662 , 126663 , 126664 , 126665 , 126666 , 126680 , 126683 , 126684 , 126685 , 126686 , 126687 , 126688 , 126692 , 126696 , 126697 , 152198 , 126760 , 126761 , 126762 , 152199 , 126764 , 126765 , 126766 , 126767 , 126768 , 126769 , 126785 , 126786 , 126787 , 126794 , 126795 , 126796 , 126820 , 126843 , 126844 , 126845 , 126852 , 126853 , 126861 , 126862 , 126863 , 126864 , 126865 , 126866 , 126867 , 126868 , 126869 , 126879 , 126889 , 126890 , 126891 , 126892 , 126893 , 126952 , 126956 , 126957 , 126974 , 126975 , 126976 , 126977 , 126978 , 126979 , 126980 , 126982 , 126983 , 126984 , 126985 , 126986 , 127012 , 127021 , 127022 , 127023 , 127024 , 127025 , 127026 , 127027 , 127028 , 127029 , 127032 , 127033 , 127034 , 127035 , 127036 , 127048 , 127049 , 127050 , 127058 , 127060 , 127061 , 127062 , 127063 , 127075 , 127076 , 127077 , 127086 , 127087 , 127089 , 127098 , 127099 , 127123 , 127124 , 127215 , 127216 , 127239 , 127241 , 127250 , 127251 , 127252 , 127253 , 127254 , 127255 , 127256 , 135173 , 127272 , 127275 , 127276 , 127277 , 127278 , 127279 , 127280 , 127294 , 127296 , 127305 , 127313 , 127314 , 127334 , 127335 , 127336 , 127337 , 127338 , 127358 , 127360 , 127373 , 127374 , 127375 , 127376 , 127377 , 127429 , 127430 , 127431 , 127432 , 127433 , 127434 , 127437 , 127447 , 127448 , 127449 , 127480 , 127481 , 127486 , 127487 , 127488 , 127489 , 127490 , 127492 , 127494 , 127495 , 127503 , 152324 , 127534 , 127535 , 127542 , 127543 , 127544 , 127549 , 127550 , 127551 , 127552 , 127553 , 127557 , 127566 , 127567 , 127570 , 127580 , 127581 , 127585 , 127593 , 127594 , 127595 , 127596 , 127597 , 127598 , 127599 , 127600 , 127625 , 127626 , 127651 , 127652 , 127659 , 127670 , 127671 , 127672 , 127685 , 127687 , 127688 , 127689 , 127697 , 127698 , 127699 , 127700 , 127701 , 127702 , 127703 , 127704 , 127705 , 127706 , 127707 , 127708 , 127737 , 127738 , 152362 , 152363 , 152364 , 127765 , 127766 , 127773 , 127774 , 127775 , 127776 , 127779 , 127780 , 127781 , 127782 , 127783 , 127784 , 127785 , 127786 , 127787 , 127788 , 127789 , 127790 , 127791 , 152371 , 152649 , 152372 , 152373 , 127816 , 138769 , 152376 , 152377 , 152378 , 127853 , 127866 , 127867 , 127880 , 127881 , 127882 , 127929 , 127932 , 127933 , 127934 , 127936 , 127938 , 152397 , 127959 , 152400 , 127989 , 127992 , 127993 , 127996 , 127997 , 128001 , 128002 , 128003 , 128022 , 128023 , 128028 , 128029 , 128036 , 128037 , 128038 , 128040 , 128065 , 128079 , 128081 , 128082 , 128087 , 128097 , 128121 , 128122 , 128123 , 128125 , 128126 , 128127 , 128128 , 128129 , 128130 , 128131 , 128139 , 128153 , 128154 , 128159 , 128160 , 128161 , 128163 , 128164 , 128165 , 128166 , 128167 , 128168 , 128169 , 128170 , 128171 , 128172 , 128173 , 128174 , 128175 , 128176 , 128177 , 128178 , 128180 , 128181 , 128182 , 128186 , 128187 , 128188 , 128216 , 128217 , 128224 , 128253 , 128299 , 128300 , 128301 , 128305 , 128328 , 152463 , 128349 , 128350 , 128351 , 128352 , 128353 , 128354 , 128355 , 128356 , 128358 , 128359 , 128360 , 128361 , 128362 , 128363 , 128364 , 128365 , 128366 , 128384 , 128385 , 128386 , 128388 , 128389 , 128390 , 128391 , 128392 , 128393 , 128394 , 128413 , 128414 , 128415 , 152475 , 128428 , 128429 , 152478 , 128440 , 128442 , 128443 , 128444 , 128445 , 128446 , 128454 , 128456 , 152482 , 152483 , 152484 , 128474 , 128475 , 128476 , 128477 , 128478 , 152485 , 128480 , 128482 , 128483 , 128484 , 128489 , 128515 , 128516 , 128517 , 128519 , 128520 , 128521 , 128532 , 128533 , 128534 , 152498 , 152499 , 128596 , 128608 , 128614 , 128617 , 128620 , 128621 , 128641 , 128642 , 128644 , 128645 , 128646 , 128647 , 128648 , 128674 , 128678 , 128716 , 128719 , 128720 , 128721 , 128722 , 128723 , 128724 , 128725 , 128730 , 128731 , 128758 , 128760 , 128761 , 128774 , 128775 , 128776 , 128777 , 128779 , 128795 , 128796 , 128797 , 128798 , 128806 , 128807 , 128825 , 128829 , 128830 , 148319 , 143955 , 128865 , 128885 , 128886 , 128887 , 128888 , 128889 , 128892 , 128893 , 128897 , 128926 , 128927 , 128944 , 128945 , 152563 , 151870 , 128952 , 152564 , 128966 , 128967 , 128968 , 128969 , 128970 , 152571 , 152577 , 129033 , 129034 , 129035 , 129051 , 129052 , 129053 , 129056 , 129057 , 129058 , 129059 , 129060 , 129062 , 129063 , 129064 , 129065 , 129066 , 129067 , 129068 , 129069 , 129070 , 129087 , 129088 , 129089 , 129090 , 129091 , 129092 , 129093 , 129094 , 129095 , 129098 , 129099 , 129102 , 129103 , 129104 , 129105 , 129106 , 129107 , 129108 , 129109 , 129120 , 129121 , 129122 , 129123 , 129124 , 129125 , 129126 , 129127 , 129128 , 129129 , 129130 , 129131 , 129132 , 129133 , 129134 , 129135 , 129136 , 129137 , 129138 , 129139 , 129140 , 129141 , 129142 , 129145 , 129146 , 129147 , 129148 , 129150 , 129164 , 129165 , 129167 , 129168 , 129169 , 129170 , 129171 , 129172 , 129173 , 129174 , 129181 , 129182 , 129191 , 129192 , 129193 , 129194 , 129211 , 129220 , 129221 , 129225 , 129226 , 129227 , 129228 , 129231 , 129232 , 129233 , 129234 , 129235 , 129237 , 129245 , 129246 , 129247 , 129258 , 129259 , 129260 , 129262 , 129263 , 129264 , 129266 , 129267 , 129268 , 129270 , 129271 , 129276 , 129277 , 129278 , 129279 , 129280 , 129281 , 129282 , 129283 , 129298 , 129307 , 129323 , 129324 , 129338 , 129339 , 129340 , 129341 , 129342 , 129345 , 129346 , 129349 , 129350 , 129354 , 129356 , 129357 , 129361 , 129362 , 129363 , 129366 , 129367 , 129368 , 129369 , 129370 , 129371 , 129374 , 129376 , 129377 , 129379 , 129380 , 129381 , 129399 , 129400 , 129401 , 129414 , 129415 , 129416 , 129417 , 129418 , 129419 , 129420 , 129422 , 129423 , 129424 , 129434 , 129435 , 129437 , 129438 , 129439 , 129440 , 129444 , 129447 , 129448 , 129449 , 129450 , 129451 , 129452 , 129453 , 129458 , 129459 , 129460 , 129461 , 129462 , 129463 , 129473 , 129474 , 129475 , 129476 , 129477 , 129478 , 129483 , 129484 , 129490 , 129491 , 129494 , 129496 , 129499 , 129500 , 129501 , 129502 , 129503 , 129516 , 152667 , 152671 , 129597 , 152672 , 152673 , 129618 , 129620 , 129621 , 129622 , 129623 , 129624 , 129625 , 129627 , 129628 , 129629 , 129630 , 129631 , 129632 , 129635 , 129636 , 152679 , 129651 , 129661 , 129681 , 129689 , 129690 , 129691 , 129700 , 129701 , 129702 , 152691 , 129780 , 129785 , 129789 , 129790 , 129792 , 129796 , 129797 , 129798 , 129804 , 129805 , 129806 , 129807 , 129808 , 129809 , 129810 , 129811 , 129812 , 129813 , 129820 , 129821 , 129822 , 129823 , 129829 , 129832 , 129833 , 129847 , 129849 , 129850 , 129851 , 129852 , 129853 , 129854 , 129855 , 129859 , 129861 , 129862 , 129864 , 129865 , 129866 , 129867 , 129868 , 129875 , 129876 , 129877 , 129878 , 129879 , 129880 , 129882 , 129883 , 129884 , 129899 , 152725 , 129928 , 129929 , 129941 , 129942 , 129943 , 129945 , 129947 , 129953 , 129954 , 129955 , 129956 , 129957 , 129961 , 129974 , 129975 , 129976 , 129977 , 129999 , 130000 , 130001 , 130002 , 130003 , 130004 , 130005 , 130006 , 130007 , 130008 , 130009 , 152741 , 152742 , 152743 , 130028 , 130029 , 130030 , 130031 , 130033 , 130036 , 130038 , 130039 , 130040 , 130050 , 130063 , 130064 , 130071 , 130072 , 130076 , 130082 , 130083 , 130084 , 130085 , 130095 , 130097 , 130098 , 130099 , 130100 , 130103 , 130104 , 135268 , 130114 , 130115 , 130116 , 130125 , 130128 , 130129 , 130132 , 130133 , 130134 , 130135 , 130136 , 130137 , 130138 , 130144 , 130145 , 130146 , 130172 , 130180 , 130181 , 130182 , 130193 , 130194 , 130195 , 130196 , 130197 , 130200 , 130201 , 130202 , 130203 , 130204 , 130205 , 130206 , 130207 , 130208 , 130209 , 130210 , 130227 , 130236 , 130261 , 130281 , 130282 , 130290 , 130300 , 130301 , 130302 , 130304 , 130359 , 130360 , 130375 , 130376 , 152805 , 130400 , 130404 , 130405 , 130406 , 130407 , 130432 , 130433 , 130434 , 152815 , 130460 , 130461 , 152816 , 130466 , 130482 , 130483 , 130489 , 130490 , 130491 , 130492 , 130493 , 130494 , 130495 , 130496 , 130497 , 130498 , 130499 , 130500 , 130501 , 130502 , 130503 , 130504 , 130505 , 130506 , 130515 , 130516 , 130517 , 130518 , 130519 , 130520 , 130521 , 130522 , 130524 , 130525 , 130526 , 130527 , 130528 , 130529 , 130530 , 130531 , 130532 , 130534 , 130535 , 130550 , 152832 , 130577 , 130578 , 130579 , 130580 , 130581 , 130582 , 130583 , 130584 , 130600 , 130606 , 130607 , 130641 , 130642 , 130643 , 130650 , 130651 , 130652 , 130653 , 130654 , 130655 , 130656 , 130657 , 130665 , 130666 , 130667 , 130668 , 130687 , 152854 , 130702 , 130703 , 130704 , 130705 , 130706 , 130711 , 130712 , 130713 , 130714 , 130721 , 130732 , 130733 , 130751 , 130779 , 130780 , 130781 , 130782 , 130849 , 130850 , 130851 , 130852 , 130853 , 130854 , 130856 , 130857 , 130858 , 130861 , 130862 , 130863 , 130894 , 130895 , 130896 , 130897 , 130898 , 130899 , 130900 , 130902 , 130903 , 130904 , 130905 , 130906 , 130908 , 130909 , 130910 , 130911 , 130917 , 130918 , 130919 , 130920 , 130921 , 130922 , 130923 , 130924 , 130926 , 130927 , 130928 , 130929 , 130930 , 130931 , 130932 , 130934 , 130940 , 130945 , 130947 , 130959 , 130960 , 130961 , 130965 , 130980 , 131008 , 131014 , 131028 , 131029 , 131030 , 131035 , 131036 , 131041 , 131061 , 131062 , 131063 , 131064 , 131070 , 
 sentiment score 2 
98304 , 98306 , 65539 , 4 , 152918 , 6 , 49153 , 8 , 65545 , 10 , 11 , 12 , 13 , 14 , 76461 , 16 , 65553 , 18 , 65555 , 20 , 23 , 24 , 25 , 26 , 65563 , 98332 , 98333 , 98334 , 34 , 35 , 36 , 37 , 40 , 98345 , 42 , 65543 , 44 , 46 , 131119 , 48 , 32817 , 32818 , 32819 , 56 , 58 , 61 , 131134 , 92853 , 65 , 32779 , 136545 , 153019 , 73 , 75 , 32844 , 81933 , 80 , 76472 , 62197 , 84 , 85 , 86 , 87 , 88 , 89 , 90 , 91 , 92 , 93 , 98320 , 98 , 68523 , 131173 , 102 , 56742 , 104 , 32875 , 109 , 111 , 113 , 65650 , 115 , 120897 , 131191 , 65657 , 65658 , 65659 , 124 , 65661 , 128 , 130 , 32899 , 65670 , 65671 , 136 , 71020 , 97115 , 131211 , 140 , 141 , 71021 , 65680 , 98328 , 120029 , 147 , 148 , 149 , 65686 , 65561 , 65688 , 65692 , 65562 , 158 , 84672 , 72015 , 81947 , 98207 , 65701 , 98471 , 98473 , 32939 , 98476 , 173 , 175 , 111301 , 179 , 181 , 56303 , 187 , 32956 , 191 , 192 , 65729 , 194 , 195 , 196 , 197 , 156038 , 199 , 203 , 204 , 205 , 206 , 60109 , 54648 , 131282 , 32803 , 98516 , 98517 , 215 , 32804 , 218 , 223 , 225 , 32994 , 227 , 98532 , 98533 , 32998 , 231 , 33000 , 233 , 33002 , 235 , 65773 , 238 , 240 , 65777 , 242 , 243 , 244 , 245 , 246 , 81961 , 98552 , 65788 , 65578 , 130062 , 109269 , 256 , 257 , 98347 , 98564 , 262 , 152961 , 265 , 131340 , 269 , 270 , 272 , 131345 , 131346 , 93620 , 131118 , 278 , 33047 , 131353 , 98586 , 131355 , 150226 , 60122 , 131358 , 33055 , 131360 , 289 , 142043 , 128763 , 98600 , 98601 , 298 , 300 , 301 , 131374 , 131375 , 304 , 131377 , 131378 , 114739 , 308 , 309 , 65846 , 33081 , 33082 , 33083 , 33084 , 317 , 318 , 319 , 320 , 323 , 325 , 326 , 61114 , 65864 , 329 , 33100 , 333 , 334 , 65592 , 339 , 65876 , 341 , 342 , 343 , 344 , 345 , 139676 , 347 , 33116 , 349 , 98654 , 71056 , 103669 , 357 , 131431 , 101487 , 364 , 131437 , 131133 , 369 , 371 , 33140 , 374 , 98214 , 376 , 378 , 379 , 33148 , 33149 , 384 , 81984 , 387 , 86212 , 33157 , 33158 , 391 , 33160 , 393 , 394 , 396 , 397 , 398 , 65935 , 144887 , 402 , 403 , 98215 , 38297 , 131482 , 104762 , 146225 , 414 , 415 , 416 , 417 , 418 , 419 , 420 , 33189 , 422 , 131497 , 33195 , 65964 , 65965 , 431 , 432 , 433 , 65970 , 65971 , 33205 , 97765 , 131511 , 76532 , 33213 , 33214 , 131519 , 131520 , 98753 , 65986 , 65989 , 65990 , 140668 , 81996 , 90579 , 33231 , 33232 , 76536 , 467 , 468 , 33237 , 470 , 98776 , 98777 , 81999 , 33245 , 33246 , 33248 , 481 , 33250 , 33251 , 33252 , 66022 , 487 , 33256 , 141863 , 120231 , 82492 , 493 , 494 , 33264 , 98801 , 498 , 499 , 500 , 66037 , 131575 , 504 , 505 , 506 , 507 , 508 , 509 , 510 , 511 , 512 , 513 , 514 , 515 , 98820 , 82006 , 98822 , 519 , 98824 , 98825 , 98826 , 114775 , 524 , 525 , 131598 , 71085 , 528 , 529 , 530 , 531 , 532 , 533 , 534 , 535 , 128771 , 33306 , 153007 , 540 , 543 , 546 , 547 , 108109 , 141865 , 550 , 66088 , 66089 , 33322 , 126792 , 557 , 559 , 560 , 138592 , 66099 , 99514 , 567 , 568 , 569 , 570 , 571 , 572 , 573 , 574 , 575 , 576 , 577 , 578 , 125707 , 66118 , 583 , 590 , 593 , 594 , 98899 , 596 , 597 , 598 , 599 , 100864 , 60032 , 604 , 605 , 131678 , 131679 , 123519 , 609 , 610 , 33379 , 33380 , 32870 , 116969 , 615 , 616 , 617 , 618 , 76819 , 131693 , 131694 , 131695 , 131696 , 32872 , 626 , 94949 , 98933 , 630 , 66167 , 66168 , 633 , 67671 , 66173 , 66174 , 76565 , 640 , 72887 , 642 , 131715 , 33412 , 645 , 646 , 648 , 649 , 650 , 651 , 652 , 653 , 654 , 655 , 656 , 657 , 658 , 659 , 660 , 66197 , 33430 , 663 , 33432 , 666 , 667 , 668 , 669 , 670 , 671 , 672 , 155248 , 89080 , 677 , 156054 , 65649 , 680 , 685 , 66225 , 65651 , 101498 , 33462 , 695 , 696 , 697 , 698 , 699 , 700 , 701 , 107371 , 705 , 33476 , 99013 , 131632 , 92961 , 714 , 715 , 716 , 717 , 718 , 719 , 720 , 722 , 66259 , 724 , 134233 , 151405 , 132467 , 33498 , 66267 , 732 , 66269 , 734 , 735 , 736 , 737 , 738 , 739 , 740 , 104773 , 743 , 65660 , 33515 , 99053 , 134051 , 109990 , 753 , 33524 , 757 , 758 , 131831 , 131832 , 33529 , 49279 , 66300 , 765 , 130285 , 65664 , 772 , 773 , 775 , 154853 , 66313 , 779 , 780 , 82050 , 783 , 784 , 785 , 134470 , 787 , 788 , 99093 , 99094 , 99095 , 82052 , 794 , 795 , 796 , 66333 , 66334 , 131871 , 800 , 142128 , 104775 , 803 , 804 , 805 , 806 , 807 , 808 , 809 , 120041 , 125201 , 101502 , 815 , 816 , 818 , 820 , 33589 , 33590 , 823 , 825 , 826 , 827 , 828 , 829 , 99134 , 99135 , 66368 , 66369 , 33602 , 835 , 836 , 33605 , 838 , 77498 , 33609 , 33610 , 99147 , 66380 , 143379 , 846 , 152347 , 99153 , 153059 , 33622 , 99159 , 131928 , 66393 , 33626 , 99163 , 125754 , 33630 , 136677 , 99169 , 131941 , 870 , 33639 , 33640 , 131946 , 131947 , 876 , 131218 , 131950 , 880 , 33649 , 66419 , 131956 , 886 , 887 , 888 , 32916 , 131962 , 113507 , 33660 , 893 , 895 , 896 , 897 , 898 , 99203 , 901 , 903 , 904 , 136685 , 912 , 99217 , 914 , 915 , 66454 , 66455 , 66456 , 66457 , 66460 , 33693 , 153880 , 109381 , 929 , 930 , 68772 , 932 , 933 , 66470 , 66471 , 33704 , 66474 , 66475 , 133149 , 66477 , 943 , 43848 , 33715 , 33716 , 132022 , 951 , 66488 , 66489 , 66490 , 955 , 126615 , 120309 , 963 , 964 , 965 , 966 , 49313 , 128977 , 969 , 33738 , 971 , 99276 , 49314 , 974 , 99279 , 33744 , 99281 , 92970 , 66515 , 66516 , 76622 , 982 , 71161 , 33752 , 66521 , 66522 , 66523 , 66524 , 989 , 991 , 66528 , 154119 , 994 , 995 , 136086 , 997 , 998 , 66592 , 99304 , 153084 , 132074 , 66540 , 66542 , 132079 , 132080 , 1009 , 122240 , 121345 , 71166 , 1015 , 99321 , 120319 , 136397 , 153088 , 1026 , 1028 , 132101 , 33799 , 33800 , 33801 , 33802 , 33803 , 1038 , 1039 , 132113 , 66578 , 1043 , 33812 , 1045 , 99350 , 99351 , 33816 , 99353 , 33819 , 33820 , 1055 , 33824 , 1057 , 1058 , 76635 , 1060 , 1061 , 66598 , 99367 , 93020 , 66603 , 1068 , 132142 , 33839 , 33840 , 99379 , 99380 , 1077 , 99384 , 114868 , 1083 , 33852 , 1086 , 33855 , 33857 , 33858 , 33859 , 1092 , 33861 , 33862 , 1095 , 33864 , 1097 , 1098 , 33867 , 33868 , 66638 , 153101 , 82104 , 1106 , 1107 , 33876 , 153102 , 111645 , 82105 , 85145 , 66651 , 82106 , 99422 , 1119 , 1120 , 1121 , 1122 , 32955 , 33894 , 1129 , 33898 , 71585 , 96057 , 1135 , 1136 , 1137 , 33911 , 1144 , 1145 , 1146 , 123080 , 1150 , 1151 , 66688 , 1153 , 66691 , 1156 , 99461 , 99462 , 1159 , 1160 , 1161 , 1162 , 1163 , 99468 , 137521 , 1171 , 1172 , 33941 , 66710 , 1176 , 1177 , 1178 , 33948 , 1181 , 33950 , 33951 , 33952 , 103789 , 148433 , 55687 , 66728 , 66729 , 33963 , 33964 , 132269 , 132270 , 33967 , 33968 , 1203 , 137019 , 154241 , 1209 , 1210 , 99515 , 33980 , 1214 , 43893 , 1216 , 93046 , 1223 , 147746 , 66763 , 103970 , 33999 , 109432 , 126612 , 1235 , 34004 , 1237 , 126659 , 34008 , 133998 , 1245 , 1247 , 99553 , 1250 , 132324 , 34021 , 1254 , 114897 , 1256 , 34025 , 34026 , 34027 , 34028 , 66797 , 34030 , 1265 , 1266 , 1267 , 1268 , 66805 , 66806 , 1271 , 66808 , 147668 , 34042 , 66811 , 1277 , 1278 , 1279 , 88424 , 1283 , 119159 , 1285 , 34054 , 34055 , 115231 , 34061 , 34062 , 34063 , 82136 , 60291 , 1301 , 1302 , 1303 , 1305 , 84025 , 82138 , 132383 , 1315 , 34084 , 71217 , 1321 , 99628 , 120370 , 34095 , 116795 , 87603 , 1333 , 1334 , 1335 , 66873 , 114911 , 99644 , 132413 , 104793 , 121160 , 1345 , 66882 , 66883 , 66884 , 1352 , 1353 , 1354 , 34123 , 1356 , 34125 , 125837 , 99665 , 99666 , 1363 , 1364 , 99669 , 1366 , 1367 , 99672 , 66905 , 66906 , 99675 , 99676 , 38458 , 66910 , 1376 , 65766 , 1382 , 132456 , 1385 , 1386 , 49383 , 1388 , 1389 , 132462 , 1391 , 1392 , 1393 , 1394 , 1395 , 1396 , 1397 , 1398 , 1399 , 66936 , 1401 , 104795 , 87615 , 34172 , 65770 , 53512 , 66943 , 34176 , 1410 , 65771 , 66948 , 34181 , 34182 , 1415 , 1416 , 132490 , 1419 , 1421 , 34191 , 1424 , 34193 , 34194 , 87619 , 87728 , 65774 , 34198 , 1431 , 1432 , 1433 , 66970 , 66971 , 66972 , 66973 , 34206 , 87621 , 1440 , 65776 , 1442 , 1443 , 1444 , 92794 , 34214 , 34215 , 99754 , 1451 , 83757 , 1453 , 1454 , 34223 , 34224 , 112562 , 65779 , 1461 , 129893 , 1464 , 65780 , 1466 , 1467 , 132540 , 1469 , 1470 , 34239 , 135349 , 99779 , 67012 , 33014 , 34247 , 34248 , 108071 , 67018 , 1483 , 67020 , 34253 , 54861 , 1489 , 138623 , 34261 , 34262 , 1495 , 1496 , 1497 , 1498 , 67035 , 1500 , 34270 , 34271 , 126621 , 54864 , 125862 , 1511 , 131324 , 87634 , 98557 , 89954 , 138624 , 87635 , 1526 , 99831 , 132600 , 87636 , 1532 , 1533 , 1534 , 1535 , 1536 , 1537 , 67074 , 1539 , 1540 , 1541 , 1542 , 1543 , 90696 , 132617 , 1546 , 54871 , 84673 , 99853 , 67086 , 99855 , 34321 , 137534 , 34326 , 67097 , 67098 , 34331 , 99425 , 1567 , 34336 , 34337 , 57882 , 1571 , 153021 , 148351 , 1574 , 67113 , 34346 , 1579 , 34349 , 104801 , 132988 , 67121 , 1587 , 1588 , 1589 , 34358 , 99895 , 84804 , 136799 , 99902 , 34367 , 34368 , 34369 , 34370 , 67139 , 1604 , 1607 , 67144 , 67145 , 34378 , 34379 , 104802 , 1615 , 1616 , 1617 , 1618 , 1619 , 1620 , 1621 , 93891 , 93113 , 34393 , 92800 , 49423 , 1630 , 34399 , 34400 , 49424 , 1634 , 1636 , 1637 , 1638 , 1639 , 1640 , 1641 , 1642 , 1643 , 1644 , 1645 , 128808 , 67184 , 1651 , 1657 , 150631 , 1661 , 132735 , 132736 , 132737 , 34434 , 1667 , 1668 , 1670 , 109505 , 128327 , 153196 , 99979 , 76738 , 1678 , 1679 , 127236 , 132764 , 131354 , 67232 , 100002 , 100003 , 63342 , 1703 , 132776 , 67242 , 125895 , 100012 , 100013 , 1710 , 131357 , 1714 , 132787 , 100020 , 134003 , 1723 , 34494 , 87669 , 153205 , 132802 , 113535 , 1732 , 1733 , 67271 , 67272 , 153907 , 67275 , 67277 , 110262 , 100048 , 1746 , 1747 , 67284 , 34517 , 153209 , 67288 , 67289 , 67290 , 1756 , 153210 , 135529 , 67297 , 67300 , 100069 , 34535 , 67309 , 1774 , 50251 , 34548 , 67318 , 49449 , 46930 , 1788 , 34557 , 34558 , 34559 , 100096 , 1793 , 100099 , 1796 , 1797 , 54913 , 118993 , 100107 , 100108 , 1807 , 100444 , 76760 , 34580 , 1813 , 1816 , 54916 , 1818 , 105900 , 1820 , 1821 , 87685 , 1824 , 1825 , 67362 , 1827 , 87686 , 1830 , 49457 , 118891 , 1834 , 87687 , 1837 , 1838 , 43997 , 100145 , 100146 , 100147 , 1844 , 100149 , 34614 , 82501 , 132920 , 131380 , 1850 , 1851 , 34620 , 34621 , 34622 , 34623 , 34624 , 34625 , 1858 , 1859 , 1860 , 1861 , 67398 , 67399 , 1864 , 1865 , 1866 , 1867 , 34636 , 34637 , 34638 , 34641 , 1879 , 132952 , 60388 , 132954 , 98618 , 100191 , 34657 , 1890 , 1891 , 1892 , 1893 , 1894 , 1895 , 1896 , 1897 , 67435 , 1900 , 33085 , 1904 , 1905 , 67443 , 67444 , 1909 , 67446 , 67447 , 67448 , 34681 , 1915 , 1916 , 132989 , 44800 , 140331 , 129638 , 67457 , 132994 , 93163 , 132996 , 1926 , 1929 , 100234 , 1932 , 49474 , 1934 , 34703 , 67472 , 1939 , 1940 , 34709 , 34711 , 34712 , 34713 , 34714 , 1948 , 120691 , 77535 , 1953 , 34722 , 34723 , 34724 , 1957 , 155607 , 142321 , 1963 , 153643 , 60402 , 67505 , 133042 , 1971 , 67510 , 49481 , 137548 , 94994 , 76789 , 100289 , 49483 , 1989 , 1990 , 67527 , 1992 , 67529 , 34762 , 34763 , 34764 , 34765 , 34766 , 1999 , 100304 , 93176 , 2003 , 2005 , 94995 , 2009 , 2010 , 2011 , 100316 , 110271 , 54949 , 2016 , 49488 , 2018 , 34787 , 34788 , 2024 , 2025 , 2028 , 72082 , 147370 , 100336 , 100337 , 100338 , 100339 , 2036 , 2037 , 2040 , 152826 , 34811 , 54954 , 2046 , 33109 , 67584 , 67585 , 32802 , 34820 , 99361 , 2054 , 142337 , 67592 , 67593 , 33111 , 2060 , 2061 , 2062 , 120493 , 133136 , 98648 , 2066 , 94997 , 2069 , 125956 , 138368 , 34843 , 34844 , 34845 , 133150 , 109573 , 67617 , 67618 , 33115 , 67620 , 2085 , 54961 , 65884 , 2090 , 125959 , 101501 , 104818 , 33117 , 135060 , 2099 , 34868 , 100405 , 2102 , 2103 , 34873 , 122468 , 131098 , 125962 , 38581 , 133184 , 2113 , 133187 , 133188 , 34885 , 133190 , 133191 , 133192 , 2121 , 67658 , 104819 , 105656 , 2125 , 2126 , 133199 , 34896 , 2129 , 2131 , 2133 , 110275 , 2135 , 2136 , 2138 , 2139 , 2140 , 100447 , 100448 , 120507 , 2150 , 2151 , 87740 , 49511 , 100460 , 34925 , 95000 , 126148 , 127734 , 2162 , 2163 , 2165 , 2166 , 33897 , 2168 , 38591 , 99365 , 65540 , 2175 , 2176 , 2177 , 2178 , 125057 , 2184 , 2185 , 2187 , 2188 , 2189 , 2190 , 2191 , 2192 , 2193 , 2195 , 2196 , 133270 , 142361 , 98652 , 2203 , 100509 , 2206 , 98275 , 133280 , 133281 , 2210 , 76827 , 152990 , 138008 , 2215 , 2216 , 34986 , 67755 , 67756 , 67757 , 133295 , 67760 , 67761 , 133298 , 133299 , 67764 , 2229 , 133302 , 76831 , 2236 , 100547 , 100548 , 67783 , 2253 , 133328 , 133329 , 133330 , 2259 , 133333 , 2262 , 2263 , 2264 , 2265 , 2266 , 2267 , 2268 , 115066 , 2270 , 2271 , 2272 , 115067 , 2277 , 2279 , 131452 , 35050 , 133357 , 100590 , 100591 , 35056 , 2289 , 153299 , 115070 , 35062 , 35063 , 132103 , 2299 , 72091 , 109610 , 138806 , 65920 , 109611 , 126149 , 2312 , 2313 , 2317 , 2321 , 35091 , 35092 , 35093 , 35094 , 35095 , 67864 , 67865 , 35098 , 2331 , 133404 , 2333 , 67871 , 2339 , 98694 , 2342 , 35111 , 117626 , 2345 , 2346 , 33159 , 135483 , 32812 , 67890 , 128768 , 136926 , 33161 , 2360 , 2362 , 104159 , 2365 , 100670 , 2367 , 67904 , 67905 , 68820 , 35142 , 104161 , 147852 , 2379 , 65933 , 100688 , 71395 , 49550 , 2390 , 60473 , 2392 , 38628 , 67931 , 132775 , 35173 , 2406 , 35176 , 35177 , 35181 , 35182 , 67951 , 35186 , 55728 , 2420 , 35189 , 35190 , 67959 , 2424 , 2426 , 2427 , 100732 , 2429 , 147861 , 35201 , 67971 , 133509 , 35206 , 35207 , 148981 , 2441 , 67978 , 67979 , 133516 , 2445 , 142735 , 2450 , 2451 , 35220 , 2453 , 2454 , 2455 , 2456 , 2457 , 35226 , 35227 , 35228 , 2461 , 2462 , 126021 , 2464 , 2465 , 2466 , 2467 , 68005 , 2470 , 2471 , 133544 , 35241 , 100778 , 35243 , 35244 , 35245 , 80826 , 133552 , 68017 , 88464 , 120563 , 68020 , 68021 , 2486 , 68023 , 120564 , 68026 , 82335 , 35261 , 35262 , 35263 , 2496 , 33184 , 35266 , 2499 , 68036 , 2501 , 2502 , 82337 , 35274 , 89556 , 2510 , 2516 , 60494 , 2518 , 2521 , 2522 , 68059 , 126655 , 133599 , 44112 , 133602 , 35299 , 68068 , 147878 , 2534 , 44113 , 100840 , 100841 , 123847 , 35307 , 2544 , 68081 , 35315 , 140117 , 2554 , 68091 , 49578 , 100863 , 2560 , 100865 , 100867 , 2564 , 2565 , 100870 , 100871 , 100872 , 2569 , 2570 , 100875 , 68109 , 133647 , 2577 , 131328 , 35348 , 35350 , 44121 , 131503 , 35356 , 100893 , 35359 , 108108 , 131504 , 65554 , 35363 , 2596 , 2598 , 65969 , 100904 , 2601 , 35370 , 100907 , 128115 , 35374 , 69919 , 71432 , 2610 , 68147 , 68148 , 2615 , 115124 , 35386 , 35387 , 35388 , 35389 , 100926 , 115125 , 90651 , 60512 , 35397 , 100935 , 100936 , 100937 , 2635 , 68174 , 153357 , 2640 , 133714 , 2643 , 133716 , 136974 , 2646 , 33913 , 68184 , 2651 , 99381 , 149573 , 68191 , 128770 , 103049 , 2664 , 100969 , 2668 , 120113 , 68206 , 2671 , 2672 , 2673 , 2674 , 2675 , 2676 , 33914 , 100982 , 35447 , 2680 , 120596 , 35453 , 35454 , 35455 , 68224 , 76907 , 2692 , 2693 , 49601 , 35464 , 44140 , 2698 , 133771 , 133772 , 98754 , 2702 , 68241 , 2706 , 137965 , 2709 , 2710 , 133783 , 130912 , 2716 , 2719 , 2720 , 2721 , 71451 , 68260 , 98758 , 101030 , 2727 , 35496 , 68265 , 68266 , 2731 , 35500 , 101037 , 101038 , 68271 , 2736 , 2737 , 101042 , 101043 , 150667 , 68277 , 2742 , 68279 , 101051 , 101052 , 35517 , 35518 , 76917 , 2753 , 2754 , 55229 , 2756 , 101061 , 104766 , 101063 , 2760 , 2761 , 2762 , 2763 , 2764 , 2765 , 2766 , 68303 , 133840 , 2769 , 2770 , 2771 , 35540 , 98766 , 133848 , 139757 , 2780 , 2781 , 54649 , 138591 , 97783 , 133860 , 35557 , 68328 , 2794 , 2795 , 2797 , 2798 , 138227 , 2800 , 2801 , 2802 , 2804 , 153385 , 98772 , 101114 , 101118 , 101119 , 101120 , 101121 , 101126 , 2826 , 2827 , 2831 , 2833 , 2835 , 2836 , 2837 , 2838 , 2839 , 101144 , 101145 , 71471 , 2846 , 35616 , 133921 , 133923 , 35621 , 104241 , 35624 , 101162 , 68396 , 68397 , 68400 , 87859 , 35636 , 35637 , 35638 , 101175 , 68409 , 35644 , 2879 , 101184 , 2881 , 68419 , 35652 , 120630 , 2887 , 2888 , 35657 , 35658 , 120631 , 68428 , 68433 , 68434 , 2899 , 120633 , 133977 , 35674 , 126095 , 2908 , 153402 , 2912 , 68449 , 35682 , 2915 , 2916 , 68453 , 68454 , 2919 , 68456 , 68457 , 68458 , 66023 , 101229 , 101230 , 68463 , 35696 , 35697 , 35699 , 35700 , 35701 , 35702 , 2935 , 35704 , 35705 , 35706 , 2939 , 101244 , 77568 , 101247 , 35713 , 68482 , 152122 , 68487 , 35722 , 2955 , 68492 , 68493 , 68494 , 139763 , 101264 , 104847 , 134039 , 2968 , 134041 , 2970 , 101276 , 78144 , 2974 , 71493 , 134050 , 2979 , 2980 , 66658 , 35750 , 35751 , 35752 , 35753 , 35754 , 2987 , 68524 , 68525 , 101294 , 101296 , 104848 , 2995 , 2996 , 120682 , 3000 , 127762 , 68539 , 104266 , 101310 , 101311 , 3014 , 76961 , 35784 , 147959 , 68556 , 33272 , 3026 , 101332 , 3029 , 101334 , 33273 , 134105 , 35803 , 140376 , 35809 , 35810 , 3043 , 35812 , 35813 , 132128 , 3049 , 134122 , 126119 , 3052 , 3053 , 104850 , 134127 , 3056 , 134130 , 35827 , 101364 , 98814 , 132919 , 101368 , 3065 , 49339 , 67752 , 134140 , 3077 , 3078 , 68615 , 134152 , 3081 , 35850 , 3085 , 101390 , 101391 , 101392 , 3089 , 35858 , 35859 , 153433 , 3097 , 100298 , 35867 , 35868 , 35870 , 35871 , 35872 , 140859 , 35874 , 35875 , 35876 , 35877 , 35878 , 68647 , 134184 , 3113 , 35882 , 35883 , 3116 , 3117 , 68654 , 3119 , 134192 , 3121 , 35890 , 35891 , 68660 , 3125 , 3126 , 134199 , 101432 , 3129 , 101434 , 101435 , 3132 , 142517 , 68674 , 101445 , 113582 , 66060 , 125698 , 137587 , 3148 , 3149 , 101454 , 68687 , 3155 , 3156 , 3159 , 134232 , 3161 , 131599 , 35932 , 68701 , 68702 , 68703 , 98307 , 149723 , 140994 , 147873 , 122312 , 153446 , 3175 , 101480 , 142524 , 68715 , 101484 , 101485 , 68719 , 134256 , 3185 , 68723 , 3188 , 3189 , 3190 , 68727 , 99399 , 101499 , 35964 , 35965 , 98308 , 101503 , 3200 , 122313 , 3204 , 134277 , 134278 , 134279 , 68744 , 101513 , 3210 , 101515 , 134284 , 101517 , 3214 , 153453 , 3216 , 101521 , 101522 , 3219 , 153454 , 35990 , 35991 , 68760 , 101529 , 3227 , 132641 , 93381 , 68768 , 101537 , 68770 , 68771 , 36004 , 134311 , 3242 , 36013 , 3246 , 3247 , 3249 , 101554 , 71539 , 68789 , 3255 , 36025 , 105424 , 134332 , 3261 , 3262 , 3263 , 134336 , 134337 , 101570 , 60619 , 36036 , 153462 , 36038 , 36039 , 135478 , 60121 , 101579 , 131618 , 142541 , 3281 , 3282 , 3283 , 3284 , 68821 , 68822 , 3288 , 128556 , 132782 , 134367 , 121225 , 109776 , 3298 , 3301 , 3302 , 3303 , 134376 , 3306 , 93394 , 146887 , 68849 , 3315 , 98118 , 93396 , 97221 , 153471 , 3325 , 134401 , 134402 , 134406 , 134407 , 68872 , 68873 , 134410 , 3339 , 3342 , 108133 , 3345 , 142964 , 134420 , 105951 , 36120 , 36121 , 36122 , 33327 , 36124 , 36125 , 36126 , 36127 , 36128 , 33328 , 36130 , 132921 , 36136 , 36137 , 137095 , 109753 , 36145 , 36146 , 36147 , 36148 , 88494 , 153216 , 3386 , 101692 , 138595 , 3392 , 101697 , 3394 , 120715 , 3398 , 36167 , 36168 , 36169 , 36170 , 134475 , 3404 , 68941 , 3407 , 115256 , 3410 , 134485 , 3414 , 3415 , 93412 , 36186 , 120508 , 118955 , 71568 , 68962 , 68963 , 3430 , 3431 , 68968 , 68969 , 68970 , 68971 , 38802 , 148029 , 55762 , 115900 , 36210 , 3443 , 3444 , 134517 , 134518 , 142569 , 3449 , 3450 , 33343 , 36220 , 36221 , 134526 , 33344 , 36226 , 142571 , 100499 , 131943 , 101766 , 3463 , 3465 , 3466 , 89171 , 134542 , 134546 , 134547 , 134548 , 153497 , 36248 , 60253 , 69019 , 69020 , 3485 , 36255 , 36256 , 3489 , 127248 , 134567 , 69033 , 49735 , 36268 , 36269 , 3502 , 3503 , 69040 , 95045 , 3511 , 3512 , 134585 , 3514 , 137119 , 150877 , 3518 , 3519 , 3520 , 3521 , 107608 , 99410 , 134598 , 3527 , 36296 , 101833 , 71601 , 101836 , 71586 , 36303 , 93432 , 36306 , 145574 , 49742 , 93433 , 144251 , 3549 , 69087 , 49744 , 69090 , 69091 , 3558 , 3559 , 3560 , 126204 , 101866 , 137127 , 98898 , 3566 , 101871 , 120744 , 102685 , 126206 , 101878 , 3575 , 134648 , 101881 , 33944 , 60671 , 3581 , 33365 , 40491 , 3586 , 109136 , 3588 , 3589 , 55767 , 71596 , 98903 , 101901 , 82520 , 3602 , 3604 , 3605 , 3606 , 124349 , 3608 , 146889 , 66679 , 3612 , 3613 , 101918 , 101919 , 71600 , 36387 , 3620 , 36389 , 69158 , 3623 , 66140 , 3626 , 3628 , 55218 , 69166 , 109832 , 134706 , 55219 , 101940 , 101943 , 3641 , 101946 , 69179 , 69181 , 69182 , 36417 , 3650 , 109835 , 36421 , 36422 , 33377 , 109836 , 101962 , 101963 , 36428 , 33378 , 3664 , 137144 , 3666 , 82531 , 101141 , 101974 , 66681 , 131684 , 3677 , 66149 , 3680 , 3681 , 69218 , 69219 , 3685 , 69222 , 69223 , 127904 , 77074 , 3694 , 36463 , 69232 , 143837 , 36468 , 3701 , 134776 , 134781 , 134782 , 134790 , 102023 , 102024 , 102025 , 3722 , 69259 , 38850 , 33949 , 36497 , 3730 , 88003 , 3733 , 69270 , 153081 , 69272 , 36505 , 82543 , 3741 , 134816 , 49776 , 3746 , 3749 , 120149 , 69287 , 3752 , 3754 , 3755 , 3756 , 3757 , 3758 , 88008 , 102067 , 102068 , 81960 , 3769 , 36539 , 3772 , 36541 , 134848 , 134849 , 134850 , 134851 , 69958 , 61229 , 3782 , 3783 , 3785 , 102090 , 134335 , 3790 , 36561 , 3794 , 3795 , 115786 , 3797 , 3798 , 89599 , 3804 , 82554 , 134878 , 146093 , 88016 , 82555 , 3812 , 3813 , 3814 , 3815 , 102120 , 102121 , 3820 , 140992 , 3822 , 148418 , 90691 , 98329 , 49790 , 102134 , 3831 , 69368 , 102137 , 102138 , 49791 , 36604 , 36605 , 3838 , 71637 , 3841 , 36612 , 71638 , 3846 , 36616 , 36617 , 3852 , 3853 , 3854 , 3855 , 3856 , 3857 , 3858 , 3860 , 3861 , 134934 , 134935 , 3864 , 69401 , 77103 , 102172 , 3871 , 77104 , 3874 , 3875 , 126257 , 3883 , 3884 , 3885 , 3886 , 3887 , 3888 , 66184 , 102194 , 36659 , 102196 , 88511 , 3895 , 69433 , 69435 , 36668 , 36669 , 36670 , 102208 , 110334 , 134978 , 3908 , 3909 , 3910 , 3911 , 66689 , 3913 , 3914 , 69452 , 3919 , 3922 , 3923 , 3924 , 3925 , 71054 , 36695 , 135000 , 99079 , 3930 , 3933 , 3934 , 3935 , 3936 , 3937 , 3938 , 3939 , 75419 , 36709 , 36710 , 66193 , 148616 , 123323 , 135019 , 66194 , 77117 , 3952 , 102257 , 135029 , 123578 , 3959 , 66196 , 135034 , 104774 , 120810 , 135038 , 102271 , 3968 , 3969 , 3970 , 135043 , 135044 , 82582 , 135046 , 77121 , 3976 , 135348 , 33431 , 77122 , 121141 , 82584 , 36754 , 36755 , 36756 , 36757 , 36758 , 82585 , 36760 , 93508 , 102298 , 69531 , 136090 , 69533 , 3998 , 135071 , 4000 , 36769 , 141980 , 36771 , 69541 , 69542 , 69543 , 36776 , 36777 , 139798 , 135083 , 4012 , 4014 , 66205 , 140149 , 4018 , 4019 , 66206 , 4022 , 86863 , 4026 , 4027 , 135100 , 102333 , 120821 , 141981 , 69569 , 36802 , 36803 , 36804 , 102341 , 4039 , 108070 , 4042 , 71671 , 4046 , 4047 , 128845 , 71672 , 135122 , 4051 , 101283 , 119505 , 36825 , 36826 , 36828 , 4061 , 148133 , 36832 , 4065 , 69602 , 69603 , 4071 , 36841 , 126290 , 69614 , 135151 , 98984 , 92336 , 126291 , 102391 , 135160 , 135161 , 36859 , 123324 , 4097 , 4098 , 4099 , 4100 , 102406 , 88065 , 102408 , 36873 , 36876 , 4109 , 4110 , 4111 , 36880 , 126296 , 129697 , 36888 , 77497 , 4127 , 4128 , 36897 , 126299 , 38918 , 36905 , 36906 , 4139 , 36908 , 4141 , 36910 , 36911 , 4147 , 36916 , 36917 , 36918 , 69687 , 69688 , 69689 , 69690 , 36923 , 102460 , 57857 , 69694 , 98340 , 102464 , 102465 , 102466 , 102467 , 102468 , 69701 , 69702 , 102471 , 69704 , 69705 , 69706 , 69707 , 48037 , 52513 , 4176 , 4182 , 69720 , 36955 , 36956 , 36957 , 36958 , 4191 , 4192 , 69729 , 69730 , 36964 , 99004 , 102507 , 36972 , 36974 , 36975 , 36976 , 4209 , 134650 , 4211 , 82622 , 124529 , 36984 , 36991 , 148049 , 69761 , 4228 , 102533 , 102534 , 4231 , 4232 , 69773 , 69774 , 69775 , 102546 , 123325 , 116690 , 69784 , 69785 , 4250 , 69787 , 69788 , 69789 , 69790 , 69791 , 4256 , 4257 , 4258 , 4259 , 69796 , 69797 , 135334 , 125096 , 4265 , 69807 , 49864 , 102579 , 37044 , 69813 , 148169 , 80886 , 37050 , 4283 , 66250 , 135358 , 112529 , 4290 , 4291 , 4292 , 4293 , 4294 , 37063 , 69832 , 131788 , 4298 , 69836 , 4301 , 133261 , 88099 , 37078 , 105983 , 102616 , 4314 , 4315 , 4317 , 151628 , 149932 , 4322 , 4323 , 37096 , 134353 , 37101 , 135406 , 37103 , 37104 , 135409 , 135410 , 69875 , 69876 , 105984 , 122351 , 4345 , 129989 , 102651 , 137627 , 4351 , 4352 , 37123 , 148182 , 4364 , 4365 , 4366 , 69905 , 69906 , 69909 , 69910 , 37143 , 37144 , 4377 , 69914 , 38959 , 69916 , 69917 , 69918 , 4383 , 69920 , 69921 , 135459 , 135462 , 4391 , 69930 , 135470 , 115421 , 4400 , 4401 , 4402 , 4403 , 99038 , 129991 , 121262 , 102714 , 4411 , 4412 , 77194 , 37183 , 37184 , 4419 , 37190 , 49889 , 69963 , 69964 , 4429 , 4430 , 142733 , 105987 , 69969 , 37202 , 66275 , 121263 , 4439 , 4440 , 4441 , 4442 , 4443 , 4444 , 37213 , 37215 , 135522 , 4451 , 4452 , 69989 , 135526 , 135527 , 69992 , 69993 , 69994 , 99047 , 135532 , 4461 , 102766 , 102767 , 4464 , 4465 , 102770 , 102771 , 135540 , 37237 , 37238 , 4471 , 4472 , 102777 , 37242 , 102779 , 37245 , 102782 , 37247 , 50341 , 4482 , 4483 , 108171 , 104513 , 135560 , 135561 , 37258 , 135563 , 135564 , 120898 , 135566 , 102799 , 115907 , 135575 , 102808 , 4505 , 4506 , 135586 , 70051 , 102822 , 98352 , 102825 , 102826 , 4523 , 37292 , 4525 , 37294 , 37295 , 37296 , 37297 , 37298 , 37299 , 37300 , 4533 , 135606 , 135607 , 60163 , 4537 , 77215 , 133138 , 139560 , 33525 , 37312 , 37313 , 37314 , 124132 , 66294 , 4550 , 135623 , 72166 , 102859 , 102860 , 37325 , 4558 , 120909 , 4560 , 4562 , 70099 , 135636 , 4565 , 4566 , 4567 , 102872 , 126372 , 37338 , 37339 , 37340 , 70109 , 70110 , 70111 , 70112 , 70113 , 70114 , 131835 , 70117 , 4582 , 4583 , 4587 , 55378 , 154002 , 61256 , 4599 , 84170 , 141721 , 131486 , 4607 , 4608 , 64530 , 4611 , 4612 , 4614 , 102919 , 44460 , 55383 , 154003 , 4622 , 4623 , 4624 , 4626 , 4630 , 66713 , 102937 , 102940 , 102942 , 102943 , 37408 , 70177 , 37410 , 37411 , 37412 , 70181 , 70182 , 70183 , 70186 , 4651 , 4652 , 102957 , 127817 , 39005 , 120261 , 4659 , 4660 , 37429 , 70198 , 123546 , 37433 , 70202 , 4667 , 37436 , 135741 , 37444 , 154005 , 129195 , 153698 , 120491 , 75444 , 4694 , 126393 , 4698 , 126394 , 104549 , 37473 , 103010 , 149515 , 135781 , 103014 , 103015 , 103017 , 103018 , 122237 , 151404 , 135790 , 135791 , 75445 , 153391 , 99091 , 48167 , 4731 , 4732 , 4733 , 37502 , 4735 , 137640 , 37508 , 148246 , 4743 , 37513 , 37514 , 37516 , 83175 , 4751 , 4752 , 142005 , 70291 , 103061 , 103064 , 135833 , 70298 , 4763 , 37533 , 37535 , 37536 , 37537 , 37538 , 70307 , 70308 , 37541 , 70310 , 70311 , 70312 , 135849 , 135850 , 135851 , 4780 , 4781 , 122081 , 37553 , 37554 , 135859 , 135860 , 4789 , 4790 , 4793 , 4794 , 154009 , 61263 , 4803 , 4804 , 4806 , 4807 , 117497 , 4810 , 134369 , 37584 , 140916 , 4828 , 4829 , 4830 , 4831 , 4832 , 4833 , 146304 , 103139 , 103140 , 33574 , 4838 , 103143 , 70376 , 104572 , 4842 , 142008 , 4844 , 70381 , 4848 , 4849 , 4850 , 4851 , 70388 , 37621 , 37622 , 4855 , 37624 , 153727 , 127119 , 61265 , 4864 , 113509 , 125049 , 37646 , 4879 , 70417 , 70418 , 70419 , 70420 , 70421 , 103190 , 71086 , 70425 , 33583 , 61266 , 4893 , 4895 , 33584 , 70437 , 70438 , 135975 , 103208 , 126428 , 137351 , 139190 , 103213 , 4910 , 149777 , 37681 , 4915 , 4916 , 137535 , 4922 , 4923 , 4924 , 4925 , 4926 , 49973 , 103232 , 103233 , 37698 , 37699 , 136004 , 136005 , 133282 , 104588 , 37706 , 148279 , 4944 , 4945 , 4946 , 103251 , 137647 , 143654 , 145285 , 110052 , 136026 , 4956 , 4957 , 4958 , 4962 , 4963 , 103268 , 103269 , 103270 , 70503 , 4968 , 98367 , 70506 , 60903 , 70508 , 55442 , 70510 , 70511 , 4978 , 88211 , 37749 , 37751 , 37752 , 37753 , 37754 , 4987 , 4988 , 4989 , 137439 , 37762 , 37763 , 70532 , 144253 , 4999 , 139831 , 50443 , 5003 , 5004 , 5005 , 103310 , 70543 , 37776 , 103313 , 5011 , 5013 , 102733 , 136087 , 136088 , 5017 , 70554 , 37787 , 37788 , 37789 , 66373 , 133770 , 37793 , 37794 , 71611 , 106007 , 5033 , 5034 , 103339 , 5036 , 96187 , 103343 , 103344 , 103345 , 103346 , 103347 , 37813 , 37814 , 37815 , 103352 , 100635 , 37821 , 135524 , 70593 , 77302 , 5062 , 5063 , 71092 , 5068 , 136141 , 5070 , 5071 , 103382 , 131596 , 5081 , 126650 , 136157 , 136158 , 5087 , 5088 , 5089 , 5090 , 5091 , 5092 , 5093 , 5094 , 5095 , 144062 , 71093 , 37866 , 122676 , 103404 , 70639 , 70640 , 5110 , 39081 , 103416 , 5113 , 37882 , 99463 , 71850 , 103425 , 104619 , 37897 , 115543 , 70669 , 70670 , 70671 , 37904 , 37905 , 5138 , 5142 , 99161 , 37912 , 37913 , 99464 , 5147 , 5148 , 5149 , 5150 , 5151 , 5152 , 37922 , 37923 , 136229 , 136230 , 103463 , 103464 , 37930 , 37931 , 104990 , 104626 , 37935 , 5171 , 5172 , 82782 , 142019 , 5176 , 87733 , 136251 , 5180 , 70717 , 5182 , 5183 , 5184 , 82784 , 70723 , 137655 , 107455 , 145293 , 132673 , 70732 , 70733 , 5200 , 70737 , 136274 , 5203 , 136277 , 5206 , 5207 , 5208 , 73279 , 136282 , 136283 , 143014 , 5215 , 70752 , 70753 , 131942 , 5225 , 103530 , 70763 , 153448 , 5231 , 103536 , 82792 , 126483 , 124563 , 103541 , 128841 , 38012 , 5246 , 71872 , 145295 , 71873 , 38024 , 131948 , 5260 , 136333 , 93435 , 5265 , 5268 , 5269 , 38038 , 70807 , 5273 , 5274 , 5275 , 5276 , 5277 , 5278 , 5279 , 5280 , 5281 , 5282 , 5283 , 5284 , 5285 , 5286 , 5287 , 5288 , 5289 , 5290 , 5291 , 5292 , 70831 , 70832 , 39112 , 70834 , 103603 , 103604 , 103605 , 146261 , 131112 , 38072 , 106806 , 112563 , 38078 , 82805 , 145297 , 5315 , 5316 , 103621 , 5318 , 143115 , 96927 , 38092 , 5325 , 103630 , 38095 , 70864 , 103633 , 103634 , 103635 , 5332 , 5333 , 5334 , 5335 , 103640 , 134333 , 38106 , 38107 , 38108 , 38109 , 38110 , 38111 , 38112 , 5345 , 70882 , 131963 , 70884 , 38120 , 133296 , 148210 , 33661 , 70896 , 5361 , 70899 , 70900 , 70901 , 138752 , 5367 , 5368 , 5369 , 5370 , 5371 , 5372 , 119112 , 5377 , 136450 , 136451 , 38148 , 136453 , 38150 , 136455 , 5384 , 90743 , 103692 , 110125 , 38161 , 82819 , 138753 , 38165 , 103703 , 5401 , 105715 , 110021 , 5407 , 153089 , 70947 , 70948 , 5413 , 5414 , 38183 , 82823 , 150582 , 70958 , 70959 , 109774 , 103729 , 138754 , 38195 , 70964 , 38197 , 38198 , 70967 , 136504 , 136505 , 103739 , 103740 , 70974 , 5439 , 70981 , 5446 , 104673 , 38217 , 5450 , 128075 , 153199 , 104674 , 70990 , 79834 , 103761 , 5458 , 38227 , 38228 , 103765 , 5463 , 152940 , 119115 , 136539 , 5468 , 5469 , 136542 , 133642 , 99216 , 142029 , 127200 , 5477 , 137108 , 5484 , 5485 , 71022 , 38255 , 136561 , 71026 , 71027 , 71028 , 5493 , 41077 , 153998 , 115604 , 71036 , 109296 , 5505 , 71042 , 38281 , 5515 , 71053 , 5518 , 71055 , 38288 , 71057 , 71058 , 5523 , 5524 , 5525 , 119117 , 148377 , 5529 , 5530 , 5533 , 150233 , 38303 , 38305 , 140940 , 5540 , 77382 , 147487 , 62379 , 38318 , 71087 , 38321 , 38322 , 5556 , 38325 , 103862 , 38327 , 38328 , 38329 , 103866 , 5565 , 103871 , 71104 , 71105 , 132612 , 136644 , 5574 , 5575 , 5576 , 5577 , 136650 , 137463 , 5580 , 5582 , 38355 , 126757 , 143124 , 100216 , 116937 , 5595 , 71134 , 99237 , 98388 , 153449 , 121083 , 38372 , 38373 , 136678 , 103911 , 71144 , 136681 , 5610 , 38379 , 38380 , 5613 , 75411 , 5615 , 5616 , 5617 , 71154 , 71155 , 122243 , 44628 , 136701 , 5630 , 71167 , 71168 , 103937 , 71170 , 132011 , 5636 , 110166 , 103942 , 115628 , 136716 , 103949 , 54869 , 110392 , 5649 , 70524 , 103956 , 38422 , 5656 , 5657 , 103962 , 103963 , 103964 , 66596 , 71199 , 38432 , 38378 , 92783 , 148401 , 5672 , 71209 , 93789 , 71216 , 5681 , 103986 , 38451 , 44638 , 5686 , 140945 , 115636 , 5690 , 55837 , 136666 , 38462 , 104000 , 38466 , 104004 , 120214 , 104007 , 138174 , 38475 , 38476 , 5709 , 5710 , 5711 , 5712 , 5713 , 5714 , 5715 , 74387 , 104021 , 132217 , 93796 , 104026 , 104027 , 104028 , 154129 , 136798 , 61029 , 66491 , 154541 , 61030 , 50108 , 93799 , 5740 , 153463 , 5744 , 5745 , 5746 , 5747 , 136820 , 71834 , 38518 , 38519 , 80935 , 71290 , 61034 , 38526 , 136831 , 38528 , 61035 , 71301 , 5766 , 5769 , 5770 , 5771 , 5772 , 5773 , 71310 , 61037 , 38544 , 38545 , 38546 , 61038 , 5782 , 5783 , 5784 , 61039 , 71326 , 5793 , 5794 , 71331 , 106532 , 71333 , 61041 , 104105 , 5803 , 5804 , 61042 , 136878 , 87983 , 136880 , 5809 , 136882 , 5811 , 5813 , 71350 , 122400 , 5816 , 5817 , 38586 , 5819 , 99274 , 5823 , 38594 , 38595 , 38596 , 142966 , 104135 , 124583 , 123517 , 5839 , 5840 , 5841 , 38610 , 38611 , 136916 , 99278 , 136919 , 137508 , 136923 , 5852 , 5853 , 5854 , 5855 , 99280 , 5858 , 5859 , 5860 , 136934 , 38631 , 142042 , 134828 , 5868 , 5873 , 38644 , 38647 , 153412 , 154542 , 61055 , 94033 , 5892 , 104199 , 5896 , 132223 , 142978 , 38670 , 5903 , 5904 , 5906 , 5907 , 5908 , 71445 , 5911 , 38683 , 38684 , 38685 , 71454 , 71455 , 5920 , 5922 , 71460 , 38693 , 5926 , 5927 , 5928 , 104233 , 38703 , 142540 , 71473 , 104242 , 38707 , 104244 , 5941 , 38710 , 5944 , 5946 , 5947 , 5948 , 101673 , 5950 , 5951 , 50144 , 71490 , 71491 , 71492 , 5957 , 71494 , 71495 , 71496 , 71497 , 5962 , 137527 , 5964 , 148450 , 146410 , 133343 , 38741 , 104761 , 68940 , 148452 , 76200 , 71994 , 134408 , 132069 , 71995 , 104293 , 5990 , 5991 , 5992 , 5993 , 5994 , 5995 , 5996 , 137070 , 137533 , 6001 , 137074 , 6003 , 71540 , 71541 , 6006 , 104311 , 6008 , 6009 , 104767 , 137084 , 126613 , 6016 , 6017 , 104322 , 126614 , 117663 , 6025 , 6026 , 6027 , 6028 , 6029 , 135121 , 6031 , 6032 , 6033 , 6034 , 6035 , 71572 , 104772 , 6047 , 6048 , 38817 , 38818 , 6053 , 71590 , 132081 , 61084 , 71594 , 71595 , 38828 , 38829 , 38830 , 44701 , 38832 , 6065 , 71602 , 137139 , 38836 , 38837 , 137142 , 137143 , 38840 , 38841 , 71610 , 6075 , 71612 , 71613 , 71614 , 71615 , 6082 , 137547 , 50166 , 77473 , 137160 , 6089 , 87493 , 6095 , 136649 , 144232 , 6098 , 6099 , 6100 , 6101 , 6102 , 71639 , 104232 , 71643 , 71644 , 6109 , 38878 , 6112 , 6113 , 6114 , 6115 , 71652 , 77478 , 85552 , 38889 , 77479 , 111499 , 72018 , 144233 , 71664 , 77480 , 104434 , 104435 , 104436 , 38902 , 6135 , 6136 , 141232 , 114773 , 88405 , 38912 , 115712 , 126635 , 6148 , 38917 , 6150 , 38919 , 71688 , 126636 , 104458 , 71691 , 71692 , 71695 , 6160 , 121176 , 38930 , 38931 , 38933 , 38934 , 38935 , 38936 , 38937 , 38938 , 6171 , 6172 , 38941 , 38942 , 38943 , 38944 , 6177 , 6178 , 38947 , 38948 , 38953 , 104491 , 104492 , 6191 , 38960 , 66568 , 83132 , 71733 , 104511 , 137280 , 6209 , 38978 , 104515 , 6212 , 61310 , 6215 , 71752 , 71753 , 71754 , 77495 , 38988 , 71757 , 71758 , 6223 , 137296 , 77496 , 88419 , 38997 , 38998 , 38999 , 39000 , 39001 , 39002 , 39003 , 39004 , 6237 , 71774 , 6239 , 87498 , 103865 , 77499 , 6245 , 39014 , 125957 , 77500 , 92954 , 88423 , 100592 , 93885 , 72040 , 123506 , 88425 , 122415 , 6266 , 77503 , 39036 , 121194 , 110272 , 121195 , 6277 , 126657 , 6280 , 39050 , 6283 , 6284 , 110274 , 137358 , 104592 , 99352 , 39058 , 39059 , 104596 , 104597 , 6295 , 71833 , 39066 , 71835 , 6300 , 137373 , 6302 , 39071 , 86409 , 39074 , 104612 , 39077 , 6310 , 104615 , 104616 , 6313 , 39082 , 6315 , 39084 , 39085 , 71854 , 71855 , 104624 , 104625 , 6322 , 104627 , 104628 , 104629 , 137399 , 6328 , 71865 , 66591 , 39100 , 104637 , 71870 , 71871 , 6336 , 39105 , 71874 , 71875 , 67861 , 71877 , 71878 , 66593 , 6344 , 142058 , 39116 , 6349 , 39118 , 104664 , 33828 , 104669 , 104670 , 6367 , 104672 , 6369 , 6370 , 104675 , 99366 , 125051 , 6377 , 6378 , 6379 , 104689 , 39154 , 39155 , 37311 , 137462 , 104695 , 137464 , 137465 , 88447 , 39166 , 39168 , 6402 , 6403 , 6408 , 66604 , 71947 , 71948 , 139878 , 122420 , 92361 , 50222 , 137495 , 6424 , 137604 , 127876 , 118384 , 104837 , 39200 , 6433 , 137507 , 6436 , 6437 , 39206 , 82049 , 39211 , 6446 , 6447 , 88456 , 71986 , 39219 , 103872 , 77534 , 137526 , 104841 , 71993 , 6458 , 6459 , 6460 , 6461 , 6462 , 6463 , 39232 , 104771 , 6468 , 6469 , 39238 , 6471 , 6473 , 104778 , 72011 , 72012 , 39246 , 6479 , 6480 , 39250 , 6483 , 6484 , 6485 , 127878 , 39257 , 104794 , 92962 , 104796 , 104797 , 104798 , 104799 , 104800 , 72080 , 88173 , 104803 , 104804 , 6501 , 88465 , 6504 , 6505 , 77543 , 39277 , 83005 , 106755 , 72050 , 72051 , 102827 , 104824 , 104825 , 137595 , 118321 , 133335 , 104853 , 94971 , 50240 , 137602 , 123515 , 104836 , 6533 , 104838 , 50241 , 104840 , 6537 , 104842 , 104855 , 104845 , 104846 , 39311 , 39312 , 104849 , 6546 , 104851 , 6549 , 104854 , 72089 , 104856 , 33860 , 72090 , 6555 , 137626 , 99397 , 139489 , 123516 , 39330 , 39331 , 39332 , 6567 , 39336 , 101518 , 33863 , 6574 , 72111 , 137649 , 72115 , 6581 , 88496 , 33865 , 6584 , 141235 , 6588 , 33866 , 6590 , 6591 , 6594 , 39363 , 39364 , 44790 , 137670 , 50252 , 101300 , 131415 , 50253 , 72144 , 6613 , 72151 , 149705 , 140976 , 139885 , 63506 , 6627 , 6628 , 6629 , 6630 , 6631 , 6632 , 6633 , 6634 , 137639 , 104940 , 66642 , 44797 , 67039 , 104945 , 104946 , 137962 , 104949 , 104950 , 72183 , 6648 , 6649 , 110335 , 6653 , 6654 , 39423 , 39424 , 39425 , 6658 , 104875 , 39428 , 6663 , 137736 , 137737 , 72202 , 137739 , 104973 , 104974 , 143160 , 6673 , 39442 , 39443 , 6676 , 6677 , 6678 , 6679 , 6680 , 6681 , 6682 , 39451 , 104988 , 104989 , 39454 , 39455 , 39456 , 39457 , 6690 , 6691 , 138482 , 6695 , 99781 , 105002 , 91794 , 134432 , 133341 , 99516 , 90642 , 99423 , 137788 , 143114 , 99424 , 6722 , 105027 , 137796 , 6725 , 39495 , 39496 , 39497 , 39498 , 72119 , 6732 , 6733 , 105039 , 6736 , 72120 , 39507 , 39508 , 39509 , 137814 , 72279 , 105048 , 105049 , 6746 , 72283 , 39516 , 128978 , 6754 , 39524 , 99430 , 6760 , 6761 , 134434 , 105068 , 105069 , 105070 , 74422 , 72304 , 105074 , 137844 , 121429 , 6775 , 137848 , 6777 , 39547 , 39548 , 137853 , 128979 , 137855 , 6784 , 143880 , 6787 , 105092 , 6793 , 151153 , 6799 , 39568 , 137875 , 6804 , 6805 , 6806 , 72343 , 6810 , 6811 , 74678 , 77594 , 137669 , 72352 , 72353 , 6819 , 6820 , 6821 , 6822 , 6823 , 6824 , 6825 , 39594 , 6827 , 6828 , 137901 , 6835 , 138276 , 149311 , 72381 , 125961 , 6854 , 6855 , 39625 , 6858 , 6859 , 6860 , 6861 , 6862 , 114797 , 105168 , 33912 , 72402 , 72403 , 72404 , 88526 , 39638 , 6871 , 6872 , 6873 , 39642 , 6875 , 6876 , 6877 , 6878 , 6879 , 6880 , 6881 , 6882 , 6883 , 6884 , 105189 , 105190 , 105191 , 39656 , 110455 , 105194 , 137964 , 6893 , 6894 , 6895 , 39664 , 6897 , 6898 , 6899 , 6900 , 72438 , 72439 , 122688 , 39674 , 66687 , 72445 , 137982 , 105215 , 32964 , 6919 , 6921 , 6923 , 122437 , 6927 , 6928 , 88536 , 105234 , 39699 , 105236 , 72469 , 138006 , 138007 , 94025 , 66692 , 39706 , 135531 , 39709 , 39710 , 6948 , 138022 , 105255 , 6954 , 39723 , 72494 , 138032 , 33928 , 126771 , 39733 , 39734 , 66697 , 6968 , 39738 , 6973 , 148439 , 72512 , 39745 , 66823 , 132235 , 61238 , 72518 , 55777 , 39752 , 72521 , 72522 , 72523 , 105292 , 105293 , 39759 , 6992 , 72529 , 88547 , 105300 , 105301 , 105302 , 6999 , 39768 , 7001 , 7002 , 7003 , 72542 , 39397 , 149718 , 123531 , 39781 , 39782 , 44970 , 39792 , 33939 , 126143 , 39800 , 33940 , 39802 , 39803 , 104938 , 138110 , 39807 , 72578 , 72579 , 105349 , 72589 , 105358 , 72173 , 7056 , 7057 , 7058 , 7059 , 72597 , 7062 , 7063 , 7064 , 72601 , 105370 , 108257 , 66714 , 134261 , 39841 , 39842 , 126399 , 72614 , 7083 , 7084 , 7085 , 7086 , 7087 , 39856 , 39857 , 39858 , 72627 , 72628 , 66718 , 72630 , 72631 , 58066 , 7097 , 39866 , 66719 , 7100 , 138173 , 72638 , 72639 , 72640 , 72641 , 105410 , 105413 , 105414 , 105415 , 105417 , 7114 , 105422 , 105423 , 7120 , 39889 , 72658 , 72659 , 72660 , 7125 , 7126 , 108259 , 7131 , 39900 , 72670 , 7135 , 72672 , 94032 , 7138 , 88571 , 39908 , 39909 , 39910 , 39911 , 39912 , 39913 , 7146 , 7147 , 39916 , 7149 , 7150 , 7151 , 105456 , 105457 , 105458 , 7155 , 78963 , 39422 , 105462 , 105463 , 105464 , 61268 , 104959 , 138236 , 72701 , 72702 , 72704 , 72705 , 7170 , 7171 , 72708 , 7173 , 72710 , 72711 , 39944 , 66732 , 72714 , 7179 , 72716 , 72717 , 72718 , 7183 , 72720 , 72721 , 146283 , 104963 , 7188 , 61273 , 105496 , 72729 , 105498 , 39964 , 72733 , 72735 , 72736 , 72737 , 72738 , 72739 , 7204 , 72744 , 105513 , 108069 , 39980 , 95412 , 61277 , 7216 , 66739 , 149406 , 39992 , 50356 , 140467 , 96285 , 40000 , 105537 , 40002 , 103050 , 40004 , 7237 , 7238 , 44897 , 7240 , 40010 , 40011 , 7244 , 143202 , 115901 , 7251 , 105556 , 105558 , 105559 , 105560 , 7257 , 7258 , 7259 , 7260 , 33978 , 105567 , 105568 , 138337 , 119422 , 72803 , 138340 , 135542 , 138342 , 138343 , 7272 , 7273 , 7274 , 7275 , 7276 , 7277 , 7278 , 50365 , 105585 , 72819 , 138357 , 138358 , 77673 , 104991 , 39444 , 40059 , 40060 , 7295 , 40064 , 40065 , 40066 , 85156 , 138372 , 138373 , 7302 , 138375 , 72840 , 138377 , 138378 , 138379 , 138380 , 138381 , 137530 , 7311 , 104984 , 40083 , 38433 , 105622 , 7319 , 7320 , 7321 , 105626 , 105627 , 40092 , 39450 , 105630 , 148677 , 135544 , 72868 , 105637 , 105638 , 153897 , 105643 , 105644 , 105645 , 7342 , 7343 , 40112 , 40113 , 72882 , 40115 , 40116 , 55838 , 40119 , 7352 , 105657 , 7354 , 55839 , 72892 , 72893 , 7358 , 40127 , 7360 , 40129 , 72899 , 40132 , 7365 , 7366 , 7367 , 72905 , 40139 , 148639 , 154146 , 132301 , 7376 , 105681 , 7379 , 7380 , 138453 , 7382 , 7383 , 95174 , 154148 , 40155 , 72925 , 154149 , 84263 , 110459 , 138468 , 138469 , 138475 , 105708 , 138477 , 105710 , 72943 , 72944 , 40177 , 40178 , 34003 , 7413 , 111542 , 7416 , 144518 , 126847 , 40188 , 105725 , 84264 , 7426 , 40198 , 83159 , 122454 , 147747 , 112317 , 7442 , 111543 , 7447 , 40218 , 40219 , 72992 , 7457 , 111436 , 7460 , 61318 , 105766 , 138535 , 138536 , 7465 , 122455 , 105771 , 7468 , 138541 , 7471 , 7472 , 110472 , 111544 , 138550 , 138551 , 7480 , 138553 , 40250 , 73019 , 73020 , 73021 , 40255 , 7491 , 148643 , 7494 , 7495 , 7496 , 7497 , 7498 , 155190 , 40272 , 40274 , 7507 , 40277 , 105815 , 138584 , 138585 , 50442 , 73051 , 7516 , 138589 , 138590 , 105823 , 105824 , 105825 , 138594 , 137787 , 105828 , 34022 , 148831 , 138599 , 105833 , 40298 , 72635 , 7532 , 73069 , 7537 , 126188 , 105843 , 105844 , 105845 , 105846 , 105847 , 7544 , 7545 , 7546 , 7547 , 138620 , 7549 , 7550 , 7551 , 7552 , 7553 , 40323 , 140805 , 155192 , 40330 , 40331 , 40332 , 7565 , 83181 , 105873 , 105874 , 7571 , 40340 , 126873 , 7577 , 73114 , 7579 , 7580 , 7581 , 7582 , 137797 , 80996 , 73122 , 154182 , 7590 , 7591 , 73128 , 73129 , 40362 , 73131 , 73132 , 110457 , 105032 , 73138 , 40371 , 7604 , 40373 , 7607 , 34036 , 137532 , 40381 , 40382 , 7621 , 138694 , 138695 , 138696 , 66807 , 40398 , 154854 , 115055 , 138710 , 48264 , 137807 , 105948 , 105949 , 105950 , 40415 , 40416 , 40417 , 7650 , 7652 , 7653 , 7654 , 7655 , 7656 , 44967 , 34045 , 138736 , 105969 , 73203 , 73204 , 34046 , 73206 , 7671 , 150603 , 105044 , 34047 , 40445 , 40446 , 40447 , 7680 , 105985 , 40450 , 40451 , 7684 , 138757 , 138758 , 105991 , 105992 , 105993 , 73226 , 73227 , 73228 , 137816 , 105890 , 141012 , 143278 , 55897 , 152794 , 73242 , 72282 , 73248 , 103914 , 137819 , 77934 , 40485 , 61361 , 72284 , 106026 , 7723 , 7724 , 7727 , 148744 , 40501 , 40502 , 7735 , 40504 , 7737 , 7738 , 7739 , 7740 , 7741 , 7742 , 7743 , 73280 , 138817 , 106050 , 7747 , 7748 , 7749 , 7750 , 121441 , 50444 , 125738 , 106063 , 106066 , 40533 , 128325 , 7767 , 7768 , 72292 , 73306 , 73309 , 95187 , 7775 , 153017 , 7779 , 7780 , 7781 , 40550 , 73320 , 150835 , 7787 , 7788 , 7793 , 73330 , 73331 , 7797 , 73335 , 7800 , 112646 , 110527 , 34069 , 138881 , 151927 , 154147 , 132375 , 106124 , 119639 , 7824 , 77763 , 73367 , 7835 , 40604 , 50458 , 40606 , 138911 , 138912 , 40609 , 73378 , 73379 , 73380 , 40613 , 73382 , 106151 , 40616 , 75776 , 98463 , 7853 , 73390 , 40623 , 154145 , 77768 , 40626 , 155202 , 106165 , 40630 , 86461 , 155123 , 76641 , 7873 , 134471 , 106180 , 106181 , 138951 , 7880 , 7881 , 137847 , 40652 , 73422 , 122469 , 7889 , 155203 , 138963 , 60895 , 137849 , 7896 , 102829 , 7899 , 40668 , 106206 , 7903 , 109376 , 143312 , 87997 , 106213 , 40678 , 7911 , 7912 , 137852 , 40683 , 40684 , 40685 , 40687 , 40688 , 7921 , 73459 , 7925 , 7926 , 77734 , 40696 , 51547 , 40699 , 7933 , 7935 , 7936 , 7937 , 7941 , 7942 , 7943 , 7944 , 40716 , 88706 , 155205 , 121475 , 7957 , 7958 , 73495 , 51548 , 108074 , 40730 , 106268 , 150841 , 40735 , 7968 , 40737 , 7970 , 7971 , 73511 , 73513 , 73514 , 7979 , 40748 , 40749 , 73518 , 73521 , 73522 , 73523 , 73524 , 144295 , 73526 , 55945 , 73528 , 40768 , 40771 , 8005 , 8006 , 8007 , 40776 , 139082 , 73547 , 139084 , 95195 , 139089 , 102837 , 139091 , 40788 , 109380 , 33001 , 8029 , 8032 , 8033 , 8034 , 8035 , 8036 , 8037 , 40808 , 40809 , 8044 , 8045 , 8046 , 40815 , 139121 , 121491 , 132414 , 40825 , 106363 , 106364 , 45034 , 132295 , 55957 , 89741 , 73601 , 8066 , 40835 , 8068 , 88726 , 101528 , 66881 , 8072 , 8073 , 8074 , 88727 , 40844 , 40845 , 8078 , 106383 , 106384 , 73617 , 106386 , 8083 , 106388 , 106389 , 40854 , 40855 , 102401 , 122838 , 8091 , 107200 , 8094 , 139169 , 137012 , 124660 , 139172 , 139173 , 73640 , 40873 , 40874 , 73645 , 143347 , 139189 , 40886 , 34121 , 40888 , 107639 , 139196 , 34122 , 110581 , 88736 , 40899 , 40901 , 115713 , 8136 , 34124 , 8138 , 77815 , 106444 , 106445 , 50509 , 110584 , 73682 , 106451 , 106452 , 83278 , 73686 , 73687 , 106456 , 105124 , 40922 , 40923 , 88741 , 46536 , 45051 , 39590 , 40935 , 40936 , 154339 , 39591 , 40944 , 40945 , 40946 , 40947 , 82107 , 8182 , 40951 , 40952 , 8185 , 40954 , 40955 , 8188 , 40957 , 40958 , 40959 , 8192 , 78834 , 8194 , 137899 , 99670 , 8198 , 8199 , 40968 , 55980 , 93019 , 99671 , 89963 , 82108 , 106517 , 106518 , 99673 , 73752 , 106521 , 106522 , 99674 , 87564 , 8224 , 88752 , 40996 , 144303 , 73767 , 8232 , 41001 , 84291 , 8235 , 8236 , 8237 , 119720 , 116061 , 154291 , 116062 , 131210 , 8248 , 83295 , 8252 , 8253 , 8254 , 8255 , 8256 , 8257 , 8258 , 8259 , 8260 , 8261 , 8262 , 116065 , 8264 , 143372 , 8268 , 106574 , 8271 , 8272 , 8273 , 41043 , 41052 , 41053 , 41054 , 41055 , 106596 , 41067 , 8300 , 106605 , 73838 , 41071 , 41072 , 41073 , 73842 , 73843 , 73844 , 8309 , 8310 , 132457 , 137536 , 41081 , 8314 , 8315 , 8316 , 41085 , 106623 , 41088 , 8321 , 41090 , 134486 , 8326 , 106632 , 132460 , 148448 , 73869 , 134961 , 41103 , 41104 , 8337 , 41107 , 8341 , 41111 , 41112 , 86477 , 106652 , 106653 , 72506 , 41119 , 106658 , 106659 , 73894 , 143201 , 46106 , 83315 , 106676 , 106677 , 154128 , 95207 , 106680 , 132468 , 106682 , 106683 , 155868 , 106687 , 93674 , 91934 , 8387 , 34166 , 8391 , 48289 , 8394 , 8395 , 8396 , 106701 , 8398 , 41167 , 121395 , 41170 , 8403 , 41172 , 41173 , 8406 , 8407 , 8408 , 8409 , 8410 , 8411 , 8415 , 8416 , 8417 , 139490 , 41187 , 41188 , 105169 , 41192 , 8425 , 106730 , 105170 , 73966 , 8431 , 8432 , 73969 , 8435 , 66942 , 8439 , 8440 , 8441 , 8442 , 8443 , 8444 , 8445 , 8446 , 8447 , 8448 , 8449 , 8450 , 8451 , 8452 , 8453 , 8454 , 8455 , 131217 , 139529 , 8458 , 56023 , 74000 , 8465 , 8466 , 8467 , 8468 , 45102 , 39641 , 8473 , 139547 , 91937 , 41247 , 106784 , 106785 , 39643 , 74023 , 91056 , 39644 , 155223 , 8491 , 8492 , 8493 , 8494 , 8495 , 8496 , 8497 , 8498 , 8499 , 8500 , 8501 , 8502 , 8503 , 8504 , 106809 , 8506 , 8507 , 139580 , 139581 , 124672 , 8511 , 105184 , 139586 , 139588 , 139589 , 74054 , 41287 , 8520 , 74060 , 105186 , 41294 , 102850 , 93795 , 106836 , 106837 , 106838 , 8535 , 91939 , 74076 , 106845 , 139614 , 106848 , 41313 , 8547 , 106854 , 106855 , 106856 , 109062 , 129464 , 88656 , 146972 , 106865 , 45118 , 106870 , 91940 , 93457 , 41337 , 138009 , 8572 , 8573 , 50581 , 41345 , 8579 , 155226 , 106885 , 106888 , 106889 , 106890 , 34199 , 106892 , 106893 , 8590 , 8591 , 8592 , 34200 , 106898 , 106899 , 41749 , 106901 , 106902 , 41367 , 8602 , 39663 , 8604 , 8605 , 8607 , 139591 , 105200 , 139682 , 41381 , 74150 , 137969 , 86486 , 99740 , 106924 , 39666 , 106926 , 8625 , 8627 , 8628 , 8629 , 45129 , 137033 , 106938 , 84292 , 45130 , 8640 , 8641 , 77899 , 41413 , 41414 , 136679 , 77900 , 74187 , 8653 , 139727 , 8656 , 8657 , 41426 , 8659 , 41428 , 126846 , 8662 , 105460 , 8667 , 8668 , 41437 , 41438 , 8671 , 153033 , 41442 , 95217 , 136680 , 78354 , 139751 , 139752 , 88828 , 139755 , 139756 , 8685 , 41454 , 74223 , 8691 , 91753 , 106997 , 107206 , 107002 , 88831 , 139773 , 137021 , 107012 , 107014 , 107015 , 107016 , 107017 , 107018 , 107019 , 107020 , 74260 , 139797 , 107030 , 137988 , 41498 , 8731 , 8732 , 8733 , 8734 , 8735 , 8736 , 8737 , 8738 , 8739 , 8741 , 8742 , 8743 , 121999 , 139817 , 107050 , 139819 , 74285 , 74286 , 41519 , 139824 , 139825 , 107058 , 139827 , 139828 , 139829 , 74294 , 107063 , 8760 , 107065 , 107066 , 139835 , 139836 , 8767 , 8773 , 102140 , 107083 , 110696 , 8781 , 139859 , 8788 , 140155 , 67001 , 45156 , 132538 , 107102 , 67003 , 137955 , 74341 , 8806 , 74343 , 58123 , 74345 , 41578 , 8811 , 41580 , 41581 , 8814 , 8815 , 8816 , 8817 , 8818 , 8819 , 8820 , 34238 , 41590 , 74359 , 154143 , 67007 , 107133 , 8830 , 121621 , 41600 , 74369 , 74370 , 75582 , 140146 , 8838 , 8839 , 8841 , 8842 , 154391 , 116162 , 8846 , 8849 , 8850 , 8851 , 41620 , 41621 , 41622 , 41623 , 41624 , 8857 , 102861 , 107163 , 107164 , 154394 , 41630 , 8863 , 107168 , 107169 , 107170 , 154395 , 8869 , 8870 , 41639 , 41640 , 139947 , 139948 , 41647 , 107184 , 107185 , 41650 , 41651 , 41653 , 41654 , 41655 , 107192 , 70982 , 88863 , 107196 , 107197 , 74431 , 8896 , 8897 , 8898 , 67019 , 41668 , 41669 , 74438 , 41672 , 50636 , 81040 , 8907 , 67021 , 74448 , 8914 , 120321 , 68316 , 94329 , 8923 , 8924 , 8925 , 8926 , 88869 , 41697 , 149778 , 8933 , 8934 , 8935 , 8936 , 8937 , 8941 , 8942 , 74479 , 8945 , 107250 , 107251 , 107252 , 8949 , 8950 , 8951 , 8952 , 8953 , 8954 , 107259 , 150874 , 140029 , 74494 , 140033 , 140034 , 74499 , 99798 , 143489 , 8969 , 107274 , 8972 , 8973 , 107280 , 34264 , 140050 , 140051 , 8981 , 140054 , 34265 , 140056 , 140057 , 140058 , 81021 , 71153 , 34266 , 140062 , 65767 , 41761 , 123597 , 8995 , 98331 , 8998 , 154417 , 67036 , 9002 , 133395 , 107308 , 9006 , 9007 , 41776 , 41777 , 107314 , 154419 , 41780 , 116190 , 41782 , 41783 , 41784 , 9017 , 41786 , 41787 , 41788 , 41789 , 41790 , 41791 , 41792 , 41793 , 9026 , 9027 , 9028 , 9029 , 9030 , 41799 , 107337 , 41805 , 41806 , 41807 , 41808 , 107345 , 41810 , 93047 , 74581 , 9046 , 143378 , 83227 , 65769 , 41820 , 9053 , 9055 , 41827 , 41828 , 107365 , 127121 , 74601 , 83431 , 153060 , 140142 , 56125 , 140145 , 9074 , 140147 , 140148 , 56126 , 9078 , 9079 , 140152 , 140153 , 140154 , 9083 , 123600 , 100403 , 140158 , 103717 , 9093 , 9094 , 9095 , 9096 , 9097 , 9098 , 74635 , 74636 , 127941 , 9102 , 9103 , 9104 , 9105 , 107410 , 107411 , 9108 , 56132 , 9116 , 9117 , 9123 , 9124 , 41893 , 107430 , 41895 , 9128 , 9129 , 9130 , 9131 , 9132 , 9133 , 41903 , 41904 , 41905 , 41906 , 9139 , 41908 , 41909 , 41910 , 123602 , 41914 , 9147 , 41916 , 41917 , 107454 , 41919 , 107456 , 41921 , 74690 , 138059 , 35221 , 135605 , 125785 , 140240 , 41938 , 102190 , 9173 , 9174 , 99833 , 41948 , 74717 , 107492 , 9189 , 9190 , 41962 , 134515 , 41967 , 110760 , 105299 , 41972 , 140278 , 74745 , 155247 , 112693 , 79795 , 41983 , 74753 , 74754 , 45227 , 74756 , 133643 , 74758 , 134516 , 9226 , 39767 , 9228 , 9229 , 127149 , 9233 , 9234 , 9235 , 107540 , 45230 , 42006 , 34308 , 69675 , 77999 , 89097 , 105982 , 34309 , 42016 , 9251 , 9252 , 132614 , 9256 , 117059 , 9259 , 107564 , 140333 , 140334 , 42031 , 42032 , 42033 , 42034 , 9267 , 42036 , 42037 , 72543 , 42044 , 67082 , 74818 , 74819 , 74820 , 63565 , 99852 , 110783 , 107595 , 107596 , 9294 , 132621 , 140368 , 140371 , 140372 , 99854 , 9302 , 95445 , 9305 , 142126 , 9307 , 107613 , 9312 , 9313 , 116241 , 42088 , 42090 , 9324 , 42093 , 42094 , 140399 , 42098 , 83475 , 9332 , 9333 , 9334 , 9335 , 42104 , 9337 , 9338 , 9339 , 107644 , 74877 , 9342 , 116245 , 42112 , 42113 , 42114 , 41774 , 42116 , 9349 , 155438 , 74888 , 42121 , 42122 , 42123 , 42124 , 74893 , 74895 , 9360 , 9362 , 9363 , 9364 , 42133 , 101789 , 99865 , 9368 , 9369 , 107674 , 9371 , 9372 , 9373 , 41775 , 67099 , 148455 , 107686 , 9384 , 9385 , 9386 , 107691 , 140460 , 50254 , 9394 , 9395 , 9396 , 67712 , 42169 , 124014 , 9405 , 9406 , 88949 , 9410 , 9411 , 9412 , 99873 , 9417 , 74954 , 9422 , 9423 , 9424 , 9425 , 9426 , 9427 , 9428 , 9429 , 9430 , 9431 , 9432 , 9433 , 9434 , 9435 , 9436 , 9437 , 9438 , 9439 , 9440 , 9441 , 9442 , 9443 , 9444 , 34342 , 94417 , 9449 , 9450 , 9451 , 9452 , 42221 , 42222 , 9455 , 143571 , 9460 , 9461 , 9462 , 9463 , 143572 , 9467 , 117066 , 67114 , 9472 , 42241 , 123613 , 67115 , 42244 , 42245 , 54872 , 149036 , 94423 , 42252 , 42253 , 42254 , 134193 , 107792 , 9489 , 42258 , 42259 , 42260 , 9493 , 42262 , 42263 , 42264 , 133434 , 75037 , 121733 , 75040 , 135530 , 42274 , 42275 , 9509 , 42279 , 42280 , 42281 , 9514 , 9515 , 9516 , 42285 , 42286 , 9519 , 9521 , 9522 , 67123 , 107828 , 42293 , 42294 , 42295 , 83508 , 107834 , 75067 , 140606 , 50741 , 9536 , 42305 , 75076 , 75077 , 121433 , 137800 , 107850 , 107851 , 9548 , 107854 , 136672 , 101793 , 94435 , 42324 , 42325 , 9558 , 149049 , 9560 , 128816 , 9564 , 9566 , 9567 , 9569 , 145612 , 110267 , 75111 , 118996 , 42346 , 9580 , 75117 , 136454 , 143592 , 75122 , 154515 , 9588 , 9589 , 107894 , 42359 , 42361 , 42362 , 140667 , 9596 , 140669 , 140670 , 140671 , 140672 , 132672 , 143595 , 107910 , 75143 , 75144 , 61676 , 75146 , 42379 , 107916 , 67138 , 107919 , 107920 , 105368 , 102193 , 9623 , 9624 , 50756 , 9626 , 9627 , 75165 , 116293 , 9635 , 9636 , 148449 , 141979 , 9640 , 75177 , 42410 , 9643 , 42412 , 42413 , 42414 , 42415 , 75184 , 49422 , 140723 , 140725 , 45300 , 75195 , 67146 , 9662 , 9664 , 9665 , 67147 , 61686 , 107974 , 107975 , 42442 , 107979 , 9676 , 42445 , 132685 , 75216 , 143608 , 75218 , 75219 , 75220 , 75221 , 75222 , 75223 , 42456 , 75225 , 75226 , 34383 , 42460 , 42461 , 42462 , 75231 , 42464 , 34384 , 75234 , 75235 , 75236 , 42470 , 154131 , 9705 , 9706 , 42475 , 108012 , 75245 , 75247 , 88009 , 9714 , 9715 , 9716 , 9718 , 130168 , 9723 , 83541 , 9729 , 140802 , 39851 , 108036 , 108037 , 42502 , 42503 , 42504 , 39852 , 75274 , 75275 , 154680 , 141080 , 39853 , 140816 , 116312 , 39854 , 108054 , 54881 , 9752 , 62519 , 39855 , 125403 , 127237 , 75296 , 72624 , 75300 , 75301 , 75302 , 72625 , 75304 , 75305 , 75306 , 75307 , 75308 , 72626 , 154865 , 9778 , 9781 , 145525 , 137808 , 99935 , 140860 , 72629 , 116320 , 75331 , 75332 , 75333 , 149811 , 105399 , 9804 , 67170 , 75342 , 78093 , 9808 , 72632 , 42578 , 149549 , 78094 , 39865 , 9817 , 42586 , 45327 , 108124 , 9821 , 108126 , 99941 , 9824 , 9825 , 9826 , 9827 , 75364 , 34406 , 9830 , 9832 , 72636 , 42603 , 9836 , 94482 , 42606 , 9841 , 140915 , 87618 , 103985 , 42614 , 34409 , 78100 , 105407 , 78101 , 91938 , 34412 , 42634 , 42635 , 42636 , 42637 , 42638 , 140944 , 9873 , 112715 , 9875 , 9876 , 9877 , 9878 , 9879 , 9881 , 9882 , 9883 , 143221 , 75424 , 132528 , 108195 , 75430 , 9895 , 89802 , 55977 , 75434 , 75435 , 75436 , 75437 , 9902 , 75439 , 75440 , 34419 , 42676 , 9909 , 75446 , 138186 , 123581 , 108223 , 108224 , 42690 , 140995 , 9927 , 75465 , 9930 , 75467 , 45346 , 42702 , 108241 , 108243 , 128727 , 9941 , 9942 , 9943 , 78116 , 108250 , 45349 , 9952 , 39888 , 108258 , 9955 , 9957 , 9958 , 42727 , 88713 , 42729 , 42730 , 94503 , 42734 , 9968 , 9974 , 110889 , 141048 , 9977 , 83583 , 9980 , 124721 , 9982 , 75519 , 141056 , 42753 , 42754 , 42759 , 137815 , 42766 , 94509 , 10000 , 42769 , 10002 , 34435 , 141076 , 75542 , 75543 , 75544 , 34436 , 110895 , 75549 , 75550 , 75552 , 10019 , 75556 , 75560 , 72668 , 42795 , 139177 , 153092 , 10035 , 10036 , 10037 , 75575 , 105439 , 10046 , 94517 , 126637 , 42818 , 137817 , 81901 , 83597 , 154866 , 42833 , 42838 , 42839 , 108376 , 105444 , 141146 , 34447 , 10076 , 149769 , 42849 , 42851 , 42852 , 42853 , 42854 , 10088 , 78140 , 60348 , 75628 , 75629 , 99141 , 10096 , 75633 , 10099 , 10100 , 10102 , 113621 , 42875 , 128240 , 42877 , 108416 , 10113 , 10114 , 39915 , 10117 , 42888 , 42889 , 141695 , 110914 , 141201 , 42898 , 10131 , 65805 , 105454 , 155225 , 75671 , 10136 , 10137 , 10138 , 10139 , 141216 , 10147 , 10148 , 10149 , 10150 , 108455 , 154134 , 110919 , 42927 , 42928 , 141233 , 141234 , 75699 , 75700 , 108470 , 10167 , 56308 , 42939 , 42940 , 42941 , 42942 , 42943 , 141248 , 141250 , 42950 , 42951 , 42952 , 75725 , 75726 , 42960 , 10193 , 10194 , 42965 , 141270 , 10199 , 108506 , 61775 , 75740 , 75741 , 42974 , 108511 , 108513 , 108514 , 10213 , 10214 , 108519 , 141288 , 100724 , 42986 , 108523 , 94546 , 108527 , 89813 , 108531 , 42996 , 108533 , 76883 , 75767 , 127316 , 89087 , 10239 , 10240 , 10241 , 10243 , 10244 , 10246 , 10247 , 10248 , 10249 , 74538 , 72706 , 10254 , 10255 , 10256 , 10257 , 10258 , 10259 , 10260 , 10261 , 10262 , 10263 , 87632 , 105476 , 108570 , 10267 , 10268 , 43039 , 141346 , 10275 , 10276 , 10277 , 10278 , 10279 , 10280 , 10281 , 10282 , 116402 , 76056 , 127325 , 72712 , 129912 , 87633 , 72713 , 75832 , 95271 , 43067 , 10303 , 43072 , 72715 , 10308 , 10309 , 10310 , 10311 , 10312 , 10313 , 10314 , 10315 , 10316 , 10317 , 130814 , 122550 , 10320 , 10321 , 10322 , 10323 , 10324 , 10325 , 139590 , 43095 , 43096 , 108633 , 10330 , 10331 , 141404 , 10337 , 10338 , 10339 , 10340 , 10341 , 10343 , 108650 , 106900 , 10348 , 122551 , 75886 , 75887 , 10352 , 75889 , 75891 , 108661 , 120747 , 135843 , 10361 , 10362 , 10363 , 42899 , 43134 , 10375 , 75912 , 10378 , 10379 , 75917 , 141454 , 146557 , 75920 , 132803 , 127342 , 68464 , 67268 , 43162 , 43165 , 67269 , 43168 , 10403 , 10405 , 141478 , 10409 , 88728 , 141483 , 141484 , 87637 , 105501 , 129100 , 128009 , 141493 , 141494 , 43191 , 43192 , 108729 , 43194 , 43195 , 43196 , 141501 , 61813 , 138272 , 75970 , 10436 , 61814 , 146617 , 113825 , 10443 , 43212 , 43214 , 75983 , 61816 , 75987 , 75988 , 75989 , 10454 , 10455 , 10456 , 10457 , 75994 , 10461 , 75998 , 10463 , 10464 , 10465 , 64725 , 10467 , 141541 , 43238 , 105097 , 43241 , 76010 , 43243 , 76012 , 35265 , 43251 , 10484 , 45438 , 76025 , 10491 , 10492 , 43263 , 10498 , 10499 , 108804 , 141574 , 127361 , 10504 , 43273 , 43274 , 10507 , 43276 , 43277 , 43278 , 43279 , 43280 , 43281 , 10515 , 10516 , 43285 , 43286 , 43287 , 43288 , 143748 , 10522 , 107281 , 149210 , 76062 , 150196 , 10529 , 141602 , 116444 , 10538 , 10539 , 10540 , 10541 , 10542 , 108847 , 108848 , 143752 , 94601 , 141107 , 10557 , 43331 , 10569 , 121911 , 10572 , 10573 , 10574 , 10575 , 10576 , 10577 , 10578 , 10579 , 108884 , 43349 , 43350 , 10583 , 43352 , 76123 , 43356 , 10590 , 10594 , 10595 , 76132 , 43365 , 76136 , 43369 , 43370 , 43371 , 43372 , 76141 , 10606 , 10607 , 10608 , 33087 , 100672 , 135040 , 141690 , 108923 , 10620 , 10621 , 141694 , 61845 , 141696 , 99581 , 108933 , 108934 , 10631 , 10633 , 10637 , 10638 , 10639 , 10640 , 43409 , 10642 , 10643 , 43414 , 127385 , 141720 , 10649 , 10650 , 10652 , 10653 , 10655 , 10656 , 50928 , 43426 , 10660 , 10661 , 10662 , 10663 , 10664 , 10665 , 76202 , 76203 , 10668 , 43438 , 43439 , 43440 , 76209 , 141746 , 141747 , 76212 , 10681 , 43450 , 43453 , 141762 , 72779 , 141764 , 111009 , 43465 , 109002 , 109003 , 84524 , 43475 , 10708 , 10709 , 43478 , 43481 , 43482 , 137839 , 76254 , 102923 , 76257 , 10723 , 141796 , 120313 , 138321 , 100092 , 10730 , 10731 , 56402 , 140022 , 141810 , 56403 , 43509 , 43511 , 10744 , 10745 , 100095 , 43519 , 43520 , 109060 , 43525 , 10758 , 10759 , 109064 , 10761 , 99651 , 109067 , 109068 , 10765 , 109070 , 76303 , 121944 , 105474 , 10771 , 109076 , 121474 , 109079 , 145479 , 78255 , 109084 , 10781 , 10782 , 10783 , 10784 , 141857 , 109091 , 76324 , 76325 , 76326 , 76327 , 76328 , 76329 , 98561 , 109101 , 81103 , 138333 , 76336 , 43569 , 43570 , 10803 , 10805 , 129113 , 145480 , 43577 , 43578 , 43579 , 43584 , 138336 , 125551 , 10819 , 10820 , 134280 , 141895 , 141896 , 83724 , 141898 , 76364 , 138338 , 43598 , 76367 , 76368 , 43601 , 121476 , 147665 , 143801 , 141913 , 10842 , 34575 , 99146 , 43614 , 56421 , 10848 , 117112 , 127419 , 43620 , 152923 , 140026 , 154727 , 88743 , 10869 , 77557 , 43643 , 43644 , 67349 , 43650 , 10883 , 43653 , 43656 , 40044 , 43658 , 10891 , 53828 , 109201 , 109202 , 109204 , 141973 , 141974 , 10903 , 141976 , 141977 , 109210 , 10907 , 109212 , 100122 , 141982 , 43680 , 76449 , 76451 , 76452 , 45510 , 109222 , 10920 , 34588 , 10924 , 10925 , 10926 , 132893 , 56435 , 116510 , 142006 , 43704 , 142009 , 100127 , 10940 , 109245 , 56437 , 130571 , 39645 , 78283 , 142020 , 121974 , 147667 , 43719 , 45516 , 142026 , 56439 , 142028 , 70197 , 45517 , 109265 , 78286 , 117116 , 10970 , 78287 , 142044 , 10973 , 142046 , 109280 , 43745 , 142052 , 142053 , 142054 , 78289 , 10984 , 142057 , 53831 , 142060 , 78290 , 76527 , 10992 , 76529 , 76530 , 76531 , 43764 , 43765 , 117117 , 43768 , 78292 , 11002 , 11003 , 11004 , 34602 , 43774 , 76543 , 76544 , 76545 , 149291 , 146578 , 43783 , 109320 , 11017 , 11019 , 11021 , 11022 , 34605 , 138371 , 67374 , 33101 , 143833 , 154756 , 11034 , 142107 , 43804 , 109341 , 11038 , 82344 , 136538 , 76579 , 138374 , 76582 , 83761 , 142120 , 11050 , 11051 , 11054 , 142127 , 11056 , 138376 , 43826 , 83763 , 142134 , 56457 , 76600 , 109373 , 43839 , 43840 , 109377 , 109378 , 109379 , 11076 , 100150 , 109382 , 11080 , 43851 , 43852 , 45538 , 43854 , 121997 , 76624 , 76628 , 76629 , 76630 , 76631 , 146833 , 43867 , 43868 , 132922 , 43871 , 43872 , 43873 , 132923 , 142180 , 43877 , 142182 , 11111 , 11112 , 11113 , 142186 , 76651 , 76653 , 11119 , 142193 , 134282 , 122003 , 76660 , 11125 , 43894 , 11128 , 147673 , 67391 , 80023 , 76669 , 11135 , 11136 , 11137 , 11138 , 11141 , 76679 , 76680 , 105623 , 11148 , 134631 , 109455 , 76689 , 142226 , 11155 , 11157 , 11158 , 11159 , 88753 , 43932 , 43933 , 43934 , 83781 , 76704 , 149318 , 109478 , 105628 , 76715 , 109484 , 109485 , 40093 , 76720 , 149320 , 11189 , 142263 , 11192 , 11193 , 71296 , 76734 , 76735 , 77843 , 76737 , 11202 , 11203 , 142278 , 109511 , 11212 , 11213 , 43983 , 76757 , 11223 , 11224 , 11225 , 11226 , 11227 , 11228 , 11229 , 76767 , 44001 , 44002 , 143867 , 143230 , 11238 , 116561 , 109544 , 11241 , 11242 , 82209 , 44014 , 11247 , 112785 , 76785 , 122581 , 76787 , 11253 , 11254 , 44023 , 44024 , 44025 , 44026 , 11259 , 11260 , 11261 , 109569 , 109570 , 44037 , 134283 , 40747 , 11274 , 82210 , 142349 , 44046 , 89261 , 11282 , 44051 , 76820 , 149337 , 76825 , 11290 , 44059 , 109597 , 109598 , 11295 , 11296 , 66935 , 76836 , 44069 , 11302 , 149861 , 11305 , 11306 , 11307 , 11308 , 89266 , 76848 , 105125 , 146588 , 89267 , 11316 , 11317 , 11318 , 143881 , 11324 , 78346 , 11326 , 109631 , 109632 , 76865 , 78347 , 149862 , 67425 , 76873 , 76874 , 44107 , 76876 , 34658 , 78349 , 11344 , 11345 , 11346 , 11347 , 78350 , 11350 , 11351 , 44120 , 11353 , 11354 , 78351 , 76893 , 44126 , 44127 , 11360 , 44129 , 44130 , 44131 , 44132 , 123676 , 78353 , 76905 , 11370 , 34663 , 11372 , 76909 , 146590 , 56509 , 11376 , 67432 , 76916 , 40126 , 109686 , 110583 , 11384 , 44154 , 59300 , 11388 , 40128 , 126971 , 44165 , 44166 , 56513 , 67436 , 11402 , 146591 , 56514 , 101664 , 76944 , 56515 , 76948 , 76949 , 76950 , 59301 , 67439 , 142227 , 142493 , 44190 , 154821 , 67440 , 76962 , 44195 , 44196 , 89286 , 44199 , 112524 , 122055 , 44204 , 78365 , 89288 , 110585 , 45598 , 142518 , 11447 , 44216 , 44217 , 71680 , 89290 , 44223 , 89291 , 97492 , 11461 , 76998 , 44231 , 44234 , 100215 , 11468 , 45602 , 44238 , 109775 , 44240 , 44241 , 109778 , 109779 , 132985 , 142553 , 109787 , 78373 , 77024 , 138448 , 97493 , 44261 , 44262 , 44264 , 44265 , 109802 , 11499 , 142572 , 89298 , 144412 , 11505 , 142578 , 44275 , 132990 , 142582 , 142583 , 142584 , 138452 , 142586 , 44283 , 77223 , 148777 , 122069 , 72398 , 109827 , 77063 , 77064 , 109833 , 77067 , 44300 , 109837 , 11534 , 142608 , 11537 , 11538 , 77075 , 65852 , 116612 , 11546 , 44315 , 44316 , 116613 , 137138 , 77089 , 11560 , 153143 , 11563 , 11564 , 11566 , 11567 , 11568 , 78387 , 77108 , 77109 , 44342 , 100233 , 77112 , 44345 , 77114 , 77115 , 77116 , 44349 , 77118 , 80038 , 142656 , 44353 , 11586 , 109894 , 44359 , 77129 , 152053 , 44364 , 154850 , 125338 , 138467 , 44372 , 67470 , 39667 , 44377 , 67471 , 11612 , 127546 , 89317 , 11616 , 142693 , 142694 , 77161 , 44394 , 154855 , 44398 , 44399 , 133505 , 109937 , 11638 , 77175 , 77177 , 44410 , 143935 , 11645 , 142720 , 89323 , 149398 , 142726 , 138476 , 71593 , 133015 , 66947 , 127554 , 142734 , 77199 , 51096 , 127555 , 11668 , 11669 , 44438 , 44439 , 109976 , 109977 , 109978 , 138479 , 109980 , 77213 , 77214 , 44447 , 138480 , 45638 , 11686 , 72945 , 77224 , 134504 , 11691 , 11692 , 105714 , 141145 , 11695 , 72947 , 44468 , 44469 , 11704 , 44479 , 110016 , 62027 , 11717 , 11718 , 34721 , 44488 , 44489 , 67490 , 62029 , 40184 , 11730 , 11731 , 11732 , 129990 , 11737 , 11741 , 60403 , 142816 , 110049 , 110051 , 11748 , 44517 , 11750 , 11751 , 105724 , 98593 , 110062 , 97502 , 44529 , 94594 , 77300 , 77301 , 11766 , 77303 , 142840 , 44541 , 11775 , 44545 , 100267 , 11781 , 11782 , 142857 , 144543 , 155236 , 77326 , 116653 , 77328 , 77329 , 77331 , 142868 , 44566 , 110108 , 135533 , 110111 , 110112 , 110113 , 11814 , 77352 , 142891 , 131329 , 44589 , 144325 , 87684 , 34739 , 146746 , 140397 , 77369 , 11836 , 44607 , 44608 , 44609 , 11843 , 108255 , 44614 , 77383 , 114963 , 127586 , 122125 , 44627 , 11860 , 11861 , 11862 , 11863 , 11864 , 11865 , 11866 , 44635 , 44636 , 44637 , 11870 , 77407 , 77408 , 77409 , 77411 , 127590 , 140060 , 127591 , 77421 , 77422 , 77423 , 77424 , 44657 , 11890 , 77427 , 77428 , 110198 , 11895 , 11897 , 11898 , 110203 , 110204 , 84532 , 77439 , 11906 , 123694 , 140061 , 69911 , 83905 , 110224 , 77457 , 77458 , 44691 , 77460 , 11927 , 77464 , 77465 , 110234 , 83323 , 44700 , 11933 , 148998 , 77471 , 77472 , 11937 , 77474 , 77475 , 77477 , 11942 , 11943 , 11944 , 11945 , 11946 , 11947 , 11948 , 11949 , 11950 , 11951 , 11952 , 11953 , 11954 , 11955 , 11956 , 11957 , 11958 , 11959 , 11960 , 11961 , 11962 , 11963 , 11964 , 77501 , 77502 , 11967 , 77504 , 11969 , 11970 , 11971 , 110276 , 110277 , 110278 , 11975 , 44744 , 44745 , 44746 , 44747 , 11983 , 44752 , 44753 , 44754 , 44755 , 132542 , 11990 , 34767 , 123697 , 44766 , 44767 , 44768 , 71323 , 77541 , 73185 , 77544 , 86599 , 77549 , 12015 , 44784 , 44785 , 44786 , 44787 , 44788 , 44789 , 12022 , 12023 , 77560 , 12029 , 12030 , 12031 , 12032 , 12033 , 147818 , 87691 , 143109 , 138540 , 134028 , 110347 , 110348 , 88461 , 44820 , 143126 , 44825 , 44826 , 44827 , 77597 , 12062 , 12063 , 77600 , 77601 , 12066 , 34779 , 12069 , 12071 , 12072 , 12073 , 110380 , 59323 , 110384 , 143153 , 65870 , 132429 , 44856 , 100319 , 113880 , 144010 , 77633 , 77635 , 77636 , 110405 , 44871 , 144012 , 110410 , 44876 , 34786 , 110414 , 143183 , 77648 , 77649 , 116063 , 77652 , 77653 , 12118 , 48069 , 12121 , 143194 , 111247 , 77661 , 12128 , 12129 , 12130 , 143203 , 65548 , 12137 , 12138 , 143211 , 12140 , 145393 , 67560 , 132431 , 12147 , 12148 , 12149 , 12150 , 12151 , 12152 , 64457 , 110458 , 73023 , 110460 , 110461 , 110462 , 110463 , 12160 , 77875 , 12164 , 136253 , 84422 , 134289 , 137876 , 131341 , 147708 , 12185 , 12186 , 137406 , 146231 , 44960 , 143266 , 77732 , 77733 , 44966 , 12199 , 44968 , 44969 , 12202 , 44971 , 83103 , 45725 , 105800 , 149491 , 44980 , 44981 , 44984 , 44985 , 44986 , 44987 , 44988 , 40266 , 12223 , 110528 , 44993 , 12226 , 44995 , 44996 , 44997 , 44998 , 44999 , 45000 , 45001 , 45002 , 45003 , 45004 , 77773 , 93045 , 110544 , 12241 , 110546 , 110547 , 110548 , 110549 , 12246 , 45017 , 45020 , 45021 , 12259 , 12260 , 143333 , 124797 , 12266 , 143340 , 143341 , 131344 , 133117 , 45041 , 45042 , 45043 , 45044 , 45045 , 45046 , 12279 , 12280 , 12281 , 12283 , 45052 , 66968 , 78507 , 110597 , 45062 , 133121 , 73515 , 77834 , 138583 , 45068 , 45069 , 12303 , 110608 , 110609 , 77842 , 45075 , 77844 , 77845 , 12310 , 77847 , 45080 , 12313 , 143386 , 143387 , 143388 , 143389 , 143390 , 66969 , 110625 , 45090 , 45091 , 12324 , 34822 , 132326 , 77865 , 77866 , 66204 , 45101 , 12334 , 77873 , 77874 , 12339 , 12340 , 12341 , 12342 , 12343 , 77881 , 77882 , 45115 , 110653 , 12350 , 94901 , 45120 , 45121 , 116071 , 12356 , 138593 , 131347 , 12361 , 12362 , 12363 , 12364 , 117487 , 145532 , 45138 , 45139 , 143446 , 143447 , 143448 , 133135 , 120324 , 143454 , 45151 , 143458 , 45155 , 32816 , 110693 , 12392 , 12393 , 12394 , 12395 , 12396 , 12397 , 12398 , 12399 , 110705 , 65768 , 51696 , 12407 , 12408 , 141492 , 144063 , 105834 , 116757 , 82248 , 45185 , 147716 , 105836 , 143499 , 77964 , 154989 , 135714 , 84431 , 93111 , 117165 , 12445 , 77982 , 12447 , 45216 , 122621 , 12453 , 45222 , 87705 , 77994 , 12459 , 12461 , 12462 , 45231 , 45232 , 12467 , 12468 , 12469 , 12470 , 138612 , 12474 , 12475 , 110781 , 12479 , 116768 , 130260 , 12485 , 12487 , 12488 , 12489 , 122231 , 135716 , 143568 , 143570 , 67619 , 45268 , 143573 , 143574 , 143575 , 78040 , 143577 , 143578 , 94927 , 12509 , 12510 , 12511 , 127696 , 95345 , 110824 , 110825 , 143594 , 110827 , 143596 , 45293 , 143598 , 73085 , 12528 , 51240 , 143602 , 155510 , 12532 , 73086 , 143607 , 82252 , 73087 , 78077 , 78078 , 78079 , 40320 , 45315 , 104075 , 105857 , 45320 , 78089 , 78551 , 78092 , 45325 , 45326 , 12559 , 45329 , 45330 , 45331 , 45332 , 45333 , 45334 , 12569 , 67631 , 12573 , 122245 , 12576 , 12577 , 12578 , 12579 , 12580 , 12581 , 12582 , 12584 , 12585 , 110890 , 135035 , 12591 , 110896 , 99712 , 34867 , 12596 , 45366 , 45367 , 110904 , 100404 , 94943 , 12604 , 138634 , 12606 , 45375 , 45376 , 78145 , 61523 , 138635 , 45380 , 34870 , 12614 , 110624 , 110920 , 45387 , 12621 , 12622 , 12623 , 12624 , 90984 , 137496 , 94947 , 143702 , 78167 , 143708 , 143709 , 45407 , 110945 , 110946 , 12643 , 111815 , 94950 , 110952 , 116796 , 110954 , 110955 , 110956 , 110957 , 78191 , 12656 , 62184 , 12658 , 12659 , 113899 , 12665 , 12666 , 12667 , 12668 , 45437 , 12670 , 12671 , 12672 , 12673 , 12674 , 12675 , 12676 , 78213 , 78214 , 78215 , 78216 , 78217 , 78218 , 122263 , 12684 , 45453 , 12686 , 144109 , 82355 , 12691 , 45460 , 105171 , 143771 , 78238 , 133189 , 110627 , 143778 , 105884 , 78250 , 78251 , 45487 , 78256 , 45489 , 62195 , 105172 , 131674 , 143798 , 143799 , 104081 , 62196 , 143802 , 143803 , 78268 , 12734 , 45503 , 12736 , 12737 , 12738 , 109537 , 12741 , 12742 , 45515 , 12748 , 12749 , 45518 , 45519 , 12752 , 45521 , 45522 , 12756 , 67662 , 143831 , 143832 , 45529 , 143834 , 143835 , 143836 , 110629 , 111072 , 111073 , 12770 , 45539 , 45540 , 45541 , 45543 , 45544 , 45546 , 89511 , 131361 , 128401 , 105174 , 71349 , 78323 , 12789 , 143865 , 143866 , 111099 , 111516 , 73130 , 143079 , 67669 , 12800 , 12801 , 143874 , 143875 , 12804 , 78342 , 78343 , 78344 , 78345 , 12810 , 12811 , 12812 , 12813 , 12814 , 12815 , 12816 , 45585 , 45586 , 78355 , 78356 , 78357 , 78358 , 12825 , 12826 , 12827 , 12828 , 12829 , 12830 , 12831 , 12832 , 12833 , 12834 , 100443 , 12837 , 78374 , 12839 , 45609 , 45610 , 127751 , 105176 , 62622 , 78384 , 73139 , 77898 , 116830 , 144137 , 40372 , 12858 , 111164 , 111165 , 111166 , 111167 , 111168 , 144139 , 12869 , 12870 , 12871 , 45640 , 73143 , 153061 , 12878 , 127757 , 12884 , 143367 , 149604 , 111195 , 80280 , 12902 , 12903 , 12904 , 12905 , 12906 , 12907 , 12908 , 12909 , 12910 , 136821 , 149608 , 155262 , 12915 , 12916 , 155873 , 12918 , 12919 , 78458 , 12923 , 12925 , 12926 , 12927 , 122304 , 100459 , 12934 , 12936 , 45706 , 111243 , 12940 , 136822 , 100461 , 78481 , 78482 , 89539 , 12948 , 78485 , 78486 , 89540 , 12956 , 12957 , 12958 , 89541 , 111264 , 78497 , 45731 , 89542 , 12969 , 56775 , 78508 , 34930 , 78510 , 45853 , 78512 , 78513 , 78514 , 78515 , 78516 , 78517 , 56777 , 45755 , 45756 , 45757 , 12990 , 133237 , 144064 , 78531 , 111300 , 99815 , 12999 , 13001 , 111306 , 111307 , 111308 , 135383 , 126020 , 84088 , 66992 , 13012 , 51321 , 45784 , 13020 , 13021 , 78558 , 13026 , 87724 , 144102 , 45799 , 144105 , 144107 , 144108 , 89554 , 13041 , 155091 , 13044 , 13045 , 45815 , 111352 , 13049 , 34943 , 122641 , 122325 , 34944 , 90650 , 144132 , 13061 , 144135 , 144136 , 135735 , 144138 , 89559 , 78611 , 45844 , 140100 , 111386 , 95023 , 45852 , 13085 , 45855 , 45856 , 45857 , 45858 , 13096 , 104690 , 13098 , 138005 , 144173 , 144176 , 144177 , 147057 , 140101 , 100489 , 73183 , 111420 , 87727 , 136914 , 144191 , 73184 , 78658 , 45895 , 13128 , 13131 , 13132 , 40418 , 45902 , 13135 , 45904 , 45905 , 13138 , 13139 , 13140 , 131373 , 40420 , 34959 , 13155 , 13156 , 73190 , 144230 , 45928 , 45929 , 45930 , 45931 , 13164 , 45933 , 111421 , 78707 , 78708 , 145379 , 78711 , 78712 , 144250 , 13179 , 78716 , 78717 , 153197 , 144468 , 45955 , 45956 , 93112 , 142181 , 51351 , 144194 , 78734 , 13200 , 45969 , 154809 , 45974 , 100505 , 78744 , 111515 , 45980 , 78751 , 45984 , 111521 , 111522 , 111523 , 156048 , 138737 , 99733 , 111529 , 78663 , 13228 , 13229 , 131376 , 78664 , 111538 , 13235 , 13236 , 13237 , 13238 , 13239 , 46008 , 78777 , 13242 , 133279 , 78780 , 13246 , 73205 , 111552 , 111553 , 111554 , 144203 , 111556 , 46021 , 46022 , 46023 , 78792 , 46025 , 122359 , 111564 , 100514 , 111437 , 56824 , 51363 , 111438 , 144344 , 45903 , 13276 , 111582 , 84133 , 153992 , 78672 , 13282 , 13287 , 144363 , 46064 , 13297 , 46066 , 45907 , 78836 , 46069 , 78838 , 78839 , 85551 , 104618 , 78843 , 143381 , 67754 , 13311 , 13312 , 13313 , 13314 , 13315 , 13316 , 151640 , 13319 , 131379 , 143342 , 105986 , 13327 , 13328 , 13329 , 13330 , 13331 , 13332 , 13333 , 13334 , 13335 , 13336 , 13337 , 13338 , 13339 , 13340 , 13341 , 51376 , 46115 , 123742 , 46118 , 100529 , 111657 , 111658 , 138759 , 78894 , 127837 , 13360 , 78897 , 78898 , 117625 , 89609 , 133300 , 46142 , 95072 , 13378 , 13379 , 131381 , 46153 , 115748 , 127843 , 13396 , 144469 , 78937 , 13404 , 57185 , 111714 , 114411 , 144488 , 105071 , 114413 , 13420 , 103718 , 42643 , 111727 , 144496 , 13425 , 13426 , 56851 , 144500 , 78965 , 78966 , 67006 , 149695 , 78698 , 146621 , 111743 , 46209 , 46210 , 46211 , 46212 , 46213 , 78982 , 78983 , 46216 , 45932 , 78986 , 78987 , 78988 , 78989 , 144526 , 144237 , 149327 , 111762 , 46227 , 13460 , 13461 , 46230 , 149933 , 91012 , 144239 , 144541 , 116933 , 79008 , 146745 , 113926 , 130293 , 13476 , 144549 , 144550 , 144551 , 111786 , 46252 , 46253 , 138781 , 144560 , 144561 , 103535 , 13495 , 13496 , 82284 , 46266 , 46267 , 46268 , 13501 , 13502 , 13503 , 126660 , 13505 , 13507 , 13508 , 13509 , 13510 , 13511 , 13512 , 13513 , 13514 , 13517 , 13518 , 116941 , 134659 , 13521 , 13522 , 121438 , 13526 , 13527 , 13528 , 13530 , 13531 , 13532 , 105199 , 13538 , 13539 , 13540 , 144613 , 144616 , 144252 , 111850 , 46315 , 46316 , 13549 , 13550 , 100835 , 86507 , 133331 , 46326 , 149716 , 46332 , 111869 , 111870 , 144639 , 144640 , 144641 , 13570 , 13571 , 13572 , 133334 , 111878 , 111879 , 111880 , 111881 , 111882 , 111883 , 140991 , 46349 , 46350 , 46351 , 46352 , 133336 , 144660 , 111893 , 111894 , 67801 , 13592 , 13593 , 40495 , 13596 , 46365 , 13598 , 13599 , 13600 , 155184 , 35035 , 13605 , 137674 , 111913 , 111914 , 111915 , 111916 , 111917 , 13615 , 111920 , 67806 , 151073 , 13624 , 13625 , 13627 , 13628 , 79167 , 111937 , 13634 , 13635 , 13636 , 13637 , 123824 , 13641 , 67013 , 40503 , 13644 , 13645 , 13646 , 13647 , 79184 , 79185 , 13650 , 13651 , 152202 , 79190 , 106041 , 136452 , 46426 , 46427 , 106042 , 128117 , 111504 , 79202 , 79203 , 84198 , 138812 , 133573 , 138813 , 46449 , 46451 , 13685 , 13686 , 13687 , 13688 , 13689 , 46458 , 13691 , 13694 , 74389 , 138816 , 13698 , 13699 , 95126 , 155201 , 133574 , 138818 , 153459 , 13713 , 13714 , 56899 , 13716 , 133358 , 106803 , 13719 , 150724 , 155204 , 111752 , 104839 , 79260 , 112031 , 84208 , 123322 , 78748 , 79274 , 136927 , 51442 , 112047 , 112050 , 149747 , 112055 , 79288 , 122753 , 13754 , 76837 , 46526 , 46527 , 46528 , 78752 , 13762 , 112067 , 112068 , 13765 , 79302 , 46535 , 13768 , 46537 , 13770 , 112075 , 105207 , 79312 , 84216 , 128116 , 79318 , 112091 , 46556 , 79325 , 84219 , 46565 , 46566 , 128626 , 116988 , 66432 , 13806 , 84221 , 129213 , 46578 , 79351 , 79352 , 148773 , 79360 , 144898 , 46595 , 13828 , 80835 , 112134 , 67841 , 13834 , 79371 , 79373 , 79374 , 79375 , 155224 , 13842 , 144917 , 144918 , 122457 , 13851 , 86509 , 13853 , 49562 , 112159 , 144928 , 114338 , 79399 , 129117 , 13866 , 13867 , 106804 , 127922 , 13870 , 13871 , 13873 , 111539 , 51375 , 13877 , 13878 , 117001 , 79416 , 79417 , 110309 , 79420 , 149770 , 137107 , 79424 , 155250 , 140127 , 149771 , 78774 , 122465 , 144968 , 144969 , 137945 , 78775 , 46668 , 79438 , 67853 , 13904 , 78776 , 13907 , 13908 , 142519 , 111545 , 13912 , 46681 , 112219 , 46684 , 46686 , 46687 , 13922 , 13927 , 13928 , 112233 , 79466 , 13932 , 46701 , 13934 , 13935 , 46705 , 46706 , 100627 , 78782 , 79478 , 79479 , 145016 , 145017 , 46714 , 111551 , 137566 , 51477 , 13952 , 97575 , 112258 , 112260 , 67862 , 137947 , 127937 , 112264 , 71234 , 67863 , 153223 , 46734 , 46735 , 46736 , 133400 , 13970 , 127939 , 41928 , 108487 , 46743 , 111550 , 80836 , 67866 , 112286 , 13983 , 46753 , 13986 , 35099 , 78790 , 149788 , 46762 , 13996 , 13997 , 13998 , 133405 , 46769 , 112306 , 14003 , 14004 , 14005 , 14006 , 46775 , 46776 , 14009 , 112314 , 112315 , 14012 , 14013 , 14014 , 112319 , 112320 , 112321 , 112323 , 112324 , 112325 , 153225 , 79561 , 112331 , 112332 , 46799 , 14034 , 146522 , 131307 , 14039 , 84260 , 112347 , 145116 , 55024 , 46814 , 46815 , 14049 , 120492 , 111763 , 84262 , 153226 , 144337 , 14056 , 122492 , 152135 , 14059 , 95186 , 79598 , 14063 , 46832 , 51496 , 46834 , 46835 , 46836 , 46837 , 46838 , 46839 , 14072 , 14073 , 143220 , 145148 , 14078 , 14079 , 14081 , 14082 , 14084 , 14085 , 14094 , 84269 , 119966 , 155267 , 84270 , 145174 , 14103 , 145176 , 14105 , 14106 , 84271 , 79644 , 14109 , 14110 , 14111 , 14112 , 14113 , 14114 , 14115 , 60482 , 14119 , 46888 , 95196 , 14122 , 79659 , 83396 , 14125 , 14126 , 14127 , 145200 , 145201 , 79666 , 14131 , 14132 , 14133 , 79670 , 14137 , 14138 , 14139 , 46910 , 128133 , 112449 , 112450 , 14148 , 46917 , 46918 , 14154 , 112459 , 112460 , 14157 , 14158 , 14159 , 14162 , 79700 , 79701 , 79702 , 79703 , 14168 , 14170 , 14171 , 102878 , 100914 , 133435 , 79717 , 79718 , 145257 , 78823 , 112492 , 79725 , 114444 , 14191 , 122679 , 98438 , 46970 , 100671 , 145276 , 112510 , 14207 , 46976 , 93219 , 145282 , 46979 , 46980 , 112517 , 145286 , 79752 , 14217 , 14218 , 112523 , 14220 , 14221 , 14222 , 14223 , 14224 , 14225 , 145298 , 14227 , 145300 , 46997 , 14230 , 14231 , 14232 , 14233 , 14234 , 14235 , 14236 , 14240 , 14245 , 46065 , 14251 , 14252 , 14253 , 14256 , 14257 , 79794 , 78835 , 79796 , 112565 , 145335 , 14264 , 145337 , 14266 , 14267 , 14268 , 14269 , 14270 , 78837 , 89760 , 35147 , 79813 , 79814 , 79815 , 79816 , 14282 , 112590 , 112594 , 47059 , 112596 , 112597 , 112598 , 112599 , 79833 , 14298 , 47067 , 14301 , 112606 , 73381 , 14304 , 84304 , 14306 , 14307 , 145380 , 145381 , 145382 , 47079 , 145386 , 14316 , 14317 , 47087 , 70309 , 14332 , 145405 , 74674 , 137795 , 14338 , 89771 , 112644 , 112645 , 47110 , 47114 , 46082 , 112654 , 112655 , 47123 , 79892 , 47126 , 125958 , 47131 , 47132 , 74675 , 107409 , 115678 , 14370 , 14371 , 14372 , 145445 , 14377 , 112684 , 47149 , 119028 , 145455 , 79923 , 47156 , 47157 , 112694 , 112695 , 47161 , 112701 , 148873 , 79937 , 14402 , 79940 , 79941 , 79942 , 79943 , 79944 , 14409 , 14410 , 14411 , 14414 , 47183 , 47184 , 155875 , 14421 , 14422 , 155321 , 42180 , 141236 , 145502 , 89953 , 112736 , 112737 , 139105 , 145508 , 35174 , 79974 , 122556 , 122520 , 131209 , 145516 , 142592 , 112750 , 47216 , 51560 , 145522 , 14452 , 112757 , 112758 , 14455 , 145528 , 111636 , 107412 , 145531 , 47228 , 47229 , 38671 , 112774 , 155329 , 14476 , 135782 , 100717 , 14481 , 67950 , 80022 , 46105 , 80024 , 80025 , 80026 , 47259 , 14492 , 14493 , 14494 , 80033 , 80034 , 78875 , 14500 , 14501 , 47270 , 14504 , 14505 , 80042 , 80043 , 127054 , 78877 , 14513 , 80050 , 14515 , 112820 , 145589 , 14519 , 112824 , 14521 , 14522 , 14523 , 14524 , 14525 , 14527 , 47296 , 47297 , 47298 , 14531 , 14532 , 117110 , 47302 , 47303 , 14536 , 14537 , 14538 , 14539 , 14540 , 62498 , 14543 , 145616 , 47313 , 14546 , 62499 , 155342 , 117113 , 112857 , 67962 , 118166 , 137967 , 14561 , 100731 , 144514 , 84348 , 80106 , 80107 , 80108 , 80109 , 80110 , 14575 , 14576 , 14577 , 80114 , 80115 , 78876 , 117118 , 14583 , 80064 , 14587 , 112892 , 95274 , 112894 , 14591 , 47360 , 14593 , 14596 , 112901 , 84353 , 109599 , 47372 , 84354 , 47375 , 112913 , 112914 , 47379 , 47380 , 155353 , 112921 , 47386 , 47387 , 47388 , 14621 , 47390 , 47391 , 80160 , 80161 , 80162 , 40667 , 47396 , 47397 , 47398 , 14631 , 47400 , 47401 , 14636 , 14637 , 47406 , 47407 , 47408 , 14641 , 47410 , 47411 , 112948 , 14645 , 14647 , 145720 , 120512 , 14653 , 47422 , 14655 , 14656 , 14657 , 14658 , 14659 , 14660 , 14661 , 14662 , 14663 , 14664 , 14665 , 14666 , 14667 , 14668 , 14669 , 14670 , 14671 , 97599 , 88870 , 80213 , 112982 , 62521 , 101572 , 47451 , 80220 , 62522 , 14686 , 14688 , 146171 , 14691 , 14692 , 14703 , 47472 , 46317 , 145781 , 47479 , 136881 , 14716 , 14717 , 14718 , 14719 , 100874 , 92145 , 14724 , 35222 , 109174 , 39771 , 35223 , 35224 , 14738 , 14739 , 113045 , 155439 , 35225 , 14744 , 14745 , 80282 , 14747 , 148592 , 47517 , 138992 , 142338 , 14755 , 14756 , 140156 , 47530 , 47531 , 113069 , 113070 , 136925 , 80305 , 80306 , 80308 , 14773 , 14774 , 80313 , 80314 , 47549 , 113086 , 113087 , 14787 , 14788 , 14789 , 80326 , 68001 , 47561 , 14794 , 138999 , 14796 , 14798 , 14799 , 113104 , 14805 , 14806 , 47577 , 14810 , 145886 , 145887 , 14816 , 80353 , 145890 , 145891 , 47589 , 145894 , 146309 , 102847 , 80363 , 113134 , 57085 , 95471 , 47602 , 144467 , 47604 , 145209 , 100777 , 80376 , 47609 , 81934 , 47612 , 14845 , 14846 , 47615 , 14848 , 89856 , 140338 , 149931 , 47625 , 47627 , 113165 , 47631 , 47633 , 47634 , 14867 , 14868 , 14869 , 14870 , 14871 , 145946 , 145948 , 14877 , 14878 , 145951 , 14882 , 14883 , 14884 , 139014 , 145959 , 14890 , 14891 , 80428 , 14893 , 113198 , 144525 , 76875 , 68146 , 86229 , 122633 , 47672 , 47673 , 122634 , 47679 , 47680 , 145985 , 113218 , 122635 , 105245 , 68022 , 113222 , 113223 , 47690 , 14923 , 47692 , 47693 , 47694 , 14927 , 47696 , 47697 , 47698 , 47699 , 47700 , 47701 , 14934 , 113239 , 82332 , 122639 , 146013 , 106337 , 14946 , 80483 , 80484 , 14949 , 14950 , 14951 , 14952 , 14953 , 14958 , 47727 , 47728 , 80497 , 80498 , 146035 , 47732 , 80501 , 141254 , 117183 , 72513 , 139029 , 80513 , 137981 , 139030 , 14982 , 14983 , 14984 , 14985 , 14986 , 14987 , 14988 , 139032 , 35267 , 144494 , 141255 , 155417 , 144495 , 106266 , 51653 , 15008 , 80545 , 47778 , 15011 , 80549 , 80550 , 62577 , 80552 , 80553 , 80554 , 80555 , 146092 , 46194 , 15022 , 146095 , 113328 , 84424 , 47794 , 47795 , 113335 , 113336 , 113337 , 146106 , 146107 , 146108 , 95349 , 47809 , 15042 , 15044 , 15045 , 15046 , 95351 , 15052 , 139042 , 114668 , 47826 , 82336 , 51662 , 15062 , 15063 , 15064 , 80601 , 15067 , 15068 , 80605 , 80606 , 113377 , 80610 , 80611 , 80612 , 57126 , 15078 , 80615 , 80616 , 80617 , 57127 , 57128 , 115071 , 80628 , 80629 , 80630 , 106281 , 80633 , 15098 , 80635 , 80636 , 80637 , 15105 , 15106 , 15107 , 15108 , 133006 , 78977 , 47881 , 80650 , 113419 , 113420 , 78978 , 73517 , 115072 , 78979 , 146196 , 47893 , 47894 , 47895 , 47896 , 47897 , 113434 , 154856 , 146204 , 80669 , 80670 , 78981 , 146208 , 155440 , 15138 , 15139 , 15140 , 15141 , 113446 , 113448 , 146218 , 144519 , 116164 , 15149 , 15150 , 15151 , 78984 , 15155 , 15156 , 15157 , 47926 , 78985 , 80696 , 89908 , 47930 , 47932 , 144522 , 138237 , 144523 , 122678 , 47942 , 47943 , 144524 , 73527 , 80716 , 51682 , 80718 , 80719 , 80720 , 80721 , 80722 , 51683 , 80724 , 80725 , 47959 , 15192 , 100836 , 144527 , 15196 , 113501 , 47966 , 15199 , 47970 , 47971 , 47972 , 47973 , 47974 , 47975 , 47979 , 144530 , 47425 , 146287 , 146288 , 133608 , 87797 , 15220 , 15221 , 47990 , 47991 , 47992 , 46228 , 94344 , 135242 , 143653 , 15230 , 15231 , 15232 , 15233 , 129072 , 146307 , 113541 , 15238 , 122689 , 80776 , 113545 , 133873 , 113550 , 113551 , 146320 , 113554 , 15251 , 15254 , 48023 , 94345 , 48027 , 48028 , 111770 , 152204 , 15265 , 15266 , 15267 , 15268 , 15269 , 15270 , 15271 , 15272 , 15273 , 15275 , 15278 , 113583 , 15281 , 113586 , 15283 , 15284 , 15285 , 15286 , 15287 , 15288 , 15289 , 15290 , 15291 , 15292 , 15293 , 146366 , 146367 , 102133 , 146369 , 15298 , 15299 , 48068 , 15301 , 106349 , 133437 , 80845 , 15310 , 15312 , 80849 , 113620 , 15317 , 113622 , 113624 , 144548 , 104516 , 106350 , 113641 , 15338 , 15339 , 113644 , 139090 , 15344 , 80881 , 80884 , 80885 , 48118 , 48119 , 118598 , 139092 , 153083 , 48125 , 48127 , 15361 , 15362 , 15363 , 80900 , 132529 , 155406 , 86711 , 15375 , 48144 , 113682 , 113683 , 113684 , 113685 , 48151 , 146456 , 100868 , 154290 , 15387 , 15388 , 113693 , 48158 , 100869 , 15394 , 15395 , 80932 , 15397 , 15398 , 15399 , 108560 , 15402 , 15403 , 95410 , 48176 , 48177 , 152922 , 95411 , 15412 , 133641 , 113720 , 77849 , 80954 , 15421 , 140178 , 113729 , 84491 , 146500 , 113733 , 113734 , 40801 , 94351 , 40802 , 48209 , 48210 , 48211 , 48212 , 15445 , 113750 , 113751 , 113752 , 73572 , 113754 , 15451 , 15455 , 80992 , 80993 , 80995 , 48228 , 15462 , 68113 , 79036 , 122727 , 46269 , 142362 , 33249 , 48246 , 73577 , 146552 , 146553 , 105304 , 146555 , 146556 , 15485 , 15488 , 15489 , 81026 , 81027 , 15495 , 15496 , 48271 , 15504 , 15505 , 15506 , 146579 , 73582 , 48278 , 81047 , 81048 , 79044 , 81050 , 73583 , 48284 , 48285 , 48286 , 48287 , 48288 , 15521 , 15522 , 48292 , 79046 , 100892 , 143455 , 109630 , 146604 , 15533 , 48302 , 113840 , 15537 , 113842 , 150046 , 146614 , 95433 , 146616 , 15545 , 149548 , 146620 , 15549 , 15553 , 15555 , 113861 , 15559 , 81096 , 81097 , 133666 , 15567 , 15568 , 15569 , 81107 , 113878 , 89977 , 15576 , 15577 , 15578 , 113886 , 15583 , 15584 , 15585 , 155515 , 79057 , 146664 , 155516 , 15594 , 15595 , 146668 , 113901 , 113902 , 48367 , 15601 , 113907 , 15604 , 85866 , 113910 , 68137 , 62676 , 149095 , 68138 , 15614 , 62677 , 48384 , 48385 , 146692 , 62678 , 109633 , 113927 , 113928 , 48393 , 15628 , 73602 , 15631 , 15632 , 48402 , 81171 , 150062 , 48406 , 81175 , 15640 , 15641 , 48410 , 84527 , 128218 , 109871 , 81187 , 81188 , 117854 , 146727 , 122401 , 106375 , 62198 , 113966 , 48431 , 100051 , 106376 , 81203 , 113973 , 113974 , 15671 , 48441 , 15674 , 146747 , 94359 , 48448 , 48449 , 48450 , 48451 , 48452 , 48453 , 48454 , 48455 , 15688 , 48457 , 48458 , 15691 , 15692 , 46306 , 113998 , 15695 , 15696 , 15698 , 48467 , 48468 , 48470 , 48471 , 81240 , 146777 , 15706 , 139151 , 15708 , 81247 , 75811 , 15714 , 15715 , 106385 , 114026 , 81259 , 81260 , 15725 , 90886 , 110308 , 15736 , 15737 , 114042 , 146811 , 48508 , 15741 , 114046 , 146815 , 146816 , 81281 , 81282 , 81283 , 48516 , 106390 , 15750 , 15751 , 111852 , 114062 , 15759 , 15760 , 15761 , 15762 , 81299 , 81300 , 48533 , 81302 , 114071 , 81307 , 15772 , 48541 , 48544 , 81313 , 48546 , 81315 , 81316 , 81317 , 81318 , 114087 , 114088 , 114089 , 48554 , 15787 , 48556 , 48557 , 48558 , 48560 , 150088 , 15795 , 114115 , 137546 , 81349 , 81350 , 81351 , 81352 , 84556 , 48586 , 48587 , 48588 , 81357 , 48590 , 48591 , 48592 , 81361 , 48594 , 35443 , 76906 , 15830 , 81368 , 146906 , 15836 , 124916 , 122789 , 132265 , 103762 , 114147 , 48613 , 15846 , 148370 , 111868 , 81386 , 48619 , 15852 , 15853 , 48622 , 15855 , 114160 , 114161 , 114162 , 35411 , 114164 , 114165 , 61863 , 114167 , 114168 , 114169 , 15867 , 15868 , 114173 , 114174 , 114175 , 15872 , 15873 , 15874 , 15875 , 81412 , 81413 , 114183 , 125059 , 68183 , 139181 , 81424 , 76908 , 48659 , 114201 , 114203 , 114204 , 48669 , 100955 , 114212 , 114213 , 15910 , 15913 , 15914 , 114222 , 114223 , 114226 , 81459 , 81460 , 15925 , 15926 , 15927 , 15930 , 133727 , 48700 , 87614 , 48702 , 130161 , 114240 , 15938 , 118517 , 15941 , 114246 , 114247 , 81480 , 71029 , 60336 , 40887 , 145715 , 147022 , 118373 , 81490 , 48723 , 48724 , 128610 , 116191 , 153518 , 95503 , 48733 , 48734 , 15967 , 95504 , 147042 , 114278 , 48743 , 35448 , 81515 , 81516 , 95506 , 81518 , 81519 , 81520 , 100968 , 81523 , 147060 , 117353 , 135842 , 114298 , 48763 , 48764 , 15997 , 114303 , 114304 , 16001 , 114306 , 48771 , 136924 , 155585 , 84588 , 48779 , 48780 , 114317 , 114318 , 114319 , 133651 , 16018 , 114324 , 48789 , 48790 , 114327 , 16024 , 81561 , 114330 , 68207 , 16029 , 70366 , 16033 , 16034 , 16035 , 139206 , 68209 , 81577 , 81578 , 68210 , 99827 , 16051 , 16052 , 16054 , 16055 , 16058 , 96554 , 114365 , 48830 , 35445 , 114368 , 109483 , 90059 , 48837 , 16070 , 16071 , 16072 , 16073 , 16074 , 100983 , 147148 , 81613 , 48846 , 81615 , 16080 , 16081 , 81619 , 114389 , 114390 , 48855 , 48858 , 106447 , 16094 , 16095 , 114402 , 114403 , 155601 , 16107 , 114412 , 106450 , 100989 , 147184 , 81652 , 100990 , 81656 , 16122 , 147196 , 147197 , 16126 , 106453 , 114432 , 16129 , 48898 , 114435 , 114436 , 90070 , 148500 , 114441 , 16138 , 106455 , 81676 , 81677 , 81678 , 48911 , 48912 , 147840 , 81685 , 106457 , 16152 , 48921 , 48922 , 16155 , 48924 , 48925 , 16158 , 16159 , 147232 , 147233 , 147234 , 155611 , 83464 , 48935 , 114472 , 48937 , 146363 , 68231 , 16173 , 16174 , 122845 , 16176 , 114481 , 16178 , 48947 , 48948 , 48949 , 48950 , 48951 , 48952 , 114489 , 114490 , 16188 , 68234 , 16194 , 48963 , 16198 , 122849 , 16201 , 122850 , 16207 , 16208 , 16209 , 16210 , 16211 , 16212 , 136931 , 147288 , 122852 , 16219 , 136280 , 122853 , 114528 , 114530 , 128315 , 122854 , 84625 , 113027 , 46396 , 49004 , 51858 , 16241 , 49010 , 120565 , 88420 , 136932 , 16246 , 147319 , 16248 , 117396 , 147323 , 105040 , 122858 , 49022 , 134194 , 128320 , 49026 , 49027 , 16260 , 49029 , 49030 , 49031 , 106381 , 51863 , 105290 , 146753 , 120566 , 147346 , 111939 , 16277 , 114582 , 16279 , 16280 , 79172 , 49050 , 16283 , 49052 , 16285 , 79173 , 16289 , 16290 , 16293 , 16294 , 16295 , 16296 , 49065 , 49066 , 16299 , 49068 , 16301 , 129296 , 16303 , 61646 , 135539 , 104638 , 49077 , 81846 , 128329 , 147384 , 90100 , 114618 , 49084 , 49085 , 122869 , 16320 , 16322 , 128331 , 16324 , 128332 , 49098 , 58811 , 81868 , 81869 , 129734 , 49106 , 16340 , 93290 , 40953 , 117295 , 79183 , 16348 , 16349 , 16350 , 16351 , 16352 , 16353 , 16354 , 133798 , 16358 , 16359 , 40956 , 35495 , 49132 , 16365 , 49134 , 49135 , 49136 , 81905 , 16370 , 76051 , 136281 , 50737 , 16374 , 101033 , 16378 , 16379 , 49148 , 49149 , 49150 , 16385 , 16386 , 16387 , 16388 , 16389 , 150223 , 101036 , 81931 , 114700 , 49165 , 49166 , 16400 , 81942 , 114711 , 49176 , 16410 , 16411 , 110749 , 147486 , 81951 , 81952 , 81953 , 114724 , 114725 , 101041 , 16424 , 16425 , 128209 , 106503 , 147500 , 147501 , 49198 , 16432 , 49203 , 108569 , 16438 , 16441 , 16442 , 16443 , 16444 , 16445 , 16446 , 16447 , 16448 , 16449 , 16450 , 68278 , 81991 , 81993 , 81995 , 16460 , 81997 , 81998 , 16463 , 82000 , 143273 , 16468 , 90126 , 49238 , 16471 , 16472 , 114777 , 72563 , 155489 , 90129 , 114792 , 49257 , 114794 , 104421 , 114798 , 117300 , 16497 , 107258 , 66450 , 51903 , 49276 , 155490 , 16511 , 51904 , 49282 , 82051 , 16516 , 82053 , 51905 , 76052 , 35522 , 51907 , 16534 , 51908 , 49307 , 16542 , 49311 , 49312 , 16545 , 16546 , 16547 , 49318 , 49319 , 16553 , 107913 , 67110 , 16556 , 16559 , 82096 , 68296 , 82100 , 16565 , 126854 , 82103 , 16568 , 16569 , 16570 , 16571 , 16572 , 147645 , 105988 , 82113 , 82114 , 35531 , 82116 , 118394 , 49352 , 49353 , 79223 , 82125 , 147664 , 79224 , 82131 , 16596 , 79225 , 49368 , 82137 , 49370 , 49371 , 49372 , 114910 , 107563 , 147681 , 82147 , 16614 , 16615 , 16616 , 16617 , 16618 , 16619 , 16620 , 16621 , 16622 , 16623 , 147696 , 131489 , 150227 , 114932 , 114940 , 136501 , 16640 , 114945 , 114946 , 89955 , 16644 , 147717 , 155692 , 117463 , 49420 , 49421 , 16654 , 16655 , 16656 , 49425 , 49426 , 49427 , 49428 , 49429 , 49430 , 49431 , 16664 , 49433 , 49434 , 49435 , 49436 , 150234 , 49439 , 49441 , 49442 , 49443 , 49444 , 135845 , 16681 , 49450 , 147758 , 16687 , 16688 , 16689 , 16690 , 16691 , 16692 , 16693 , 16694 , 16695 , 16696 , 16697 , 16698 , 16699 , 16700 , 16701 , 16702 , 134765 , 49473 , 16706 , 133674 , 16708 , 16709 , 16710 , 127396 , 16712 , 16713 , 16714 , 16715 , 16716 , 88938 , 16720 , 49489 , 49490 , 70389 , 100906 , 49493 , 82267 , 134766 , 16735 , 16736 , 16737 , 115045 , 16743 , 16746 , 16747 , 49516 , 49517 , 16750 , 16751 , 16752 , 49522 , 49523 , 68208 , 16762 , 16763 , 115068 , 115069 , 83484 , 72560 , 99851 , 16773 , 115078 , 115079 , 128407 , 16780 , 16782 , 117485 , 120583 , 111854 , 73795 , 106387 , 82325 , 82326 , 82327 , 82328 , 49561 , 16794 , 49563 , 49564 , 49565 , 82334 , 49567 , 49568 , 49569 , 137375 , 49572 , 49573 , 49574 , 16807 , 16808 , 49577 , 16810 , 139647 , 82349 , 82350 , 82351 , 49584 , 82353 , 82354 , 16819 , 82356 , 82357 , 147896 , 115130 , 82364 , 16833 , 16834 , 82371 , 82374 , 96580 , 143212 , 151007 , 122536 , 82387 , 49621 , 115158 , 16855 , 82392 , 115161 , 49627 , 16861 , 49632 , 49639 , 120377 , 143631 , 102037 , 16881 , 143500 , 79273 , 82424 , 82425 , 16890 , 135848 , 128426 , 122769 , 49666 , 123101 , 149157 , 16905 , 82444 , 127134 , 82448 , 49682 , 49683 , 150048 , 115224 , 49692 , 16925 , 114041 , 16932 , 16933 , 115238 , 115240 , 115241 , 115242 , 82475 , 16940 , 148013 , 115247 , 115248 , 115249 , 115250 , 148019 , 16948 , 150049 , 82486 , 82487 , 82488 , 82489 , 82490 , 82491 , 16956 , 16957 , 49726 , 49727 , 49728 , 104222 , 16963 , 16965 , 115270 , 16967 , 49736 , 16974 , 16975 , 16976 , 16977 , 115282 , 82820 , 16981 , 49751 , 49752 , 16986 , 82523 , 49756 , 16990 , 104223 , 49761 , 49762 , 49763 , 123083 , 82533 , 115303 , 17000 , 82538 , 82539 , 100950 , 82542 , 17007 , 17008 , 148081 , 17015 , 49785 , 49786 , 49787 , 17021 , 17022 , 17023 , 17024 , 112064 , 146597 , 101142 , 17030 , 17031 , 133911 , 17037 , 17040 , 133912 , 17043 , 17044 , 82581 , 49814 , 114045 , 17048 , 17049 , 82586 , 73839 , 82588 , 82589 , 112069 , 49825 , 17058 , 17059 , 76947 , 127139 , 148134 , 73841 , 148136 , 79303 , 49836 , 49837 , 96787 , 17073 , 106611 , 82612 , 115382 , 148432 , 106612 , 148154 , 49853 , 17086 , 17087 , 49857 , 49858 , 17091 , 17092 , 17093 , 17094 , 17095 , 17096 , 17097 , 17098 , 49870 , 17103 , 49873 , 49874 , 49875 , 49876 , 49877 , 49878 , 150308 , 41082 , 115422 , 17121 , 82659 , 17126 , 17128 , 41084 , 149921 , 82671 , 17137 , 17138 , 49908 , 49909 , 154420 , 145691 , 79766 , 148222 , 17156 , 83497 , 17158 , 17159 , 115466 , 115467 , 115468 , 17166 , 49938 , 148245 , 145692 , 148247 , 148248 , 148249 , 17178 , 17179 , 49948 , 148255 , 42035 , 148258 , 148259 , 148260 , 49957 , 49958 , 148263 , 148264 , 148268 , 81568 , 49969 , 104230 , 49972 , 17205 , 49974 , 49975 , 17208 , 115514 , 34398 , 17214 , 17215 , 49984 , 82755 , 82756 , 115527 , 155788 , 155054 , 82764 , 49997 , 104231 , 17235 , 17236 , 17237 , 135724 , 17239 , 17241 , 106639 , 102462 , 148317 , 17246 , 17248 , 130613 , 99026 , 17255 , 17256 , 82793 , 17259 , 17260 , 17261 , 112961 , 17263 , 17265 , 142179 , 90259 , 17268 , 17269 , 17270 , 17272 , 127558 , 17277 , 148350 , 17279 , 17280 , 115585 , 115586 , 17283 , 17284 , 17285 , 17286 , 17287 , 17288 , 17289 , 112962 , 117570 , 148366 , 148367 , 148368 , 148369 , 17298 , 17300 , 17302 , 68420 , 141702 , 66044 , 17310 , 93297 , 115616 , 117355 , 57499 , 147879 , 17318 , 17322 , 95505 , 95730 , 109528 , 115629 , 128499 , 17332 , 115637 , 115638 , 17335 , 17336 , 95732 , 17340 , 50110 , 17344 , 116161 , 82882 , 17347 , 90273 , 138060 , 129331 , 115658 , 62967 , 90274 , 135878 , 128504 , 90275 , 17365 , 148438 , 128505 , 148440 , 50138 , 148443 , 148444 , 128506 , 50142 , 50143 , 17376 , 17377 , 82914 , 82915 , 17380 , 148453 , 148454 , 82919 , 82920 , 90279 , 82924 , 84818 , 127777 , 155928 , 115698 , 68435 , 17398 , 17399 , 84820 , 17402 , 122786 , 82944 , 17409 , 37678 , 112966 , 129333 , 120604 , 50183 , 50187 , 108137 , 143222 , 17424 , 144899 , 50196 , 50197 , 115734 , 17432 , 17433 , 123055 , 122787 , 139154 , 118519 , 151077 , 115746 , 17443 , 82980 , 144902 , 17453 , 17454 , 17455 , 17456 , 155492 , 17465 , 17466 , 83003 , 139155 , 79370 , 17471 , 17472 , 17473 , 50242 , 112139 , 17477 , 50246 , 17480 , 17481 , 50250 , 17483 , 17484 , 17485 , 17486 , 50255 , 68451 , 148565 , 115798 , 83031 , 68452 , 139156 , 148571 , 148572 , 50269 , 117605 , 115808 , 17506 , 148581 , 148582 , 148583 , 148585 , 148586 , 68455 , 50284 , 83509 , 138814 , 115826 , 115829 , 115830 , 115837 , 115838 , 145704 , 115840 , 125814 , 17541 , 50311 , 115848 , 115849 , 90306 , 50318 , 50319 , 50320 , 83090 , 123075 , 115860 , 115861 , 152955 , 101231 , 113909 , 112066 , 17567 , 69326 , 17569 , 17570 , 128539 , 17573 , 68465 , 155847 , 17580 , 17581 , 48595 , 46621 , 99780 , 115889 , 17587 , 17588 , 50357 , 50358 , 50359 , 50360 , 50361 , 50362 , 50363 , 50364 , 17597 , 115902 , 68469 , 17602 , 41163 , 50373 , 17606 , 17607 , 17609 , 35703 , 132613 , 128546 , 64963 , 68472 , 83154 , 128547 , 41166 , 68473 , 50392 , 120611 , 17627 , 17628 , 17629 , 17630 , 17631 , 115936 , 50402 , 35707 , 141782 , 50405 , 83174 , 57553 , 17640 , 98647 , 115947 , 83180 , 50413 , 148718 , 148719 , 50416 , 50417 , 41171 , 83189 , 83190 , 145708 , 137854 , 143526 , 17667 , 17668 , 17669 , 17670 , 17672 , 17673 , 17674 , 17675 , 17676 , 148749 , 148750 , 145377 , 96608 , 17682 , 124145 , 17687 , 17688 , 17689 , 17690 , 17691 , 17692 , 90330 , 17696 , 17697 , 106715 , 17700 , 50469 , 132616 , 50472 , 123100 , 148778 , 148779 , 116015 , 116016 , 116017 , 116018 , 116019 , 116020 , 79413 , 139488 , 17730 , 68491 , 46646 , 83270 , 83271 , 98319 , 17738 , 17741 , 17742 , 17743 , 139491 , 148067 , 17752 , 139492 , 152730 , 83292 , 17757 , 17758 , 74788 , 116064 , 84880 , 116066 , 17763 , 115160 , 123110 , 84881 , 153266 , 17770 , 148844 , 128573 , 83312 , 83313 , 83314 , 52115 , 83316 , 41193 , 50552 , 50553 , 50554 , 17787 , 17788 , 155882 , 148862 , 50559 , 148864 , 17793 , 155883 , 83332 , 83334 , 83335 , 116105 , 138075 , 116107 , 116108 , 17805 , 94430 , 134040 , 95811 , 17813 , 116119 , 150293 , 17817 , 83356 , 83357 , 50592 , 17826 , 83363 , 83364 , 126616 , 17831 , 17832 , 17833 , 116139 , 17838 , 17839 , 50609 , 147202 , 17844 , 17845 , 117345 , 116152 , 50617 , 50618 , 50619 , 50620 , 144970 , 148926 , 116159 , 105303 , 17858 , 144971 , 17860 , 17861 , 17863 , 17864 , 17865 , 17867 , 17868 , 17869 , 83409 , 116178 , 17875 , 101284 , 83422 , 83423 , 46672 , 134054 , 17895 , 83432 , 83433 , 50669 , 90365 , 17905 , 17906 , 128595 , 41214 , 50678 , 83447 , 83448 , 83449 , 83450 , 140261 , 50685 , 50686 , 50687 , 106752 , 17922 , 17923 , 17924 , 145717 , 50694 , 17927 , 17928 , 116236 , 106754 , 100981 , 116240 , 46680 , 133715 , 50707 , 17941 , 17942 , 123140 , 17946 , 52143 , 17948 , 139171 , 17950 , 17951 , 129351 , 83491 , 17957 , 17958 , 79452 , 17963 , 17964 , 17965 , 17968 , 17969 , 17970 , 17971 , 17972 , 17973 , 50742 , 50743 , 17977 , 149050 , 149051 , 17980 , 146810 , 50750 , 17983 , 129352 , 50753 , 106891 , 17987 , 17988 , 17989 , 85707 , 128609 , 123148 , 50791 , 50764 , 112226 , 17999 , 35768 , 83538 , 128611 , 57614 , 83542 , 83543 , 83544 , 83545 , 103340 , 50783 , 50784 , 128262 , 84923 , 50788 , 18021 , 18022 , 18023 , 50792 , 100984 , 18027 , 83564 , 99893 , 50798 , 83567 , 46696 , 109014 , 98321 , 95849 , 116345 , 18045 , 50815 , 50816 , 129309 , 50826 , 99894 , 18061 , 149134 , 18063 , 18064 , 18065 , 116371 , 95683 , 46702 , 18071 , 18072 , 130175 , 18075 , 18076 , 18077 , 18078 , 18080 , 50849 , 152269 , 149155 , 149156 , 18085 , 149158 , 139784 , 50861 , 50862 , 82391 , 144585 , 68552 , 18098 , 18099 , 80156 , 50870 , 120627 , 18110 , 79477 , 152270 , 18114 , 18115 , 116423 , 116424 , 50889 , 83660 , 50893 , 50897 , 50898 , 50899 , 84942 , 142403 , 120628 , 111899 , 18138 , 18139 , 18140 , 145018 , 18142 , 18143 , 149217 , 18147 , 18149 , 116455 , 123902 , 18154 , 100320 , 18157 , 139178 , 18160 , 18161 , 18162 , 116468 , 18165 , 78075 , 50936 , 18170 , 18171 , 116476 , 116478 , 18175 , 121032 , 79488 , 18178 , 18179 , 112257 , 84951 , 18188 , 83725 , 149264 , 149271 , 18200 , 50970 , 18203 , 116508 , 116509 , 50974 , 116511 , 116512 , 91170 , 50981 , 123904 , 149331 , 122813 , 18218 , 18219 , 18221 , 83758 , 83759 , 83760 , 18225 , 83762 , 50995 , 50997 , 149302 , 126638 , 83769 , 83770 , 51003 , 51004 , 51005 , 51006 , 106805 , 95049 , 18245 , 83782 , 145962 , 149321 , 149322 , 106807 , 133403 , 134114 , 120632 , 116560 , 106808 , 35811 , 18260 , 149334 , 149335 , 149336 , 68580 , 149338 , 83803 , 51036 , 138815 , 83809 , 149347 , 149348 , 72623 , 145041 , 149354 , 149355 , 18284 , 145042 , 18287 , 18288 , 144638 , 83829 , 18294 , 134818 , 83832 , 117360 , 116603 , 18301 , 149377 , 83842 , 18308 , 18309 , 18313 , 18316 , 18317 , 18318 , 116624 , 90435 , 134126 , 123583 , 18327 , 18328 , 149404 , 98812 , 18334 , 51104 , 18337 , 18338 , 18339 , 96630 , 18342 , 106823 , 116652 , 111853 , 143549 , 116658 , 101363 , 117362 , 33345 , 117748 , 83903 , 83904 , 67990 , 83906 , 83907 , 117750 , 79521 , 83915 , 51150 , 123213 , 149456 , 134136 , 18386 , 117363 , 83927 , 140403 , 64989 , 134138 , 79525 , 18400 , 123216 , 134139 , 153371 , 60625 , 83947 , 83948 , 51181 , 51182 , 51183 , 18419 , 150526 , 83959 , 83960 , 116730 , 83964 , 18430 , 116737 , 51207 , 149512 , 149513 , 149514 , 106839 , 113163 , 83985 , 51219 , 149524 , 46766 , 116758 , 116759 , 106454 , 116762 , 96578 , 138621 , 84000 , 116769 , 18468 , 68614 , 156055 , 18471 , 18472 , 18473 , 18474 , 18475 , 18476 , 84013 , 18478 , 139613 , 127928 , 84020 , 97726 , 98531 , 46772 , 18491 , 51260 , 68618 , 145736 , 138106 , 46774 , 149574 , 151192 , 128695 , 18509 , 18510 , 155499 , 84049 , 98818 , 93250 , 51285 , 128697 , 18521 , 106835 , 128698 , 84062 , 116831 , 149602 , 149603 , 116836 , 131483 , 101001 , 51305 , 57703 , 84076 , 79549 , 149618 , 51316 , 139191 , 18550 , 142624 , 18552 , 18553 , 18554 , 108581 , 123242 , 51326 , 18559 , 123496 , 116867 , 116868 , 84103 , 149640 , 66086 , 18574 , 18575 , 18576 , 18577 , 122825 , 105367 , 51350 , 35865 , 116888 , 18587 , 103185 , 138478 , 51358 , 51359 , 84128 , 51361 , 18595 , 18596 , 51365 , 116902 , 116904 , 101404 , 18602 , 18604 , 18605 , 18606 , 18607 , 18608 , 51377 , 18610 , 18611 , 115640 , 117790 , 112329 , 18616 , 84153 , 38694 , 51388 , 149693 , 149694 , 18623 , 18624 , 116932 , 51397 , 51398 , 149703 , 149704 , 91560 , 51402 , 51403 , 51404 , 51405 , 116942 , 116943 , 105369 , 57720 , 18642 , 84179 , 116948 , 84181 , 51414 , 51415 , 149720 , 149721 , 51419 , 116956 , 116957 , 18655 , 84192 , 18657 , 18658 , 18662 , 18663 , 98823 , 74108 , 51434 , 134183 , 122828 , 114099 , 18672 , 18673 , 18674 , 18675 , 84212 , 51445 , 51447 , 51448 , 135922 , 116986 , 18683 , 18684 , 51453 , 143422 , 107709 , 51456 , 123264 , 68651 , 63190 , 123265 , 117000 , 68652 , 117002 , 117003 , 18700 , 146834 , 68653 , 149776 , 18705 , 51474 , 117011 , 117012 , 18709 , 51906 , 111419 , 134191 , 51484 , 137818 , 133741 , 132618 , 18722 , 18723 , 18724 , 18725 , 18726 , 18727 , 18728 , 84268 , 18733 , 18734 , 18735 , 117043 , 149812 , 84277 , 84278 , 57737 , 134196 , 52277 , 117058 , 51523 , 56272 , 84293 , 84294 , 84295 , 84296 , 84298 , 84299 , 79186 , 18766 , 78095 , 93294 , 106894 , 155488 , 84311 , 122056 , 84313 , 117376 , 18779 , 18780 , 109399 , 84318 , 84319 , 106896 , 51554 , 51556 , 95974 , 18790 , 18791 , 18792 , 52284 , 79187 , 95975 , 18796 , 152664 , 152669 , 147900 , 51574 , 117111 , 18808 , 18809 , 18810 , 18811 , 18812 , 18813 , 18814 , 18815 , 117120 , 18817 , 18818 , 18819 , 130471 , 45363 , 18827 , 18828 , 18830 , 145133 , 18833 , 18834 , 18835 , 77595 , 107710 , 149910 , 51607 , 51610 , 51611 , 51612 , 140292 , 117153 , 80157 , 18852 , 18857 , 18859 , 18860 , 18861 , 18862 , 18865 , 100727 , 117172 , 150601 , 18873 , 18874 , 149768 , 150602 , 18878 , 79605 , 117835 , 18884 , 18885 , 18886 , 18887 , 18888 , 84425 , 84426 , 112375 , 18893 , 18894 , 18895 , 18896 , 18897 , 18898 , 117204 , 18901 , 18902 , 112377 , 137812 , 117967 , 137389 , 18911 , 18912 , 18913 , 18914 , 18915 , 51685 , 149247 , 152297 , 149997 , 133601 , 84463 , 18928 , 18929 , 18930 , 18931 , 18932 , 18933 , 18934 , 84471 , 117240 , 117241 , 117242 , 55187 , 117246 , 18943 , 84480 , 63232 , 117250 , 137022 , 18949 , 18950 , 63233 , 18954 , 35927 , 18957 , 18958 , 18959 , 63235 , 150036 , 84501 , 84502 , 84503 , 84504 , 84505 , 51738 , 150043 , 84508 , 51742 , 51743 , 51744 , 51745 , 150055 , 118474 , 96007 , 18988 , 18989 , 51758 , 51759 , 84528 , 84529 , 84530 , 84531 , 18996 , 117301 , 96009 , 150072 , 19001 , 19003 , 117310 , 84545 , 19012 , 150087 , 51784 , 51788 , 84557 , 19022 , 19026 , 19027 , 154988 , 84566 , 123321 , 19032 , 19033 , 131716 , 57786 , 138481 , 117344 , 51809 , 51810 , 51811 , 51812 , 51813 , 51814 , 84584 , 84585 , 51818 , 51819 , 51820 , 84589 , 117358 , 51823 , 51824 , 51825 , 51826 , 51827 , 51828 , 133462 , 63252 , 51834 , 150634 , 132924 , 19071 , 51840 , 74176 , 129543 , 19077 , 19078 , 84619 , 84620 , 84621 , 84622 , 131571 , 51856 , 51857 , 19090 , 51859 , 51860 , 51861 , 19095 , 51867 , 145178 , 84641 , 19108 , 19109 , 150183 , 150188 , 19119 , 19122 , 101491 , 117428 , 84661 , 19126 , 84665 , 84666 , 144791 , 35957 , 19136 , 19137 , 19138 , 19139 , 19140 , 51909 , 150215 , 150216 , 117449 , 19147 , 150220 , 19149 , 19150 , 84687 , 150224 , 84690 , 119862 , 150228 , 57806 , 51926 , 51927 , 117464 , 84697 , 84698 , 84699 , 84700 , 52346 , 84702 , 19167 , 92293 , 74192 , 84708 , 84709 , 84710 , 84711 , 101500 , 84714 , 84715 , 84716 , 84717 , 84718 , 84719 , 117488 , 84721 , 84722 , 41427 , 84724 , 84725 , 90580 , 150267 , 79658 , 150563 , 117503 , 68736 , 117506 , 112427 , 51972 , 19205 , 84744 , 19209 , 154849 , 150288 , 150289 , 150292 , 128814 , 150294 , 84759 , 93386 , 51993 , 150298 , 128815 , 150300 , 117533 , 96048 , 52003 , 52004 , 131576 , 19242 , 19243 , 19244 , 52013 , 52015 , 101512 , 19253 , 143579 , 134281 , 19258 , 101514 , 84798 , 84799 , 84800 , 117569 , 19266 , 117571 , 72656 , 84805 , 84806 , 52041 , 113028 , 117580 , 19277 , 19278 , 19280 , 19281 , 19282 , 19283 , 19284 , 19285 , 19286 , 19287 , 84824 , 84829 , 84830 , 52063 , 52064 , 52065 , 72657 , 117604 , 19301 , 117606 , 52071 , 84840 , 84841 , 84842 , 84843 , 129520 , 19309 , 84847 , 100730 , 150390 , 150392 , 52089 , 84858 , 52092 , 52093 , 52094 , 19327 , 19330 , 130488 , 117636 , 19333 , 145764 , 101527 , 19340 , 128834 , 84879 , 52112 , 52113 , 52114 , 19347 , 19348 , 19349 , 19351 , 46916 , 84891 , 84892 , 52126 , 19359 , 19360 , 84900 , 117672 , 117673 , 117674 , 117675 , 19374 , 19375 , 19376 , 117681 , 41459 , 84916 , 85150 , 117687 , 84922 , 19387 , 19388 , 19389 , 19390 , 128843 , 141975 , 99667 , 19401 , 101538 , 19406 , 19407 , 150691 , 84950 , 19415 , 19416 , 19417 , 97757 , 19421 , 19422 , 117728 , 117729 , 117730 , 107003 , 78117 , 84966 , 19431 , 19437 , 99940 , 142570 , 19443 , 19444 , 19445 , 19446 , 19447 , 97758 , 155588 , 150525 , 19454 , 84992 , 19457 , 52226 , 52228 , 84997 , 52230 , 52231 , 52232 , 52233 , 85003 , 52237 , 52238 , 150701 , 79704 , 19476 , 155069 , 96089 , 117784 , 147371 , 110333 , 19486 , 150559 , 150560 , 150561 , 150562 , 141348 , 117798 , 52263 , 52264 , 52265 , 52269 , 52270 , 52273 , 19506 , 52275 , 52276 , 19509 , 52278 , 52279 , 52280 , 104307 , 19516 , 19517 , 19518 , 19519 , 19520 , 19521 , 117828 , 117829 , 19527 , 19528 , 90636 , 117834 , 99943 , 19537 , 87638 , 128867 , 85077 , 85078 , 85079 , 85080 , 85081 , 85082 , 85083 , 85084 , 117853 , 94488 , 112485 , 19553 , 52322 , 59572 , 112486 , 19559 , 150633 , 19562 , 117868 , 85101 , 101565 , 87374 , 128872 , 117874 , 90643 , 117876 , 52341 , 85110 , 154970 , 90644 , 19578 , 52347 , 52348 , 19582 , 19583 , 52352 , 52416 , 117892 , 58482 , 19590 , 63340 , 90647 , 150668 , 56300 , 85135 , 90648 , 101571 , 52373 , 85143 , 85144 , 19609 , 85146 , 129695 , 52380 , 52381 , 52382 , 150690 , 41499 , 49754 , 85158 , 131589 , 128882 , 52398 , 46481 , 154164 , 150709 , 150710 , 150711 , 150712 , 85177 , 19646 , 19648 , 150723 , 19652 , 52422 , 19655 , 52427 , 52428 , 52429 , 103351 , 52431 , 52432 , 52433 , 107043 , 19669 , 150742 , 108440 , 150745 , 150746 , 19675 , 19676 , 140519 , 150752 , 104224 , 91219 , 19685 , 19686 , 19687 , 87639 , 96124 , 139815 , 36050 , 118001 , 120591 , 19705 , 19706 , 19707 , 67215 , 139818 , 19711 , 52480 , 112735 , 118018 , 118019 , 118020 , 19717 , 145281 , 114134 , 19721 , 19722 , 107053 , 19730 , 110861 , 19733 , 84674 , 112516 , 139823 , 52508 , 118045 , 19743 , 155289 , 19745 , 19748 , 85285 , 52518 , 52519 , 52520 , 37756 , 85290 , 85291 , 150828 , 19757 , 19758 , 150831 , 110862 , 78587 , 150836 , 19765 , 150840 , 19769 , 19770 , 112522 , 85311 , 126920 , 134368 , 19779 , 63944 , 139830 , 52550 , 19783 , 19784 , 19785 , 118091 , 19790 , 19791 , 19792 , 19793 , 145294 , 19798 , 52567 , 52568 , 19801 , 19802 , 79759 , 139834 , 150878 , 36069 , 112528 , 19814 , 79761 , 129413 , 19818 , 118124 , 118125 , 102135 , 117992 , 52594 , 145299 , 129421 , 143069 , 85367 , 52604 , 87640 , 85379 , 19844 , 19845 , 141978 , 79767 , 52620 , 19853 , 19854 , 19855 , 19856 , 79768 , 85395 , 118165 , 82621 , 79769 , 52633 , 131597 , 79770 , 118174 , 52641 , 118178 , 79771 , 19876 , 19878 , 85415 , 52648 , 100442 , 123463 , 118188 , 52654 , 52655 , 52656 , 52657 , 36083 , 19894 , 19895 , 85432 , 85433 , 85434 , 85435 , 107082 , 151867 , 145312 , 111958 , 150774 , 52678 , 150985 , 150986 , 19915 , 52685 , 151239 , 146364 , 74860 , 83650 , 131097 , 52697 , 85466 , 52700 , 52702 , 118239 , 52704 , 52705 , 52706 , 94501 , 102139 , 109777 , 85483 , 85484 , 52717 , 52718 , 19951 , 151027 , 148747 , 64509 , 85501 , 154514 , 95593 , 52737 , 52738 , 79787 , 90710 , 52742 , 118017 , 52746 , 52747 , 52748 , 52749 , 52750 , 52751 , 85520 , 57944 , 85522 , 57526 , 147871 , 139142 , 71589 , 52762 , 52764 , 85533 , 52767 , 79792 , 151074 , 20003 , 20004 , 85541 , 85542 , 79793 , 143762 , 85547 , 85548 , 52781 , 20014 , 52783 , 20016 , 52785 , 20018 , 20019 , 20020 , 20021 , 151094 , 134409 , 20025 , 154516 , 118331 , 152105 , 20032 , 20033 , 52803 , 52813 , 118350 , 118351 , 145336 , 90723 , 85588 , 20053 , 20054 , 20056 , 20058 , 134415 , 151132 , 79802 , 20063 , 118369 , 134877 , 79803 , 20068 , 74342 , 20072 , 79804 , 82503 , 85611 , 118380 , 85613 , 79805 , 85616 , 74344 , 85618 , 85619 , 85621 , 20086 , 20088 , 118393 , 44314 , 20091 , 74346 , 85631 , 85632 , 85633 , 85634 , 125058 , 52872 , 20105 , 114985 , 120312 , 151184 , 68888 , 118418 , 20115 , 74350 , 145757 , 20119 , 20120 , 52889 , 41583 , 76076 , 118432 , 36123 , 52900 , 132697 , 20135 , 118044 , 90738 , 90739 , 61774 , 52919 , 96351 , 139892 , 20159 , 33086 , 52929 , 125060 , 121467 , 36129 , 118472 , 118473 , 20170 , 20171 , 101666 , 20175 , 85720 , 85284 , 123514 , 20190 , 85727 , 125061 , 85730 , 85731 , 52966 , 20199 , 52969 , 151274 , 146884 , 52973 , 52974 , 52975 , 20208 , 85745 , 112595 , 85748 , 85749 , 118518 , 52521 , 52987 , 20220 , 68657 , 85759 , 85760 , 85761 , 20227 , 52999 , 146885 , 53006 , 150829 , 20240 , 20241 , 150830 , 85782 , 85783 , 20248 , 123524 , 118556 , 53021 , 20254 , 20255 , 53028 , 41606 , 80327 , 20265 , 74375 , 118572 , 118573 , 112605 , 118576 , 85811 , 122058 , 145374 , 53048 , 112607 , 153765 , 141108 , 85822 , 150837 , 53059 , 20292 , 53062 , 118599 , 104333 , 118601 , 20301 , 20302 , 20303 , 20304 , 20306 , 85843 , 20308 , 118614 , 85847 , 118616 , 20313 , 20316 , 150842 , 53086 , 53088 , 85857 , 20323 , 53092 , 53095 , 20329 , 20330 , 53099 , 20332 , 20333 , 20334 , 85871 , 141763 , 41619 , 85876 , 85879 , 53112 , 74388 , 20347 , 53116 , 85885 , 53118 , 53119 , 53120 , 53121 , 53122 , 85891 , 85892 , 74390 , 150849 , 96236 , 154202 , 85900 , 85901 , 85902 , 85903 , 85904 , 142525 , 53139 , 99971 , 53143 , 20379 , 20380 , 20381 , 20382 , 137059 , 146890 , 129696 , 118691 , 118693 , 118694 , 85927 , 20392 , 85929 , 85930 , 68935 , 118700 , 118701 , 151470 , 117430 , 118704 , 134472 , 118706 , 118707 , 151476 , 123550 , 20409 , 20410 , 134474 , 151486 , 154857 , 151488 , 20418 , 20419 , 20420 , 118727 , 20424 , 20425 , 20426 , 20427 , 101064 , 20429 , 20430 , 20431 , 20432 , 20433 , 85970 , 20439 , 151512 , 66258 , 151515 , 85986 , 85987 , 85988 , 41638 , 20454 , 112636 , 85994 , 74407 , 53229 , 137735 , 86000 , 149724 , 114159 , 118776 , 118777 , 66040 , 20478 , 20481 , 86018 , 53251 , 52566 , 20486 , 111649 , 53258 , 118800 , 140347 , 149332 , 52569 , 138165 , 154532 , 86045 , 86046 , 86047 , 85791 , 20513 , 118107 , 86053 , 20518 , 128042 , 86059 , 86061 , 86062 , 53295 , 86064 , 86065 , 86066 , 107187 , 96703 , 147821 , 53305 , 150879 , 20544 , 20545 , 84701 , 151620 , 20549 , 20551 , 86089 , 86090 , 20555 , 118860 , 86093 , 118862 , 112653 , 20561 , 53330 , 86099 , 151636 , 133609 , 20569 , 86106 , 53340 , 20573 , 53342 , 20575 , 151649 , 20580 , 20581 , 20582 , 20583 , 20584 , 20585 , 20586 , 20587 , 20588 , 20589 , 104164 , 118896 , 71609 , 118900 , 118901 , 118902 , 134505 , 118905 , 118906 , 20603 , 20604 , 134506 , 86142 , 148748 , 75861 , 53380 , 53381 , 20614 , 118924 , 20621 , 53390 , 53391 , 20626 , 20627 , 20631 , 53400 , 53401 , 86170 , 86171 , 20636 , 107205 , 20641 , 20642 , 82522 , 86181 , 20646 , 20650 , 20651 , 53421 , 79901 , 53424 , 151729 , 151730 , 87209 , 139822 , 74441 , 93434 , 20667 , 139978 , 145440 , 20674 , 53444 , 115257 , 53448 , 146587 , 114774 , 130533 , 47138 , 118990 , 118991 , 53456 , 53457 , 86226 , 47139 , 53460 , 53461 , 86230 , 86231 , 47140 , 53466 , 129061 , 119008 , 58064 , 36219 , 53476 , 53477 , 53481 , 53482 , 53483 , 53484 , 41682 , 53486 , 134525 , 20720 , 20721 , 20723 , 53492 , 148967 , 53494 , 20727 , 119032 , 20733 , 86270 , 86271 , 86272 , 115259 , 53507 , 20742 , 20743 , 20744 , 20745 , 83171 , 86286 , 145453 , 150713 , 129327 , 145454 , 58073 , 20760 , 101764 , 125080 , 129071 , 151837 , 20766 , 20767 , 110778 , 86305 , 86306 , 58075 , 78699 , 114028 , 53543 , 86312 , 58076 , 86314 , 119084 , 153450 , 20783 , 130364 , 112691 , 75980 , 114163 , 112692 , 119098 , 53563 , 53564 , 53565 , 63541 , 72707 , 86338 , 86339 , 86340 , 53573 , 53574 , 119111 , 53576 , 151881 , 20810 , 96311 , 86348 , 86349 , 119118 , 134541 , 132819 , 63544 , 118829 , 53587 , 53588 , 52622 , 74890 , 63545 , 119129 , 20830 , 119136 , 150928 , 119138 , 20835 , 20836 , 140457 , 53609 , 53610 , 90855 , 151918 , 72740 , 20852 , 20853 , 119158 , 74473 , 72709 , 114172 , 151935 , 119168 , 131510 , 61798 , 53639 , 53640 , 53641 , 20877 , 142542 , 69016 , 53656 , 53657 , 119195 , 119196 , 86429 , 147877 , 136091 , 154545 , 20898 , 86895 , 103141 , 145478 , 41713 , 86440 , 101788 , 110454 , 20908 , 53677 , 86446 , 53679 , 125085 , 20913 , 20914 , 20915 , 20916 , 79945 , 20920 , 20922 , 155637 , 53692 , 53693 , 53695 , 135002 , 101792 , 20930 , 79947 , 53701 , 36257 , 49458 , 119241 , 140023 , 53709 , 53710 , 53711 , 152016 , 105760 , 47182 , 20950 , 20951 , 85412 , 20954 , 20955 , 20956 , 41722 , 86496 , 153456 , 20962 , 20963 , 152037 , 132820 , 152039 , 152040 , 119273 , 20970 , 53739 , 66166 , 53742 , 86511 , 20977 , 86515 , 105542 , 20981 , 20983 , 86520 , 53753 , 53754 , 53755 , 141350 , 53760 , 53762 , 152069 , 119303 , 86536 , 21001 , 129111 , 149093 , 21008 , 86545 , 152083 , 53780 , 119317 , 119319 , 86552 , 21017 , 69039 , 153458 , 144729 , 155491 , 21025 , 86562 , 21027 , 21028 , 21029 , 152102 , 21031 , 21032 , 21033 , 21034 , 123655 , 100305 , 53807 , 86576 , 86577 , 86578 , 86579 , 53813 , 53814 , 107273 , 152120 , 152121 , 21050 , 21051 , 21053 , 53824 , 86594 , 21059 , 21060 , 85430 , 21062 , 43785 , 21064 , 53834 , 85431 , 152141 , 21070 , 86607 , 86608 , 86609 , 86610 , 53843 , 53844 , 53845 , 144929 , 119385 , 119387 , 127273 , 21091 , 21093 , 21094 , 21095 , 21096 , 119405 , 119406 , 130547 , 21104 , 101822 , 21112 , 110907 , 53883 , 86652 , 21118 , 21119 , 152197 , 86121 , 21129 , 21130 , 140055 , 21132 , 21133 , 121819 , 145517 , 54169 , 119443 , 86676 , 86677 , 152214 , 110908 , 86682 , 75992 , 119453 , 86686 , 140059 , 119460 , 53927 , 72719 , 86697 , 86698 , 101831 , 119471 , 101832 , 86706 , 86707 , 86708 , 86709 , 86710 , 53943 , 86712 , 140063 , 152253 , 21182 , 21183 , 153771 , 112963 , 150987 , 86724 , 145526 , 140065 , 129143 , 152268 , 140066 , 45442 , 101837 , 137946 , 103272 , 90486 , 21205 , 21206 , 84723 , 152280 , 21209 , 21210 , 53979 , 41078 , 148028 , 119523 , 119524 , 21223 , 53992 , 53993 , 86766 , 86770 , 143645 , 86773 , 151283 , 86776 , 54009 , 54010 , 119547 , 41770 , 152319 , 119552 , 47232 , 131949 , 113094 , 54025 , 21258 , 54029 , 21263 , 54032 , 54033 , 54034 , 21267 , 21268 , 21269 , 92363 , 151001 , 21272 , 21273 , 21274 , 21275 , 21276 , 118234 , 123696 , 21283 , 21284 , 21285 , 21286 , 107313 , 119596 , 21296 , 119601 , 119602 , 153990 , 21303 , 21307 , 21308 , 86846 , 21313 , 21318 , 21319 , 21321 , 21322 , 86860 , 151078 , 86862 , 21327 , 21329 , 21330 , 21331 , 41785 , 74554 , 152414 , 105459 , 152416 , 152417 , 119650 , 74555 , 119652 , 86885 , 152422 , 47249 , 152424 , 74556 , 86890 , 86891 , 86892 , 86893 , 86894 , 74557 , 101864 , 21363 , 91275 , 74558 , 21367 , 115280 , 21373 , 80021 , 86912 , 153091 , 86916 , 21382 , 123713 , 110916 , 146457 , 152458 , 21387 , 41794 , 137728 , 119696 , 119697 , 152466 , 41795 , 152469 , 115281 , 152471 , 152472 , 41796 , 152474 , 52719 , 41797 , 54180 , 41798 , 119719 , 54184 , 47260 , 54186 , 54187 , 54188 , 21421 , 54190 , 54191 , 145378 , 119734 , 140105 , 143882 , 86969 , 86970 , 119739 , 151154 , 143576 , 153472 , 86980 , 102189 , 129185 , 119755 , 111219 , 54222 , 107645 , 152528 , 21458 , 21459 , 21460 , 152534 , 134649 , 152536 , 152537 , 152538 , 107343 , 119772 , 122785 , 87006 , 153353 , 153473 , 107344 , 88742 , 101883 , 59636 , 21480 , 21485 , 54255 , 54256 , 54257 , 54258 , 54259 , 54260 , 119797 , 80041 , 21496 , 21497 , 21498 , 21499 , 21500 , 21501 , 21502 , 21503 , 21504 , 21505 , 21506 , 21507 , 54276 , 87045 , 21510 , 134657 , 21512 , 21513 , 136097 , 21515 , 21516 , 21517 , 21518 , 140120 , 105465 , 21525 , 54294 , 54297 , 54298 , 87067 , 119839 , 118559 , 119841 , 119842 , 21539 , 21540 , 80049 , 41089 , 87083 , 72732 , 74589 , 87089 , 80051 , 58206 , 54326 , 101897 , 119866 , 119651 , 87100 , 87101 , 21567 , 21568 , 21571 , 119877 , 21574 , 21575 , 21576 , 87114 , 81462 , 152652 , 87122 , 87123 , 85518 , 152662 , 152663 , 54360 , 107364 , 152666 , 85519 , 21597 , 54366 , 54368 , 54369 , 54370 , 145595 , 85521 , 81463 , 90983 , 87150 , 47293 , 88010 , 54185 , 129214 , 152695 , 119929 , 21626 , 54396 , 54397 , 54400 , 54401 , 54402 , 54403 , 54404 , 54405 , 54406 , 80065 , 87179 , 80066 , 140478 , 21647 , 145841 , 47299 , 119957 , 152729 , 87194 , 126201 , 87198 , 114712 , 21664 , 119969 , 119970 , 119971 , 87206 , 152744 , 85532 , 21675 , 74610 , 101917 , 152752 , 47304 , 152754 , 152755 , 152756 , 102197 , 80073 , 54456 , 126202 , 21691 , 54460 , 21693 , 87230 , 87231 , 87232 , 145611 , 120005 , 120006 , 87239 , 87240 , 87241 , 87244 , 54477 , 21710 , 21711 , 21712 , 21713 , 68373 , 21717 , 21718 , 111439 , 54488 , 21721 , 21722 , 87259 , 120028 , 54493 , 87262 , 69157 , 87264 , 87265 , 87266 , 87267 , 87268 , 87269 , 105472 , 54189 , 36391 , 21751 , 21752 , 21753 , 21754 , 134698 , 106564 , 21761 , 54530 , 105473 , 120069 , 54534 , 143868 , 21769 , 112020 , 128387 , 54541 , 54542 , 54543 , 93471 , 87313 , 54546 , 87315 , 87316 , 52782 , 21785 , 21786 , 21787 , 54556 , 21790 , 21791 , 54561 , 54562 , 54563 , 21796 , 21797 , 21798 , 21799 , 53100 , 107399 , 52786 , 120110 , 120111 , 120112 , 41864 , 120114 , 117477 , 120119 , 50555 , 74634 , 105475 , 21826 , 123787 , 54596 , 54597 , 152907 , 152908 , 93473 , 21838 , 129116 , 150212 , 107406 , 107658 , 152919 , 97875 , 148030 , 87390 , 107408 , 87395 , 87396 , 74641 , 129343 , 21866 , 21867 , 134937 , 111440 , 21870 , 87409 , 87411 , 107659 , 148320 , 115297 , 21880 , 21881 , 80381 , 105477 , 87424 , 120753 , 152962 , 145643 , 117114 , 94566 , 101953 , 82256 , 87435 , 101954 , 54670 , 54671 , 21904 , 21908 , 87446 , 54682 , 80111 , 131517 , 69189 , 21921 , 21922 , 88745 , 120229 , 120230 , 54695 , 54696 , 54698 , 54702 , 112968 , 54704 , 21939 , 21940 , 120248 , 120249 , 153018 , 144532 , 153020 , 21949 , 153022 , 69472 , 87492 , 21957 , 87494 , 76019 , 120264 , 120265 , 83657 , 153036 , 21966 , 124029 , 21971 , 153048 , 153049 , 120284 , 115587 , 21982 , 21983 , 153058 , 21987 , 54756 , 21989 , 54759 , 120298 , 142748 , 54764 , 98934 , 106610 , 112893 , 120306 , 22003 , 96510 , 22007 , 96039 , 22009 , 153082 , 53107 , 103299 , 153085 , 101973 , 120320 , 118575 , 120322 , 111441 , 54788 , 153093 , 153094 , 88091 , 120329 , 120330 , 153099 , 22028 , 22029 , 131669 , 107437 , 22032 , 22033 , 22034 , 22035 , 22036 , 145668 , 140173 , 123823 , 87743 , 152401 , 145669 , 100718 , 87585 , 142581 , 87588 , 87589 , 73840 , 54826 , 22061 , 22062 , 118365 , 87600 , 87601 , 87602 , 41907 , 22068 , 22069 , 120374 , 96521 , 107444 , 153146 , 153147 , 152402 , 22077 , 22078 , 74677 , 117486 , 22082 , 22083 , 22084 , 22085 , 22086 , 22089 , 131671 , 22092 , 22093 , 87631 , 22096 , 54865 , 54866 , 54867 , 54868 , 22101 , 54870 , 22103 , 22104 , 54873 , 129336 , 123834 , 54878 , 54879 , 22113 , 22114 , 41915 , 153188 , 129297 , 54888 , 120428 , 120429 , 153198 , 22127 , 153204 , 22133 , 153206 , 153207 , 153208 , 87673 , 87674 , 50929 , 139811 , 153215 , 87680 , 22145 , 54914 , 54915 , 22148 , 54917 , 54918 , 54919 , 22153 , 54922 , 54923 , 22159 , 22162 , 22163 , 22164 , 22165 , 54937 , 69231 , 112922 , 22174 , 54944 , 22177 , 80155 , 22180 , 22181 , 85617 , 54952 , 54953 , 22186 , 54955 , 54956 , 67579 , 87726 , 22191 , 22192 , 22193 , 22194 , 87732 , 80158 , 87734 , 126219 , 54969 , 80159 , 66207 , 87741 , 87742 , 36469 , 87744 , 87745 , 85622 , 96545 , 153288 , 153289 , 153290 , 153291 , 96546 , 128402 , 123853 , 153296 , 118392 , 153298 , 47395 , 153300 , 123855 , 52858 , 120545 , 120546 , 118395 , 55012 , 123857 , 150992 , 47399 , 153324 , 22253 , 55022 , 22256 , 96552 , 107475 , 42204 , 55029 , 55030 , 55031 , 55032 , 55033 , 55034 , 55035 , 55037 , 153343 , 153344 , 120580 , 120581 , 120582 , 22279 , 55048 , 55049 , 153356 , 122354 , 120590 , 47405 , 120592 , 120595 , 107733 , 87831 , 120601 , 55066 , 55067 , 55068 , 55069 , 22304 , 129328 , 120610 , 87843 , 120612 , 148050 , 47409 , 65834 , 74716 , 153386 , 110947 , 150299 , 145714 , 107485 , 120624 , 118408 , 22322 , 55091 , 87860 , 120629 , 22326 , 22327 , 87864 , 87865 , 120634 , 120635 , 112949 , 22337 , 153410 , 87875 , 22340 , 153413 , 153414 , 94581 , 153420 , 153421 , 153422 , 153997 , 96568 , 120658 , 141500 , 153428 , 134197 , 55129 , 55130 , 22364 , 81983 , 41957 , 142213 , 153445 , 87910 , 87911 , 55144 , 55145 , 55146 , 153451 , 153452 , 151186 , 55150 , 47421 , 150230 , 153457 , 82580 , 22387 , 22389 , 55158 , 55159 , 55160 , 87929 , 47423 , 120702 , 55167 , 55168 , 47424 , 120708 , 102038 , 113085 , 22407 , 22408 , 52887 , 120716 , 47426 , 87950 , 116406 , 55184 , 52888 , 47427 , 55188 , 123886 , 55190 , 55191 , 55192 , 55193 , 55194 , 22430 , 96581 , 83697 , 136047 , 63814 , 101131 , 120745 , 120746 , 96583 , 150232 , 87982 , 36509 , 55216 , 55217 , 22450 , 22451 , 55220 , 55221 , 55222 , 129353 , 155168 , 129993 , 153530 , 76528 , 22461 , 88000 , 85856 , 80203 , 88004 , 88005 , 88006 , 88007 , 55240 , 55241 , 55242 , 128902 , 22477 , 22478 , 81492 , 88017 , 155089 , 52899 , 55252 , 146022 , 88022 , 145743 , 120796 , 91130 , 88035 , 88037 , 120806 , 120807 , 120808 , 120809 , 55274 , 120811 , 120812 , 140285 , 110626 , 55281 , 153586 , 120820 , 22517 , 153592 , 55291 , 155493 , 148979 , 122061 , 112981 , 88064 , 55297 , 36523 , 22533 , 123905 , 102060 , 55311 , 55312 , 55313 , 55314 , 74755 , 55321 , 55322 , 85859 , 152418 , 120862 , 58373 , 80219 , 88100 , 134833 , 129372 , 153642 , 120875 , 105500 , 130212 , 22576 , 88115 , 55349 , 134836 , 120890 , 120891 , 22588 , 120893 , 120895 , 120896 , 88129 , 88130 , 22595 , 82587 , 55365 , 124050 , 96609 , 102071 , 120908 , 96610 , 88145 , 22610 , 22613 , 22614 , 22615 , 55384 , 55385 , 55386 , 55387 , 22623 , 22626 , 153699 , 155090 , 36540 , 55404 , 55405 , 55406 , 137145 , 117119 , 94591 , 88180 , 88188 , 107541 , 118464 , 124052 , 22667 , 120972 , 55437 , 88206 , 55441 , 22674 , 22675 , 22676 , 55445 , 55447 , 134852 , 55451 , 55452 , 137531 , 102085 , 98957 , 153763 , 153764 , 38945 , 153766 , 153767 , 153768 , 153769 , 153770 , 118471 , 22701 , 151240 , 22706 , 22707 , 22708 , 88248 , 22713 , 22716 , 85706 , 90229 , 56404 , 131692 , 148059 , 38946 , 55493 , 55494 , 55495 , 88264 , 63863 , 88268 , 88269 , 88270 , 88271 , 88272 , 123938 , 22738 , 74787 , 76045 , 36558 , 55512 , 55513 , 138079 , 129402 , 88286 , 55525 , 128031 , 102097 , 55528 , 55529 , 55532 , 55533 , 55534 , 55535 , 55536 , 55537 , 134867 , 88308 , 88309 , 88310 , 60522 , 22783 , 74795 , 138241 , 121095 , 140332 , 121098 , 55565 , 88334 , 109872 , 88336 , 134151 , 88338 , 88339 , 88341 , 88342 , 107690 , 121112 , 63876 , 107484 , 22814 , 96645 , 74800 , 138242 , 22819 , 22820 , 22821 , 22822 , 22823 , 22824 , 22825 , 129544 , 55595 , 55596 , 55597 , 55598 , 22831 , 22832 , 22833 , 153906 , 22835 , 110190 , 121144 , 88378 , 121148 , 121149 , 66274 , 22852 , 22855 , 22856 , 88395 , 121167 , 121168 , 121169 , 140783 , 132788 , 138341 , 22869 , 131697 , 120623 , 121177 , 22875 , 146973 , 147672 , 22878 , 22879 , 22880 , 22883 , 22884 , 55655 , 55656 , 22889 , 22890 , 52967 , 139816 , 55663 , 55664 , 88433 , 47507 , 22900 , 151273 , 22904 , 71686 , 100634 , 55677 , 22911 , 128032 , 88450 , 22915 , 153989 , 122140 , 22919 , 55688 , 55689 , 90061 , 153995 , 22924 , 22925 , 88462 , 153999 , 55696 , 47512 , 88466 , 88467 , 22933 , 80281 , 22936 , 22937 , 116622 , 99759 , 52976 , 140398 , 80283 , 22949 , 55718 , 154001 , 55721 , 132615 , 150073 , 22958 , 88495 , 22960 , 154033 , 22962 , 22963 , 130609 , 154039 , 104422 , 55740 , 22975 , 22976 , 144015 , 76053 , 22983 , 70203 , 52983 , 22988 , 22989 , 22990 , 22991 , 102136 , 22994 , 47523 , 45502 , 55768 , 23002 , 23003 , 23004 , 107641 , 23009 , 55778 , 23011 , 55782 , 52988 , 154094 , 85757 , 121329 , 23027 , 23029 , 152847 , 96681 , 121336 , 88569 , 88570 , 85875 , 121344 , 55809 , 55810 , 55815 , 55817 , 23056 , 23057 , 154130 , 129521 , 145888 , 137159 , 154135 , 88600 , 154137 , 154138 , 154139 , 154140 , 23069 , 23070 , 23071 , 55840 , 129456 , 74965 , 55843 , 23076 , 23077 , 55846 , 55847 , 55848 , 154154 , 88620 , 63922 , 134920 , 153006 , 23091 , 23092 , 154165 , 23094 , 23097 , 58463 , 23100 , 23101 , 88638 , 88639 , 23106 , 154179 , 154180 , 154181 , 88646 , 131705 , 23112 , 55881 , 130614 , 88654 , 88655 , 55888 , 88657 , 88658 , 88659 , 118542 , 121430 , 129465 , 23128 , 23129 , 55898 , 121436 , 63930 , 49871 , 88672 , 23137 , 154212 , 23141 , 122977 , 130615 , 88682 , 91239 , 142119 , 88685 , 121454 , 80317 , 88688 , 88689 , 121458 , 121459 , 121460 , 88535 , 121464 , 121466 , 55931 , 23164 , 141527 , 134933 , 23168 , 88705 , 55938 , 23171 , 78715 , 88709 , 139345 , 130616 , 55944 , 42092 , 88714 , 23179 , 55951 , 55952 , 134936 , 80323 , 55956 , 23189 , 55958 , 55959 , 55960 , 88729 , 88730 , 47557 , 23200 , 58480 , 55973 , 71696 , 58481 , 88744 , 23209 , 23210 , 23211 , 23212 , 23213 , 23214 , 23215 , 23216 , 23217 , 118615 , 121523 , 53022 , 63945 , 55994 , 55995 , 146365 , 47562 , 84171 , 113944 , 63947 , 136683 , 91255 , 88780 , 154318 , 154320 , 154321 , 69411 , 154141 , 23255 , 23256 , 23257 , 23258 , 107642 , 56031 , 23265 , 154338 , 56035 , 56036 , 121573 , 23275 , 23276 , 118617 , 91261 , 56052 , 124030 , 23287 , 121706 , 88827 , 56060 , 88829 , 56062 , 56063 , 91264 , 121604 , 121607 , 139890 , 69421 , 98757 , 23313 , 74973 , 23315 , 91340 , 69422 , 121622 , 121623 , 88856 , 88858 , 102191 , 42117 , 88864 , 102192 , 88866 , 154403 , 23332 , 23333 , 23334 , 23335 , 23336 , 23337 , 23339 , 23340 , 23341 , 154414 , 88879 , 154416 , 88881 , 154418 , 102195 , 129291 , 154421 , 154422 , 121657 , 154426 , 154427 , 23357 , 23358 , 79339 , 88896 , 80352 , 56131 , 23364 , 56133 , 56134 , 56135 , 126258 , 117529 , 91277 , 23377 , 154633 , 56147 , 84172 , 144402 , 23385 , 23390 , 88927 , 56164 , 56165 , 56166 , 121703 , 121704 , 69436 , 23402 , 23403 , 23404 , 74898 , 69437 , 23408 , 23409 , 121715 , 69438 , 88950 , 88951 , 88952 , 88953 , 88954 , 88955 , 88956 , 88957 , 88958 , 56193 , 136080 , 88965 , 56200 , 121737 , 150265 , 23438 , 129517 , 23441 , 56210 , 56211 , 56212 , 23445 , 56214 , 56215 , 56216 , 56217 , 56218 , 56219 , 23452 , 23454 , 69445 , 23457 , 23460 , 23461 , 23462 , 23463 , 148031 , 56237 , 56238 , 107677 , 118600 , 154546 , 154547 , 154548 , 154549 , 107186 , 121785 , 121786 , 23483 , 154560 , 135541 , 121795 , 121796 , 99012 , 121798 , 121799 , 137856 , 114670 , 96759 , 23500 , 23504 , 23506 , 121813 , 154632 , 103349 , 53071 , 121820 , 144103 , 23521 , 23522 , 23523 , 80380 , 56299 , 47702 , 23533 , 47613 , 107688 , 45520 , 89077 , 89078 , 89079 , 23544 , 89081 , 89082 , 89083 , 89084 , 89085 , 89086 , 23551 , 47616 , 23556 , 56326 , 56328 , 56329 , 89098 , 89099 , 89100 , 114070 , 89108 , 56341 , 56343 , 23576 , 23579 , 89117 , 89118 , 129541 , 56352 , 121891 , 129542 , 154662 , 151131 , 64007 , 140466 , 64008 , 89139 , 36702 , 23606 , 64009 , 121912 , 74932 , 56379 , 56380 , 64010 , 154686 , 23616 , 23617 , 64011 , 115355 , 129548 , 154698 , 129549 , 145713 , 78257 , 23634 , 53091 , 23636 , 23637 , 23638 , 23639 , 56408 , 89177 , 139821 , 23644 , 23645 , 23646 , 23647 , 23648 , 23649 , 23650 , 23651 , 23652 , 23653 , 56422 , 129553 , 113125 , 42173 , 154738 , 47635 , 56436 , 23669 , 56438 , 53097 , 56440 , 56441 , 56442 , 140479 , 57527 , 93390 , 129557 , 23680 , 58560 , 109100 , 56451 , 23684 , 154757 , 23686 , 23687 , 23688 , 23689 , 23690 , 42178 , 121998 , 53101 , 136089 , 42179 , 122004 , 122005 , 143313 , 143274 , 23705 , 141349 , 56481 , 23714 , 23715 , 56486 , 23720 , 122025 , 122026 , 56492 , 56493 , 56494 , 145949 , 23730 , 23731 , 89268 , 145950 , 153788 , 42185 , 56504 , 122041 , 131359 , 154811 , 23741 , 23742 , 122997 , 23744 , 23745 , 23746 , 23747 , 56516 , 56517 , 56518 , 89287 , 56520 , 56521 , 56522 , 56523 , 56524 , 56525 , 23758 , 23761 , 23762 , 74988 , 122070 , 122071 , 82626 , 122073 , 114944 , 140456 , 89308 , 89309 , 89310 , 23776 , 74960 , 122082 , 89315 , 89316 , 23781 , 89318 , 89319 , 89320 , 23785 , 23786 , 56555 , 56556 , 121437 , 23793 , 89330 , 66260 , 56565 , 122102 , 122103 , 137966 , 107732 , 122108 , 89341 , 23807 , 23808 , 56577 , 129546 , 80427 , 74966 , 135041 , 113196 , 43347 , 107735 , 56588 , 101177 , 113197 , 56592 , 56593 , 66717 , 56024 , 86139 , 23829 , 23830 , 23831 , 89369 , 56602 , 56603 , 56604 , 42202 , 135045 , 129547 , 23841 , 23842 , 23843 , 89383 , 23849 , 135047 , 23852 , 23854 , 42205 , 23857 , 132821 , 56628 , 23862 , 23863 , 23864 , 74975 , 23869 , 56641 , 122180 , 23878 , 135543 , 23880 , 133861 , 122186 , 23887 , 23888 , 23889 , 56661 , 96815 , 89434 , 122205 , 23903 , 91366 , 129348 , 154984 , 122219 , 150281 , 102290 , 140522 , 96829 , 135059 , 154996 , 122229 , 122230 , 91369 , 102292 , 129550 , 89468 , 56701 , 122238 , 122239 , 89472 , 122241 , 122242 , 74987 , 122244 , 102294 , 42220 , 118679 , 56719 , 135064 , 134190 , 23955 , 23956 , 140526 , 102297 , 122264 , 89497 , 42223 , 143015 , 122269 , 23967 , 113418 , 122274 , 122275 , 122276 , 23974 , 23975 , 23978 , 23982 , 149717 , 150694 , 122291 , 23988 , 69534 , 70631 , 140532 , 23994 , 113226 , 74997 , 84816 , 47691 , 58629 , 42230 , 56774 , 24007 , 24008 , 24009 , 24010 , 89553 , 24018 , 89555 , 24020 , 89557 , 89558 , 24023 , 155495 , 24025 , 24026 , 47695 , 152467 , 68450 , 84817 , 24031 , 24032 , 24033 , 145061 , 24038 , 113233 , 56810 , 56811 , 56812 , 56813 , 56814 , 56815 , 56816 , 56817 , 56818 , 56819 , 56820 , 56821 , 56822 , 24055 , 24056 , 56825 , 118698 , 126281 , 80469 , 89600 , 24065 , 24066 , 91365 , 24069 , 75009 , 69548 , 24074 , 133839 , 152423 , 24080 , 24081 , 24082 , 24083 , 122388 , 122389 , 24089 , 84819 , 126282 , 129626 , 24094 , 24095 , 24096 , 24097 , 24098 , 122405 , 110582 , 155743 , 136030 , 24109 , 24111 , 24112 , 155185 , 122419 , 60815 , 155189 , 152470 , 109916 , 155193 , 126283 , 24123 , 24124 , 155198 , 151477 , 107734 , 99005 , 56898 , 24131 , 106643 , 56901 , 155206 , 155207 , 155208 , 155209 , 24139 , 24140 , 47714 , 122446 , 89683 , 89684 , 24149 , 24150 , 24151 , 122456 , 74883 , 150295 , 100097 , 155230 , 113253 , 40085 , 115373 , 122467 , 24164 , 24165 , 24166 , 42257 , 122472 , 24169 , 155795 , 143231 , 107794 , 135101 , 24176 , 140525 , 107795 , 24181 , 155254 , 155257 , 107736 , 122493 , 122494 , 155263 , 155264 , 155265 , 155266 , 24195 , 122504 , 122505 , 56973 , 56974 , 152473 , 24209 , 84823 , 24212 , 148772 , 89752 , 56985 , 107737 , 89756 , 131742 , 24224 , 24225 , 24227 , 56997 , 24230 , 122535 , 24232 , 122537 , 24235 , 89772 , 57006 , 57007 , 57008 , 24241 , 89778 , 89779 , 89780 , 89781 , 89782 , 53193 , 122552 , 146036 , 155323 , 56455 , 89790 , 24257 , 24258 , 24259 , 24260 , 154797 , 128041 , 57032 , 57034 , 57035 , 57036 , 89806 , 89807 , 155347 , 89812 , 24277 , 122582 , 57047 , 57048 , 24281 , 135119 , 24285 , 42277 , 146199 , 85968 , 79946 , 24292 , 91430 , 85969 , 57066 , 126289 , 24303 , 99185 , 89843 , 89844 , 132198 , 24310 , 24311 , 122619 , 122620 , 42282 , 24319 , 57088 , 42283 , 122628 , 154752 , 24326 , 122631 , 42284 , 34635 , 106219 , 122636 , 57101 , 57102 , 57103 , 122640 , 57105 , 89874 , 89875 , 89876 , 89877 , 57110 , 57111 , 57112 , 57113 , 42287 , 155420 , 155421 , 89886 , 153392 , 24358 , 24359 , 24360 , 123099 , 146809 , 150296 , 36829 , 24368 , 24372 , 122677 , 57142 , 47753 , 80464 , 155752 , 122683 , 24382 , 24384 , 24385 , 89922 , 89923 , 57156 , 57157 , 24391 , 122696 , 24395 , 24396 , 135138 , 155470 , 89935 , 122704 , 89939 , 121687 , 122709 , 122710 , 122711 , 122713 , 78505 , 138735 , 89949 , 89950 , 85989 , 89952 , 24417 , 57186 , 57187 , 57188 , 57189 , 122726 , 89959 , 155496 , 89961 , 89962 , 66281 , 89964 , 89965 , 89966 , 89967 , 155504 , 122742 , 122743 , 57208 , 24441 , 24442 , 24443 , 78284 , 122752 , 24449 , 122754 , 85995 , 155525 , 143275 , 89853 , 89992 , 89993 , 113841 , 89995 , 89996 , 96920 , 80467 , 90003 , 90004 , 122775 , 155544 , 140612 , 78285 , 24478 , 91461 , 122784 , 90017 , 90018 , 96923 , 122788 , 58694 , 122790 , 116475 , 64156 , 24491 , 57260 , 80468 , 155569 , 147027 , 57268 , 24503 , 64159 , 24509 , 57279 , 90048 , 64160 , 155586 , 150301 , 24517 , 155590 , 64161 , 57289 , 90058 , 57291 , 90060 , 64162 , 122832 , 122833 , 122834 , 64163 , 90069 , 24534 , 24535 , 68467 , 118659 , 84834 , 155614 , 99019 , 122848 , 90081 , 90082 , 90083 , 90084 , 90085 , 57318 , 122855 , 24552 , 122857 , 39007 , 80551 , 80470 , 122862 , 155631 , 24560 , 122867 , 57332 , 94655 , 129705 , 57337 , 24572 , 129706 , 90113 , 90118 , 90119 , 90120 , 90123 , 90124 , 90125 , 57358 , 90127 , 90128 , 78288 , 136119 , 138998 , 53253 , 24608 , 24611 , 24612 , 113329 , 90152 , 155689 , 154885 , 154669 , 145940 , 58717 , 90160 , 149272 , 85928 , 57397 , 24630 , 57406 , 57407 , 149787 , 24644 , 57415 , 24648 , 24649 , 57422 , 155727 , 155728 , 68471 , 153881 , 122967 , 122968 , 24666 , 122971 , 61267 , 103733 , 24672 , 90209 , 90210 , 57445 , 90215 , 138304 , 57451 , 90222 , 155760 , 90225 , 155762 , 57459 , 90228 , 24693 , 24699 , 57468 , 123243 , 123009 , 121191 , 155763 , 113345 , 75116 , 123020 , 123021 , 154047 , 123024 , 123025 , 90258 , 24723 , 24724 , 24725 , 98802 , 57496 , 57497 , 57498 , 24731 , 24733 , 24734 , 24736 , 24737 , 24738 , 24739 , 24740 , 24741 , 24742 , 24743 , 24746 , 24747 , 123052 , 123053 , 57518 , 57519 , 155824 , 155825 , 155826 , 89855 , 24758 , 24759 , 24760 , 75124 , 115393 , 36895 , 75125 , 57537 , 57538 , 90307 , 155846 , 123079 , 119758 , 57545 , 149473 , 24779 , 143763 , 24783 , 24785 , 57554 , 57555 , 57556 , 57557 , 57558 , 24791 , 24792 , 24793 , 24794 , 24795 , 24796 , 24797 , 24798 , 24799 , 123104 , 24801 , 24802 , 24803 , 86054 , 35742 , 24807 , 24809 , 24810 , 123115 , 155884 , 42289 , 123118 , 90355 , 57588 , 57589 , 90358 , 123129 , 123130 , 90363 , 90364 , 69674 , 90366 , 96981 , 36907 , 113642 , 57605 , 57606 , 140673 , 57612 , 24845 , 24846 , 36909 , 57616 , 57617 , 90386 , 57619 , 114305 , 24857 , 86063 , 123168 , 80603 , 123175 , 123176 , 123177 , 24875 , 123182 , 123183 , 36915 , 90420 , 75145 , 90424 , 79390 , 24891 , 125032 , 69685 , 90434 , 75147 , 69686 , 90439 , 24907 , 24908 , 24909 , 24910 , 107917 , 24912 , 24913 , 134424 , 90454 , 90455 , 123224 , 154679 , 24922 , 123227 , 24924 , 102458 , 108187 , 155999 , 156000 , 24929 , 123234 , 24931 , 132539 , 57702 , 24935 , 57704 , 57705 , 57706 , 57707 , 24943 , 90480 , 90484 , 90485 , 57718 , 57719 , 24952 , 123257 , 123258 , 57723 , 24956 , 120626 , 90495 , 90496 , 90497 , 123266 , 146813 , 123268 , 57733 , 123270 , 53313 , 24969 , 24970 , 24971 , 156045 , 156046 , 132192 , 24976 , 91544 , 123282 , 156051 , 156053 , 123286 , 24983 , 156056 , 156057 , 156058 , 156059 , 133065 , 57757 , 90526 , 102469 , 123296 , 57762 , 57763 , 75672 , 102470 , 155324 , 57769 , 140497 , 57773 , 57774 , 57776 , 57777 , 78509 , 70665 , 102473 , 57784 , 57785 , 52116 , 57787 , 57788 , 57789 , 135042 , 129781 , 25030 , 57799 , 57800 , 69708 , 57803 , 25037 , 25038 , 118861 , 90576 , 119099 , 25043 , 57812 , 90581 , 146169 , 52117 , 25051 , 80634 , 25055 , 128701 , 91558 , 146172 , 90603 , 146173 , 75176 , 151635 , 57851 , 57852 , 25085 , 75032 , 132411 , 25089 , 57858 , 124133 , 25093 , 129793 , 123400 , 124332 , 71759 , 90635 , 25100 , 80642 , 90639 , 25104 , 25105 , 25106 , 25107 , 57876 , 124334 , 57878 , 57879 , 57880 , 57881 , 25114 , 57883 , 90652 , 25117 , 90654 , 25120 , 25121 , 57890 , 57893 , 25127 , 57896 , 25132 , 25133 , 25134 , 25135 , 57908 , 123445 , 113417 , 90680 , 123451 , 64266 , 123457 , 25155 , 25156 , 90693 , 123462 , 57927 , 57928 , 105043 , 128500 , 57934 , 123471 , 124344 , 57939 , 90709 , 25174 , 124345 , 25176 , 86116 , 90714 , 57947 , 91578 , 57954 , 57955 , 86118 , 90728 , 57961 , 25194 , 25195 , 25196 , 64274 , 123502 , 25199 , 25200 , 25201 , 25202 , 25203 , 73845 , 90742 , 25207 , 90744 , 73945 , 90747 , 90748 , 86122 , 80661 , 90752 , 25219 , 25220 , 25221 , 118892 , 25226 , 25227 , 123532 , 118893 , 101246 , 137811 , 25236 , 25237 , 58006 , 113433 , 58008 , 58009 , 25242 , 135279 , 25245 , 90782 , 124357 , 135280 , 138323 , 36977 , 25259 , 135282 , 146205 , 42304 , 146206 , 25270 , 25271 , 151668 , 90810 , 123579 , 123580 , 107978 , 123582 , 90815 , 113228 , 90817 , 90818 , 58051 , 123592 , 107980 , 25290 , 139832 , 76130 , 123599 , 25296 , 25297 , 25298 , 97059 , 58068 , 25301 , 90838 , 58071 , 25305 , 58074 , 25307 , 25308 , 25309 , 80677 , 145963 , 58082 , 52582 , 58084 , 25317 , 58087 , 90856 , 90857 , 90858 , 123627 , 58103 , 58104 , 58105 , 58106 , 87043 , 52127 , 58117 , 58118 , 58119 , 90888 , 58122 , 25355 , 75224 , 58131 , 58132 , 123671 , 123672 , 144411 , 90908 , 123677 , 90732 , 25375 , 58146 , 58147 , 58148 , 123687 , 75228 , 36999 , 58158 , 75229 , 68468 , 102536 , 75230 , 25399 , 113232 , 92478 , 91615 , 123708 , 123709 , 123712 , 108000 , 123714 , 123718 , 42465 , 133964 , 151692 , 58187 , 25420 , 25421 , 25422 , 58196 , 90965 , 58198 , 145725 , 74802 , 25434 , 123741 , 25438 , 91621 , 107793 , 58215 , 25448 , 99049 , 86162 , 123054 , 58224 , 25457 , 25458 , 25459 , 25460 , 90997 , 123769 , 123770 , 123771 , 77227 , 123775 , 91011 , 25476 , 91013 , 58249 , 25482 , 25483 , 123788 , 123789 , 114326 , 25489 , 25490 , 25495 , 25496 , 25499 , 123903 , 25501 , 135058 , 91040 , 58679 , 97094 , 25510 , 99051 , 25514 , 123819 , 25518 , 91055 , 58288 , 108019 , 60618 , 25526 , 123831 , 123832 , 123833 , 91066 , 138306 , 114956 , 69792 , 123845 , 123846 , 69793 , 123848 , 114328 , 123852 , 69794 , 123854 , 80717 , 123856 , 58321 , 25554 , 69795 , 123860 , 25557 , 58326 , 58328 , 58329 , 58330 , 91099 , 140795 , 86182 , 131787 , 25579 , 58350 , 58351 , 58352 , 91122 , 25587 , 25588 , 25589 , 58359 , 135061 , 58361 , 58362 , 58363 , 25597 , 25598 , 25599 , 25600 , 25601 , 25602 , 25603 , 25604 , 25605 , 25606 , 42497 , 25619 , 135062 , 97113 , 91161 , 137968 , 25628 , 25629 , 25630 , 58885 , 123937 , 58402 , 91171 , 146575 , 58407 , 58410 , 91179 , 135063 , 108041 , 69812 , 91197 , 102581 , 58435 , 149301 , 25669 , 25674 , 25676 , 25677 , 91216 , 138307 , 25683 , 25684 , 25685 , 25686 , 25687 , 129892 , 123996 , 123997 , 25695 , 58465 , 37051 , 88146 , 97126 , 58471 , 91240 , 58474 , 25707 , 124012 , 58478 , 58479 , 25712 , 25713 , 25714 , 91252 , 91253 , 91254 , 64361 , 91256 , 91257 , 140521 , 91260 , 25725 , 25726 , 25727 , 25728 , 25729 , 25730 , 25731 , 147691 , 154456 , 58507 , 86210 , 140875 , 101241 , 42520 , 25746 , 25748 , 37060 , 58523 , 135365 , 91300 , 146812 , 91303 , 115394 , 58538 , 91308 , 58541 , 58542 , 91311 , 25777 , 25778 , 25779 , 25780 , 124446 , 91318 , 140523 , 113524 , 25786 , 114336 , 58556 , 58557 , 58558 , 58559 , 25792 , 124097 , 25796 , 25797 , 137472 , 75297 , 124105 , 146295 , 25804 , 25807 , 124113 , 124114 , 114122 , 140524 , 25814 , 91351 , 124120 , 108068 , 58586 , 58587 , 58588 , 25823 , 58592 , 118992 , 91362 , 91363 , 91364 , 58597 , 58598 , 91367 , 91368 , 58601 , 91370 , 75303 , 142551 , 75057 , 129917 , 108072 , 86227 , 91380 , 109066 , 91383 , 96880 , 25850 , 25851 , 25853 , 25854 , 25855 , 25856 , 25857 , 25858 , 25859 , 25861 , 25862 , 25863 , 25864 , 25865 , 25866 , 25867 , 58637 , 75309 , 25872 , 124335 , 114339 , 58647 , 147073 , 58649 , 114995 , 58651 , 112157 , 154178 , 124191 , 124192 , 25889 , 25890 , 25891 , 58660 , 25893 , 58662 , 25897 , 25899 , 25900 , 25903 , 58672 , 133340 , 58678 , 25911 , 25917 , 91454 , 25920 , 25921 , 25922 , 25923 , 58693 , 25926 , 25927 , 25929 , 25930 , 25931 , 25932 , 139833 , 64397 , 148352 , 58707 , 154713 , 98330 , 124249 , 25949 , 127435 , 124257 , 58722 , 25955 , 25956 , 25957 , 91428 , 58728 , 58729 , 25966 , 48019 , 45601 , 25974 , 25975 , 97501 , 25979 , 25980 , 138309 , 58753 , 91429 , 125339 , 149259 , 25993 , 53485 , 113252 , 35782 , 93612 , 124318 , 108101 , 124320 , 84626 , 58786 , 146331 , 123470 , 58790 , 58791 , 58792 , 58794 , 58795 , 58796 , 124333 , 58798 , 58799 , 135411 , 91572 , 91573 , 91574 , 124343 , 26040 , 91577 , 58810 , 26043 , 26044 , 58813 , 58814 , 58815 , 91584 , 91585 , 108107 , 124356 , 26053 , 91593 , 91594 , 53495 , 124364 , 48034 , 26063 , 26064 , 124371 , 127439 , 109981 , 26073 , 26074 , 26075 , 26076 , 26077 , 26078 , 26079 , 91616 , 26082 , 91619 , 91620 , 48038 , 91622 , 153149 , 26088 , 151185 , 58861 , 119037 , 26098 , 151806 , 134600 , 67428 , 33603 , 124413 , 91646 , 140534 , 26117 , 151809 , 91660 , 58898 , 91669 , 33604 , 91673 , 100163 , 108122 , 58910 , 108123 , 130715 , 113585 , 144900 , 108125 , 26161 , 26162 , 26163 , 26169 , 26171 , 26172 , 124478 , 26178 , 147083 , 42593 , 144901 , 42594 , 26190 , 68522 , 108131 , 69902 , 58966 , 58967 , 58968 , 108132 , 48058 , 75365 , 26209 , 80827 , 117361 , 26215 , 26216 , 58985 , 111077 , 26220 , 26221 , 58991 , 58992 , 58993 , 58994 , 58995 , 58996 , 124534 , 75369 , 26236 , 68470 , 146368 , 59012 , 91784 , 108140 , 59019 , 59020 , 48066 , 77494 , 152059 , 26258 , 48067 , 75374 , 102681 , 26265 , 26271 , 26272 , 26273 , 155498 , 69915 , 64454 , 91815 , 91816 , 138311 , 91819 , 26285 , 49976 , 129992 , 26295 , 124600 , 124601 , 105624 , 46703 , 122868 , 26303 , 102688 , 109409 , 124612 , 26310 , 26311 , 124535 , 59084 , 91854 , 73935 , 59092 , 72891 , 59094 , 59095 , 105625 , 59097 , 37975 , 138359 , 147695 , 124639 , 59104 , 77256 , 26341 , 26343 , 124655 , 91888 , 26353 , 91891 , 91892 , 124661 , 119081 , 91896 , 59133 , 78348 , 104243 , 91904 , 124673 , 124674 , 26375 , 26376 , 26377 , 59146 , 59147 , 59148 , 59149 , 59150 , 124687 , 91923 , 59159 , 125034 , 72213 , 59164 , 59165 , 59166 , 59167 , 91936 , 59169 , 26402 , 59171 , 59172 , 59173 , 59174 , 59175 , 26410 , 135474 , 124720 , 105360 , 144204 , 124726 , 42633 , 124728 , 26425 , 26426 , 59195 , 59196 , 26429 , 26430 , 135477 , 124736 , 75403 , 124741 , 59206 , 26441 , 135479 , 59212 , 105629 , 26451 , 151865 , 59224 , 59225 , 59226 , 59227 , 91997 , 91998 , 91999 , 92000 , 92001 , 92002 , 102715 , 26468 , 92005 , 26471 , 26472 , 102716 , 119545 , 59245 , 26478 , 26481 , 26482 , 26483 , 26484 , 26485 , 26486 , 26487 , 59257 , 124794 , 124795 , 124796 , 80874 , 124798 , 42645 , 124800 , 26497 , 92034 , 113643 , 124804 , 59273 , 72897 , 59277 , 153447 , 59279 , 136255 , 59284 , 153641 , 26518 , 108185 , 114793 , 108186 , 142730 , 86341 , 143879 , 80880 , 59298 , 59299 , 26532 , 26533 , 26534 , 113649 , 59304 , 26537 , 26538 , 59307 , 59308 , 59309 , 26542 , 59311 , 26545 , 59314 , 145296 , 26553 , 26554 , 26555 , 59326 , 92095 , 92096 , 102731 , 26564 , 26565 , 105361 , 119116 , 124874 , 80887 , 101433 , 69965 , 129545 , 146424 , 26579 , 26580 , 102734 , 143823 , 59355 , 26591 , 92133 , 92134 , 92135 , 59368 , 59370 , 75431 , 92140 , 69970 , 60407 , 26607 , 26608 , 26609 , 124915 , 118728 , 97278 , 67445 , 64511 , 92156 , 58083 , 86358 , 143593 , 26634 , 59406 , 92175 , 92176 , 26642 , 26643 , 124948 , 75438 , 124950 , 26647 , 123256 , 26656 , 26657 , 26658 , 92196 , 92197 , 124969 , 124970 , 64519 , 26673 , 26674 , 75443 , 92212 , 59449 , 135519 , 59453 , 39078 , 26690 , 59461 , 59462 , 26695 , 59464 , 59465 , 59466 , 111093 , 26700 , 26701 , 26702 , 26703 , 26704 , 26705 , 26706 , 135523 , 97294 , 59478 , 92247 , 69988 , 48143 , 105362 , 137441 , 135525 , 59488 , 59489 , 92263 , 59496 , 125033 , 59498 , 26733 , 125039 , 125040 , 135528 , 26739 , 140990 , 99092 , 92279 , 26744 , 92281 , 59071 , 102762 , 59521 , 92290 , 92291 , 92292 , 59525 , 125062 , 125066 , 146455 , 26764 , 26765 , 125071 , 125072 , 125074 , 135534 , 59542 , 26775 , 26776 , 26777 , 26778 , 26779 , 59549 , 59550 , 37232 , 26786 , 26787 , 26788 , 26789 , 26790 , 26791 , 26792 , 26793 , 26794 , 26795 , 26796 , 26797 , 26798 , 59567 , 59568 , 26801 , 26802 , 26803 , 26804 , 26805 , 26806 , 75466 , 26814 , 119157 , 26816 , 103459 , 26819 , 26820 , 125125 , 125126 , 92359 , 92360 , 91852 , 92362 , 37239 , 48162 , 26831 , 102776 , 92372 , 59605 , 103716 , 110239 , 26845 , 92383 , 92388 , 142045 , 125162 , 26859 , 125164 , 125165 , 131830 , 59634 , 26867 , 26868 , 59637 , 59638 , 59639 , 133514 , 26882 , 123027 , 75092 , 125196 , 26893 , 26894 , 26896 , 26897 , 26898 , 26899 , 26900 , 26902 , 26903 , 137287 , 92444 , 155848 , 92447 , 92448 , 92449 , 92450 , 65210 , 145527 , 59693 , 59696 , 155237 , 92469 , 92470 , 26935 , 26938 , 75487 , 135562 , 26942 , 26943 , 108256 , 92482 , 59715 , 59716 , 26949 , 59718 , 59719 , 26952 , 26953 , 125258 , 125259 , 125260 , 125261 , 125262 , 117877 , 92497 , 59730 , 42723 , 80953 , 92504 , 135567 , 141029 , 98817 , 26982 , 82232 , 26990 , 113725 , 125296 , 59765 , 59766 , 92537 , 92538 , 92539 , 75498 , 130678 , 91463 , 125316 , 92549 , 92550 , 125319 , 125320 , 125321 , 125322 , 133515 , 59793 , 125330 , 92565 , 59798 , 125337 , 92570 , 27035 , 125340 , 27037 , 136819 , 125344 , 108272 , 125346 , 125350 , 125351 , 27049 , 135261 , 45637 , 51681 , 59829 , 101285 , 117652 , 125372 , 125373 , 155630 , 27071 , 27072 , 125377 , 27074 , 27075 , 27077 , 125383 , 125384 , 125385 , 125386 , 125387 , 125389 , 125390 , 113741 , 125394 , 125395 , 153991 , 125401 , 59867 , 125404 , 125407 , 59872 , 113745 , 79464 , 45639 , 113746 , 69644 , 124669 , 27120 , 92659 , 92660 , 105104 , 59897 , 59898 , 92667 , 27132 , 48213 , 92672 , 27137 , 27138 , 37291 , 141057 , 59912 , 102828 , 59914 , 59915 , 44549 , 125453 , 125454 , 92687 , 125456 , 125457 , 27155 , 102830 , 113753 , 107835 , 27162 , 27163 , 59932 , 125469 , 59934 , 59935 , 59936 , 92705 , 96924 , 145199 , 139176 , 59945 , 59946 , 59947 , 59948 , 53682 , 59826 , 59952 , 27185 , 92722 , 92723 , 125496 , 53684 , 27194 , 130143 , 125502 , 37301 , 125504 , 27204 , 137297 , 91123 , 27208 , 142027 , 92753 , 92754 , 64611 , 124686 , 59990 , 59991 , 59992 , 59993 , 151629 , 92764 , 59998 , 107199 , 75536 , 92772 , 80998 , 125545 , 60010 , 92779 , 27244 , 60013 , 92782 , 60015 , 27248 , 64616 , 92786 , 27251 , 60020 , 125557 , 27257 , 27258 , 27259 , 27260 , 27261 , 60030 , 60031 , 27264 , 102848 , 102849 , 27272 , 27273 , 27274 , 141079 , 27277 , 64621 , 128934 , 27285 , 60054 , 64623 , 27292 , 125597 , 125598 , 125599 , 125600 , 27298 , 124699 , 60068 , 60069 , 60070 , 97393 , 110022 , 93800 , 60074 , 27310 , 27311 , 149303 , 113779 , 27317 , 125622 , 125623 , 27320 , 136252 , 91935 , 27324 , 119843 , 138312 , 60100 , 60101 , 60102 , 60103 , 60104 , 60105 , 60106 , 60107 , 60108 , 59170 , 27343 , 125649 , 75555 , 27348 , 27350 , 27352 , 27353 , 27354 , 60123 , 60124 , 125662 , 91941 , 27365 , 27366 , 116714 , 27368 , 125673 , 27373 , 27374 , 27375 , 125680 , 151630 , 137509 , 130244 , 82176 , 124714 , 27387 , 27388 , 60157 , 60160 , 48256 , 60162 , 27395 , 60164 , 60165 , 150397 , 125706 , 102871 , 130178 , 27408 , 130757 , 104570 , 138755 , 27418 , 27419 , 72633 , 51105 , 27426 , 53723 , 150398 , 60199 , 70108 , 60202 , 106753 , 114391 , 102877 , 27441 , 104571 , 27445 , 27447 , 27448 , 138537 , 27450 , 132129 , 141109 , 33648 , 134032 , 125767 , 125768 , 60233 , 124727 , 125772 , 125774 , 125775 , 150044 , 93011 , 93012 , 60247 , 60249 , 60250 , 60251 , 60252 , 27485 , 27486 , 48272 , 152038 , 27496 , 125801 , 93035 , 27501 , 153016 , 59198 , 60278 , 60279 , 93048 , 60281 , 60282 , 76204 , 27522 , 27523 , 60292 , 60293 , 151631 , 60300 , 106895 , 60303 , 86510 , 79617 , 60318 , 99119 , 81051 , 91974 , 27558 , 93097 , 93098 , 147485 , 138756 , 146589 , 55176 , 72634 , 60339 , 153227 , 125877 , 27575 , 27576 , 27577 , 27578 , 27579 , 27580 , 27581 , 27582 , 86517 , 27585 , 27587 , 27588 , 27589 , 27590 , 27591 , 27592 , 27593 , 154768 , 125900 , 125901 , 93134 , 138538 , 130211 , 76207 , 152057 , 100212 , 141135 , 27613 , 60382 , 93151 , 27616 , 93154 , 27619 , 27620 , 60389 , 122826 , 60395 , 60396 , 60397 , 60398 , 60399 , 60400 , 60401 , 27634 , 27635 , 27636 , 27637 , 60406 , 27639 , 27640 , 27641 , 27645 , 98031 , 125955 , 27652 , 27653 , 27654 , 27655 , 125960 , 27657 , 27658 , 60427 , 146605 , 147862 , 125970 , 125971 , 125975 , 37380 , 125978 , 125979 , 27683 , 113661 , 64689 , 104932 , 127493 , 79618 , 108944 , 27701 , 27702 , 60471 , 123263 , 27705 , 27706 , 27707 , 97461 , 27714 , 93251 , 27716 , 27717 , 27718 , 27719 , 27720 , 27722 , 146615 , 27725 , 27726 , 27729 , 27730 , 27731 , 149317 , 126039 , 60506 , 60507 , 60508 , 92930 , 27744 , 86544 , 127349 , 93285 , 87620 , 93287 , 93289 , 27754 , 93291 , 93292 , 93293 , 60526 , 93295 , 93296 , 42856 , 93298 , 93299 , 119316 , 93306 , 27774 , 130901 , 93315 , 93316 , 146625 , 60553 , 27787 , 27788 , 130242 , 27790 , 27791 , 27792 , 27793 , 130243 , 60565 , 60566 , 60567 , 71849 , 27802 , 60573 , 60574 , 97477 , 90530 , 27813 , 59249 , 66394 , 126127 , 91403 , 93363 , 93364 , 90649 , 75368 , 27831 , 106897 , 126138 , 60607 , 127498 , 126147 , 60612 , 60613 , 27849 , 27850 , 27851 , 60620 , 93389 , 27854 , 27855 , 27856 , 27857 , 27858 , 27859 , 27860 , 27861 , 93399 , 149451 , 27865 , 27866 , 27867 , 137900 , 81104 , 60644 , 60645 , 60651 , 60652 , 60654 , 54087 , 156047 , 120366 , 93431 , 27896 , 27897 , 27898 , 60667 , 93436 , 135722 , 60670 , 27903 , 27904 , 27905 , 135723 , 92033 , 27912 , 93449 , 149323 , 113879 , 93452 , 93454 , 135725 , 93456 , 71853 , 115278 , 104587 , 27925 , 27926 , 144959 , 93466 , 86575 , 93468 , 93469 , 93470 , 42885 , 93472 , 27937 , 97499 , 27940 , 97500 , 27948 , 34229 , 126256 , 27953 , 60722 , 143990 , 60725 , 27958 , 27959 , 144960 , 70196 , 113887 , 60734 , 60735 , 93504 , 27972 , 126278 , 126279 , 126280 , 93513 , 27978 , 60747 , 60748 , 147143 , 27985 , 60754 , 60755 , 154060 , 126293 , 126294 , 126295 , 60760 , 92047 , 67491 , 99042 , 37435 , 144651 , 93544 , 70204 , 146663 , 130280 , 28018 , 28019 , 28021 , 28025 , 60795 , 113898 , 122723 , 28034 , 28035 , 28038 , 28039 , 108439 , 60813 , 28047 , 78311 , 60817 , 97518 , 143872 , 75673 , 28057 , 117442 , 60828 , 28065 , 126371 , 123141 , 93606 , 28071 , 63129 , 93609 , 28074 , 28075 , 28076 , 28077 , 28080 , 28081 , 93618 , 130291 , 34760 , 93621 , 93622 , 126392 , 113908 , 28090 , 94935 , 28094 , 28095 , 93632 , 128503 , 60866 , 60867 , 93637 , 147147 , 124949 , 60872 , 42915 , 60884 , 60885 , 60886 , 126424 , 42916 , 28122 , 99138 , 28126 , 42917 , 119376 , 60899 , 108454 , 28134 , 28135 , 60904 , 28138 , 93675 , 60911 , 28144 , 86611 , 59305 , 99139 , 60923 , 60924 , 59306 , 126499 , 60927 , 126464 , 76566 , 60934 , 60937 , 141347 , 60941 , 143876 , 131903 , 97539 , 60948 , 59310 , 141185 , 99140 , 98049 , 103002 , 75696 , 60962 , 60963 , 60964 , 60965 , 60966 , 115614 , 60973 , 60974 , 28209 , 60979 , 60980 , 60981 , 60982 , 93751 , 93753 , 98050 , 89321 , 28220 , 126525 , 60992 , 60993 , 154166 , 60997 , 131976 , 61013 , 61014 , 98389 , 89322 , 28252 , 92090 , 93790 , 93791 , 61024 , 61025 , 28258 , 28259 , 61028 , 28261 , 28262 , 28263 , 28264 , 28265 , 28266 , 28267 , 28268 , 28269 , 28270 , 28271 , 28272 , 28273 , 28274 , 28275 , 61044 , 61045 , 61046 , 61047 , 61048 , 61049 , 61050 , 61051 , 61052 , 61053 , 61054 , 42742 , 61056 , 61057 , 61058 , 61059 , 61060 , 61061 , 61062 , 61063 , 61064 , 149857 , 150427 , 93837 , 84423 , 93152 , 61077 , 61078 , 48409 , 61080 , 95871 , 28316 , 61085 , 61086 , 144972 , 28321 , 28322 , 113947 , 75718 , 64796 , 93866 , 75719 , 93868 , 93869 , 99145 , 126639 , 126640 , 108488 , 139517 , 122059 , 61113 , 28346 , 61115 , 93884 , 61117 , 28351 , 126656 , 93889 , 93890 , 28355 , 93892 , 93896 , 28362 , 28364 , 108493 , 149696 , 96644 , 28370 , 126678 , 129698 , 126681 , 126682 , 124879 , 120323 , 42961 , 61510 , 149339 , 28395 , 93932 , 93933 , 93934 , 93938 , 28405 , 153886 , 53887 , 93692 , 93952 , 98706 , 126725 , 133853 , 90419 , 28429 , 28430 , 28431 , 28432 , 61201 , 28437 , 28438 , 28439 , 28442 , 28447 , 28448 , 127196 , 28453 , 28454 , 148250 , 126763 , 80600 , 28461 , 61230 , 61232 , 61233 , 61234 , 61235 , 108510 , 28470 , 28471 , 28472 , 28473 , 28474 , 28475 , 28476 , 28477 , 28478 , 28479 , 28480 , 28481 , 94018 , 152203 , 61252 , 61253 , 61254 , 61255 , 28488 , 61257 , 61258 , 61259 , 61260 , 28493 , 28495 , 61264 , 28497 , 28498 , 28499 , 28500 , 61269 , 61270 , 61271 , 61272 , 28505 , 61274 , 61275 , 61276 , 48442 , 61278 , 141381 , 130363 , 61285 , 126822 , 126823 , 97596 , 141287 , 143888 , 108521 , 28539 , 28540 , 28541 , 28542 , 61311 , 151856 , 146752 , 28548 , 28550 , 28551 , 28552 , 28553 , 94090 , 94091 , 141293 , 126870 , 28567 , 126872 , 81220 , 28579 , 28580 , 28581 , 28583 , 28585 , 28586 , 28587 , 28588 , 28589 , 61358 , 51473 , 48456 , 108532 , 132979 , 40233 , 124917 , 94144 , 28610 , 48459 , 71876 , 70305 , 28616 , 48460 , 70306 , 94162 , 28627 , 94166 , 94167 , 126936 , 135844 , 28634 , 28639 , 61411 , 135846 , 61415 , 135847 , 48466 , 126958 , 61424 , 86696 , 126967 , 126968 , 126969 , 126970 , 61435 , 126972 , 148257 , 61439 , 61440 , 61441 , 61442 , 61443 , 61444 , 126981 , 94214 , 135852 , 146776 , 61460 , 149349 , 140620 , 152239 , 114433 , 94237 , 71879 , 94241 , 28706 , 130395 , 94244 , 146602 , 94247 , 28712 , 94249 , 61482 , 61484 , 94255 , 125345 , 61490 , 61491 , 114434 , 122072 , 61505 , 61506 , 61507 , 61508 , 28742 , 130401 , 109173 , 28745 , 61514 , 28747 , 28748 , 94286 , 147779 , 28755 , 28756 , 92174 , 94295 , 61528 , 154758 , 65877 , 28768 , 94305 , 28777 , 127084 , 122724 , 61550 , 127090 , 148261 , 133745 , 61559 , 94328 , 28793 , 94330 , 154808 , 28796 , 28798 , 28799 , 94337 , 132541 , 114027 , 128136 , 94341 , 28808 , 28809 , 94347 , 61583 , 127120 , 108568 , 127122 , 148262 , 61591 , 94360 , 104617 , 97647 , 28828 , 28829 , 28830 , 28831 , 28832 , 28835 , 127140 , 127141 , 149356 , 143129 , 61513 , 99162 , 94381 , 127150 , 127151 , 127152 , 61617 , 127154 , 127155 , 28854 , 61623 , 28856 , 155235 , 94398 , 127168 , 61634 , 28873 , 28876 , 28877 , 28878 , 28879 , 61649 , 61650 , 61651 , 28885 , 28886 , 28887 , 94424 , 94425 , 148124 , 94428 , 61661 , 61662 , 61663 , 28896 , 94434 , 28899 , 28900 , 61669 , 28902 , 28903 , 28904 , 28905 , 28906 , 75815 , 28908 , 61677 , 61678 , 61679 , 88253 , 61682 , 104620 , 146814 , 28918 , 61687 , 127225 , 127226 , 127231 , 33697 , 94466 , 66431 , 94468 , 119510 , 61703 , 61704 , 28937 , 28938 , 152279 , 94478 , 61712 , 61713 , 61714 , 61715 , 61716 , 61717 , 61720 , 61721 , 127258 , 127259 , 127260 , 53978 , 94494 , 94495 , 28962 , 61731 , 28964 , 28965 , 94502 , 92209 , 124799 , 127274 , 105713 , 92210 , 94511 , 92211 , 118907 , 60977 , 70367 , 28989 , 134817 , 135904 , 28997 , 28998 , 29000 , 29001 , 29002 , 75831 , 61772 , 61773 , 45702 , 29007 , 29008 , 29009 , 61778 , 61779 , 61780 , 127321 , 127322 , 127324 , 68661 , 94558 , 37605 , 132993 , 127330 , 29027 , 103142 , 29030 , 29031 , 29032 , 127340 , 146087 , 110918 , 119528 , 102442 , 29044 , 29045 , 29046 , 61815 , 29048 , 61817 , 92223 , 137893 , 94590 , 81301 , 94592 , 94593 , 61826 , 94595 , 94596 , 94597 , 94598 , 94599 , 94600 , 70380 , 29066 , 29067 , 29071 , 29072 , 102443 , 143567 , 29077 , 152296 , 127383 , 127384 , 29081 , 127387 , 132995 , 97690 , 29086 , 29087 , 114325 , 29092 , 127397 , 127398 , 29095 , 48540 , 59463 , 119538 , 127540 , 127410 , 67528 , 127415 , 94651 , 29116 , 61887 , 114447 , 81312 , 127426 , 154819 , 94663 , 37623 , 126347 , 81314 , 127438 , 94429 , 127440 , 103160 , 29140 , 76199 , 94680 , 61925 , 29160 , 94697 , 94698 , 94699 , 118813 , 94701 , 29166 , 127475 , 29174 , 75860 , 130256 , 61951 , 152320 , 61954 , 48555 , 92246 , 154479 , 152321 , 127496 , 29194 , 108631 , 110085 , 94733 , 142819 , 108632 , 29202 , 29203 , 29204 , 94741 , 88263 , 137943 , 127521 , 75867 , 154755 , 130481 , 127528 , 127530 , 127531 , 29228 , 97714 , 94766 , 127537 , 127538 , 97715 , 62004 , 62005 , 62007 , 64948 , 29242 , 127547 , 97717 , 62016 , 62017 , 62018 , 62019 , 62020 , 62021 , 62022 , 62023 , 127560 , 127561 , 29258 , 29259 , 62028 , 43106 , 94798 , 29263 , 94800 , 94801 , 108643 , 70414 , 62040 , 122837 , 86799 , 29276 , 127582 , 111179 , 127587 , 62054 , 62055 , 62062 , 56623 , 64958 , 103188 , 29308 , 92266 , 145005 , 126871 , 29317 , 94854 , 103191 , 153607 , 64262 , 62099 , 154144 , 88267 , 127640 , 62105 , 94879 , 94880 , 75888 , 94883 , 94884 , 146886 , 94888 , 84430 , 94894 , 62128 , 146888 , 29363 , 29364 , 62133 , 94903 , 94904 , 29369 , 29370 , 136278 , 29373 , 127678 , 146891 , 139641 , 94917 , 82813 , 62153 , 62154 , 72993 , 29390 , 29391 , 94928 , 92280 , 29395 , 70811 , 94933 , 94934 , 53353 , 94936 , 94937 , 136279 , 102454 , 152084 , 62175 , 81360 , 29411 , 29412 , 29413 , 29414 , 29415 , 29416 , 29417 , 29418 , 29419 , 62188 , 62189 , 62192 , 127729 , 62194 , 29427 , 29428 , 29429 , 29430 , 29431 , 29432 , 29433 , 29434 , 29435 , 29436 , 29437 , 117731 , 62212 , 62213 , 29447 , 127752 , 62218 , 127755 , 127756 , 29453 , 29454 , 29455 , 29456 , 29457 , 29458 , 29459 , 29461 , 29462 , 29463 , 29464 , 95001 , 95002 , 29469 , 75178 , 116641 , 130523 , 29477 , 97756 , 95018 , 129735 , 29487 , 127792 , 29491 , 62260 , 62261 , 97759 , 62270 , 116642 , 95040 , 95041 , 62274 , 75915 , 62277 , 95046 , 95047 , 95048 , 29513 , 95911 , 62296 , 62297 , 127834 , 122725 , 127836 , 62301 , 127838 , 95071 , 29536 , 95073 , 127842 , 54075 , 62308 , 127845 , 127846 , 114431 , 95081 , 100728 , 29550 , 95093 , 29558 , 29559 , 62330 , 107915 , 95101 , 29567 , 62336 , 127875 , 103417 , 127877 , 62342 , 62343 , 122856 , 127883 , 80067 , 81389 , 127556 , 118827 , 144516 , 136003 , 29590 , 62362 , 48623 , 127901 , 62366 , 127903 , 62368 , 127905 , 127906 , 59547 , 135278 , 29609 , 29610 , 29611 , 62380 , 102461 , 29615 , 135033 , 62385 , 62386 , 29619 , 62388 , 125086 , 127926 , 29624 , 127931 , 39176 , 127935 , 95168 , 95169 , 95170 , 62403 , 127940 , 114166 , 29638 , 29639 , 29640 , 29641 , 29643 , 29644 , 59554 , 95182 , 62417 , 62418 , 59555 , 62422 , 62423 , 95193 , 62427 , 62428 , 154199 , 127967 , 127968 , 37712 , 45724 , 62438 , 37713 , 95208 , 102463 , 127559 , 59559 , 102763 , 103250 , 151880 , 62447 , 95216 , 92328 , 137295 , 29685 , 95222 , 125097 , 29688 , 155929 , 29694 , 29695 , 29698 , 29700 , 29701 , 29703 , 29704 , 92332 , 29707 , 29709 , 128014 , 128015 , 128016 , 128017 , 128018 , 48643 , 136025 , 64275 , 29722 , 92335 , 29725 , 128030 , 29727 , 29728 , 29729 , 29730 , 29731 , 29735 , 95273 , 62506 , 142837 , 29740 , 29741 , 136029 , 29744 , 59571 , 29748 , 29749 , 95286 , 29751 , 80643 , 29753 , 29754 , 29755 , 59573 , 132720 , 128066 , 29763 , 95300 , 95301 , 142838 , 95344 , 128076 , 103266 , 108728 , 103267 , 89373 , 117238 , 80644 , 141497 , 147203 , 29788 , 141498 , 62558 , 142729 , 152659 , 141499 , 62564 , 29798 , 142839 , 95336 , 95337 , 137898 , 103271 , 95340 , 95341 , 95343 , 62576 , 29809 , 95346 , 95347 , 95348 , 59582 , 95350 , 86889 , 95352 , 95353 , 29818 , 139977 , 70507 , 128132 , 111493 , 128134 , 128135 , 95368 , 128137 , 128138 , 29835 , 29838 , 70509 , 128145 , 128146 , 112289 , 29851 , 29852 , 29853 , 29854 , 62623 , 62624 , 128162 , 130587 , 95396 , 29862 , 130588 , 125127 , 29868 , 95406 , 114205 , 125128 , 29874 , 62643 , 62644 , 62647 , 62648 , 62649 , 95418 , 85012 , 29890 , 43211 , 91559 , 106315 , 62665 , 95434 , 54135 , 29900 , 128207 , 70520 , 29908 , 29909 , 29910 , 62682 , 95458 , 37755 , 128228 , 114214 , 29926 , 29929 , 95466 , 95467 , 62700 , 62701 , 62702 , 54141 , 62704 , 121473 , 86105 , 95479 , 102472 , 134115 , 75990 , 78352 , 75991 , 29966 , 29967 , 29968 , 29969 , 29970 , 70531 , 63921 , 152665 , 75993 , 62749 , 62750 , 128287 , 130608 , 86180 , 65073 , 103303 , 130610 , 128302 , 92381 , 152456 , 62770 , 62771 , 102474 , 62774 , 152457 , 128312 , 128313 , 75999 , 128316 , 103306 , 48693 , 104613 , 128321 , 128324 , 48694 , 128326 , 62791 , 155503 , 103308 , 128330 , 65079 , 95564 , 128333 , 128334 , 128335 , 65080 , 128339 , 128342 , 128343 , 128344 , 132693 , 121751 , 130618 , 130480 , 62817 , 139574 , 95591 , 95592 , 45737 , 95595 , 95596 , 95597 , 95598 , 95599 , 95600 , 95601 , 95602 , 37779 , 130622 , 100294 , 130623 , 140666 , 95615 , 62849 , 76011 , 152058 , 119702 , 62854 , 154851 , 62859 , 131135 , 128400 , 62865 , 62866 , 128403 , 128404 , 128405 , 128406 , 37785 , 128408 , 128409 , 128410 , 95643 , 95644 , 95645 , 114480 , 95648 , 70555 , 95652 , 109897 , 70556 , 30122 , 30123 , 92073 , 138240 , 114248 , 59635 , 81481 , 43252 , 135718 , 81482 , 95680 , 95681 , 95682 , 81483 , 95684 , 95685 , 54975 , 119937 , 52287 , 128460 , 128461 , 30159 , 100297 , 62931 , 62935 , 62936 , 30172 , 30174 , 54181 , 128481 , 140533 , 30182 , 30183 , 128490 , 136103 , 113537 , 97874 , 30192 , 95729 , 62962 , 81491 , 30196 , 62966 , 30199 , 62968 , 62969 , 62970 , 128507 , 30205 , 30210 , 155183 , 86956 , 95757 , 100299 , 30223 , 30225 , 90479 , 148251 , 128538 , 63003 , 128540 , 128541 , 128544 , 128545 , 63010 , 63011 , 128548 , 63013 , 150558 , 63015 , 128552 , 128554 , 128555 , 100300 , 95789 , 95790 , 108808 , 95794 , 95795 , 95796 , 147038 , 30264 , 104665 , 114271 , 30268 , 108810 , 128574 , 95807 , 95808 , 128577 , 95810 , 43275 , 144909 , 103350 , 95815 , 95816 , 30283 , 30286 , 30287 , 30288 , 30289 , 128687 , 114486 , 76046 , 128600 , 154858 , 95835 , 30302 , 91389 , 108816 , 95842 , 63075 , 63076 , 63077 , 108817 , 95848 , 63081 , 147560 , 30317 , 114487 , 80662 , 30323 , 138492 , 154859 , 95864 , 43284 , 145039 , 30335 , 59931 , 76054 , 30342 , 136129 , 63112 , 143139 , 76055 , 63118 , 114488 , 63121 , 63122 , 82791 , 154860 , 63126 , 30359 , 63128 , 30361 , 63130 , 86119 , 63132 , 63133 , 147056 , 95907 , 136134 , 65137 , 95914 , 95915 , 130264 , 30382 , 30383 , 30384 , 65139 , 128692 , 30391 , 128696 , 86120 , 95930 , 128699 , 30397 , 128702 , 65141 , 63169 , 63170 , 128709 , 128710 , 141601 , 128713 , 128718 , 139814 , 63189 , 30422 , 63191 , 63192 , 128729 , 119759 , 128732 , 141612 , 95972 , 30437 , 30438 , 30439 , 95976 , 95977 , 95978 , 95979 , 104671 , 48765 , 30449 , 95986 , 95987 , 95988 , 61026 , 95990 , 30459 , 63229 , 63230 , 30464 , 30465 , 30466 , 30467 , 30468 , 96006 , 48769 , 63240 , 30473 , 147074 , 30479 , 152960 , 128785 , 128786 , 61027 , 56723 , 63256 , 92524 , 30492 , 134962 , 96036 , 96038 , 63271 , 122131 , 136156 , 145040 , 96043 , 96044 , 96045 , 96046 , 96047 , 94853 , 77395 , 30515 , 30516 , 118699 , 128822 , 128824 , 63289 , 128826 , 128827 , 128828 , 133043 , 128831 , 128832 , 128833 , 123223 , 128835 , 128836 , 122132 , 30536 , 114316 , 128842 , 96075 , 128844 , 70626 , 128846 , 30546 , 63315 , 63316 , 30553 , 63322 , 59706 , 96094 , 96097 , 96098 , 96099 , 128868 , 70630 , 117489 , 30568 , 30569 , 128874 , 63339 , 30572 , 63341 , 30574 , 128879 , 128880 , 128881 , 96114 , 30579 , 30580 , 30581 , 136169 , 96120 , 59711 , 30588 , 63358 , 30591 , 30592 , 30593 , 30597 , 110407 , 128903 , 150297 , 152557 , 63376 , 63377 , 114329 , 63389 , 141712 , 59717 , 128930 , 114331 , 121044 , 128933 , 96166 , 61032 , 132070 , 63407 , 63408 , 59720 , 96183 , 96184 , 96186 , 30651 , 105769 , 63422 , 63423 , 30656 , 63425 , 112316 , 61033 , 30664 , 118863 , 128971 , 128972 , 106043 , 114772 , 30674 , 30675 , 124319 , 30678 , 37881 , 123228 , 63450 , 128987 , 104952 , 30689 , 142585 , 63463 , 63465 , 63466 , 63467 , 63468 , 129005 , 30707 , 93168 , 129014 , 152575 , 63484 , 108885 , 96261 , 30730 , 43351 , 63505 , 30738 , 63507 , 96277 , 122139 , 96282 , 96283 , 96284 , 60753 , 78494 , 128686 , 61036 , 96293 , 96294 , 67583 , 76124 , 96298 , 153996 , 30765 , 30767 , 63536 , 131960 , 30770 , 114355 , 114502 , 30773 , 30774 , 30775 , 30776 , 48820 , 63548 , 30781 , 63550 , 63551 , 63552 , 63553 , 63554 , 54283 , 129096 , 129097 , 30794 , 30795 , 30796 , 30797 , 30798 , 30799 , 30800 , 30801 , 96338 , 76131 , 129110 , 65209 , 129112 , 96345 , 129114 , 129115 , 63580 , 63581 , 63582 , 76133 , 30818 , 65211 , 63588 , 63589 , 144888 , 96360 , 96361 , 74019 , 96370 , 63604 , 114366 , 132610 , 76137 , 63608 , 77406 , 76138 , 129151 , 96385 , 118886 , 76139 , 37910 , 63622 , 147142 , 76140 , 96396 , 106458 , 63630 , 149471 , 130755 , 76142 , 106699 , 61040 , 30876 , 144515 , 129183 , 129184 , 30881 , 129186 , 30885 , 30886 , 68967 , 129196 , 114337 , 30896 , 30897 , 30898 , 30899 , 30900 , 129206 , 96439 , 63672 , 30905 , 63675 , 30908 , 30909 , 67588 , 30914 , 129219 , 30919 , 146198 , 63690 , 70690 , 114119 , 131577 , 67647 , 81614 , 147071 , 30936 , 30937 , 147151 , 30944 , 30945 , 30946 , 30947 , 63717 , 63718 , 63719 , 136231 , 70863 , 96496 , 129265 , 61043 , 129269 , 63734 , 63739 , 63741 , 91595 , 63744 , 136528 , 96514 , 96515 , 96516 , 96517 , 47389 , 138997 , 129288 , 30985 , 30986 , 30987 , 30988 , 30989 , 30990 , 152711 , 63760 , 96529 , 129101 , 143371 , 63767 , 117783 , 129305 , 31002 , 96539 , 96541 , 125317 , 63777 , 63778 , 96547 , 96548 , 125318 , 63784 , 96553 , 63786 , 149472 , 126203 , 96557 , 96558 , 96559 , 63792 , 129329 , 129330 , 63795 , 129332 , 96565 , 129334 , 129335 , 63800 , 125422 , 130783 , 96575 , 129344 , 63810 , 63811 , 63812 , 63813 , 31046 , 63815 , 63816 , 63817 , 129355 , 119967 , 129358 , 141709 , 136248 , 81168 , 31064 , 96602 , 96603 , 96604 , 31069 , 96607 , 63840 , 43408 , 63842 , 96611 , 96612 , 96613 , 70716 , 136335 , 103485 , 31088 , 147072 , 31091 , 134153 , 136254 , 63862 , 31095 , 98213 , 31099 , 63868 , 31104 , 31105 , 154810 , 31107 , 31108 , 92566 , 98028 , 31114 , 141719 , 31116 , 31117 , 98029 , 125468 , 75233 , 63892 , 63893 , 63894 , 63895 , 63899 , 149691 , 55593 , 71960 , 147248 , 113423 , 129442 , 96675 , 152646 , 98033 , 43420 , 31149 , 31150 , 129455 , 63920 , 54344 , 31154 , 31155 , 63925 , 63926 , 63927 , 63928 , 63929 , 31162 , 76191 , 138483 , 147249 , 79599 , 96704 , 76192 , 152651 , 96708 , 76193 , 31176 , 31177 , 63946 , 31179 , 63948 , 63949 , 63950 , 63951 , 63952 , 63953 , 63954 , 63955 , 129492 , 129493 , 31192 , 129497 , 129498 , 63964 , 37968 , 129506 , 98043 , 76198 , 31207 , 129512 , 43431 , 119890 , 31215 , 31216 , 31217 , 31218 , 31219 , 31220 , 98046 , 76201 , 31225 , 63995 , 96764 , 152661 , 31232 , 129537 , 129539 , 31236 , 31237 , 31238 , 31239 , 31240 , 31241 , 31242 , 31243 , 31244 , 31245 , 31246 , 31247 , 31248 , 31249 , 64018 , 64019 , 140699 , 31253 , 31254 , 31255 , 79602 , 31259 , 31260 , 31261 , 64030 , 76208 , 95354 , 114776 , 96810 , 134198 , 31276 , 31277 , 140098 , 31279 , 31280 , 31281 , 31282 , 31283 , 130886 , 108980 , 70751 , 143800 , 31293 , 93788 , 64067 , 64070 , 87137 , 64073 , 64074 , 96845 , 88333 , 114446 , 147510 , 64089 , 116479 , 81679 , 141754 , 152710 , 31328 , 129633 , 129634 , 130925 , 129637 , 31334 , 129639 , 110456 , 76221 , 31344 , 64115 , 140527 , 70761 , 129660 , 117490 , 59840 , 81170 , 31365 , 96903 , 64137 , 96907 , 96909 , 96910 , 96235 , 31377 , 122851 , 110194 , 69786 , 64151 , 64152 , 64153 , 64154 , 87151 , 31388 , 64157 , 64158 , 31391 , 31392 , 31393 , 31394 , 48923 , 107670 , 31397 , 31398 , 31399 , 96937 , 31402 , 31403 , 105175 , 96947 , 48926 , 77425 , 58475 , 64198 , 64199 , 64200 , 130891 , 64203 , 64205 , 64206 , 96976 , 64210 , 77426 , 64218 , 64220 , 100340 , 147238 , 70780 , 99938 , 129772 , 64238 , 134599 , 64243 , 31477 , 153455 , 112602 , 31486 , 124346 , 31488 , 119936 , 129794 , 129795 , 31492 , 31493 , 31494 , 31495 , 31496 , 31497 , 31498 , 31499 , 31501 , 31502 , 31503 , 31504 , 31505 , 31506 , 31507 , 31509 , 31510 , 31511 , 31512 , 147247 , 124347 , 31518 , 31519 , 129824 , 97057 , 97058 , 31523 , 31524 , 31525 , 31526 , 31527 , 64296 , 146170 , 129834 , 97067 , 97068 , 136328 , 64308 , 64309 , 129848 , 114484 , 124348 , 114485 , 31553 , 31554 , 97093 , 64326 , 144020 , 136332 , 98103 , 129869 , 93797 , 31568 , 64337 , 155636 , 141795 , 130873 , 31577 , 97114 , 64347 , 97116 , 97117 , 97118 , 108886 , 97120 , 31586 , 138534 , 31588 , 31589 , 31590 , 31593 , 152531 , 129900 , 93798 , 31598 , 101436 , 118887 , 97137 , 150537 , 31605 , 141801 , 40333 , 129913 , 129914 , 129915 , 129916 , 125418 , 154902 , 43499 , 129924 , 129925 , 31623 , 31624 , 143991 , 48962 , 126533 , 109037 , 97168 , 31636 , 124351 , 31641 , 31643 , 70810 , 145816 , 31651 , 64421 , 141809 , 64424 , 64425 , 64426 , 130887 , 31660 , 70813 , 97200 , 91618 , 70814 , 130889 , 150785 , 31675 , 97212 , 130890 , 129984 , 119968 , 129987 , 31685 , 31686 , 64455 , 64456 , 31689 , 129994 , 117806 , 97228 , 152738 , 129998 , 130893 , 64466 , 152739 , 64468 , 31703 , 64472 , 64473 , 64474 , 124599 , 31708 , 70821 , 115065 , 125435 , 97252 , 81745 , 127436 , 130026 , 130027 , 137960 , 97263 , 64496 , 31731 , 31734 , 38057 , 63251 , 64505 , 64506 , 92671 , 64508 , 38058 , 64510 , 31743 , 64512 , 105270 , 93803 , 101031 , 59905 , 64521 , 147287 , 64524 , 59906 , 64526 , 64527 , 64528 , 64529 , 31762 , 64531 , 64532 , 64533 , 64534 , 64535 , 31768 , 65370 , 109061 , 31777 , 64547 , 64548 , 64549 , 130086 , 87217 , 130088 , 109063 , 31794 , 64565 , 109065 , 31800 , 64571 , 97341 , 97342 , 64575 , 31808 , 82662 , 97346 , 97347 , 66527 , 31815 , 31816 , 92684 , 139575 , 130914 , 109069 , 130915 , 130916 , 109071 , 102535 , 130142 , 98149 , 97376 , 54459 , 64612 , 141841 , 59569 , 64617 , 64618 , 64620 , 31853 , 64622 , 54461 , 64624 , 64625 , 154415 , 95989 , 97397 , 130166 , 130167 , 86169 , 92716 , 130176 , 130177 , 125450 , 130179 , 97413 , 97414 , 81772 , 75708 , 130191 , 130192 , 97428 , 97429 , 125465 , 101032 , 65391 , 31907 , 31908 , 31911 , 92700 , 120007 , 97452 , 132461 , 129144 , 31921 , 31922 , 31923 , 31924 , 31925 , 97462 , 97463 , 97464 , 64699 , 64700 , 97469 , 64706 , 64707 , 97476 , 49014 , 97478 , 31943 , 97482 , 97484 , 97485 , 130254 , 103629 , 128726 , 97489 , 97490 , 97491 , 64724 , 54478 , 97494 , 31959 , 31960 , 130265 , 97498 , 54479 , 31964 , 31965 , 31966 , 97503 , 31968 , 31969 , 141851 , 31976 , 147324 , 70897 , 97516 , 97517 , 64750 , 141864 , 67426 , 89313 , 92713 , 109087 , 64761 , 92714 , 59570 , 64769 , 92715 , 64772 , 70870 , 32009 , 32010 , 70871 , 128728 , 114562 , 32014 , 64785 , 108016 , 109102 , 130326 , 125455 , 49028 , 130330 , 92719 , 32028 , 87258 , 130334 , 130335 , 130336 , 92720 , 120027 , 97572 , 97574 , 92721 , 97576 , 130346 , 61079 , 102542 , 64815 , 64818 , 64819 , 64820 , 134185 , 130362 , 97595 , 32060 , 97597 , 97598 , 32063 , 32064 , 91942 , 99942 , 152735 , 64846 , 64847 , 64849 , 134186 , 140030 , 65445 , 65423 , 130396 , 130397 , 130398 , 130913 , 113636 , 130402 , 130403 , 139619 , 111273 , 32109 , 32110 , 32111 , 97648 , 134187 , 152098 , 97655 , 125503 , 64894 , 90777 , 120892 , 137461 , 67427 , 32139 , 126550 , 32141 , 134188 , 115639 , 96978 , 64919 , 32152 , 32153 , 80723 , 147282 , 32158 , 32159 , 32160 , 141894 , 64935 , 119997 , 134189 , 49053 , 64944 , 64945 , 64946 , 64947 , 32180 , 64949 , 64950 , 141897 , 105820 , 64954 , 32187 , 64956 , 64957 , 32190 , 64959 , 64960 , 64961 , 32194 , 32195 , 101034 , 135281 , 64968 , 109132 , 64970 , 130507 , 130508 , 130509 , 141901 , 154000 , 38136 , 114550 , 71996 , 151926 , 109135 , 32220 , 32221 , 32222 , 32223 , 32224 , 32225 , 32227 , 155375 , 32229 , 97766 , 76369 , 97769 , 97770 , 65447 , 65004 , 65005 , 99275 , 90546 , 97777 , 97779 , 97780 , 65449 , 97785 , 65020 , 81834 , 111278 , 130562 , 130563 , 130564 , 130567 , 130568 , 130569 , 32267 , 32268 , 146207 , 123281 , 148587 , 97811 , 32278 , 154924 , 32280 , 97817 , 49071 , 120008 , 137247 , 152837 , 120070 , 65063 , 99277 , 32300 , 32301 , 32302 , 32304 , 32305 , 65074 , 130611 , 130612 , 65077 , 65078 , 32311 , 32312 , 130617 , 65082 , 130619 , 130620 , 130621 , 65086 , 114613 , 130625 , 103691 , 147382 , 32326 , 152844 , 56724 , 147383 , 108522 , 97871 , 32338 , 32339 , 97876 , 97877 , 113692 , 65114 , 65115 , 97884 , 97885 , 97886 , 97887 , 139879 , 134195 , 97890 , 65125 , 65126 , 65127 , 147388 , 32364 , 87314 , 147289 , 65136 , 32369 , 32370 , 32371 , 32372 , 32373 , 32374 , 92778 , 32382 , 87317 , 125467 , 147392 , 82913 , 116311 , 65157 , 97926 , 32399 , 32400 , 97943 , 97944 , 65179 , 32412 , 97949 , 97950 , 97951 , 65184 , 92784 , 130722 , 130723 , 32421 , 92785 , 144244 , 65195 , 96008 , 131587 , 65202 , 77459 , 65205 , 65206 , 65207 , 65208 , 32441 , 32442 , 32443 , 32444 , 32445 , 32447 , 81867 , 98191 , 101823 , 130758 , 105829 , 102059 , 146201 , 112376 , 32462 , 97999 , 98005 , 98006 , 60025 , 65241 , 32474 , 60026 , 70949 , 80741 , 98021 , 92796 , 65258 , 78552 , 65261 , 98030 , 92797 , 98032 , 32497 , 98034 , 98035 , 98036 , 92798 , 139880 , 109104 , 98042 , 92799 , 98044 , 98045 , 32510 , 98047 , 98048 , 32513 , 32514 , 98051 , 98052 , 98053 , 98054 , 98055 , 62186 , 128745 , 65292 , 65293 , 120109 , 144021 , 43651 , 136494 , 150568 , 136495 , 32545 , 32546 , 98083 , 98084 , 98085 , 98086 , 54577 , 65320 , 81884 , 130860 , 152882 , 93830 , 76424 , 49118 , 152101 , 43657 , 130872 , 65337 , 118058 , 98108 , 60042 , 149537 , 70965 , 130880 , 65346 , 65347 , 130885 , 65350 , 65351 , 65353 , 65354 , 65355 , 130892 , 65357 , 140929 , 92740 , 65362 , 65363 , 65364 , 32597 , 65367 , 106925 , 32602 , 130907 , 137813 , 65373 , 65374 , 65375 , 65376 , 65377 , 98146 , 112909 , 32612 , 32613 , 152753 , 32621 , 32623 , 32624 , 32625 , 141972 , 65404 , 65405 , 60053 , 32640 , 120128 , 98183 , 114236 , 81900 , 32651 , 65422 , 49133 , 65424 , 32659 , 81902 , 130969 , 81903 , 65436 , 130973 , 65439 , 81904 , 109211 , 65444 , 38214 , 65446 , 32679 , 65448 , 32681 , 65450 , 65452 , 32685 , 32686 , 109213 , 130992 , 32693 , 65463 , 98232 , 131001 , 131002 , 32700 , 38218 , 32704 , 131009 , 131016 , 131017 , 127923 , 77251 , 152015 , 54606 , 109220 , 65502 , 109221 , 65504 , 65505 , 65506 , 49147 , 98276 , 92838 , 131050 , 38226 , 96019 , 98303 , 32767 , 
 sentiment score 3 
131072 , 131073 , 2 , 3 , 131076 , 131077 , 131078 , 131079 , 131080 , 131081 , 131082 , 131083 , 131084 , 131074 , 131086 , 15 , 131088 , 17 , 131090 , 19 , 131092 , 21 , 22 , 131095 , 131096 , 131099 , 29 , 30 , 131110 , 39 , 131113 , 131114 , 131115 , 131116 , 131117 , 131122 , 131130 , 59 , 60 , 62 , 152928 , 131138 , 68 , 70 , 71 , 72 , 131145 , 74 , 131147 , 131148 , 78 , 79 , 83 , 131156 , 131087 , 131089 , 152935 , 131091 , 131093 , 133 , 144 , 145 , 146 , 152 , 160 , 161 , 131235 , 131236 , 152945 , 169 , 172 , 152946 , 174 , 184 , 185 , 131258 , 131263 , 131264 , 131265 , 131280 , 131281 , 131283 , 131284 , 213 , 214 , 131287 , 216 , 217 , 219 , 220 , 221 , 222 , 224 , 226 , 228 , 229 , 230 , 131303 , 232 , 234 , 236 , 239 , 241 , 131314 , 131315 , 131316 , 131321 , 131322 , 131323 , 131326 , 255 , 131343 , 281 , 299 , 131372 , 302 , 303 , 305 , 321 , 322 , 324 , 131400 , 131401 , 336 , 354 , 131131 , 131430 , 359 , 362 , 363 , 365 , 366 , 367 , 368 , 131441 , 370 , 372 , 373 , 375 , 131448 , 377 , 131450 , 131451 , 380 , 131453 , 382 , 383 , 131456 , 385 , 386 , 131459 , 388 , 389 , 390 , 131463 , 392 , 131465 , 131466 , 395 , 131468 , 131469 , 131470 , 399 , 131472 , 401 , 131474 , 131475 , 404 , 405 , 406 , 408 , 409 , 410 , 411 , 412 , 413 , 131487 , 131488 , 131490 , 131491 , 131492 , 131493 , 131494 , 131495 , 424 , 425 , 426 , 427 , 428 , 131501 , 131502 , 131505 , 131506 , 131508 , 131509 , 439 , 440 , 441 , 442 , 131515 , 131516 , 131146 , 131518 , 448 , 449 , 450 , 451 , 452 , 453 , 456 , 457 , 458 , 459 , 460 , 461 , 462 , 463 , 131536 , 465 , 466 , 469 , 471 , 472 , 131151 , 483 , 484 , 485 , 131566 , 131567 , 131568 , 131569 , 131570 , 131572 , 131573 , 502 , 131579 , 131580 , 131581 , 131582 , 131583 , 131584 , 131585 , 131586 , 523 , 131612 , 131613 , 552 , 131629 , 131630 , 131631 , 131633 , 563 , 564 , 565 , 566 , 131649 , 131650 , 579 , 580 , 581 , 582 , 131655 , 584 , 585 , 586 , 131659 , 588 , 589 , 131662 , 591 , 592 , 595 , 600 , 601 , 602 , 603 , 606 , 607 , 608 , 131682 , 611 , 612 , 613 , 131686 , 131687 , 131688 , 131689 , 131690 , 131727 , 131728 , 131735 , 131741 , 131743 , 131745 , 675 , 676 , 131749 , 131750 , 682 , 683 , 684 , 131760 , 693 , 694 , 131774 , 131776 , 131777 , 131778 , 131779 , 710 , 711 , 712 , 713 , 131795 , 131799 , 728 , 729 , 731 , 131804 , 131805 , 131806 , 131808 , 131809 , 131810 , 131811 , 131812 , 741 , 742 , 744 , 745 , 746 , 747 , 748 , 749 , 750 , 751 , 752 , 754 , 755 , 756 , 764 , 777 , 778 , 131853 , 782 , 131855 , 131856 , 131857 , 131859 , 131861 , 131877 , 131887 , 830 , 831 , 832 , 833 , 834 , 131908 , 837 , 131910 , 131911 , 131912 , 131913 , 131914 , 131915 , 131916 , 131917 , 131918 , 131919 , 131920 , 131921 , 131925 , 131926 , 131927 , 131929 , 131930 , 131931 , 131932 , 131936 , 865 , 131938 , 131939 , 131940 , 871 , 872 , 878 , 891 , 892 , 894 , 131972 , 131973 , 131977 , 131978 , 131979 , 908 , 131981 , 131982 , 131983 , 131984 , 131224 , 131986 , 131987 , 132004 , 132005 , 132006 , 132007 , 132008 , 132009 , 132010 , 942 , 132019 , 132021 , 132024 , 132025 , 954 , 956 , 962 , 967 , 968 , 132042 , 132043 , 1008 , 1010 , 1011 , 1012 , 1013 , 1014 , 1016 , 1017 , 1018 , 1019 , 1020 , 1021 , 1022 , 132095 , 132096 , 1035 , 1036 , 1037 , 132126 , 132127 , 1062 , 1063 , 1064 , 1065 , 1066 , 1067 , 1069 , 1070 , 1071 , 1073 , 1074 , 1075 , 1078 , 1079 , 1080 , 1082 , 1084 , 1085 , 132162 , 1091 , 132164 , 1093 , 132167 , 1101 , 1102 , 1103 , 1104 , 1105 , 132179 , 1108 , 1109 , 1110 , 1111 , 1112 , 1113 , 1114 , 1115 , 1116 , 1117 , 132190 , 132191 , 132193 , 132194 , 132195 , 132196 , 132197 , 132204 , 132205 , 1140 , 1141 , 1142 , 1143 , 132216 , 1147 , 1148 , 1149 , 132237 , 1170 , 132247 , 132251 , 1187 , 1190 , 1197 , 1211 , 1212 , 1213 , 132286 , 132287 , 132288 , 132289 , 132290 , 1230 , 1231 , 1233 , 1234 , 132309 , 1243 , 1244 , 132317 , 132318 , 132319 , 1253 , 1261 , 1262 , 1263 , 1275 , 1276 , 131285 , 131286 , 1291 , 1292 , 132367 , 1296 , 132376 , 132377 , 132379 , 132380 , 132381 , 132382 , 1311 , 1312 , 1313 , 1314 , 132387 , 132389 , 1318 , 1319 , 1320 , 132393 , 1325 , 1326 , 1327 , 1329 , 1330 , 1331 , 1340 , 132415 , 132416 , 132417 , 132418 , 132419 , 132420 , 132430 , 132439 , 1380 , 131302 , 132455 , 1390 , 132465 , 132466 , 132485 , 132486 , 132487 , 132488 , 132489 , 1418 , 132491 , 132492 , 132493 , 132494 , 1423 , 132496 , 132497 , 132500 , 132501 , 132502 , 132503 , 132504 , 1435 , 1436 , 1437 , 132518 , 132520 , 141419 , 132526 , 132527 , 1457 , 1458 , 1459 , 1460 , 1478 , 132552 , 132555 , 132556 , 132569 , 132571 , 132572 , 132573 , 132574 , 1518 , 1519 , 1520 , 1524 , 132599 , 132601 , 132602 , 131327 , 132608 , 132609 , 1538 , 132611 , 1544 , 1545 , 1547 , 1548 , 1549 , 1550 , 1551 , 1552 , 1553 , 1554 , 1555 , 1556 , 1557 , 1558 , 1559 , 1560 , 1561 , 1562 , 1563 , 1564 , 1565 , 1566 , 1568 , 1569 , 1570 , 1572 , 1573 , 1575 , 1576 , 1577 , 1578 , 1580 , 1581 , 1582 , 1583 , 1584 , 1585 , 1586 , 1590 , 1591 , 1592 , 1593 , 1594 , 1595 , 1596 , 1597 , 1598 , 1599 , 1600 , 1601 , 1602 , 1603 , 1605 , 1606 , 1608 , 1609 , 1610 , 1611 , 1612 , 132694 , 1625 , 1626 , 153189 , 1635 , 153190 , 132714 , 132715 , 132716 , 153192 , 153193 , 1658 , 1659 , 1660 , 153194 , 1662 , 1663 , 1664 , 1665 , 153195 , 1669 , 1671 , 1672 , 1673 , 1674 , 1675 , 1676 , 1677 , 1680 , 1681 , 1682 , 1683 , 1684 , 1685 , 132761 , 132762 , 132763 , 132765 , 132766 , 132767 , 132768 , 132769 , 132770 , 132771 , 132772 , 132773 , 132774 , 1705 , 132778 , 132779 , 132780 , 132781 , 132783 , 132784 , 132785 , 132786 , 1719 , 1720 , 1721 , 132794 , 132795 , 132796 , 132797 , 1726 , 1727 , 1728 , 1729 , 1730 , 1731 , 132808 , 132809 , 132810 , 1742 , 1743 , 132816 , 1745 , 132818 , 1750 , 1751 , 1752 , 1753 , 132830 , 132831 , 132832 , 132833 , 132834 , 132835 , 132840 , 132841 , 132842 , 132843 , 132849 , 132851 , 132852 , 132853 , 132854 , 132855 , 132856 , 132857 , 132858 , 132859 , 132860 , 132861 , 132863 , 132864 , 132865 , 132876 , 1805 , 1806 , 132879 , 132880 , 132881 , 132882 , 132883 , 132884 , 132885 , 132886 , 132887 , 132888 , 132890 , 132891 , 132892 , 132895 , 132899 , 132913 , 1868 , 1869 , 1870 , 1871 , 1872 , 1873 , 1874 , 1875 , 1876 , 1877 , 1878 , 1886 , 1887 , 1888 , 1889 , 132967 , 1901 , 1902 , 1903 , 1907 , 1908 , 1910 , 1911 , 1912 , 1913 , 1914 , 133001 , 133005 , 1935 , 1936 , 1938 , 133014 , 131396 , 133018 , 133019 , 133020 , 133021 , 133022 , 133023 , 133024 , 133025 , 1954 , 1955 , 133028 , 133029 , 1961 , 1964 , 133037 , 133038 , 1967 , 1968 , 1969 , 1970 , 133050 , 133055 , 133056 , 1997 , 133077 , 133086 , 133087 , 133088 , 133089 , 133092 , 133093 , 133094 , 133097 , 133098 , 133101 , 133105 , 133106 , 133107 , 133108 , 133109 , 133111 , 2042 , 133115 , 133116 , 133118 , 133120 , 133122 , 133128 , 133129 , 2076 , 2077 , 133153 , 133154 , 2083 , 133157 , 133158 , 133159 , 133160 , 133161 , 2094 , 2095 , 2096 , 2097 , 2098 , 2100 , 133177 , 133178 , 2109 , 2110 , 2111 , 2112 , 2118 , 2119 , 2120 , 2122 , 2123 , 2124 , 133198 , 152829 , 133207 , 2137 , 133211 , 2141 , 2142 , 2143 , 2144 , 2145 , 2153 , 2154 , 2155 , 2156 , 2157 , 2158 , 2159 , 2160 , 2161 , 133234 , 133235 , 2164 , 133238 , 2167 , 133240 , 2169 , 2170 , 2171 , 2172 , 2173 , 2174 , 133251 , 133252 , 133253 , 2182 , 2183 , 133256 , 133257 , 2186 , 133259 , 133260 , 133262 , 133263 , 133264 , 2194 , 2197 , 2198 , 2200 , 2201 , 2202 , 2204 , 2205 , 2207 , 2208 , 2209 , 2211 , 2212 , 2213 , 2214 , 133287 , 133288 , 2217 , 2218 , 2219 , 2220 , 2221 , 2222 , 2224 , 133297 , 2226 , 133301 , 133306 , 133307 , 133308 , 133309 , 133310 , 2239 , 2240 , 2241 , 2242 , 153292 , 133327 , 131449 , 133337 , 133338 , 2269 , 133349 , 133353 , 2284 , 2285 , 2286 , 2287 , 2288 , 2292 , 131454 , 2294 , 133367 , 133368 , 133369 , 133370 , 131455 , 133374 , 133375 , 133376 , 133377 , 133378 , 133380 , 133385 , 2320 , 133393 , 133394 , 2328 , 2329 , 2330 , 2332 , 2334 , 2336 , 133410 , 133411 , 2340 , 2341 , 152836 , 2343 , 2344 , 133417 , 133418 , 133419 , 133420 , 133421 , 133422 , 133423 , 133424 , 131464 , 133426 , 2355 , 133428 , 133429 , 2358 , 2359 , 133432 , 133433 , 2363 , 2364 , 2366 , 133440 , 133441 , 133442 , 131467 , 133444 , 133445 , 133446 , 133447 , 133448 , 133449 , 133450 , 133451 , 133455 , 133456 , 133459 , 131471 , 153317 , 2400 , 133476 , 133477 , 133478 , 131473 , 2408 , 2409 , 2410 , 2411 , 2412 , 133485 , 133486 , 133487 , 133488 , 133489 , 133490 , 133491 , 133492 , 133493 , 133494 , 153321 , 133496 , 2425 , 2428 , 153322 , 133502 , 2431 , 152839 , 153323 , 2436 , 131478 , 133512 , 133513 , 133517 , 133520 , 133521 , 133522 , 133523 , 133524 , 133525 , 133526 , 133527 , 133528 , 133529 , 133530 , 133531 , 2460 , 133533 , 131484 , 2477 , 2478 , 131485 , 153331 , 2485 , 133558 , 133562 , 133563 , 133567 , 133568 , 2497 , 2498 , 2500 , 133575 , 133576 , 133577 , 133578 , 133579 , 133580 , 133581 , 133582 , 133583 , 2512 , 2513 , 2517 , 133610 , 133611 , 133612 , 133613 , 133614 , 133615 , 133616 , 131496 , 2550 , 2551 , 2552 , 2553 , 133626 , 133627 , 133628 , 131498 , 133630 , 133631 , 133632 , 133633 , 133634 , 131499 , 133636 , 133637 , 133638 , 133639 , 131500 , 2578 , 2579 , 133656 , 133658 , 2587 , 2588 , 2589 , 133662 , 133663 , 133664 , 133665 , 133673 , 133678 , 133679 , 133680 , 133681 , 133682 , 133683 , 2612 , 133685 , 133686 , 133688 , 133689 , 133690 , 133701 , 133702 , 133703 , 133704 , 133708 , 133709 , 133710 , 133711 , 133712 , 131512 , 131514 , 133728 , 133729 , 133730 , 2659 , 2660 , 2661 , 2662 , 2663 , 2665 , 2666 , 2667 , 2669 , 2670 , 133746 , 2677 , 2678 , 2679 , 2681 , 2682 , 2683 , 2684 , 2685 , 2686 , 2687 , 2688 , 2689 , 2690 , 2691 , 133764 , 133765 , 2694 , 2695 , 2696 , 2697 , 2699 , 2700 , 2701 , 2705 , 133778 , 2707 , 133780 , 133781 , 133782 , 2717 , 133790 , 2733 , 2734 , 2735 , 2738 , 2743 , 2744 , 2745 , 2746 , 2747 , 2748 , 2749 , 2750 , 2751 , 2752 , 2755 , 2757 , 2758 , 2759 , 2767 , 2768 , 2772 , 2773 , 2774 , 2775 , 131535 , 133854 , 133855 , 133856 , 133857 , 2787 , 131537 , 2793 , 2796 , 2799 , 133879 , 133880 , 133881 , 2810 , 133883 , 133886 , 133887 , 133894 , 133895 , 133896 , 2842 , 2843 , 2844 , 2849 , 2853 , 133927 , 133928 , 133929 , 133930 , 2861 , 2862 , 2863 , 133936 , 133937 , 133938 , 133939 , 133940 , 133941 , 133942 , 133943 , 133944 , 133945 , 133946 , 133947 , 133948 , 133949 , 133950 , 133951 , 2885 , 2898 , 2910 , 2911 , 133990 , 153404 , 134025 , 134027 , 134030 , 134031 , 2999 , 131574 , 3023 , 134097 , 134098 , 134099 , 134100 , 134101 , 3034 , 134107 , 3036 , 3037 , 3038 , 134111 , 134112 , 3041 , 3042 , 3044 , 3045 , 3046 , 3047 , 3048 , 3050 , 3051 , 134125 , 3054 , 3055 , 3057 , 3058 , 3059 , 3060 , 3061 , 3062 , 3063 , 3079 , 3080 , 3082 , 3083 , 3084 , 3102 , 3106 , 3109 , 3111 , 3112 , 3127 , 3128 , 3130 , 3131 , 134205 , 3135 , 3136 , 3137 , 3138 , 3139 , 3140 , 3141 , 3142 , 3143 , 3144 , 3145 , 3146 , 3147 , 134224 , 134225 , 134226 , 3162 , 3163 , 3164 , 3165 , 3166 , 3167 , 3173 , 3174 , 3187 , 3191 , 3193 , 3194 , 3198 , 3199 , 3203 , 3205 , 3206 , 3208 , 3209 , 3211 , 3213 , 134286 , 3215 , 134288 , 3217 , 3220 , 3221 , 3222 , 3223 , 3224 , 3234 , 3235 , 3236 , 3252 , 3254 , 134328 , 3257 , 3258 , 3259 , 3260 , 134339 , 134340 , 134341 , 134342 , 134343 , 134344 , 134345 , 134346 , 134347 , 3276 , 3277 , 3278 , 134351 , 134352 , 134354 , 134355 , 134356 , 134357 , 134358 , 134359 , 134360 , 134361 , 134362 , 3291 , 3292 , 134366 , 3296 , 3297 , 134370 , 134371 , 134372 , 134373 , 134374 , 134375 , 134381 , 3313 , 3314 , 3317 , 3318 , 3319 , 3320 , 3321 , 3322 , 3323 , 3324 , 3330 , 3332 , 134405 , 3335 , 3336 , 3340 , 3341 , 3343 , 3344 , 3347 , 3348 , 3349 , 3350 , 3351 , 134425 , 134426 , 134428 , 3359 , 3361 , 3363 , 3364 , 3365 , 3366 , 3374 , 3375 , 3376 , 3377 , 134454 , 134455 , 134456 , 3388 , 3389 , 3390 , 3391 , 134466 , 3397 , 3401 , 3402 , 3403 , 134476 , 134477 , 134478 , 134479 , 134480 , 134481 , 134482 , 134483 , 134484 , 3416 , 3417 , 3418 , 3419 , 3420 , 3421 , 3422 , 3423 , 3424 , 3425 , 3426 , 3427 , 3428 , 134501 , 3432 , 3433 , 3434 , 3435 , 3436 , 3437 , 3438 , 3439 , 3440 , 3445 , 3446 , 3447 , 3448 , 153492 , 3451 , 3452 , 3453 , 3454 , 3455 , 3456 , 3457 , 3458 , 3459 , 3460 , 3461 , 3462 , 134535 , 3464 , 134537 , 134538 , 3467 , 3468 , 3469 , 134543 , 3472 , 3473 , 131651 , 131652 , 131653 , 3491 , 131654 , 3496 , 134574 , 3504 , 3505 , 3507 , 3508 , 3509 , 3510 , 3513 , 131658 , 134590 , 134591 , 134592 , 134593 , 134594 , 3528 , 131660 , 134602 , 3531 , 3532 , 3533 , 3534 , 3535 , 3536 , 3537 , 3538 , 3539 , 3540 , 3541 , 3542 , 3543 , 3544 , 3545 , 3546 , 3547 , 3548 , 3556 , 3557 , 3567 , 134642 , 134643 , 3596 , 3597 , 3598 , 144149 , 3610 , 134685 , 134686 , 3615 , 3616 , 3618 , 3619 , 3621 , 3625 , 3633 , 3635 , 3640 , 134715 , 134716 , 134717 , 134718 , 3647 , 3652 , 3671 , 139688 , 3676 , 3705 , 3708 , 3709 , 3710 , 134783 , 134784 , 134785 , 134786 , 134787 , 134788 , 3727 , 134800 , 134801 , 134802 , 134803 , 134807 , 134808 , 134809 , 3738 , 3739 , 3740 , 134813 , 134814 , 3743 , 3744 , 3747 , 134821 , 3761 , 3762 , 3763 , 3764 , 3765 , 3766 , 3767 , 3768 , 134844 , 3775 , 3776 , 134853 , 134854 , 134855 , 134856 , 134857 , 134858 , 3787 , 3801 , 3802 , 3803 , 134876 , 3805 , 3806 , 3807 , 3808 , 3809 , 3810 , 3811 , 134886 , 3817 , 139689 , 3826 , 3827 , 3828 , 134901 , 134904 , 3836 , 134915 , 134916 , 134917 , 134918 , 134919 , 134921 , 134924 , 134932 , 3868 , 3869 , 134946 , 134947 , 3893 , 3894 , 3896 , 3897 , 3898 , 3899 , 3900 , 3901 , 3902 , 3903 , 3907 , 3918 , 134991 , 134994 , 134996 , 134997 , 134998 , 134999 , 3929 , 3931 , 3932 , 135005 , 135006 , 135007 , 135008 , 135009 , 135010 , 135011 , 135012 , 135013 , 135021 , 135022 , 135024 , 3953 , 3967 , 153581 , 3984 , 3985 , 3986 , 3987 , 135090 , 135091 , 135092 , 135094 , 135095 , 4025 , 135109 , 135110 , 135111 , 135112 , 135115 , 135116 , 135117 , 131747 , 4052 , 4053 , 4054 , 4055 , 4056 , 4057 , 4058 , 4059 , 4060 , 4062 , 4063 , 4064 , 4066 , 4067 , 4069 , 4070 , 4072 , 4073 , 4074 , 4075 , 135150 , 4080 , 135153 , 135154 , 135155 , 135156 , 135157 , 135158 , 135159 , 4089 , 4090 , 135164 , 135165 , 135166 , 4095 , 4096 , 131755 , 131756 , 4107 , 4108 , 4113 , 4114 , 4115 , 4116 , 4126 , 4136 , 4137 , 4138 , 4150 , 4151 , 4156 , 4159 , 4162 , 4163 , 4164 , 4165 , 4166 , 4167 , 4168 , 4169 , 4170 , 4171 , 4172 , 4173 , 4174 , 4175 , 4177 , 4178 , 4179 , 4180 , 4181 , 135254 , 4183 , 4184 , 4185 , 4186 , 4187 , 4188 , 4189 , 4190 , 135263 , 131075 , 135269 , 135270 , 135271 , 135272 , 135273 , 135274 , 135275 , 135276 , 135277 , 4212 , 4213 , 4214 , 4217 , 135290 , 135291 , 4220 , 4221 , 4222 , 4223 , 4224 , 4225 , 4226 , 4227 , 135300 , 4229 , 4230 , 135303 , 135304 , 4233 , 135306 , 4235 , 135308 , 4240 , 135322 , 4251 , 4252 , 4253 , 4254 , 135328 , 135329 , 4260 , 4261 , 4262 , 4263 , 4264 , 4266 , 4267 , 4269 , 4270 , 4271 , 4273 , 4274 , 4275 , 4276 , 135350 , 135351 , 4280 , 4281 , 4282 , 4285 , 4286 , 4287 , 135366 , 4295 , 4296 , 135369 , 135370 , 4299 , 4300 , 4302 , 135385 , 135386 , 135387 , 135388 , 135393 , 4327 , 4328 , 4329 , 4334 , 4335 , 135408 , 135413 , 135414 , 135415 , 4344 , 135417 , 135418 , 135427 , 4357 , 4358 , 4359 , 4360 , 4361 , 4362 , 4363 , 153645 , 4368 , 131800 , 153646 , 135447 , 153647 , 4380 , 4390 , 153649 , 4396 , 4397 , 4398 , 4399 , 4410 , 135488 , 4421 , 4422 , 4423 , 135496 , 4437 , 4438 , 4445 , 4446 , 4448 , 4449 , 4450 , 4456 , 4462 , 4463 , 4467 , 4468 , 4469 , 4484 , 4485 , 4486 , 4487 , 4488 , 4489 , 4490 , 4491 , 4492 , 4493 , 4495 , 4497 , 4498 , 4499 , 4500 , 4501 , 4502 , 4503 , 4504 , 4507 , 4508 , 4510 , 4511 , 4512 , 4513 , 4522 , 153672 , 4542 , 4543 , 4544 , 135627 , 135628 , 135631 , 135632 , 135633 , 135634 , 4563 , 4564 , 4572 , 4577 , 4581 , 135658 , 135659 , 135660 , 135661 , 135662 , 135663 , 4592 , 135667 , 135672 , 135679 , 135680 , 135681 , 135682 , 135683 , 135684 , 135685 , 135686 , 135687 , 135688 , 135689 , 135690 , 135691 , 135692 , 135701 , 135702 , 135703 , 135704 , 135705 , 135706 , 135707 , 135708 , 135709 , 135713 , 135721 , 135728 , 4657 , 4658 , 135731 , 135732 , 4661 , 4662 , 4663 , 4664 , 135737 , 135738 , 135739 , 135740 , 135754 , 135755 , 135756 , 135757 , 135758 , 4688 , 131854 , 135766 , 4696 , 4697 , 135770 , 135771 , 135772 , 135773 , 135774 , 4703 , 4704 , 135777 , 135778 , 135779 , 4708 , 4710 , 4711 , 4712 , 4713 , 4714 , 4715 , 4716 , 4717 , 135793 , 135794 , 4724 , 4725 , 4726 , 4727 , 4730 , 4744 , 4745 , 4749 , 4750 , 135823 , 135824 , 135825 , 135826 , 135827 , 4757 , 4760 , 4761 , 4762 , 135835 , 4764 , 4765 , 4766 , 4768 , 4773 , 4774 , 4775 , 4777 , 4778 , 4779 , 4784 , 4788 , 4811 , 4823 , 4824 , 4825 , 4826 , 135909 , 135916 , 135917 , 135918 , 135919 , 135920 , 135921 , 4862 , 4863 , 4871 , 4872 , 4874 , 4876 , 135963 , 4892 , 135965 , 4894 , 4913 , 4914 , 4917 , 4918 , 4919 , 4920 , 4921 , 136010 , 4939 , 136012 , 136013 , 136015 , 136016 , 4947 , 4948 , 136021 , 136022 , 136023 , 4952 , 4961 , 136046 , 4977 , 4981 , 136063 , 136064 , 136065 , 4996 , 4997 , 4998 , 136072 , 136082 , 5012 , 5014 , 5015 , 5016 , 5020 , 131909 , 5027 , 5028 , 136105 , 136106 , 136107 , 136116 , 136117 , 136118 , 136120 , 136128 , 5057 , 5059 , 5060 , 136133 , 5064 , 5065 , 5066 , 5067 , 5069 , 136142 , 5073 , 5074 , 5075 , 5076 , 136149 , 5078 , 136152 , 136153 , 5101 , 136175 , 136176 , 5122 , 5129 , 136205 , 136206 , 136207 , 5136 , 5137 , 5141 , 5157 , 5163 , 5164 , 5165 , 5166 , 5167 , 5168 , 5169 , 5170 , 136244 , 5173 , 5174 , 5175 , 148566 , 5186 , 131937 , 136273 , 5202 , 5214 , 5216 , 136289 , 136290 , 136291 , 136292 , 136293 , 136294 , 5223 , 5224 , 5226 , 5229 , 5235 , 5236 , 5237 , 5238 , 5239 , 5240 , 136314 , 5245 , 136318 , 5247 , 5248 , 5249 , 5250 , 5251 , 5252 , 5253 , 5254 , 5255 , 5256 , 5257 , 5258 , 5259 , 5261 , 5262 , 5263 , 5264 , 136344 , 136345 , 136346 , 136347 , 136354 , 136358 , 136359 , 5314 , 5317 , 5319 , 5320 , 5321 , 5322 , 5323 , 5324 , 5326 , 5327 , 5328 , 5329 , 5330 , 5331 , 136417 , 136418 , 5347 , 5348 , 5349 , 5350 , 5351 , 5352 , 5353 , 5354 , 5365 , 136438 , 136439 , 136440 , 136441 , 136442 , 136443 , 136459 , 136460 , 136461 , 136462 , 5403 , 5404 , 5415 , 5416 , 5417 , 5418 , 5419 , 136492 , 136493 , 5424 , 5425 , 136498 , 136499 , 153822 , 136502 , 136503 , 153823 , 136514 , 136516 , 136517 , 136518 , 5447 , 136520 , 131980 , 136522 , 136523 , 136524 , 136525 , 136526 , 136527 , 136534 , 136535 , 136536 , 136537 , 136543 , 136544 , 5473 , 136549 , 5478 , 5479 , 5480 , 5481 , 5482 , 5483 , 5486 , 5487 , 5488 , 5489 , 5490 , 5491 , 5492 , 136565 , 5494 , 5495 , 5496 , 5497 , 5498 , 5499 , 5502 , 5503 , 5504 , 5506 , 5507 , 5508 , 5509 , 5511 , 5512 , 5513 , 5514 , 136594 , 136595 , 136597 , 5539 , 5542 , 5543 , 5544 , 5545 , 5546 , 144065 , 136627 , 136632 , 136633 , 136634 , 136640 , 136641 , 5570 , 5571 , 5572 , 5573 , 136648 , 5578 , 5579 , 5581 , 152944 , 136660 , 5592 , 5593 , 5594 , 136667 , 5602 , 5633 , 136710 , 136717 , 136718 , 136719 , 136720 , 136721 , 136722 , 132014 , 153860 , 5660 , 153861 , 136741 , 136743 , 5675 , 153864 , 144066 , 136794 , 136801 , 136802 , 136803 , 136804 , 136805 , 136810 , 136811 , 136813 , 136814 , 136815 , 5749 , 5751 , 5752 , 5761 , 5762 , 5763 , 5764 , 5765 , 153879 , 5779 , 5780 , 5781 , 136858 , 5787 , 5788 , 5789 , 5790 , 5791 , 5792 , 136865 , 136866 , 5796 , 5799 , 5800 , 5801 , 5802 , 136876 , 5805 , 5806 , 5807 , 5808 , 5810 , 136883 , 5812 , 136885 , 136886 , 136887 , 136888 , 136889 , 5818 , 136891 , 136892 , 136893 , 136895 , 5824 , 5825 , 136898 , 136900 , 136911 , 136912 , 136913 , 153891 , 136933 , 136942 , 136943 , 136944 , 5887 , 5895 , 5897 , 5898 , 5899 , 5900 , 5901 , 5902 , 136975 , 136976 , 5905 , 136982 , 5917 , 5921 , 5923 , 5931 , 5932 , 5933 , 5939 , 5940 , 5942 , 5943 , 137016 , 5945 , 137025 , 5955 , 5956 , 5961 , 137034 , 137038 , 5972 , 5973 , 137046 , 137047 , 5978 , 5979 , 137055 , 5984 , 137057 , 137058 , 137064 , 137065 , 137066 , 137067 , 137071 , 137072 , 137073 , 137075 , 6007 , 137086 , 137087 , 6019 , 6020 , 6030 , 6046 , 6050 , 6051 , 6052 , 6060 , 6061 , 6062 , 6063 , 6064 , 132083 , 6069 , 6072 , 6073 , 6074 , 6079 , 139867 , 132086 , 137158 , 6087 , 6092 , 6093 , 132088 , 6103 , 6104 , 6105 , 6106 , 6107 , 6108 , 132090 , 6110 , 132091 , 6121 , 6122 , 132094 , 137206 , 6140 , 6141 , 6142 , 6143 , 6144 , 6145 , 6146 , 6147 , 6149 , 6153 , 6155 , 6156 , 137231 , 6164 , 6165 , 6166 , 6167 , 6168 , 6169 , 6170 , 137243 , 137244 , 6173 , 6174 , 6175 , 6176 , 6190 , 153949 , 6200 , 137273 , 6208 , 6210 , 6211 , 6213 , 6214 , 153953 , 6216 , 6217 , 6218 , 6219 , 153954 , 6227 , 6228 , 6229 , 6230 , 6231 , 6232 , 153957 , 153958 , 6246 , 6248 , 6249 , 6250 , 6251 , 6252 , 153960 , 6258 , 6260 , 6261 , 6262 , 6263 , 6267 , 6268 , 6269 , 6270 , 6271 , 6272 , 6273 , 6274 , 6275 , 6278 , 6279 , 137352 , 137353 , 153965 , 6289 , 6292 , 6293 , 6294 , 137367 , 6297 , 6298 , 6299 , 6301 , 137374 , 6303 , 137381 , 139875 , 6335 , 6351 , 6352 , 6354 , 6355 , 6356 , 6357 , 6358 , 6359 , 6360 , 6361 , 6362 , 6363 , 6364 , 6365 , 6366 , 6368 , 6371 , 6373 , 6374 , 6375 , 6376 , 137449 , 137450 , 6380 , 6381 , 6382 , 6383 , 6384 , 6385 , 6386 , 6387 , 6388 , 6389 , 6390 , 6391 , 6392 , 6393 , 6394 , 6398 , 6399 , 6400 , 6401 , 137474 , 132139 , 6404 , 6405 , 6406 , 6407 , 6409 , 6410 , 6411 , 6412 , 137485 , 6414 , 137487 , 6416 , 6418 , 6419 , 137499 , 6445 , 6448 , 6449 , 6450 , 6451 , 6452 , 6453 , 6454 , 6455 , 6456 , 6457 , 6465 , 6466 , 6467 , 137540 , 137541 , 6470 , 137543 , 6472 , 137549 , 137556 , 137557 , 137558 , 137559 , 137560 , 137561 , 137562 , 6491 , 6492 , 6493 , 6494 , 6495 , 6496 , 6497 , 6498 , 6499 , 6502 , 6503 , 6508 , 6509 , 6511 , 6512 , 6520 , 137594 , 137596 , 6525 , 6526 , 137603 , 137605 , 137606 , 137607 , 137608 , 137609 , 137618 , 132163 , 6550 , 6551 , 6552 , 6553 , 6554 , 132165 , 6561 , 6562 , 6564 , 137641 , 137645 , 137646 , 6580 , 137653 , 6582 , 6583 , 6585 , 137658 , 6587 , 137660 , 6598 , 137671 , 137672 , 137673 , 6603 , 6604 , 6605 , 6606 , 6609 , 6610 , 6611 , 6612 , 137694 , 137699 , 137700 , 137701 , 137702 , 137703 , 137704 , 137705 , 137715 , 132180 , 137731 , 137732 , 6665 , 6666 , 6670 , 6671 , 6672 , 6674 , 6675 , 6685 , 6686 , 6688 , 6689 , 132187 , 6693 , 6694 , 132188 , 6703 , 137776 , 137777 , 6713 , 6716 , 137791 , 6721 , 137794 , 6723 , 6724 , 137798 , 137799 , 137801 , 137802 , 6731 , 137804 , 137805 , 6734 , 6735 , 137809 , 6738 , 6743 , 6745 , 6747 , 6748 , 6749 , 6750 , 6751 , 6752 , 6755 , 6756 , 6757 , 137833 , 137834 , 6764 , 137837 , 137838 , 137841 , 137842 , 6771 , 6774 , 6785 , 6786 , 6791 , 6792 , 137865 , 137866 , 137867 , 137871 , 137872 , 137873 , 137874 , 154051 , 137877 , 137878 , 137879 , 137880 , 137881 , 137882 , 137883 , 137884 , 137885 , 137886 , 137887 , 137888 , 137889 , 6818 , 137891 , 137892 , 6826 , 6831 , 6832 , 137905 , 6838 , 6839 , 137915 , 137916 , 137917 , 137918 , 137919 , 137921 , 137922 , 137924 , 132214 , 137926 , 137927 , 137928 , 132215 , 6863 , 6864 , 6865 , 6866 , 6867 , 6868 , 6869 , 6870 , 6874 , 137948 , 137950 , 137951 , 137952 , 137953 , 137954 , 137956 , 137958 , 137959 , 137961 , 137963 , 137971 , 137972 , 137973 , 137974 , 137975 , 6905 , 6913 , 6914 , 137987 , 6917 , 6918 , 137991 , 6920 , 137993 , 154073 , 6941 , 6942 , 6943 , 6944 , 6946 , 6947 , 138041 , 138042 , 138047 , 138048 , 6979 , 6983 , 6996 , 6997 , 154084 , 154085 , 7009 , 154086 , 138100 , 138101 , 138102 , 138103 , 138104 , 138105 , 138107 , 138108 , 138109 , 138111 , 138112 , 138113 , 138114 , 7043 , 7044 , 138117 , 138118 , 7074 , 7075 , 7076 , 7078 , 7079 , 7080 , 138153 , 138154 , 138166 , 138167 , 138168 , 138169 , 7099 , 138172 , 7102 , 7103 , 7108 , 7111 , 7112 , 7113 , 7115 , 7116 , 7117 , 7118 , 7119 , 7121 , 7123 , 7124 , 138197 , 7127 , 138200 , 138204 , 138205 , 138206 , 7136 , 7137 , 7139 , 7141 , 7142 , 7143 , 7153 , 7154 , 138230 , 7163 , 7164 , 7165 , 138246 , 7178 , 7180 , 7181 , 138254 , 138255 , 7184 , 7185 , 7186 , 7187 , 138260 , 138261 , 7190 , 7192 , 138270 , 138271 , 138273 , 138274 , 138275 , 138277 , 138278 , 138280 , 138281 , 138283 , 138284 , 138285 , 138286 , 138288 , 154120 , 138290 , 138291 , 138292 , 138293 , 7225 , 7226 , 7229 , 7230 , 154124 , 154125 , 154126 , 154127 , 7265 , 7266 , 7267 , 7271 , 7286 , 7287 , 7289 , 7292 , 7293 , 7294 , 154133 , 7296 , 7305 , 7307 , 7309 , 7310 , 7312 , 7313 , 7314 , 7315 , 7316 , 7317 , 7318 , 138391 , 138392 , 138394 , 138395 , 153002 , 7332 , 138409 , 7341 , 138415 , 138416 , 138421 , 138422 , 7351 , 7353 , 138429 , 7378 , 7381 , 132303 , 144275 , 138462 , 138464 , 138465 , 138466 , 138474 , 7418 , 7419 , 7423 , 7429 , 7430 , 7433 , 7435 , 7436 , 7437 , 7438 , 7439 , 7444 , 7445 , 7451 , 7452 , 7453 , 7454 , 7458 , 7459 , 132316 , 7466 , 7467 , 7469 , 7470 , 7473 , 7474 , 7475 , 7476 , 7478 , 7479 , 138552 , 7481 , 7482 , 7483 , 7484 , 7485 , 7486 , 7487 , 7488 , 7489 , 7490 , 7492 , 7493 , 7499 , 7500 , 7501 , 138574 , 7503 , 7504 , 7505 , 7506 , 7508 , 7509 , 7510 , 7511 , 7512 , 7513 , 7514 , 7515 , 7517 , 7518 , 7519 , 7520 , 7521 , 7522 , 7523 , 7524 , 7525 , 7526 , 138606 , 138607 , 138608 , 138609 , 138610 , 7540 , 138613 , 138614 , 138615 , 7556 , 7557 , 7558 , 138636 , 138637 , 138638 , 7569 , 7570 , 7572 , 7573 , 7574 , 138653 , 138654 , 138655 , 138656 , 7588 , 7589 , 151270 , 138680 , 138682 , 138684 , 138685 , 138686 , 138687 , 138689 , 7618 , 7620 , 7622 , 7635 , 7640 , 7641 , 7646 , 138730 , 7665 , 7666 , 7669 , 7672 , 138746 , 138749 , 138751 , 135556 , 7691 , 7692 , 7701 , 7702 , 7703 , 7711 , 7718 , 7719 , 138795 , 138796 , 7731 , 7734 , 138825 , 138826 , 138828 , 7771 , 7772 , 7773 , 7774 , 7776 , 7777 , 7778 , 7782 , 7783 , 7784 , 7785 , 7789 , 7790 , 7791 , 7792 , 7794 , 7795 , 7796 , 138880 , 7815 , 7819 , 138892 , 138893 , 7823 , 138896 , 138897 , 138898 , 138900 , 155037 , 138902 , 138903 , 138904 , 138905 , 7834 , 154223 , 7837 , 7838 , 138919 , 138920 , 138921 , 138922 , 138923 , 138924 , 138925 , 7854 , 7857 , 7858 , 7859 , 7860 , 7861 , 138935 , 138936 , 132384 , 138947 , 138948 , 7879 , 7884 , 7885 , 7886 , 7887 , 7888 , 138961 , 138962 , 7893 , 7894 , 138974 , 132390 , 138985 , 138986 , 132391 , 138988 , 132392 , 138994 , 138995 , 138996 , 139000 , 139001 , 7930 , 139003 , 139004 , 139005 , 7934 , 139007 , 7938 , 7939 , 7940 , 139015 , 139016 , 139017 , 139018 , 139019 , 139020 , 139021 , 139022 , 139023 , 7952 , 139025 , 139026 , 139027 , 139028 , 7959 , 7960 , 7961 , 7962 , 7963 , 7964 , 139048 , 7982 , 7983 , 7984 , 7988 , 7989 , 7990 , 7995 , 7996 , 139070 , 8001 , 8002 , 8003 , 139076 , 139077 , 139078 , 139079 , 139080 , 139081 , 8010 , 139085 , 139086 , 139093 , 8038 , 8039 , 139115 , 139116 , 8047 , 8048 , 8049 , 8050 , 8051 , 8052 , 8053 , 8054 , 8055 , 8056 , 8057 , 8058 , 8065 , 8069 , 8070 , 139147 , 139148 , 139150 , 139152 , 139153 , 139157 , 139158 , 139159 , 139160 , 139161 , 8100 , 8101 , 8102 , 8108 , 8109 , 8110 , 8111 , 8112 , 8113 , 8114 , 8115 , 8116 , 8117 , 8118 , 8119 , 8121 , 8122 , 8123 , 139220 , 139221 , 8160 , 8161 , 8162 , 8163 , 8164 , 8165 , 8166 , 8167 , 139244 , 139245 , 8174 , 8184 , 8186 , 8187 , 8189 , 8193 , 8202 , 139281 , 139282 , 8212 , 8217 , 8218 , 8219 , 139298 , 8230 , 8231 , 139304 , 8233 , 8234 , 8239 , 8240 , 8241 , 8242 , 8244 , 8245 , 139326 , 139329 , 139338 , 139339 , 139340 , 139341 , 139342 , 139343 , 139344 , 8278 , 8280 , 8281 , 8282 , 8283 , 8284 , 8285 , 8287 , 8288 , 8289 , 8290 , 8291 , 8292 , 8293 , 8294 , 8295 , 8296 , 8297 , 8299 , 8301 , 8302 , 8303 , 8304 , 8305 , 8306 , 8307 , 8308 , 8312 , 8318 , 8327 , 8328 , 8329 , 8330 , 8342 , 8343 , 8344 , 8345 , 8346 , 8347 , 8348 , 8349 , 8350 , 8351 , 8360 , 8362 , 8363 , 139454 , 139455 , 139456 , 139457 , 8386 , 139459 , 8402 , 139481 , 139482 , 139483 , 139484 , 139485 , 139499 , 139511 , 148675 , 139527 , 8456 , 8457 , 139530 , 8462 , 139549 , 139550 , 8480 , 8481 , 8482 , 8483 , 8484 , 8485 , 8486 , 8487 , 8488 , 8489 , 8490 , 139563 , 139564 , 139565 , 139566 , 139568 , 8521 , 8525 , 8526 , 8527 , 8528 , 8529 , 8530 , 139604 , 139605 , 8534 , 139607 , 8536 , 8537 , 8538 , 8539 , 8540 , 8541 , 8542 , 8543 , 8544 , 8545 , 139618 , 8550 , 8551 , 8552 , 8553 , 8556 , 139630 , 139631 , 139633 , 139634 , 8574 , 8576 , 8577 , 8578 , 139651 , 8580 , 8581 , 8582 , 8583 , 8584 , 8585 , 139659 , 139660 , 139661 , 139662 , 139663 , 139664 , 139665 , 139666 , 139668 , 139669 , 139672 , 139673 , 139674 , 139675 , 139677 , 139678 , 139679 , 139680 , 139681 , 8610 , 8611 , 8612 , 8614 , 8615 , 8616 , 8617 , 8618 , 8619 , 8620 , 8621 , 8622 , 8623 , 8624 , 139697 , 8626 , 8633 , 8634 , 8635 , 8636 , 8637 , 8638 , 8639 , 8642 , 8643 , 139716 , 8645 , 8646 , 8647 , 139720 , 139721 , 8650 , 139729 , 8660 , 8661 , 8664 , 8665 , 8666 , 8669 , 8670 , 8672 , 8673 , 8674 , 8675 , 8676 , 8677 , 8678 , 8679 , 8681 , 8683 , 8684 , 8687 , 139764 , 139765 , 148683 , 139767 , 139768 , 139769 , 139770 , 139771 , 139772 , 139779 , 139782 , 139783 , 139799 , 139800 , 139806 , 139807 , 139808 , 139809 , 139810 , 8751 , 8752 , 8753 , 8754 , 8755 , 8756 , 8757 , 139843 , 8780 , 139853 , 139854 , 148686 , 8787 , 139861 , 8792 , 8794 , 8795 , 8796 , 139869 , 139871 , 139872 , 139873 , 8802 , 8803 , 8804 , 8805 , 8807 , 139881 , 139882 , 139883 , 139884 , 139886 , 139887 , 139888 , 139889 , 139891 , 8823 , 8825 , 8826 , 8827 , 8828 , 8829 , 8831 , 8832 , 8833 , 8834 , 8835 , 8836 , 139911 , 8840 , 139916 , 139917 , 139918 , 139919 , 139920 , 139921 , 139924 , 8858 , 8859 , 8868 , 139944 , 139950 , 139951 , 139953 , 139954 , 139956 , 139957 , 8886 , 8887 , 139970 , 139971 , 139972 , 139976 , 139982 , 139983 , 8912 , 139987 , 139988 , 8928 , 8929 , 8930 , 8931 , 8932 , 140010 , 140025 , 8958 , 8959 , 8960 , 8966 , 8967 , 8968 , 140041 , 8970 , 8971 , 140045 , 8974 , 8975 , 8976 , 140049 , 140052 , 140053 , 8984 , 140068 , 140069 , 140070 , 9001 , 140075 , 140076 , 140077 , 9018 , 9019 , 9020 , 9021 , 140106 , 140107 , 140108 , 140109 , 9043 , 9044 , 9045 , 140125 , 140126 , 140130 , 9071 , 148696 , 140157 , 140160 , 140161 , 140162 , 9091 , 9092 , 9099 , 9100 , 9101 , 9106 , 9107 , 9109 , 9110 , 9127 , 9141 , 9142 , 9145 , 140219 , 140220 , 140221 , 140222 , 140223 , 9152 , 9153 , 140226 , 140227 , 140229 , 140230 , 9159 , 140236 , 140237 , 140238 , 140239 , 140242 , 140243 , 140244 , 140245 , 140246 , 140248 , 9183 , 132603 , 9203 , 9204 , 140277 , 140283 , 140284 , 9213 , 9217 , 140307 , 140308 , 140309 , 140310 , 140311 , 140312 , 140313 , 140314 , 140315 , 140316 , 140317 , 140318 , 140319 , 140320 , 140321 , 140322 , 140325 , 9261 , 9262 , 9263 , 9264 , 9265 , 9266 , 9268 , 9269 , 9270 , 9271 , 9272 , 9273 , 9274 , 9275 , 9276 , 9277 , 9278 , 9279 , 9280 , 9281 , 9282 , 9283 , 9284 , 9285 , 9286 , 9287 , 9288 , 9289 , 9290 , 9291 , 9310 , 140384 , 140385 , 140386 , 140387 , 140388 , 9321 , 9322 , 9323 , 148704 , 9326 , 9327 , 9328 , 9329 , 9330 , 9331 , 9336 , 132628 , 140414 , 132629 , 9348 , 132630 , 9350 , 9351 , 9352 , 9353 , 9354 , 9355 , 9357 , 9359 , 9361 , 140435 , 140436 , 140437 , 140438 , 140439 , 140440 , 9370 , 140447 , 140448 , 140449 , 140452 , 140453 , 140454 , 140455 , 148706 , 140458 , 140459 , 140461 , 140462 , 140463 , 9397 , 9398 , 9401 , 140475 , 140476 , 140477 , 140480 , 9409 , 140482 , 140483 , 9413 , 9414 , 9416 , 9420 , 140509 , 140513 , 140514 , 140515 , 140516 , 140517 , 140518 , 140520 , 140538 , 9473 , 9474 , 9475 , 9476 , 9477 , 9478 , 140551 , 140552 , 132652 , 140554 , 140555 , 140556 , 140557 , 140558 , 132653 , 140560 , 140564 , 132654 , 140566 , 140567 , 140568 , 140569 , 9499 , 140573 , 140574 , 140575 , 140597 , 140599 , 140600 , 140602 , 9531 , 9532 , 148711 , 140610 , 140611 , 140614 , 9551 , 9552 , 9553 , 9554 , 9555 , 9556 , 9557 , 9559 , 9561 , 140636 , 140637 , 140638 , 140639 , 132667 , 9579 , 9590 , 9592 , 9594 , 9599 , 9602 , 140676 , 140677 , 9606 , 140679 , 140680 , 9609 , 140682 , 140683 , 9612 , 140685 , 140693 , 140696 , 9625 , 131256 , 9633 , 9634 , 9637 , 9639 , 9641 , 9642 , 9644 , 9645 , 9646 , 9647 , 9648 , 9656 , 131257 , 9672 , 9673 , 9674 , 9682 , 9687 , 9688 , 9689 , 9691 , 9692 , 9693 , 9694 , 9695 , 9696 , 140769 , 140770 , 140771 , 140772 , 9701 , 9702 , 9703 , 9704 , 140777 , 140778 , 9710 , 9711 , 9712 , 140799 , 140800 , 9734 , 9739 , 140813 , 9751 , 9755 , 9756 , 140858 , 9787 , 9788 , 9789 , 9790 , 140863 , 140865 , 140869 , 140871 , 140872 , 140873 , 9807 , 140881 , 140883 , 140884 , 140885 , 9814 , 9815 , 140893 , 140894 , 140895 , 140896 , 140897 , 140898 , 9831 , 140910 , 140911 , 140912 , 140930 , 140931 , 140936 , 140937 , 9867 , 9868 , 9869 , 9870 , 9871 , 9872 , 9874 , 140947 , 140948 , 140949 , 153087 , 9880 , 9884 , 9885 , 9886 , 9887 , 9891 , 9896 , 9897 , 9898 , 9899 , 9900 , 9901 , 140982 , 9912 , 9914 , 9915 , 9916 , 9917 , 9918 , 9919 , 9920 , 9921 , 9922 , 154571 , 9924 , 9925 , 9926 , 140999 , 141000 , 141001 , 141002 , 141003 , 141011 , 141018 , 141019 , 9948 , 132730 , 141022 , 132731 , 9956 , 141030 , 9967 , 9976 , 9978 , 9979 , 141054 , 141055 , 9993 , 9994 , 141067 , 141068 , 10007 , 10008 , 10009 , 141092 , 141093 , 141096 , 141097 , 141098 , 141099 , 141100 , 141101 , 141102 , 141103 , 141104 , 141105 , 141106 , 10040 , 141114 , 141116 , 132746 , 141118 , 141119 , 141120 , 141124 , 141125 , 141126 , 141127 , 141128 , 10057 , 141130 , 141131 , 141132 , 141133 , 135635 , 10063 , 141137 , 141138 , 141139 , 141140 , 141141 , 10073 , 141149 , 141150 , 141151 , 141152 , 141153 , 141157 , 141158 , 141159 , 141160 , 10089 , 10090 , 10091 , 10101 , 10106 , 10107 , 10109 , 132757 , 141184 , 10116 , 141189 , 141190 , 141191 , 141192 , 10121 , 10132 , 141205 , 10135 , 141212 , 141213 , 141214 , 141215 , 10151 , 10152 , 10153 , 10154 , 10155 , 10156 , 10157 , 10158 , 10159 , 10160 , 10161 , 10162 , 10163 , 10164 , 10165 , 10166 , 10168 , 10169 , 141243 , 141244 , 141245 , 141246 , 141253 , 10189 , 141267 , 141272 , 141273 , 135367 , 10209 , 132777 , 141322 , 141324 , 141325 , 10264 , 10265 , 10272 , 10273 , 10274 , 141355 , 141356 , 10285 , 10286 , 10287 , 10288 , 10289 , 10290 , 141363 , 10294 , 10295 , 10296 , 10297 , 10298 , 10299 , 10300 , 10301 , 10302 , 141375 , 141378 , 154635 , 141382 , 141387 , 141388 , 141389 , 141390 , 141398 , 132793 , 141400 , 141412 , 10342 , 141416 , 141417 , 141418 , 10347 , 10351 , 141427 , 10356 , 10357 , 132799 , 132800 , 132801 , 141449 , 141450 , 141451 , 141452 , 141453 , 10382 , 141455 , 141456 , 10387 , 10391 , 10394 , 10406 , 10407 , 10408 , 10416 , 141491 , 10423 , 10425 , 10427 , 10428 , 10429 , 10430 , 10431 , 10432 , 10433 , 10434 , 10435 , 141509 , 141510 , 141511 , 141512 , 141514 , 141515 , 144377 , 10453 , 132815 , 132817 , 10476 , 10477 , 10485 , 10486 , 10487 , 10489 , 10490 , 10496 , 10497 , 141573 , 10506 , 10508 , 10518 , 10519 , 10520 , 10521 , 10532 , 10547 , 10548 , 10554 , 10555 , 10556 , 10558 , 10559 , 10560 , 10561 , 10570 , 10571 , 141646 , 141649 , 141650 , 141651 , 141652 , 141653 , 141654 , 141655 , 10584 , 10585 , 10586 , 10587 , 10588 , 10589 , 10592 , 10593 , 10598 , 10611 , 10612 , 141687 , 141688 , 141689 , 10635 , 10636 , 10654 , 141727 , 141728 , 141729 , 141730 , 141731 , 141732 , 141737 , 141738 , 141739 , 141740 , 141741 , 141742 , 141743 , 141744 , 141745 , 10674 , 141748 , 141749 , 10678 , 141751 , 141752 , 141753 , 10683 , 10684 , 10685 , 10686 , 141759 , 10688 , 141761 , 10695 , 10697 , 10701 , 10702 , 10703 , 10704 , 10705 , 10706 , 10707 , 141780 , 141781 , 10710 , 10711 , 10712 , 10714 , 10715 , 10725 , 10726 , 141799 , 141800 , 141803 , 10732 , 10733 , 10734 , 10735 , 10736 , 10737 , 10738 , 10739 , 10740 , 10741 , 10742 , 10743 , 10746 , 10747 , 10755 , 10756 , 10757 , 10760 , 141833 , 10762 , 10763 , 10764 , 141837 , 141838 , 10767 , 10768 , 10770 , 141844 , 10780 , 10802 , 141882 , 141883 , 141884 , 141893 , 10829 , 10830 , 10833 , 10836 , 10852 , 10853 , 10854 , 10855 , 10856 , 10857 , 10858 , 10859 , 10860 , 10861 , 10862 , 10872 , 10873 , 10874 , 10875 , 10876 , 10877 , 10878 , 10881 , 10887 , 10888 , 10889 , 10890 , 10893 , 10894 , 10895 , 10896 , 10897 , 10898 , 10899 , 10900 , 10901 , 10902 , 10904 , 10905 , 10906 , 10908 , 10909 , 10910 , 10911 , 10912 , 10913 , 10914 , 10915 , 10916 , 10919 , 141993 , 10932 , 10933 , 10934 , 10935 , 10936 , 10937 , 10938 , 10939 , 10948 , 10951 , 10952 , 10964 , 10965 , 10966 , 142055 , 142056 , 10996 , 10997 , 10998 , 10999 , 11001 , 142074 , 142075 , 11005 , 11006 , 11007 , 11008 , 11009 , 142082 , 142083 , 11012 , 11013 , 11014 , 11015 , 11016 , 142089 , 11018 , 142091 , 11020 , 142093 , 142094 , 142095 , 142098 , 11041 , 11042 , 142125 , 142129 , 142130 , 142131 , 142132 , 11063 , 142136 , 11065 , 11066 , 142139 , 142140 , 142141 , 11070 , 11071 , 11072 , 11073 , 11074 , 11075 , 11077 , 11078 , 11079 , 142152 , 11081 , 11082 , 11083 , 11084 , 11085 , 11086 , 11087 , 11088 , 11089 , 11090 , 11091 , 11092 , 11093 , 11100 , 11101 , 11102 , 142191 , 11134 , 11143 , 11144 , 142218 , 142219 , 142220 , 142221 , 11153 , 11154 , 11156 , 11160 , 11161 , 11162 , 11163 , 11164 , 11165 , 11169 , 142243 , 142244 , 142245 , 142247 , 142248 , 11177 , 11183 , 11184 , 142260 , 142262 , 11198 , 11199 , 11201 , 142274 , 142275 , 142276 , 11215 , 142292 , 142293 , 11233 , 11236 , 11237 , 142310 , 142311 , 142316 , 142317 , 11250 , 11251 , 11252 , 142325 , 142326 , 142327 , 142357 , 142358 , 142359 , 142360 , 142363 , 142364 , 142366 , 11301 , 11310 , 142385 , 142386 , 142387 , 142388 , 142389 , 142390 , 142391 , 142392 , 11321 , 11329 , 11330 , 11331 , 11342 , 142424 , 142427 , 142431 , 142432 , 142437 , 142441 , 142442 , 142445 , 142450 , 142451 , 142452 , 11381 , 11382 , 11383 , 142456 , 11385 , 142458 , 142459 , 142460 , 11393 , 142470 , 11401 , 11405 , 11408 , 11409 , 11410 , 11417 , 11418 , 11419 , 11420 , 11426 , 142511 , 11440 , 11442 , 142516 , 11455 , 11456 , 11457 , 11458 , 11459 , 11460 , 11462 , 11463 , 11464 , 11465 , 11466 , 11467 , 11470 , 11473 , 11474 , 11475 , 142548 , 142549 , 11478 , 142558 , 142559 , 11488 , 11489 , 11490 , 11492 , 11493 , 11494 , 142567 , 11496 , 11497 , 11498 , 11506 , 11510 , 11511 , 11514 , 11515 , 142589 , 140048 , 142591 , 142593 , 11522 , 142595 , 11524 , 11525 , 11526 , 11527 , 11528 , 11529 , 11530 , 11531 , 11532 , 11533 , 11552 , 11554 , 11555 , 11556 , 11557 , 11558 , 142631 , 142632 , 142633 , 142634 , 142635 , 142636 , 142637 , 142638 , 142639 , 142640 , 142641 , 142642 , 142643 , 11573 , 11576 , 11578 , 11579 , 11581 , 11582 , 11583 , 11584 , 11585 , 11587 , 11588 , 11589 , 11590 , 142666 , 11595 , 11607 , 11608 , 11611 , 133008 , 142702 , 142703 , 142704 , 142705 , 142706 , 142707 , 142708 , 142709 , 142710 , 11639 , 142712 , 142713 , 142714 , 142715 , 142716 , 142717 , 142718 , 11647 , 142727 , 142728 , 11662 , 11663 , 11664 , 11667 , 11670 , 11671 , 11672 , 11673 , 11674 , 11675 , 11676 , 11677 , 11678 , 11679 , 11680 , 11681 , 11682 , 11683 , 11684 , 11685 , 11687 , 11688 , 11689 , 11693 , 11694 , 11696 , 11697 , 11698 , 11699 , 11700 , 11701 , 11702 , 11703 , 11705 , 11706 , 11707 , 11708 , 142781 , 142782 , 11711 , 142784 , 11713 , 11714 , 11715 , 11716 , 11719 , 11720 , 133026 , 142798 , 142799 , 142800 , 142801 , 142802 , 133027 , 142804 , 142805 , 142806 , 142807 , 11742 , 11743 , 11744 , 11745 , 11746 , 11747 , 11749 , 11752 , 154876 , 11757 , 11758 , 11759 , 11760 , 11763 , 11764 , 11765 , 11767 , 11768 , 11772 , 11773 , 11774 , 142852 , 11787 , 11793 , 11794 , 11795 , 11807 , 142893 , 142894 , 142897 , 142898 , 142899 , 11830 , 11831 , 11835 , 142910 , 142911 , 142914 , 142915 , 142916 , 142917 , 142918 , 142919 , 142920 , 142921 , 11850 , 11851 , 11852 , 142927 , 142928 , 11858 , 11877 , 11883 , 11884 , 11891 , 11892 , 11893 , 11894 , 142984 , 154904 , 142995 , 142996 , 142997 , 154905 , 154906 , 11941 , 143018 , 143019 , 143037 , 143038 , 143039 , 11972 , 11973 , 11974 , 11976 , 11977 , 11978 , 11979 , 11980 , 11981 , 11982 , 11987 , 11988 , 11989 , 143064 , 143065 , 143068 , 11999 , 12000 , 12001 , 12002 , 12003 , 12019 , 12020 , 12021 , 12026 , 143099 , 12028 , 143103 , 12041 , 12042 , 12043 , 12044 , 12045 , 12046 , 143122 , 143123 , 12052 , 12053 , 12054 , 12055 , 12056 , 12057 , 12058 , 12059 , 12060 , 12061 , 12070 , 143143 , 143144 , 143161 , 143162 , 143163 , 143164 , 143165 , 143166 , 143167 , 143168 , 143169 , 143170 , 143171 , 143172 , 143173 , 143179 , 143187 , 143188 , 143190 , 12119 , 143192 , 143193 , 143199 , 12132 , 12133 , 12134 , 12135 , 12136 , 12142 , 12143 , 12144 , 12145 , 143218 , 143219 , 12155 , 12156 , 12157 , 12158 , 12159 , 12162 , 143235 , 12170 , 154947 , 12181 , 12182 , 12183 , 12184 , 143267 , 143268 , 143269 , 143270 , 143271 , 143272 , 12214 , 12215 , 12216 , 143303 , 143304 , 143305 , 12235 , 12236 , 12237 , 12238 , 12239 , 12240 , 12242 , 12243 , 12244 , 12245 , 12250 , 12251 , 143324 , 133114 , 143326 , 143328 , 143329 , 12265 , 143350 , 12282 , 143355 , 143356 , 143357 , 143358 , 143361 , 143362 , 143363 , 143364 , 143365 , 143366 , 12296 , 12297 , 12298 , 12311 , 12312 , 12325 , 12326 , 12327 , 12328 , 12329 , 12330 , 12331 , 12349 , 143423 , 143424 , 12354 , 12355 , 12357 , 12370 , 12371 , 12372 , 143449 , 143453 , 12384 , 12385 , 12386 , 12387 , 12388 , 12390 , 12391 , 143466 , 143467 , 143468 , 143469 , 143470 , 143471 , 12400 , 12401 , 12402 , 12403 , 12404 , 12405 , 12406 , 143479 , 143480 , 12409 , 12410 , 12412 , 12413 , 12418 , 12419 , 12420 , 12421 , 143502 , 12431 , 143504 , 12433 , 12434 , 12435 , 12436 , 12437 , 12438 , 143511 , 12440 , 12441 , 12442 , 12443 , 12444 , 143517 , 12446 , 143519 , 143520 , 143546 , 143547 , 143548 , 143560 , 143566 , 12497 , 133155 , 12508 , 143581 , 143582 , 143583 , 143584 , 143585 , 143586 , 143587 , 143588 , 143589 , 143590 , 143597 , 143599 , 143600 , 143601 , 143603 , 143604 , 143605 , 143606 , 143610 , 143611 , 143612 , 143613 , 143614 , 12546 , 12547 , 143624 , 143628 , 143629 , 143630 , 12560 , 143633 , 143634 , 12567 , 12568 , 133167 , 133168 , 133169 , 12594 , 12595 , 143684 , 143685 , 143686 , 143687 , 143688 , 143689 , 12618 , 143691 , 143692 , 143693 , 143695 , 12633 , 12634 , 12652 , 12654 , 12655 , 12657 , 143730 , 143731 , 133183 , 143751 , 143753 , 143754 , 143755 , 143756 , 143757 , 143758 , 143759 , 143760 , 143761 , 12690 , 143764 , 143765 , 12694 , 143767 , 143768 , 143769 , 143770 , 12699 , 143772 , 143774 , 12704 , 12705 , 12706 , 12707 , 12714 , 12719 , 12720 , 143797 , 12757 , 12758 , 12759 , 12763 , 12768 , 12769 , 12771 , 143850 , 12779 , 143852 , 12783 , 12784 , 12785 , 12786 , 12787 , 12788 , 12790 , 12791 , 12792 , 12793 , 12794 , 12795 , 12796 , 12797 , 12798 , 12799 , 12802 , 12803 , 12805 , 12806 , 12807 , 12808 , 12809 , 12823 , 143934 , 12868 , 143942 , 143943 , 143944 , 12873 , 12874 , 12875 , 143948 , 12877 , 143950 , 143951 , 143956 , 143957 , 143958 , 143959 , 143960 , 143961 , 143962 , 12894 , 12897 , 12898 , 12899 , 12900 , 143992 , 12921 , 12922 , 133226 , 12930 , 144003 , 144004 , 12935 , 144008 , 12937 , 133231 , 133232 , 133233 , 12977 , 12979 , 12980 , 12981 , 12982 , 12983 , 12984 , 12985 , 12986 , 12987 , 12988 , 12989 , 12991 , 12992 , 12993 , 12994 , 144067 , 144068 , 12998 , 133239 , 135733 , 13006 , 133241 , 13017 , 144093 , 13022 , 133243 , 144101 , 133244 , 133245 , 13042 , 13043 , 133246 , 13047 , 13055 , 13056 , 144129 , 13063 , 13064 , 13065 , 13066 , 13068 , 13069 , 13072 , 13073 , 13074 , 13075 , 13076 , 13077 , 144150 , 13079 , 13080 , 13081 , 13082 , 13083 , 13084 , 13086 , 133254 , 144166 , 133255 , 13102 , 144178 , 144179 , 144180 , 144181 , 13114 , 13115 , 13116 , 133258 , 144192 , 144193 , 13122 , 13123 , 13124 , 13125 , 144198 , 144199 , 144200 , 144201 , 144202 , 144217 , 13148 , 13157 , 13158 , 13159 , 13160 , 13161 , 13162 , 13163 , 13165 , 13166 , 13167 , 13168 , 13169 , 13170 , 13171 , 13172 , 13173 , 13174 , 13176 , 13177 , 13180 , 13184 , 13185 , 13186 , 13187 , 13189 , 13190 , 13191 , 13192 , 13193 , 13197 , 13198 , 13199 , 144272 , 13201 , 13202 , 13203 , 13204 , 13205 , 13206 , 13207 , 13210 , 144283 , 13212 , 13213 , 144291 , 144298 , 13240 , 13241 , 13243 , 13244 , 13245 , 13247 , 13248 , 144326 , 144327 , 13256 , 13257 , 144330 , 144331 , 13260 , 13261 , 13262 , 13263 , 13264 , 13265 , 13266 , 133283 , 144340 , 144341 , 13270 , 13271 , 13272 , 13273 , 13274 , 13275 , 13277 , 13278 , 133285 , 133286 , 13289 , 144362 , 144364 , 13293 , 144368 , 144369 , 144370 , 13299 , 144372 , 144373 , 144374 , 133289 , 144376 , 13305 , 144378 , 144379 , 144380 , 133290 , 144382 , 144383 , 133291 , 133292 , 13324 , 13325 , 13326 , 133293 , 144403 , 144404 , 133294 , 144406 , 144407 , 144408 , 144409 , 144410 , 144413 , 144414 , 144415 , 144416 , 155142 , 13355 , 144431 , 144438 , 13367 , 144440 , 144441 , 144442 , 144443 , 13372 , 144445 , 144446 , 144447 , 144448 , 144449 , 144450 , 144451 , 144452 , 144453 , 144454 , 144455 , 144456 , 144457 , 144458 , 144459 , 13388 , 13392 , 144473 , 13402 , 13403 , 144478 , 144479 , 144480 , 144481 , 144482 , 144483 , 144484 , 144485 , 144486 , 144487 , 144506 , 133311 , 13441 , 13442 , 13443 , 13445 , 13449 , 133314 , 13455 , 13457 , 144531 , 13464 , 13465 , 13466 , 13467 , 13474 , 13478 , 13486 , 13489 , 13490 , 13491 , 13492 , 13493 , 13494 , 144579 , 144586 , 144587 , 144588 , 144589 , 144590 , 144591 , 144592 , 144593 , 144594 , 13523 , 13524 , 13525 , 144598 , 144600 , 144601 , 144602 , 144603 , 144604 , 144605 , 144608 , 144609 , 144610 , 144611 , 144612 , 144614 , 144615 , 144617 , 144618 , 144619 , 144620 , 144621 , 144622 , 144623 , 144624 , 144625 , 144626 , 144627 , 144628 , 144629 , 144630 , 144631 , 144632 , 144633 , 144634 , 144635 , 13564 , 13565 , 144644 , 144645 , 13574 , 13575 , 13576 , 144650 , 13582 , 13583 , 13584 , 144658 , 13587 , 13588 , 13589 , 13590 , 13591 , 144666 , 144674 , 144678 , 144679 , 13612 , 144686 , 144687 , 144693 , 13623 , 13639 , 13640 , 144714 , 144715 , 13648 , 13649 , 13652 , 13656 , 13658 , 13665 , 13666 , 144745 , 13676 , 13677 , 13678 , 13679 , 13680 , 13681 , 13682 , 13683 , 13684 , 13690 , 13692 , 13693 , 144766 , 13695 , 13696 , 144769 , 13706 , 13707 , 13708 , 13709 , 144783 , 144786 , 13717 , 13718 , 144798 , 13730 , 144814 , 144815 , 144816 , 144817 , 13746 , 13747 , 13748 , 13749 , 13750 , 13751 , 13752 , 13753 , 144826 , 13755 , 13756 , 13757 , 13758 , 13759 , 13761 , 13763 , 133366 , 13769 , 13771 , 13774 , 13775 , 13776 , 13781 , 13782 , 144858 , 144859 , 13790 , 13791 , 13792 , 13793 , 13796 , 13797 , 13798 , 13799 , 13800 , 13801 , 13802 , 13803 , 13804 , 13805 , 144878 , 13807 , 13808 , 13809 , 13810 , 13811 , 13815 , 13816 , 13817 , 13818 , 13819 , 13820 , 13821 , 13822 , 13823 , 13824 , 13825 , 13826 , 13827 , 13829 , 13830 , 13831 , 13832 , 13833 , 144906 , 13835 , 13836 , 13837 , 13838 , 13839 , 13840 , 13841 , 144914 , 13843 , 13844 , 13845 , 13846 , 13847 , 13848 , 13849 , 13850 , 13852 , 13854 , 13855 , 13856 , 13857 , 13858 , 13859 , 13860 , 13861 , 13872 , 13874 , 13875 , 144955 , 13885 , 13887 , 13890 , 144965 , 144983 , 144984 , 144985 , 144986 , 144988 , 144989 , 144992 , 133392 , 144994 , 144995 , 144996 , 144997 , 144998 , 144999 , 145000 , 13929 , 145002 , 145003 , 145004 , 13940 , 13942 , 13943 , 13944 , 13945 , 13946 , 13947 , 145025 , 145026 , 145027 , 145028 , 145029 , 145030 , 145031 , 145038 , 13969 , 13974 , 145049 , 145050 , 145051 , 13981 , 13982 , 154596 , 153224 , 145070 , 13999 , 14000 , 145073 , 145074 , 145075 , 145076 , 145080 , 145081 , 145082 , 14015 , 14016 , 14017 , 14018 , 14019 , 14020 , 14021 , 14022 , 14023 , 14024 , 14025 , 14026 , 14027 , 14028 , 14029 , 14030 , 14031 , 14032 , 14033 , 145106 , 145107 , 133412 , 14042 , 14043 , 14044 , 14050 , 14051 , 14052 , 14053 , 14054 , 14057 , 14058 , 133415 , 133416 , 145138 , 145139 , 145140 , 145145 , 14075 , 14076 , 14077 , 145150 , 145151 , 145152 , 145153 , 145154 , 14083 , 145156 , 145157 , 145158 , 145159 , 14088 , 14092 , 14093 , 14102 , 14107 , 14108 , 145190 , 133425 , 145198 , 133427 , 14134 , 14135 , 14136 , 145210 , 145211 , 14140 , 14141 , 14142 , 14143 , 14144 , 14145 , 14146 , 14147 , 145220 , 14149 , 14150 , 14151 , 14152 , 14153 , 133431 , 145231 , 14160 , 14161 , 14163 , 14164 , 14165 , 14166 , 14167 , 14169 , 145244 , 14175 , 14176 , 14177 , 14182 , 133436 , 14186 , 14190 , 14196 , 14197 , 14198 , 14199 , 14200 , 14201 , 14202 , 14203 , 14204 , 14205 , 14206 , 14214 , 14216 , 14219 , 14226 , 133443 , 14228 , 14229 , 145310 , 14241 , 14242 , 14243 , 14244 , 14246 , 14247 , 14248 , 14249 , 14250 , 145323 , 145324 , 145325 , 145326 , 145327 , 145329 , 14258 , 14259 , 14260 , 14261 , 14262 , 14263 , 14265 , 145338 , 145339 , 145340 , 145341 , 14271 , 14272 , 14273 , 14274 , 14275 , 145353 , 145354 , 145358 , 145359 , 145360 , 145361 , 145362 , 14297 , 14302 , 14303 , 14305 , 14310 , 14311 , 14312 , 14318 , 14319 , 14320 , 153235 , 145423 , 14352 , 145425 , 14362 , 14363 , 14364 , 145442 , 145443 , 145444 , 145457 , 145458 , 145459 , 14390 , 14391 , 14392 , 14393 , 14394 , 14395 , 14398 , 14399 , 14401 , 14403 , 14406 , 14407 , 14408 , 145482 , 145483 , 14412 , 14413 , 145486 , 14415 , 14416 , 14417 , 14418 , 14419 , 14420 , 145493 , 145494 , 14423 , 14424 , 145497 , 145498 , 14427 , 14428 , 14429 , 145503 , 14438 , 14439 , 14440 , 145514 , 145515 , 14447 , 14448 , 14453 , 14454 , 14456 , 133482 , 14467 , 14470 , 14472 , 133484 , 145547 , 145548 , 145549 , 145550 , 145552 , 145557 , 145575 , 145576 , 145577 , 145578 , 145592 , 145593 , 145594 , 145606 , 145607 , 14542 , 14544 , 14545 , 145620 , 14549 , 14550 , 14552 , 14555 , 14557 , 14558 , 14559 , 14560 , 145639 , 145640 , 145641 , 145642 , 145649 , 145650 , 145651 , 145652 , 145653 , 145654 , 145655 , 145656 , 14586 , 14588 , 14589 , 14592 , 14602 , 14604 , 14608 , 14613 , 14615 , 14617 , 14618 , 14619 , 14620 , 145693 , 14622 , 14623 , 14624 , 14625 , 14628 , 14629 , 14630 , 145707 , 14638 , 14639 , 14640 , 14642 , 14643 , 14644 , 14646 , 145719 , 14648 , 14649 , 14650 , 14651 , 14652 , 145728 , 145732 , 145733 , 145734 , 145735 , 14673 , 14674 , 14675 , 14676 , 14677 , 14680 , 14681 , 14682 , 14690 , 145763 , 155368 , 155369 , 14713 , 14714 , 155370 , 155371 , 145798 , 155372 , 14733 , 155373 , 14737 , 145813 , 145814 , 145815 , 145817 , 145818 , 145819 , 145820 , 14749 , 145822 , 145823 , 145824 , 14753 , 14758 , 14759 , 14760 , 14761 , 14762 , 14763 , 14764 , 14765 , 14766 , 14767 , 14768 , 14769 , 14770 , 14775 , 14781 , 14782 , 14783 , 14784 , 14785 , 14786 , 14790 , 14791 , 14792 , 14793 , 14795 , 145868 , 14800 , 14801 , 14802 , 14803 , 14804 , 14807 , 14808 , 14809 , 145882 , 14818 , 14819 , 145895 , 145896 , 145897 , 145898 , 145899 , 145900 , 145901 , 145908 , 145917 , 14851 , 14852 , 14853 , 14854 , 14855 , 14857 , 14858 , 14860 , 14861 , 14862 , 14863 , 14864 , 14865 , 14866 , 14888 , 14889 , 14892 , 145966 , 14897 , 14902 , 14903 , 14904 , 14905 , 14906 , 155402 , 145982 , 145983 , 14914 , 145987 , 145988 , 145991 , 155404 , 155405 , 155407 , 14943 , 14944 , 14945 , 14947 , 14948 , 146021 , 155409 , 14956 , 155410 , 14960 , 14961 , 14963 , 14964 , 14969 , 14971 , 14972 , 14973 , 14974 , 14975 , 14976 , 14977 , 133569 , 146058 , 146062 , 14995 , 146069 , 14998 , 14999 , 15000 , 146081 , 146082 , 146084 , 146085 , 15014 , 15015 , 15016 , 15017 , 146090 , 146091 , 146094 , 15029 , 15030 , 15031 , 15032 , 15033 , 15034 , 15037 , 15038 , 146117 , 146118 , 146119 , 146120 , 146121 , 146122 , 146123 , 146124 , 146125 , 146126 , 146127 , 146128 , 148895 , 15066 , 146143 , 15072 , 15073 , 15079 , 15080 , 15081 , 15082 , 146159 , 146161 , 146162 , 146163 , 146164 , 146165 , 146167 , 146168 , 155434 , 146180 , 146182 , 146183 , 146186 , 146195 , 146202 , 146203 , 15137 , 15144 , 15148 , 15152 , 15153 , 146232 , 146233 , 15166 , 15167 , 15172 , 15174 , 15175 , 15176 , 15177 , 15185 , 15186 , 15187 , 15189 , 15190 , 15191 , 15193 , 15195 , 146268 , 146270 , 146271 , 146272 , 146273 , 146276 , 146279 , 146280 , 146281 , 15218 , 15222 , 15223 , 15224 , 15225 , 15226 , 15245 , 15246 , 15247 , 146321 , 146322 , 15261 , 146339 , 146341 , 146342 , 146343 , 146344 , 146350 , 146362 , 15303 , 146376 , 133623 , 146384 , 146385 , 146386 , 133625 , 15325 , 15326 , 15327 , 15330 , 15331 , 15333 , 15334 , 15335 , 146408 , 146409 , 15343 , 15345 , 15346 , 15347 , 15348 , 15349 , 15350 , 15351 , 15352 , 15353 , 15354 , 15355 , 15356 , 15357 , 15358 , 15360 , 146433 , 146441 , 15370 , 146444 , 146445 , 146446 , 146447 , 133635 , 15390 , 146469 , 146485 , 15425 , 146499 , 146503 , 146504 , 15433 , 15434 , 146507 , 15474 , 15476 , 15481 , 15484 , 146560 , 146561 , 146562 , 15492 , 15493 , 15494 , 15497 , 15498 , 15499 , 15500 , 15501 , 15502 , 15503 , 146576 , 146577 , 15509 , 15510 , 15511 , 146584 , 146585 , 146586 , 133659 , 15529 , 15530 , 15531 , 15532 , 15534 , 15535 , 15536 , 146609 , 146610 , 146611 , 146612 , 146613 , 15542 , 155508 , 155509 , 146632 , 146633 , 15582 , 15587 , 155517 , 146691 , 146696 , 146705 , 146712 , 146713 , 146714 , 146715 , 146716 , 146717 , 146718 , 146719 , 146720 , 146721 , 146722 , 146723 , 146724 , 146725 , 146726 , 15656 , 15660 , 15661 , 15662 , 15665 , 15666 , 15667 , 15668 , 15669 , 15670 , 15672 , 15673 , 15675 , 15676 , 15677 , 15681 , 146754 , 146755 , 15687 , 15689 , 15690 , 155533 , 15697 , 155534 , 155535 , 146783 , 146784 , 146785 , 146786 , 15719 , 146796 , 155538 , 15728 , 15730 , 15731 , 15732 , 15733 , 146806 , 146807 , 146808 , 155540 , 155541 , 146821 , 15752 , 15753 , 15754 , 15755 , 155545 , 15770 , 15771 , 146844 , 146845 , 15777 , 15778 , 15779 , 15780 , 15781 , 15782 , 15783 , 146857 , 146859 , 15788 , 15789 , 146862 , 146863 , 146864 , 15793 , 15794 , 146868 , 146869 , 146870 , 146877 , 146878 , 15812 , 131462 , 155553 , 15816 , 15817 , 15825 , 15826 , 15827 , 15828 , 15829 , 146902 , 15832 , 15835 , 15839 , 15843 , 15844 , 15845 , 133713 , 15857 , 15858 , 15859 , 15860 , 15861 , 15862 , 15863 , 15864 , 15865 , 15866 , 15869 , 15870 , 15871 , 146951 , 146952 , 146953 , 15888 , 146976 , 146977 , 146980 , 146981 , 146986 , 15915 , 146988 , 15919 , 15931 , 15933 , 15934 , 147009 , 147010 , 147011 , 15942 , 15946 , 15947 , 15948 , 15949 , 15950 , 15951 , 15952 , 15953 , 15954 , 15955 , 15956 , 147032 , 133732 , 15965 , 15966 , 133733 , 15968 , 15969 , 15970 , 15971 , 15972 , 15977 , 15978 , 15979 , 15982 , 147059 , 147061 , 15992 , 15993 , 15994 , 15995 , 15996 , 15998 , 15999 , 16000 , 16002 , 16003 , 16004 , 16005 , 16006 , 16007 , 16008 , 16009 , 16010 , 16011 , 16012 , 16013 , 16015 , 16016 , 16017 , 16019 , 16020 , 16021 , 16022 , 16023 , 16025 , 16026 , 16027 , 16028 , 16030 , 16031 , 16032 , 16053 , 147131 , 147132 , 16063 , 16064 , 16066 , 133750 , 133751 , 16082 , 16083 , 16084 , 16085 , 16086 , 16087 , 16088 , 16089 , 16090 , 16091 , 16092 , 16093 , 147166 , 16096 , 16097 , 16100 , 16101 , 16102 , 16103 , 147185 , 147186 , 147187 , 16121 , 16123 , 16127 , 16128 , 133760 , 16130 , 16131 , 16132 , 16133 , 16134 , 16135 , 16136 , 16137 , 147212 , 133762 , 147214 , 16143 , 147216 , 147217 , 147218 , 133763 , 147220 , 147221 , 16150 , 16151 , 147226 , 147227 , 147228 , 147229 , 16160 , 16161 , 16162 , 16165 , 16166 , 16167 , 16168 , 133767 , 16175 , 16180 , 16181 , 16182 , 16187 , 16189 , 155616 , 155617 , 147277 , 147278 , 147280 , 147281 , 155619 , 155620 , 16222 , 16223 , 16225 , 16226 , 16227 , 16228 , 16229 , 147305 , 131476 , 16235 , 16236 , 16237 , 16238 , 16239 , 16242 , 16243 , 16244 , 16245 , 16247 , 16259 , 16261 , 16262 , 16263 , 16264 , 16265 , 16266 , 16267 , 16268 , 16269 , 16270 , 16272 , 16273 , 16274 , 16275 , 16276 , 16278 , 16281 , 16282 , 147361 , 147362 , 147366 , 147367 , 16297 , 16298 , 147373 , 147374 , 147375 , 16304 , 16305 , 16306 , 16307 , 16308 , 16309 , 16310 , 16311 , 16312 , 16313 , 16314 , 16315 , 16316 , 16317 , 16318 , 16319 , 16321 , 16323 , 147396 , 16325 , 155640 , 16338 , 16339 , 16342 , 16343 , 16344 , 16345 , 16346 , 16347 , 147426 , 147427 , 147428 , 147429 , 147436 , 147437 , 147438 , 16369 , 16371 , 16372 , 16373 , 16375 , 16376 , 16377 , 16380 , 16381 , 16382 , 16383 , 16384 , 147457 , 147458 , 147459 , 147460 , 147461 , 16390 , 16391 , 16392 , 16396 , 16397 , 16398 , 147483 , 147484 , 16416 , 16417 , 147490 , 16419 , 147492 , 147493 , 147494 , 147495 , 147496 , 147497 , 147498 , 147499 , 16429 , 16430 , 16431 , 147504 , 147505 , 16434 , 16435 , 16436 , 16437 , 147511 , 16440 , 147513 , 147514 , 147515 , 147516 , 147517 , 147518 , 147520 , 147521 , 147533 , 16462 , 16465 , 16469 , 147545 , 16474 , 147552 , 147553 , 16483 , 16486 , 16487 , 16488 , 16489 , 16490 , 16491 , 16492 , 16493 , 16494 , 16495 , 16496 , 16502 , 16504 , 16505 , 16506 , 147588 , 147589 , 16518 , 16519 , 155671 , 147599 , 147606 , 147607 , 147608 , 147611 , 147612 , 16578 , 16579 , 16580 , 16587 , 16588 , 16594 , 16595 , 16598 , 16599 , 16600 , 16603 , 16604 , 16605 , 147680 , 16610 , 147693 , 147694 , 147699 , 16628 , 16629 , 16630 , 147703 , 147704 , 147707 , 147710 , 133845 , 147712 , 16641 , 147714 , 133846 , 16648 , 16651 , 16652 , 16653 , 16657 , 16658 , 16659 , 16660 , 147743 , 147744 , 16673 , 16674 , 16675 , 16676 , 16677 , 16678 , 16679 , 16680 , 147755 , 147756 , 147777 , 147778 , 147782 , 16711 , 16719 , 133859 , 16724 , 16725 , 16727 , 16734 , 147807 , 147810 , 147811 , 16740 , 16741 , 16742 , 16749 , 147834 , 16765 , 16768 , 16769 , 16770 , 16771 , 16772 , 147846 , 147847 , 147848 , 147849 , 147887 , 147893 , 147894 , 147895 , 16828 , 16829 , 16842 , 16846 , 147919 , 16859 , 16860 , 133882 , 147937 , 147938 , 147939 , 147940 , 147941 , 147949 , 147950 , 147951 , 16883 , 147958 , 147971 , 147972 , 16901 , 16906 , 16907 , 16908 , 16909 , 16910 , 16911 , 16915 , 16916 , 16917 , 16918 , 16919 , 16920 , 16921 , 16922 , 16923 , 16924 , 16926 , 16927 , 16928 , 16929 , 16930 , 16931 , 16934 , 16935 , 16943 , 16944 , 148017 , 16949 , 16950 , 148051 , 148065 , 148066 , 148068 , 144595 , 148084 , 148085 , 148086 , 17020 , 148093 , 17027 , 17028 , 17029 , 17032 , 17033 , 17034 , 17035 , 17036 , 17038 , 17039 , 148112 , 17041 , 17042 , 148115 , 148116 , 17045 , 149379 , 144597 , 148132 , 17062 , 17063 , 17064 , 148137 , 148138 , 148139 , 148140 , 17072 , 148172 , 17101 , 17102 , 148175 , 148176 , 148179 , 17123 , 17124 , 148223 , 148224 , 148225 , 148226 , 148227 , 148228 , 148229 , 148230 , 148231 , 148237 , 148238 , 133933 , 148240 , 148241 , 133934 , 17174 , 133935 , 17182 , 17196 , 148275 , 17204 , 148282 , 17212 , 155787 , 17232 , 17240 , 17244 , 17245 , 17249 , 17250 , 17251 , 17252 , 17253 , 17254 , 148327 , 148328 , 17257 , 17258 , 148331 , 148332 , 148333 , 148334 , 148335 , 17264 , 148337 , 148338 , 17267 , 148340 , 148341 , 148342 , 148343 , 148344 , 148345 , 148346 , 148347 , 148348 , 148349 , 148359 , 148360 , 148363 , 17299 , 17305 , 17306 , 17307 , 17308 , 17309 , 17311 , 17312 , 17313 , 17321 , 17323 , 17325 , 17331 , 148405 , 148406 , 148419 , 148420 , 148421 , 148422 , 148423 , 17358 , 17359 , 17360 , 17361 , 148434 , 148437 , 17366 , 17367 , 17368 , 17370 , 17371 , 17372 , 17373 , 17374 , 17375 , 17378 , 17379 , 17381 , 17382 , 17388 , 17392 , 148476 , 148477 , 17407 , 17408 , 17410 , 17430 , 17431 , 148506 , 17436 , 17440 , 148514 , 148515 , 148516 , 17445 , 17446 , 17447 , 148520 , 148521 , 148522 , 148523 , 17452 , 148527 , 148528 , 148529 , 148530 , 148531 , 17478 , 17479 , 148552 , 17482 , 17494 , 148567 , 17501 , 17507 , 17508 , 17509 , 17510 , 17511 , 17512 , 17513 , 17514 , 17515 , 17516 , 17517 , 17518 , 17519 , 17520 , 17521 , 17522 , 17523 , 17524 , 17525 , 17526 , 148601 , 17530 , 17532 , 17538 , 17543 , 17544 , 17548 , 17549 , 17550 , 17551 , 17552 , 17553 , 17554 , 17555 , 17556 , 17557 , 17559 , 17560 , 17561 , 17565 , 148638 , 148647 , 148648 , 148654 , 148659 , 17594 , 148670 , 17599 , 17600 , 17601 , 148674 , 17603 , 17604 , 17605 , 148678 , 148679 , 148680 , 148681 , 17610 , 17611 , 17612 , 17613 , 17614 , 17615 , 148688 , 17617 , 17618 , 17619 , 148692 , 148693 , 17622 , 17623 , 17624 , 17625 , 17626 , 148699 , 148703 , 17632 , 17633 , 17634 , 17635 , 17636 , 17637 , 17638 , 17639 , 148712 , 17641 , 17642 , 17644 , 148717 , 17651 , 17655 , 17658 , 132798 , 148734 , 148735 , 148736 , 148737 , 148738 , 148739 , 148740 , 148741 , 148742 , 148743 , 148745 , 148746 , 148752 , 148753 , 148754 , 148755 , 148756 , 17685 , 17686 , 148759 , 148760 , 148763 , 148764 , 148765 , 148767 , 148770 , 148771 , 148774 , 148775 , 148776 , 17705 , 17706 , 17707 , 148780 , 148781 , 148782 , 148783 , 148784 , 148785 , 148786 , 148787 , 148788 , 148789 , 148790 , 17727 , 17747 , 17749 , 17750 , 17751 , 17762 , 17768 , 17769 , 17772 , 155880 , 148853 , 148854 , 148855 , 17798 , 17799 , 17800 , 17801 , 148874 , 17804 , 17806 , 17807 , 17808 , 17809 , 17810 , 17811 , 17812 , 148885 , 148886 , 148887 , 148888 , 17821 , 17822 , 17823 , 17824 , 17825 , 17827 , 17828 , 17829 , 17830 , 17834 , 17835 , 17836 , 17837 , 17840 , 17841 , 17842 , 17843 , 17857 , 148930 , 17859 , 148934 , 17878 , 17879 , 17880 , 17881 , 17882 , 17883 , 17886 , 17887 , 17888 , 17889 , 17890 , 148980 , 149007 , 149008 , 149009 , 17949 , 17952 , 17953 , 17954 , 17955 , 17956 , 17961 , 17962 , 17966 , 17967 , 17974 , 17975 , 17976 , 17978 , 17979 , 17981 , 17982 , 17984 , 17985 , 17986 , 17998 , 18005 , 18006 , 18007 , 149083 , 18028 , 18029 , 18032 , 18033 , 18034 , 18035 , 18036 , 18037 , 18038 , 18039 , 18040 , 149113 , 149114 , 149115 , 149116 , 149118 , 149119 , 149120 , 149130 , 149131 , 18060 , 149133 , 149137 , 18066 , 18067 , 18068 , 18069 , 18070 , 18073 , 18074 , 149149 , 18079 , 149152 , 18081 , 18082 , 155931 , 18084 , 155932 , 18093 , 18094 , 18095 , 149171 , 18100 , 18101 , 18102 , 18103 , 155935 , 149181 , 149182 , 149183 , 18122 , 18129 , 18130 , 18131 , 18132 , 18133 , 18134 , 18135 , 18136 , 18137 , 18141 , 18153 , 149228 , 149229 , 18159 , 149235 , 149236 , 149237 , 149238 , 149239 , 149240 , 149241 , 149242 , 149243 , 149244 , 149245 , 149246 , 18185 , 149258 , 134106 , 18217 , 18222 , 18223 , 18224 , 18227 , 18228 , 18229 , 155956 , 149306 , 18235 , 18236 , 18237 , 18238 , 18239 , 18240 , 18241 , 18242 , 18243 , 18244 , 18246 , 18247 , 18251 , 18252 , 18253 , 18254 , 18255 , 18256 , 18257 , 18258 , 18259 , 18263 , 18264 , 18265 , 18266 , 18267 , 155962 , 134117 , 134118 , 18285 , 18286 , 18289 , 149373 , 18302 , 18303 , 18304 , 18305 , 18306 , 18307 , 149380 , 18310 , 18311 , 18312 , 149385 , 18319 , 149392 , 18321 , 18322 , 18323 , 18324 , 18325 , 18326 , 18329 , 18330 , 18331 , 18332 , 18333 , 18335 , 18336 , 18340 , 18341 , 18343 , 18344 , 18345 , 18346 , 18347 , 18350 , 18351 , 18352 , 18353 , 149426 , 149427 , 149428 , 149429 , 149432 , 140276 , 149438 , 18367 , 18368 , 18371 , 149444 , 18375 , 18376 , 18377 , 18378 , 18379 , 18380 , 18381 , 18382 , 18383 , 18384 , 149458 , 149459 , 149460 , 149462 , 155983 , 18403 , 18413 , 18414 , 149492 , 18424 , 18425 , 18426 , 18427 , 18428 , 18429 , 149502 , 18431 , 18432 , 18433 , 18434 , 18435 , 149511 , 18441 , 18442 , 149518 , 149519 , 149520 , 149521 , 149522 , 149523 , 18455 , 18456 , 18457 , 18459 , 18460 , 18461 , 18462 , 18463 , 18469 , 18470 , 149560 , 149561 , 149567 , 149568 , 149569 , 18505 , 149584 , 149585 , 149586 , 149587 , 18516 , 149592 , 149596 , 156005 , 18530 , 18531 , 18532 , 18533 , 18534 , 18535 , 18536 , 18538 , 18539 , 18540 , 18541 , 18542 , 18543 , 18544 , 18545 , 18546 , 18547 , 18548 , 18549 , 149622 , 18551 , 149624 , 144647 , 149646 , 149647 , 149651 , 149652 , 149653 , 149654 , 149655 , 149656 , 149657 , 149658 , 149659 , 149660 , 149661 , 149662 , 149663 , 156018 , 156019 , 149684 , 18613 , 18614 , 149687 , 149688 , 156020 , 18630 , 149710 , 149719 , 18668 , 18669 , 18670 , 18671 , 149748 , 149752 , 149753 , 149754 , 149755 , 149756 , 149757 , 18689 , 18690 , 18691 , 18695 , 18698 , 18699 , 18701 , 18702 , 18703 , 18704 , 18707 , 18708 , 18716 , 18717 , 18718 , 18719 , 18720 , 18729 , 18730 , 18731 , 18732 , 18736 , 18737 , 18738 , 18739 , 18740 , 18741 , 18742 , 18743 , 18744 , 18745 , 18746 , 18747 , 18748 , 18749 , 18750 , 18751 , 18752 , 18765 , 149842 , 149843 , 18776 , 18777 , 18778 , 149859 , 149860 , 149867 , 149868 , 149869 , 149870 , 149871 , 18803 , 18804 , 18805 , 18806 , 156052 , 18816 , 18820 , 18821 , 18822 , 18823 , 18824 , 18826 , 149900 , 18829 , 18831 , 18832 , 149905 , 134211 , 149908 , 149909 , 134212 , 149930 , 149946 , 149958 , 149975 , 149976 , 18917 , 18918 , 18920 , 18921 , 18922 , 18924 , 18925 , 18926 , 18927 , 18937 , 18938 , 18939 , 18940 , 18941 , 150038 , 150039 , 150040 , 150041 , 150042 , 150045 , 18975 , 18976 , 150050 , 18982 , 150057 , 150063 , 150067 , 150068 , 150069 , 150070 , 150071 , 150078 , 150079 , 19011 , 19018 , 19019 , 19020 , 19024 , 19025 , 150108 , 150111 , 150131 , 150132 , 150134 , 150135 , 19088 , 150169 , 19101 , 19102 , 150175 , 19114 , 19116 , 19117 , 19118 , 19120 , 19121 , 19123 , 19124 , 19125 , 150199 , 150200 , 19129 , 19130 , 19131 , 19132 , 19134 , 19135 , 19141 , 19142 , 19143 , 19144 , 150217 , 150218 , 150219 , 150221 , 150222 , 19151 , 19152 , 19153 , 19160 , 19161 , 19162 , 19166 , 19168 , 19169 , 19170 , 19171 , 19172 , 19179 , 19180 , 19181 , 19182 , 19184 , 150257 , 150258 , 19187 , 19188 , 19189 , 150266 , 150282 , 150283 , 150284 , 150305 , 19234 , 19251 , 19252 , 150326 , 19256 , 19257 , 19259 , 19260 , 19261 , 19262 , 19263 , 19264 , 19265 , 19267 , 19268 , 19270 , 150343 , 19272 , 19273 , 19274 , 19275 , 150350 , 150351 , 150357 , 150361 , 134287 , 150373 , 150374 , 150375 , 150376 , 150377 , 19310 , 19311 , 150384 , 19313 , 19314 , 19315 , 19316 , 19317 , 19318 , 19319 , 19320 , 19321 , 19322 , 19323 , 19324 , 19325 , 19326 , 19328 , 19329 , 19331 , 19332 , 19334 , 19335 , 19336 , 19337 , 19338 , 19339 , 19355 , 19356 , 19357 , 19358 , 150440 , 150464 , 19404 , 19405 , 19408 , 19409 , 19410 , 19411 , 19412 , 134308 , 150490 , 150491 , 19432 , 19433 , 19434 , 19448 , 19449 , 19450 , 19451 , 19452 , 19453 , 19456 , 19458 , 19459 , 19460 , 19461 , 19462 , 19463 , 19464 , 19465 , 19466 , 19467 , 19468 , 19469 , 19470 , 19471 , 150544 , 150545 , 150546 , 19475 , 150548 , 19477 , 19478 , 19479 , 150552 , 150553 , 150554 , 150555 , 150556 , 150557 , 19500 , 19501 , 19514 , 19526 , 19531 , 19534 , 19541 , 19542 , 19543 , 19544 , 19545 , 19546 , 19547 , 19548 , 19549 , 19550 , 19551 , 19552 , 19556 , 19557 , 19560 , 19561 , 150637 , 150638 , 150639 , 150640 , 19569 , 19589 , 19607 , 150689 , 19625 , 19626 , 150699 , 19628 , 19629 , 150702 , 150703 , 150704 , 150705 , 19635 , 19636 , 19637 , 19638 , 19639 , 19640 , 19641 , 150714 , 150715 , 19644 , 19645 , 150718 , 19647 , 150720 , 150721 , 150722 , 134348 , 19659 , 19660 , 19661 , 19662 , 19663 , 19664 , 19667 , 19668 , 134350 , 150743 , 150744 , 19674 , 150749 , 150750 , 19679 , 19680 , 19681 , 19682 , 19683 , 150756 , 150763 , 150764 , 19693 , 19694 , 19695 , 19696 , 19697 , 19698 , 19699 , 150772 , 19701 , 19702 , 19703 , 150776 , 150777 , 150778 , 150779 , 19708 , 19709 , 19710 , 150783 , 19712 , 19713 , 150786 , 150787 , 150788 , 150789 , 19718 , 150791 , 19720 , 150793 , 150794 , 150795 , 19724 , 150797 , 150798 , 150799 , 19729 , 150808 , 150809 , 150810 , 19739 , 19740 , 19741 , 19742 , 150815 , 19744 , 150818 , 19747 , 150820 , 19751 , 19752 , 19753 , 19754 , 19755 , 19756 , 19759 , 19760 , 150833 , 19762 , 19767 , 19768 , 19774 , 150855 , 150858 , 150875 , 150876 , 19806 , 19807 , 19808 , 19815 , 19816 , 19817 , 19822 , 19823 , 19824 , 19827 , 19828 , 150908 , 150909 , 150910 , 150911 , 150912 , 150913 , 19843 , 150927 , 150939 , 19868 , 150941 , 150942 , 150943 , 150944 , 150945 , 150946 , 150947 , 150948 , 19884 , 150957 , 19893 , 150989 , 150991 , 19922 , 19933 , 151006 , 19936 , 19937 , 19939 , 151013 , 151014 , 151015 , 151016 , 151017 , 151018 , 151019 , 19948 , 19949 , 19950 , 151023 , 19952 , 151025 , 151026 , 19955 , 151028 , 151029 , 151030 , 151031 , 151032 , 151033 , 19966 , 19967 , 19969 , 19970 , 19971 , 19972 , 19973 , 19976 , 19977 , 19978 , 19979 , 19980 , 19981 , 19984 , 19985 , 19986 , 19989 , 19993 , 19998 , 20007 , 151086 , 151088 , 151089 , 151090 , 151091 , 151092 , 151093 , 151095 , 151096 , 151097 , 20026 , 20027 , 20028 , 151101 , 20030 , 20031 , 151115 , 20061 , 20062 , 151139 , 151146 , 20085 , 151159 , 151160 , 20092 , 20093 , 20094 , 20095 , 151175 , 151176 , 151177 , 134423 , 20110 , 20111 , 20113 , 20114 , 20117 , 20118 , 151191 , 20128 , 20129 , 20130 , 151203 , 151204 , 151207 , 151208 , 151209 , 151214 , 151215 , 151220 , 151221 , 151222 , 20151 , 20152 , 20153 , 151226 , 20157 , 20158 , 20161 , 20163 , 151236 , 20169 , 20172 , 151253 , 151254 , 20193 , 20197 , 20198 , 151271 , 151272 , 20202 , 20203 , 20204 , 20205 , 20206 , 151279 , 151280 , 151281 , 151284 , 20213 , 20214 , 20215 , 20216 , 20217 , 20218 , 20219 , 151292 , 151293 , 151294 , 151295 , 151297 , 20226 , 151299 , 151300 , 151302 , 151303 , 20232 , 20233 , 20234 , 20235 , 20237 , 20238 , 20239 , 151314 , 151315 , 151316 , 151320 , 151344 , 151345 , 20278 , 20279 , 151354 , 151355 , 151356 , 151357 , 151358 , 151359 , 151360 , 151361 , 151362 , 151376 , 151387 , 20317 , 20318 , 20319 , 20320 , 20321 , 20322 , 20324 , 151400 , 20336 , 20341 , 20342 , 20343 , 20344 , 151417 , 151418 , 151434 , 151435 , 151443 , 151451 , 151455 , 151456 , 151457 , 20387 , 20388 , 20389 , 20390 , 20399 , 20400 , 20401 , 20402 , 20403 , 20404 , 20405 , 20406 , 20407 , 20408 , 20411 , 20412 , 151485 , 151489 , 151490 , 151491 , 151492 , 20421 , 20422 , 151495 , 151496 , 20428 , 20434 , 20435 , 20436 , 140345 , 20438 , 20440 , 20441 , 20442 , 20443 , 20444 , 151533 , 151534 , 151535 , 151537 , 20471 , 20472 , 151545 , 151546 , 151547 , 151548 , 151549 , 151556 , 151557 , 151558 , 151559 , 151564 , 20497 , 20498 , 20499 , 20500 , 20501 , 20502 , 20503 , 20504 , 20505 , 20506 , 20510 , 151585 , 151586 , 151587 , 151589 , 151590 , 151591 , 151592 , 151593 , 151600 , 151601 , 151602 , 151609 , 20538 , 151611 , 151612 , 151613 , 151614 , 151615 , 151616 , 151617 , 151618 , 151619 , 151621 , 151622 , 151623 , 20552 , 20553 , 20554 , 151638 , 151639 , 151641 , 151642 , 151645 , 151646 , 151647 , 20577 , 151653 , 151654 , 151655 , 151656 , 151657 , 151658 , 151659 , 151660 , 151662 , 20599 , 20600 , 151682 , 151688 , 134508 , 151711 , 151712 , 151713 , 151714 , 151715 , 151717 , 151718 , 151719 , 140352 , 151721 , 151722 , 151723 , 151724 , 20656 , 20657 , 20658 , 151736 , 151737 , 151738 , 151739 , 20673 , 20675 , 151752 , 151753 , 151754 , 151755 , 151756 , 151757 , 20686 , 151759 , 151760 , 20689 , 20690 , 20691 , 20692 , 151765 , 20694 , 20695 , 20696 , 20697 , 20698 , 20699 , 20700 , 20701 , 20702 , 20703 , 20704 , 20705 , 20706 , 20707 , 20708 , 20709 , 20710 , 20711 , 20712 , 20713 , 20714 , 20715 , 20716 , 20717 , 20718 , 20719 , 20722 , 20724 , 20725 , 20726 , 151800 , 20729 , 20730 , 20731 , 20732 , 20734 , 20735 , 20736 , 20737 , 20738 , 20739 , 20740 , 20741 , 151820 , 151821 , 151822 , 151823 , 20752 , 20753 , 151826 , 151827 , 151828 , 151829 , 151830 , 20759 , 151832 , 134532 , 151834 , 151835 , 151836 , 151838 , 134533 , 20768 , 151841 , 20770 , 20771 , 20772 , 20773 , 20777 , 151850 , 151851 , 134536 , 151858 , 151859 , 151860 , 151861 , 151862 , 151863 , 151864 , 151866 , 151871 , 134539 , 134540 , 20814 , 20815 , 20816 , 20817 , 20829 , 134544 , 20837 , 134545 , 20843 , 20844 , 20845 , 151919 , 151920 , 151921 , 151922 , 151923 , 151924 , 151925 , 20857 , 20861 , 20862 , 20863 , 20864 , 20865 , 20866 , 20867 , 20868 , 20869 , 20870 , 20871 , 20872 , 20873 , 20874 , 20875 , 20876 , 151949 , 20878 , 20879 , 20880 , 20881 , 20882 , 20883 , 20884 , 20885 , 151958 , 151959 , 151960 , 151961 , 20890 , 20893 , 20894 , 20895 , 20896 , 20897 , 20904 , 20907 , 20909 , 151982 , 151984 , 151985 , 20918 , 20919 , 151998 , 151999 , 152000 , 152004 , 20946 , 152023 , 152024 , 152025 , 152026 , 152027 , 152028 , 152029 , 152030 , 20959 , 20960 , 20961 , 20964 , 20965 , 20966 , 20967 , 20968 , 20969 , 20996 , 20997 , 20998 , 20999 , 21000 , 152075 , 152076 , 152082 , 152095 , 21030 , 152104 , 152111 , 152112 , 152113 , 152118 , 152123 , 152124 , 152125 , 152126 , 152127 , 21056 , 21057 , 21058 , 21061 , 152134 , 152136 , 152137 , 152138 , 152139 , 152140 , 21069 , 152142 , 152143 , 152144 , 152145 , 152146 , 152150 , 152151 , 152152 , 21081 , 21082 , 21083 , 21090 , 21092 , 21102 , 152175 , 152176 , 21105 , 21106 , 21111 , 152185 , 152186 , 152187 , 152191 , 152192 , 152193 , 21131 , 21146 , 21147 , 21148 , 152221 , 152222 , 21162 , 21163 , 21164 , 21165 , 21166 , 21167 , 21168 , 21169 , 21170 , 21171 , 21172 , 21184 , 21185 , 21186 , 21187 , 21188 , 21189 , 21190 , 21191 , 134604 , 134605 , 21200 , 21201 , 134606 , 134607 , 152284 , 152287 , 21216 , 21217 , 152290 , 152291 , 152295 , 21224 , 21225 , 21226 , 21227 , 21228 , 21229 , 21230 , 21231 , 21232 , 21233 , 21234 , 21235 , 21236 , 21237 , 21238 , 21239 , 21240 , 21241 , 21242 , 21243 , 21244 , 152317 , 152318 , 152322 , 152323 , 21260 , 21261 , 21287 , 21289 , 21297 , 21298 , 21302 , 21310 , 21311 , 21312 , 21314 , 21315 , 21316 , 21317 , 21320 , 152393 , 152398 , 21337 , 21338 , 21339 , 21354 , 21356 , 21364 , 21365 , 21366 , 21368 , 21369 , 21370 , 21371 , 21372 , 21374 , 21375 , 21376 , 21377 , 21378 , 21379 , 21380 , 21381 , 21383 , 21384 , 21385 , 21386 , 21388 , 21389 , 21391 , 21392 , 21393 , 152468 , 21400 , 21401 , 21402 , 134639 , 152480 , 152481 , 21414 , 21425 , 21428 , 21429 , 152502 , 152503 , 152504 , 152505 , 152506 , 152507 , 21436 , 21437 , 152510 , 152511 , 152513 , 21442 , 21443 , 21444 , 21445 , 21446 , 21447 , 21448 , 21449 , 21450 , 21451 , 21452 , 152549 , 152550 , 152551 , 21483 , 152558 , 152559 , 21489 , 21490 , 21493 , 21494 , 21495 , 152580 , 152581 , 152582 , 152583 , 152584 , 21514 , 152587 , 152588 , 152589 , 152590 , 152594 , 21523 , 21524 , 152597 , 21526 , 21527 , 21528 , 21529 , 21530 , 21531 , 21532 , 21547 , 21548 , 21549 , 152628 , 152629 , 152633 , 152634 , 152635 , 21564 , 21565 , 21566 , 152640 , 21569 , 21570 , 152643 , 21573 , 152647 , 152648 , 152650 , 152653 , 152654 , 21583 , 21584 , 21585 , 21586 , 21588 , 21589 , 21590 , 21593 , 21594 , 21596 , 21610 , 21611 , 21612 , 21613 , 21614 , 21629 , 21636 , 21637 , 21645 , 21646 , 21651 , 144750 , 152733 , 21662 , 21663 , 152747 , 21676 , 21677 , 21683 , 21684 , 152769 , 152770 , 21699 , 21700 , 21701 , 152781 , 152782 , 152783 , 152784 , 152785 , 152786 , 152787 , 21719 , 21720 , 152793 , 21733 , 21734 , 21735 , 21737 , 21740 , 21742 , 21748 , 21749 , 21750 , 21755 , 21756 , 21757 , 21758 , 152831 , 21762 , 21763 , 21764 , 21765 , 21766 , 21767 , 21768 , 152841 , 152843 , 152845 , 21774 , 21780 , 152861 , 152864 , 152866 , 152869 , 152870 , 152871 , 21800 , 152873 , 152874 , 21803 , 21804 , 152878 , 152879 , 152880 , 152881 , 152887 , 21816 , 152889 , 21818 , 21821 , 21822 , 152896 , 21831 , 21832 , 21833 , 21834 , 21835 , 21836 , 21837 , 152913 , 21842 , 21843 , 21844 , 21845 , 21846 , 21847 , 152920 , 152921 , 131663 , 152924 , 152925 , 152926 , 21855 , 21856 , 21857 , 21858 , 21860 , 21861 , 21862 , 21863 , 21864 , 21865 , 21868 , 21871 , 21872 , 21873 , 21874 , 21875 , 21876 , 21877 , 21878 , 21879 , 152970 , 152971 , 152972 , 152973 , 152974 , 152975 , 152976 , 152977 , 152979 , 21914 , 21915 , 152993 , 21924 , 21925 , 21926 , 21930 , 153003 , 153008 , 153009 , 153010 , 21944 , 21945 , 21946 , 21947 , 21948 , 21954 , 21955 , 21956 , 153031 , 153032 , 21962 , 21984 , 21985 , 21986 , 153073 , 153074 , 153075 , 22004 , 153086 , 22015 , 153103 , 153104 , 153105 , 153106 , 153107 , 22046 , 22055 , 22056 , 153135 , 153136 , 153137 , 153138 , 153139 , 153140 , 153141 , 153142 , 153144 , 136319 , 153150 , 153151 , 153152 , 153153 , 153154 , 153155 , 153156 , 153157 , 22087 , 22088 , 22090 , 22115 , 22116 , 22117 , 22118 , 22119 , 22120 , 22121 , 22122 , 22123 , 22147 , 22149 , 22150 , 22151 , 22152 , 22154 , 22155 , 22158 , 144767 , 153239 , 22176 , 149132 , 22184 , 22185 , 153263 , 153264 , 144768 , 153267 , 153268 , 22203 , 22204 , 22205 , 153281 , 153284 , 153285 , 153286 , 153287 , 22220 , 22221 , 153294 , 153295 , 22226 , 22227 , 22231 , 22232 , 22240 , 22241 , 22242 , 22243 , 22244 , 22245 , 22246 , 22247 , 22248 , 22249 , 22250 , 22251 , 22252 , 153325 , 153326 , 153327 , 153328 , 153329 , 153330 , 22259 , 153332 , 153333 , 153334 , 153335 , 153347 , 22278 , 153359 , 22295 , 22297 , 22298 , 22299 , 22300 , 22301 , 22312 , 22313 , 22316 , 153403 , 22332 , 22333 , 22336 , 153409 , 22338 , 22339 , 22341 , 22345 , 22347 , 22348 , 22349 , 22357 , 22379 , 22380 , 22381 , 153460 , 22395 , 22396 , 22406 , 153481 , 22419 , 22420 , 22421 , 153495 , 153496 , 134810 , 153506 , 134811 , 134812 , 22452 , 22454 , 22455 , 22457 , 22458 , 134815 , 22464 , 22482 , 22483 , 22484 , 22485 , 22486 , 22487 , 22488 , 22489 , 22509 , 22513 , 22514 , 22515 , 22516 , 22525 , 153619 , 22548 , 22549 , 153623 , 22555 , 22557 , 22560 , 22564 , 153637 , 153644 , 22573 , 22574 , 22575 , 153648 , 22577 , 134835 , 22585 , 22586 , 22587 , 131085 , 134837 , 22597 , 22598 , 22599 , 22600 , 153673 , 153674 , 22608 , 153684 , 153685 , 22616 , 22617 , 22618 , 22619 , 22620 , 22621 , 22624 , 22625 , 22627 , 22629 , 153705 , 153707 , 22636 , 22641 , 153735 , 22666 , 22669 , 22670 , 22672 , 22673 , 22680 , 22681 , 153754 , 153755 , 153756 , 153757 , 153758 , 153759 , 153760 , 22698 , 22699 , 22700 , 153773 , 22714 , 22715 , 22718 , 22719 , 22721 , 134859 , 22732 , 22733 , 22734 , 22735 , 153819 , 153820 , 22750 , 22751 , 22753 , 22754 , 22755 , 22756 , 22757 , 22758 , 22759 , 22760 , 22761 , 22762 , 22763 , 22767 , 153841 , 22771 , 22772 , 22773 , 22774 , 22784 , 22785 , 22786 , 22787 , 22788 , 22789 , 22790 , 22791 , 22792 , 22793 , 153867 , 22798 , 22799 , 22800 , 22801 , 22802 , 22803 , 22804 , 22805 , 22806 , 22807 , 22808 , 22809 , 22810 , 22813 , 134875 , 153892 , 153893 , 153894 , 153895 , 153896 , 153898 , 153899 , 22828 , 22829 , 153926 , 153931 , 153933 , 153939 , 153940 , 153944 , 153945 , 153946 , 153947 , 153948 , 22877 , 153951 , 153952 , 22881 , 22882 , 22885 , 22886 , 22887 , 22888 , 153962 , 22891 , 22892 , 22893 , 22894 , 22895 , 22896 , 153974 , 22903 , 22905 , 22908 , 22909 , 22910 , 153988 , 153993 , 153994 , 22923 , 22929 , 154004 , 154006 , 154008 , 154011 , 154012 , 154013 , 154015 , 154016 , 154017 , 154020 , 154021 , 154022 , 154023 , 22959 , 134899 , 154036 , 154037 , 154038 , 154040 , 134900 , 154048 , 154049 , 154050 , 22979 , 22980 , 154053 , 154054 , 154055 , 154056 , 154062 , 154063 , 22992 , 22993 , 154066 , 154067 , 154068 , 154072 , 23001 , 154074 , 154075 , 154076 , 154077 , 154078 , 154079 , 154080 , 154081 , 154082 , 154083 , 23012 , 23013 , 23014 , 23015 , 23016 , 23023 , 23024 , 23025 , 23028 , 23030 , 23031 , 23032 , 23033 , 23035 , 23036 , 23037 , 23038 , 23039 , 23040 , 23041 , 23042 , 23043 , 23044 , 154117 , 154118 , 23048 , 154121 , 154122 , 154123 , 23052 , 23053 , 23054 , 23055 , 23058 , 23059 , 23060 , 23061 , 23062 , 23063 , 23064 , 23065 , 23066 , 23067 , 23068 , 23074 , 23075 , 154153 , 154158 , 154161 , 154162 , 154163 , 154171 , 154172 , 154173 , 154174 , 154175 , 154176 , 154177 , 154185 , 154186 , 154187 , 154189 , 154190 , 154191 , 154192 , 154193 , 154194 , 154195 , 154197 , 154198 , 154200 , 154201 , 154203 , 154204 , 154209 , 154210 , 154211 , 154214 , 154215 , 154216 , 154217 , 154218 , 154219 , 154220 , 154221 , 154222 , 23151 , 154224 , 23153 , 23159 , 23160 , 23161 , 23162 , 154268 , 154285 , 154286 , 154287 , 154292 , 154293 , 154294 , 154295 , 154296 , 154297 , 154301 , 23232 , 23236 , 154323 , 154324 , 154325 , 154327 , 154330 , 23259 , 23260 , 23261 , 154334 , 23264 , 23266 , 23267 , 23268 , 23269 , 154343 , 154351 , 154362 , 154363 , 23297 , 23299 , 23308 , 23312 , 154392 , 23347 , 23348 , 23351 , 23352 , 23353 , 23354 , 23356 , 154439 , 154442 , 154443 , 154444 , 154445 , 154446 , 154447 , 23392 , 23393 , 23394 , 23397 , 23410 , 23411 , 23412 , 154485 , 154486 , 154494 , 154495 , 154496 , 154499 , 154502 , 154503 , 154506 , 154507 , 154531 , 154536 , 154537 , 23473 , 23474 , 154550 , 23482 , 23486 , 23487 , 154568 , 154569 , 23498 , 23499 , 154572 , 154573 , 154574 , 154576 , 154577 , 154578 , 154579 , 154580 , 154581 , 154582 , 154583 , 154584 , 154585 , 154586 , 154587 , 154588 , 23517 , 154590 , 154591 , 154592 , 154593 , 154594 , 154595 , 23524 , 23525 , 23526 , 23528 , 23529 , 154603 , 154621 , 154622 , 154623 , 154624 , 154625 , 23561 , 23563 , 23569 , 154642 , 23571 , 135001 , 154654 , 154655 , 23588 , 23589 , 23590 , 23591 , 23592 , 23593 , 23594 , 23595 , 23596 , 23597 , 23598 , 23599 , 23600 , 23601 , 23602 , 23603 , 23604 , 154683 , 154684 , 154685 , 154687 , 154688 , 23623 , 23624 , 23625 , 23626 , 23628 , 23630 , 23631 , 23632 , 23633 , 154706 , 23635 , 154708 , 154710 , 154712 , 23641 , 154722 , 154723 , 154724 , 23660 , 23661 , 23662 , 23668 , 23675 , 23676 , 23677 , 23678 , 23679 , 23683 , 23685 , 23697 , 23698 , 23707 , 23711 , 23712 , 23713 , 23716 , 23717 , 23721 , 23728 , 23729 , 154802 , 154803 , 23753 , 154837 , 154838 , 154848 , 154861 , 23803 , 23804 , 23811 , 23812 , 154888 , 154889 , 154890 , 154901 , 23832 , 23833 , 23834 , 23835 , 23848 , 23855 , 23856 , 23858 , 23859 , 23860 , 23861 , 23865 , 23866 , 23867 , 23868 , 23870 , 23871 , 23872 , 23873 , 23874 , 23875 , 23876 , 23879 , 23883 , 23884 , 23885 , 23886 , 154962 , 23891 , 23900 , 23902 , 154978 , 23908 , 135057 , 23914 , 23915 , 23917 , 23918 , 23919 , 23921 , 154994 , 154995 , 131094 , 23940 , 23941 , 23942 , 23943 , 23944 , 23957 , 23958 , 23963 , 23964 , 23965 , 23966 , 155039 , 23968 , 23969 , 23970 , 23971 , 23972 , 23973 , 23976 , 23977 , 23986 , 23987 , 155070 , 155071 , 155072 , 155073 , 155074 , 155075 , 155076 , 155077 , 155078 , 155079 , 155093 , 155094 , 155095 , 155096 , 144829 , 155110 , 155120 , 155121 , 144830 , 24067 , 24068 , 24070 , 24071 , 155145 , 155146 , 155147 , 155156 , 155157 , 155158 , 24091 , 24092 , 155171 , 155172 , 155173 , 155174 , 24103 , 24120 , 24130 , 24133 , 24134 , 24135 , 24136 , 24137 , 24138 , 24142 , 155229 , 155231 , 155238 , 155239 , 24170 , 24171 , 24172 , 24173 , 24174 , 24175 , 155249 , 155258 , 155259 , 155260 , 155261 , 155303 , 24237 , 24238 , 24239 , 24243 , 24244 , 24245 , 24247 , 24248 , 24256 , 24271 , 24272 , 155349 , 155350 , 155351 , 24280 , 155354 , 155355 , 155356 , 155357 , 155360 , 155366 , 155367 , 24296 , 24297 , 24298 , 24299 , 24300 , 24301 , 24302 , 24305 , 24306 , 24307 , 24308 , 24309 , 135124 , 24314 , 24320 , 24321 , 24322 , 24323 , 24324 , 24325 , 24327 , 24328 , 24329 , 24330 , 24331 , 24332 , 24333 , 24334 , 24335 , 24336 , 24337 , 24338 , 155411 , 24340 , 24341 , 24342 , 24344 , 24345 , 24346 , 24347 , 24348 , 24349 , 24350 , 24352 , 24353 , 24354 , 24355 , 24356 , 24361 , 24362 , 24363 , 24364 , 24365 , 24366 , 24367 , 24369 , 24370 , 24371 , 24374 , 24375 , 24376 , 24377 , 24378 , 155453 , 155454 , 24383 , 24387 , 155474 , 131748 , 155476 , 155477 , 24413 , 24426 , 24427 , 24428 , 24429 , 155502 , 24436 , 24437 , 135146 , 155518 , 155519 , 155526 , 24459 , 24460 , 24461 , 24462 , 24463 , 24464 , 24465 , 24466 , 24467 , 24468 , 24469 , 24470 , 24471 , 24472 , 24473 , 24474 , 155547 , 155548 , 155549 , 155550 , 155551 , 135152 , 24489 , 24504 , 24508 , 155587 , 155589 , 155592 , 24523 , 24526 , 24527 , 24529 , 24530 , 155612 , 24541 , 24542 , 24543 , 24544 , 24545 , 24546 , 24547 , 24548 , 155621 , 155622 , 155623 , 155624 , 155625 , 155626 , 155627 , 155628 , 155629 , 155632 , 155633 , 155634 , 155635 , 155638 , 155639 , 24568 , 24569 , 155642 , 135167 , 155644 , 135168 , 24579 , 24580 , 24581 , 24584 , 24599 , 155672 , 155673 , 155674 , 155675 , 155677 , 155678 , 155679 , 155680 , 155681 , 155682 , 155683 , 155684 , 24619 , 24620 , 24622 , 24623 , 24624 , 24625 , 155704 , 155705 , 155708 , 155709 , 155710 , 155723 , 155724 , 155725 , 155726 , 24664 , 24665 , 24667 , 24668 , 24669 , 24670 , 155746 , 155747 , 155748 , 155749 , 155750 , 155751 , 155755 , 155756 , 24685 , 24686 , 155759 , 24690 , 24691 , 24692 , 24708 , 24709 , 24710 , 24711 , 24712 , 24713 , 24714 , 24715 , 24716 , 24717 , 24718 , 24719 , 24735 , 155811 , 155812 , 155813 , 155814 , 155815 , 155816 , 155823 , 135198 , 155832 , 155834 , 155835 , 24771 , 24772 , 24773 , 24774 , 24775 , 24776 , 24777 , 24778 , 24780 , 24781 , 24784 , 24786 , 24787 , 24788 , 24789 , 24790 , 155867 , 155872 , 155879 , 24808 , 155881 , 155894 , 24824 , 24837 , 24838 , 24839 , 24840 , 24841 , 24842 , 24843 , 24844 , 24847 , 24848 , 24852 , 24859 , 24860 , 24861 , 24862 , 24863 , 24864 , 24865 , 24867 , 24868 , 24869 , 24870 , 24871 , 24872 , 24873 , 24874 , 155947 , 24876 , 24877 , 24878 , 24879 , 24880 , 24881 , 24882 , 24883 , 24884 , 155957 , 24886 , 24887 , 24888 , 24889 , 24890 , 155964 , 24901 , 24911 , 24919 , 24920 , 24921 , 24926 , 24927 , 24928 , 24930 , 156003 , 156004 , 24933 , 24934 , 24938 , 156012 , 24942 , 156015 , 24944 , 24945 , 24946 , 24947 , 24948 , 24949 , 156027 , 24959 , 24960 , 24962 , 24964 , 24965 , 24966 , 24967 , 24968 , 156042 , 156043 , 24972 , 24973 , 156050 , 24979 , 24980 , 24986 , 24992 , 25002 , 25004 , 25015 , 135244 , 25035 , 25036 , 25040 , 25041 , 25042 , 25046 , 25057 , 25058 , 25059 , 25060 , 25079 , 25082 , 25083 , 25084 , 155543 , 25125 , 25126 , 25129 , 25138 , 25139 , 25140 , 25145 , 25150 , 25151 , 135264 , 25154 , 25164 , 25166 , 25167 , 25168 , 25183 , 25184 , 25191 , 25192 , 25193 , 25210 , 25214 , 25215 , 25216 , 25217 , 25218 , 25228 , 25229 , 25230 , 25233 , 25234 , 25235 , 25238 , 25239 , 25240 , 25241 , 25243 , 25244 , 25246 , 25247 , 25248 , 25249 , 25250 , 25251 , 25269 , 25284 , 25287 , 25288 , 25312 , 135292 , 25325 , 135293 , 135294 , 135295 , 135296 , 135297 , 25357 , 25358 , 25359 , 25360 , 25361 , 25362 , 25363 , 25364 , 25370 , 25371 , 25372 , 135301 , 135302 , 25396 , 135305 , 135307 , 25412 , 131782 , 25433 , 25442 , 25447 , 131783 , 25470 , 25471 , 25472 , 25475 , 25480 , 131784 , 25497 , 25498 , 25500 , 25515 , 25516 , 25517 , 152927 , 25522 , 25523 , 25524 , 25525 , 25527 , 25576 , 25584 , 25585 , 25586 , 25617 , 135342 , 25622 , 135346 , 135347 , 25657 , 25658 , 25659 , 25666 , 25668 , 25670 , 25671 , 25672 , 25673 , 25675 , 135352 , 145072 , 135353 , 135354 , 25715 , 25716 , 25719 , 25721 , 25737 , 25738 , 25741 , 25742 , 25743 , 25744 , 25745 , 25747 , 25749 , 25750 , 25751 , 25752 , 25757 , 25758 , 25759 , 25760 , 25763 , 25764 , 25765 , 25766 , 25767 , 25768 , 25769 , 25770 , 25771 , 25772 , 25773 , 25774 , 25775 , 25776 , 135368 , 25799 , 25802 , 25803 , 25810 , 25811 , 25812 , 25813 , 25815 , 25828 , 25842 , 25844 , 25845 , 25846 , 25847 , 25848 , 25849 , 25852 , 25870 , 25871 , 25878 , 153620 , 25908 , 25909 , 25910 , 25918 , 25919 , 25945 , 25946 , 25947 , 25948 , 25953 , 25958 , 25959 , 25960 , 25962 , 25963 , 25964 , 25965 , 25968 , 25969 , 25970 , 25971 , 25972 , 25997 , 25999 , 135407 , 26036 , 26037 , 26042 , 26048 , 26049 , 26050 , 26051 , 26054 , 26055 , 26057 , 135416 , 26100 , 26101 , 26102 , 26104 , 26105 , 26106 , 26107 , 26124 , 26127 , 26128 , 26129 , 26143 , 26146 , 26147 , 26219 , 26226 , 26227 , 26233 , 26234 , 26235 , 26237 , 26238 , 26239 , 26240 , 26241 , 26242 , 26243 , 26244 , 26245 , 26248 , 26249 , 26250 , 26251 , 26252 , 26264 , 26266 , 26267 , 26268 , 26269 , 26270 , 26274 , 26275 , 26276 , 26277 , 26280 , 26281 , 26282 , 26283 , 26284 , 26301 , 26302 , 26307 , 26308 , 26309 , 26312 , 26313 , 26314 , 26315 , 26316 , 26317 , 26318 , 26319 , 26320 , 26326 , 26331 , 26332 , 26333 , 26334 , 26335 , 26336 , 26337 , 26338 , 26339 , 26340 , 26369 , 26371 , 26372 , 135468 , 135469 , 26395 , 26396 , 26405 , 26406 , 26407 , 26408 , 26409 , 26413 , 26416 , 26428 , 26431 , 26443 , 26489 , 26490 , 26491 , 26492 , 26493 , 26494 , 26495 , 26496 , 26511 , 26512 , 26513 , 26514 , 26515 , 26516 , 26524 , 26525 , 26526 , 135493 , 26531 , 135494 , 135495 , 26581 , 26582 , 26583 , 26590 , 26605 , 26606 , 26614 , 26644 , 26645 , 26646 , 26650 , 26683 , 26686 , 26687 , 26688 , 26689 , 26691 , 26692 , 26693 , 26694 , 26696 , 26698 , 26709 , 26710 , 26711 , 26712 , 26713 , 26714 , 26723 , 26724 , 26729 , 26732 , 26735 , 26737 , 26738 , 26740 , 26741 , 26742 , 26743 , 26746 , 26747 , 26748 , 26750 , 26751 , 26759 , 26799 , 26800 , 26821 , 26822 , 26823 , 26824 , 26825 , 26826 , 26827 , 26828 , 26829 , 26830 , 26834 , 26835 , 26836 , 26847 , 26848 , 26849 , 26850 , 26851 , 26852 , 26853 , 26854 , 26855 , 26856 , 26872 , 26876 , 26879 , 26880 , 26881 , 26883 , 26884 , 26885 , 26886 , 26887 , 26888 , 26889 , 26890 , 26891 , 26892 , 26895 , 26904 , 26905 , 26906 , 26907 , 26908 , 26909 , 26910 , 26911 , 135558 , 135559 , 26932 , 26933 , 26940 , 26944 , 26945 , 26946 , 26947 , 26948 , 26950 , 26951 , 26954 , 26955 , 26956 , 26957 , 26958 , 26959 , 26960 , 26961 , 26962 , 26963 , 26964 , 26965 , 26966 , 26967 , 26972 , 27011 , 27012 , 27013 , 27015 , 27017 , 27018 , 27022 , 27028 , 27029 , 27030 , 27031 , 27032 , 27033 , 27034 , 27036 , 27039 , 27042 , 27043 , 27044 , 27050 , 27063 , 27065 , 27066 , 27067 , 27068 , 27069 , 27070 , 27073 , 27089 , 27091 , 27094 , 27100 , 27107 , 27109 , 27110 , 27134 , 27135 , 27147 , 27148 , 27153 , 27154 , 27205 , 27219 , 27225 , 27226 , 27242 , 27243 , 27247 , 27249 , 27250 , 27252 , 27253 , 27254 , 27297 , 27309 , 27327 , 27328 , 27330 , 27331 , 27344 , 27345 , 27346 , 27347 , 27349 , 27376 , 27377 , 27378 , 27379 , 27409 , 27410 , 27411 , 27412 , 27413 , 27414 , 27415 , 27416 , 27417 , 27420 , 27422 , 27423 , 27424 , 27425 , 27427 , 27428 , 27429 , 27430 , 27431 , 27432 , 27433 , 27434 , 27444 , 27446 , 27475 , 27476 , 27478 , 27479 , 27480 , 27500 , 27502 , 27503 , 27504 , 27505 , 27506 , 27507 , 27508 , 27509 , 27510 , 27511 , 27512 , 27513 , 27524 , 27543 , 27544 , 27545 , 27546 , 27548 , 27549 , 27550 , 27551 , 27552 , 27553 , 27554 , 27555 , 27556 , 27557 , 27559 , 27560 , 27561 , 27562 , 27563 , 27564 , 27565 , 27566 , 27567 , 27568 , 27569 , 27597 , 27600 , 27601 , 27625 , 27638 , 27642 , 27643 , 27644 , 27646 , 27647 , 27648 , 27649 , 27650 , 27651 , 27656 , 27666 , 27668 , 27669 , 27671 , 27672 , 27676 , 27680 , 27681 , 27682 , 27686 , 27688 , 27689 , 27690 , 27691 , 27692 , 27693 , 27694 , 27695 , 27696 , 27697 , 27698 , 27699 , 27700 , 27703 , 27711 , 27715 , 27721 , 27723 , 27724 , 27727 , 27728 , 27736 , 27747 , 27748 , 27749 , 27750 , 27751 , 27752 , 27753 , 27823 , 27824 , 27825 , 27864 , 27872 , 27873 , 27874 , 27875 , 27876 , 27877 , 27878 , 27879 , 27880 , 27881 , 27882 , 27934 , 27935 , 27936 , 135729 , 27946 , 135730 , 27951 , 27952 , 27956 , 27957 , 27964 , 27965 , 27966 , 27967 , 27968 , 135734 , 149325 , 27980 , 135736 , 27991 , 27992 , 27993 , 27994 , 27995 , 27996 , 27997 , 27998 , 27999 , 149326 , 28015 , 28016 , 28017 , 28020 , 28024 , 28028 , 28029 , 28030 , 28031 , 28032 , 28033 , 28051 , 28052 , 28053 , 28059 , 28060 , 28061 , 28082 , 28083 , 149330 , 28164 , 28165 , 28173 , 28178 , 28179 , 28180 , 28181 , 135769 , 28185 , 28196 , 28197 , 28201 , 28202 , 28203 , 28204 , 28205 , 28206 , 28207 , 28208 , 28210 , 28211 , 28212 , 28213 , 28214 , 28215 , 28216 , 28217 , 135775 , 28224 , 28225 , 28226 , 28227 , 28231 , 28232 , 28233 , 28234 , 28235 , 28236 , 28253 , 28282 , 135789 , 28305 , 28306 , 28307 , 28308 , 28309 , 28310 , 28311 , 28312 , 28313 , 28314 , 28315 , 28317 , 28318 , 28319 , 28320 , 28325 , 28326 , 28327 , 28328 , 28329 , 28330 , 28331 , 28332 , 28333 , 28338 , 28347 , 28349 , 28350 , 28356 , 28357 , 28358 , 28359 , 28360 , 28361 , 28363 , 28365 , 28366 , 28367 , 28368 , 28369 , 28371 , 28373 , 28374 , 28377 , 28378 , 28381 , 28382 , 28383 , 28384 , 28385 , 28386 , 28387 , 28388 , 28392 , 28401 , 28402 , 28414 , 28418 , 28462 , 28463 , 28464 , 28465 , 28466 , 28482 , 28501 , 28502 , 28503 , 28506 , 28507 , 28508 , 28509 , 28510 , 28511 , 28512 , 28513 , 28514 , 28515 , 28516 , 28517 , 28518 , 28519 , 28520 , 28521 , 28522 , 28526 , 28535 , 28556 , 28557 , 28558 , 28559 , 28563 , 28564 , 28565 , 28566 , 28568 , 28569 , 28570 , 28571 , 28573 , 28574 , 28575 , 28576 , 28577 , 28578 , 28582 , 135836 , 135837 , 28598 , 28625 , 28626 , 28646 , 28647 , 28648 , 28649 , 28650 , 28651 , 28658 , 28668 , 28672 , 28673 , 28674 , 28675 , 28679 , 28680 , 28681 , 28682 , 28683 , 28684 , 28685 , 28686 , 28695 , 28696 , 28697 , 28698 , 28700 , 28701 , 28702 , 28703 , 28704 , 28705 , 28719 , 28754 , 28771 , 28772 , 28781 , 28782 , 28783 , 28784 , 28786 , 28787 , 28788 , 28790 , 28791 , 28792 , 28794 , 28795 , 28797 , 28812 , 28819 , 28820 , 28821 , 28822 , 28823 , 28824 , 28825 , 28826 , 28827 , 28833 , 28834 , 145093 , 28862 , 28863 , 28867 , 28868 , 28889 , 28890 , 28897 , 28901 , 28909 , 28910 , 28911 , 28912 , 28913 , 28914 , 28915 , 28916 , 28917 , 135897 , 28956 , 28957 , 28975 , 28976 , 28977 , 29010 , 29016 , 29017 , 29018 , 29019 , 29020 , 29021 , 29022 , 29023 , 29024 , 29025 , 29026 , 131902 , 29028 , 29029 , 29033 , 29034 , 29035 , 29051 , 29052 , 29056 , 29091 , 29101 , 29102 , 29103 , 29104 , 29105 , 29110 , 29112 , 29115 , 29117 , 29118 , 29131 , 29158 , 29165 , 29175 , 29176 , 29177 , 29178 , 29179 , 29180 , 29181 , 29188 , 29189 , 29190 , 29191 , 139877 , 29201 , 29205 , 29206 , 29207 , 29210 , 29211 , 29212 , 29213 , 29223 , 29224 , 29225 , 29226 , 29227 , 150333 , 29232 , 29233 , 29235 , 29236 , 29237 , 29238 , 29270 , 29271 , 29272 , 29274 , 29275 , 29277 , 29278 , 29279 , 29284 , 29285 , 134116 , 29297 , 29298 , 29299 , 29306 , 29307 , 29310 , 29311 , 29312 , 29313 , 29314 , 29316 , 29320 , 29346 , 135964 , 29355 , 135966 , 29396 , 29397 , 29398 , 29399 , 29400 , 29401 , 29402 , 29403 , 29421 , 29423 , 29443 , 149374 , 29473 , 29475 , 29476 , 29478 , 29479 , 29480 , 29481 , 29482 , 29485 , 29508 , 29509 , 29510 , 29512 , 29556 , 29560 , 29561 , 29562 , 29563 , 29564 , 29565 , 29566 , 29568 , 29569 , 29570 , 29571 , 29572 , 29573 , 29574 , 29575 , 29576 , 29577 , 29578 , 29579 , 29580 , 29596 , 29597 , 29598 , 29599 , 29600 , 29601 , 29602 , 29603 , 29604 , 29605 , 29606 , 29607 , 29608 , 29625 , 29626 , 29627 , 29650 , 29651 , 29652 , 29653 , 29654 , 29655 , 29656 , 29657 , 29658 , 29659 , 29660 , 29669 , 29670 , 29671 , 29675 , 29678 , 29679 , 136020 , 136024 , 29715 , 29716 , 29717 , 29718 , 29719 , 29720 , 29721 , 29723 , 29724 , 29726 , 29733 , 29734 , 29736 , 29737 , 29738 , 29739 , 29742 , 29743 , 29745 , 29746 , 29750 , 29752 , 29770 , 29771 , 29789 , 29803 , 29823 , 29824 , 29825 , 29826 , 29827 , 29828 , 29829 , 29830 , 29832 , 29833 , 29834 , 29836 , 29837 , 29839 , 29844 , 29845 , 29846 , 29847 , 29848 , 29849 , 29850 , 29855 , 29856 , 29860 , 29861 , 29879 , 29888 , 29889 , 29891 , 29892 , 29893 , 29894 , 29895 , 29896 , 29897 , 29899 , 29904 , 29905 , 29906 , 29907 , 29930 , 29934 , 29935 , 29936 , 29937 , 29938 , 29939 , 29941 , 29942 , 29943 , 29944 , 29945 , 29946 , 29947 , 29948 , 29949 , 29950 , 29951 , 29952 , 29953 , 29956 , 29957 , 29972 , 29973 , 29974 , 29986 , 30011 , 30012 , 30013 , 30014 , 30024 , 30025 , 30026 , 30027 , 30028 , 30029 , 30030 , 30031 , 30032 , 30033 , 30035 , 30036 , 30037 , 30038 , 30039 , 30040 , 30041 , 30042 , 30043 , 30044 , 30045 , 30046 , 30047 , 30048 , 30049 , 30050 , 30056 , 30057 , 30058 , 30059 , 30060 , 30061 , 30062 , 30063 , 30064 , 30065 , 30066 , 30067 , 30068 , 30069 , 30070 , 30071 , 30072 , 30073 , 30074 , 30075 , 30076 , 30077 , 30078 , 30079 , 30080 , 30081 , 30082 , 30083 , 30084 , 30085 , 30086 , 30087 , 30088 , 30089 , 30090 , 30091 , 30092 , 30093 , 30094 , 30095 , 30096 , 30097 , 30098 , 30099 , 30100 , 30101 , 30102 , 30104 , 30105 , 30111 , 30113 , 30114 , 30119 , 30120 , 30121 , 30125 , 30127 , 30128 , 30129 , 30133 , 30134 , 30137 , 30138 , 30139 , 30140 , 30141 , 30144 , 30146 , 30147 , 30149 , 30150 , 30151 , 30152 , 30158 , 30173 , 30181 , 30187 , 30188 , 30194 , 30195 , 30200 , 30201 , 30202 , 30203 , 30204 , 30206 , 30207 , 30213 , 30214 , 30215 , 30216 , 30217 , 30218 , 30219 , 30220 , 30221 , 30222 , 30224 , 30226 , 30227 , 30228 , 30229 , 30230 , 30242 , 30243 , 30246 , 30255 , 30256 , 30257 , 30258 , 30259 , 30260 , 30261 , 30262 , 30263 , 30265 , 30266 , 30267 , 30269 , 30280 , 30294 , 30303 , 30304 , 30308 , 30309 , 30311 , 30312 , 30316 , 30329 , 30330 , 30351 , 136132 , 30367 , 30370 , 30371 , 30372 , 30373 , 149405 , 30380 , 30385 , 30386 , 30387 , 30388 , 30392 , 30393 , 30394 , 30395 , 30396 , 30398 , 30400 , 30401 , 30402 , 30403 , 30418 , 30419 , 30420 , 30421 , 30427 , 30428 , 30429 , 30430 , 30431 , 30432 , 30433 , 153772 , 30453 , 30454 , 30455 , 30460 , 30461 , 30462 , 30463 , 136150 , 30475 , 30480 , 30481 , 30485 , 30486 , 30487 , 30488 , 30489 , 30490 , 30491 , 30495 , 30497 , 30501 , 30502 , 30503 , 30504 , 30509 , 30511 , 30512 , 30513 , 30514 , 30518 , 30519 , 30520 , 30521 , 30522 , 140681 , 30543 , 30544 , 30545 , 30584 , 139006 , 30603 , 30604 , 30606 , 30607 , 30612 , 30613 , 30620 , 136320 , 30640 , 30641 , 30642 , 30643 , 30644 , 30645 , 30646 , 30647 , 30655 , 30658 , 30693 , 30698 , 30699 , 30709 , 30710 , 30711 , 30712 , 30764 , 136208 , 30834 , 30842 , 30843 , 30880 , 30895 , 30912 , 30913 , 30915 , 30916 , 30917 , 30918 , 30920 , 30925 , 30926 , 30927 , 30952 , 30953 , 136236 , 136238 , 140697 , 31039 , 31045 , 31047 , 31048 , 31049 , 31050 , 31051 , 31052 , 31053 , 31054 , 31055 , 31056 , 31057 , 31062 , 31076 , 31077 , 31078 , 31081 , 31094 , 31098 , 31102 , 31103 , 31109 , 31111 , 31112 , 31113 , 31120 , 31121 , 31133 , 31138 , 31139 , 31140 , 31141 , 31145 , 31146 , 31148 , 31151 , 31152 , 31153 , 31156 , 31157 , 31158 , 31159 , 31160 , 31161 , 31163 , 31164 , 31165 , 31166 , 31167 , 31168 , 31169 , 31170 , 31171 , 31187 , 31188 , 31199 , 31200 , 31201 , 31202 , 31203 , 31204 , 31205 , 31206 , 31210 , 31211 , 31222 , 31266 , 31267 , 31268 , 31269 , 31271 , 31275 , 31284 , 31285 , 31286 , 31287 , 31288 , 31289 , 31290 , 31291 , 154707 , 31294 , 31295 , 31296 , 31297 , 31304 , 31316 , 31317 , 31318 , 31319 , 31320 , 31321 , 31322 , 31323 , 31324 , 31325 , 31326 , 31327 , 31384 , 31424 , 31433 , 31434 , 31435 , 31436 , 31437 , 31443 , 31444 , 31449 , 31450 , 148602 , 31457 , 31469 , 31472 , 31483 , 31484 , 31485 , 31487 , 31489 , 31490 , 31491 , 136321 , 31500 , 131985 , 136326 , 136327 , 31569 , 31570 , 31571 , 31572 , 31573 , 31574 , 31580 , 31587 , 31591 , 31592 , 31597 , 31608 , 31628 , 31630 , 31632 , 31634 , 31635 , 31642 , 31645 , 31646 , 31647 , 31661 , 31666 , 31673 , 31674 , 31677 , 31696 , 31700 , 31729 , 31737 , 31740 , 31741 , 31742 , 31745 , 31746 , 31747 , 31748 , 31766 , 31767 , 145087 , 31785 , 31791 , 31798 , 31799 , 31801 , 31802 , 31803 , 31804 , 31807 , 31809 , 31819 , 31820 , 31821 , 31822 , 31823 , 31837 , 31838 , 31839 , 31840 , 31844 , 31845 , 31846 , 31847 , 31848 , 31849 , 31851 , 31852 , 31855 , 31856 , 31857 , 31860 , 31861 , 31862 , 31863 , 31868 , 31874 , 31877 , 145091 , 31906 , 136392 , 145092 , 31926 , 31927 , 31928 , 31929 , 31933 , 31935 , 136395 , 31942 , 133766 , 31946 , 31947 , 31948 , 31949 , 31950 , 31954 , 31956 , 31978 , 31979 , 31985 , 31986 , 31987 , 31988 , 31999 , 32000 , 32001 , 32002 , 32003 , 32011 , 32012 , 32013 , 32015 , 32016 , 32017 , 32018 , 32020 , 32021 , 32022 , 32023 , 32024 , 32025 , 32026 , 32027 , 32050 , 32051 , 32052 , 32053 , 32054 , 32055 , 32056 , 32057 , 32058 , 32059 , 153826 , 136419 , 32086 , 32087 , 136420 , 32122 , 32123 , 32124 , 32125 , 145099 , 32148 , 32149 , 32150 , 32151 , 32172 , 32176 , 32177 , 32181 , 32183 , 32184 , 32185 , 32188 , 32189 , 32191 , 32192 , 153830 , 32196 , 32197 , 32198 , 32199 , 32200 , 32201 , 32202 , 32203 , 32204 , 32205 , 32206 , 32207 , 32210 , 32211 , 32239 , 32240 , 32241 , 32242 , 32243 , 32244 , 32245 , 32250 , 32251 , 32252 , 153832 , 32255 , 32258 , 32259 , 32262 , 32263 , 32264 , 32266 , 32269 , 32270 , 32271 , 32272 , 32273 , 32274 , 32275 , 32281 , 32282 , 32283 , 32284 , 32285 , 32286 , 32287 , 32288 , 32289 , 32290 , 32291 , 32292 , 32293 , 32294 , 32295 , 32296 , 32297 , 32298 , 32299 , 32322 , 32323 , 32324 , 32325 , 32329 , 32331 , 32332 , 32333 , 32334 , 32335 , 32345 , 32346 , 32363 , 32376 , 32377 , 32378 , 32379 , 32380 , 32384 , 32385 , 32386 , 32394 , 32422 , 32428 , 32433 , 32463 , 32483 , 32484 , 32485 , 32486 , 32487 , 32492 , 32495 , 32498 , 32499 , 136489 , 32507 , 32508 , 32509 , 32534 , 32536 , 32537 , 32538 , 32541 , 136497 , 32564 , 32565 , 32566 , 32567 , 32568 , 32569 , 32570 , 32571 , 32572 , 32574 , 32575 , 32576 , 32577 , 32578 , 32579 , 32580 , 32581 , 32582 , 32583 , 32584 , 32585 , 32586 , 32587 , 32588 , 32589 , 32591 , 32592 , 32595 , 32596 , 32598 , 32599 , 32600 , 32601 , 32607 , 32608 , 32616 , 32646 , 32647 , 32692 , 32721 , 32722 , 32723 , 32724 , 32725 , 32726 , 32757 , 32758 , 32759 , 32760 , 32761 , 32768 , 32769 , 32770 , 32771 , 32772 , 32773 , 32774 , 32775 , 32776 , 32777 , 32778 , 32780 , 32781 , 32782 , 32783 , 32784 , 32785 , 32786 , 32787 , 32789 , 32790 , 32791 , 32792 , 32793 , 32794 , 32795 , 32796 , 32798 , 32799 , 136393 , 32831 , 32832 , 32833 , 32834 , 32837 , 32838 , 32839 , 32841 , 32842 , 32845 , 32846 , 32847 , 32848 , 32849 , 32850 , 32851 , 32852 , 32853 , 32854 , 32855 , 32856 , 32860 , 32865 , 32868 , 136550 , 32871 , 32873 , 32874 , 136551 , 32876 , 32877 , 32878 , 32879 , 32880 , 136552 , 32891 , 32892 , 32893 , 32894 , 32895 , 32896 , 32897 , 32898 , 32902 , 32903 , 32904 , 32905 , 32906 , 136396 , 32919 , 32920 , 32921 , 32922 , 32923 , 32924 , 32925 , 32926 , 32927 , 32928 , 32929 , 32930 , 32933 , 32934 , 32935 , 32941 , 32942 , 32943 , 32944 , 32945 , 136563 , 136564 , 136566 , 32980 , 32981 , 32993 , 33008 , 33012 , 33013 , 33017 , 33018 , 33021 , 33022 , 33025 , 33026 , 33027 , 33028 , 33029 , 33030 , 33050 , 33051 , 33052 , 33059 , 33060 , 33070 , 33127 , 33132 , 33133 , 33138 , 33139 , 33144 , 33150 , 33162 , 149498 , 33170 , 33171 , 33178 , 33179 , 153863 , 33194 , 149499 , 33243 , 33244 , 33255 , 33263 , 33287 , 33288 , 33289 , 33290 , 140773 , 33301 , 33302 , 149503 , 140774 , 33334 , 33335 , 33336 , 33337 , 33340 , 33341 , 33342 , 33347 , 33348 , 33349 , 33350 , 33351 , 33352 , 33360 , 33362 , 33363 , 140776 , 33382 , 33383 , 33387 , 33388 , 33389 , 33390 , 33391 , 33392 , 33401 , 33406 , 33410 , 33418 , 33419 , 33420 , 33421 , 33422 , 33423 , 33424 , 136643 , 33442 , 33509 , 33513 , 33514 , 33532 , 33533 , 33534 , 33536 , 33539 , 33540 , 33542 , 33544 , 33546 , 33547 , 33548 , 33549 , 33551 , 33552 , 33553 , 33575 , 33576 , 33592 , 33593 , 33594 , 33619 , 33620 , 33621 , 33627 , 33628 , 33629 , 33631 , 33633 , 33634 , 33635 , 33650 , 33651 , 33652 , 33656 , 33657 , 33658 , 33659 , 33662 , 33663 , 33664 , 33665 , 33666 , 33667 , 33668 , 33669 , 33671 , 33672 , 33673 , 33674 , 33675 , 33678 , 33679 , 33680 , 33692 , 33696 , 33701 , 33702 , 33710 , 33714 , 33717 , 33724 , 33725 , 33728 , 33729 , 33730 , 33731 , 33732 , 33733 , 33734 , 33735 , 33736 , 33737 , 33739 , 33740 , 33741 , 33742 , 33743 , 33745 , 33746 , 33747 , 33748 , 33749 , 33750 , 33751 , 33761 , 33806 , 33807 , 33808 , 33809 , 33810 , 33811 , 33813 , 33814 , 33815 , 145155 , 33817 , 33822 , 33823 , 33827 , 33845 , 33846 , 33847 , 33848 , 33849 , 33850 , 33851 , 33853 , 33854 , 33856 , 33869 , 33870 , 33871 , 33872 , 33873 , 33874 , 33875 , 33877 , 33886 , 33887 , 33888 , 33910 , 33915 , 33917 , 33918 , 33919 , 33920 , 33935 , 33936 , 33937 , 33938 , 33945 , 33946 , 33947 , 33955 , 33956 , 33957 , 33958 , 33959 , 33960 , 33961 , 33962 , 33965 , 33974 , 34016 , 34017 , 34018 , 34019 , 34020 , 34023 , 34024 , 34029 , 34041 , 34044 , 34071 , 34072 , 34073 , 34074 , 34077 , 34078 , 34086 , 34087 , 34129 , 34136 , 34137 , 34138 , 34139 , 34142 , 34146 , 136437 , 34155 , 34156 , 34157 , 34158 , 34159 , 34160 , 34161 , 34162 , 34163 , 34164 , 34165 , 34167 , 34168 , 34169 , 34173 , 34174 , 34175 , 34196 , 34197 , 34227 , 34228 , 34231 , 34246 , 34255 , 34256 , 34257 , 34273 , 34274 , 34275 , 34276 , 34277 , 34278 , 34279 , 34295 , 34296 , 34297 , 34305 , 34312 , 34313 , 34314 , 34315 , 34387 , 34388 , 34392 , 34394 , 34395 , 34396 , 34397 , 34401 , 34402 , 34403 , 34404 , 34405 , 34407 , 34408 , 34410 , 34411 , 34431 , 132082 , 34446 , 34448 , 34449 , 34467 , 34468 , 132084 , 34500 , 132085 , 34555 , 34556 , 34593 , 34600 , 34603 , 34604 , 34609 , 34610 , 34611 , 34612 , 34613 , 34615 , 34616 , 34617 , 34618 , 34619 , 34632 , 34633 , 34634 , 132089 , 34648 , 34668 , 34671 , 34672 , 34673 , 34674 , 136859 , 34728 , 34729 , 34730 , 34731 , 132092 , 34734 , 34735 , 34736 , 34737 , 136862 , 34742 , 34745 , 34746 , 34747 , 34748 , 34749 , 34750 , 34751 , 34752 , 34753 , 34759 , 34761 , 34783 , 34784 , 34785 , 34795 , 34796 , 34803 , 34824 , 34826 , 34831 , 34832 , 34836 , 34837 , 34838 , 34839 , 34840 , 34841 , 34842 , 34846 , 34847 , 34848 , 34849 , 34850 , 34851 , 34852 , 34853 , 34854 , 34855 , 34856 , 34857 , 34858 , 34859 , 34860 , 34861 , 34864 , 136884 , 34874 , 34875 , 34878 , 34879 , 34880 , 34881 , 34882 , 34883 , 34884 , 34886 , 34887 , 34888 , 34889 , 34890 , 34891 , 34892 , 34893 , 34894 , 34895 , 34897 , 34908 , 34909 , 34910 , 34911 , 34924 , 34926 , 34927 , 34928 , 34929 , 34931 , 34932 , 34933 , 34939 , 34940 , 34941 , 34942 , 136896 , 34948 , 34949 , 136897 , 34952 , 34953 , 34987 , 35018 , 35021 , 35027 , 35028 , 35029 , 35030 , 35031 , 35032 , 35036 , 35037 , 35038 , 35040 , 35041 , 35042 , 35043 , 35044 , 35045 , 35046 , 35047 , 35048 , 35049 , 35051 , 35052 , 35053 , 35054 , 35055 , 35057 , 35079 , 35080 , 35082 , 35083 , 35105 , 35109 , 35112 , 35113 , 35114 , 35115 , 35116 , 35117 , 35130 , 35131 , 35132 , 35133 , 35141 , 35155 , 35156 , 35203 , 35246 , 35247 , 35248 , 35251 , 35252 , 35253 , 35259 , 35260 , 35264 , 35275 , 35276 , 35277 , 35278 , 35279 , 35280 , 35281 , 35282 , 35283 , 35284 , 35285 , 35292 , 35294 , 35295 , 35296 , 35297 , 35298 , 35302 , 35303 , 35304 , 35328 , 35347 , 35362 , 35373 , 35391 , 35392 , 35393 , 35415 , 35416 , 35417 , 35420 , 35421 , 35428 , 35429 , 35431 , 35438 , 35439 , 35440 , 35441 , 35442 , 35444 , 35446 , 35449 , 35450 , 35451 , 35452 , 35468 , 35472 , 35473 , 35474 , 35481 , 35486 , 35487 , 35488 , 35489 , 35490 , 35491 , 35492 , 35493 , 35494 , 35497 , 35498 , 35499 , 35505 , 35506 , 35507 , 35508 , 35509 , 35510 , 35511 , 35512 , 35513 , 35514 , 35515 , 35516 , 35519 , 35528 , 35529 , 35530 , 35532 , 35561 , 35562 , 35572 , 35573 , 35587 , 35588 , 35589 , 35590 , 35594 , 35595 , 35596 , 35597 , 35605 , 35606 , 35607 , 35608 , 35609 , 35610 , 35611 , 35612 , 35613 , 35614 , 35615 , 35617 , 35618 , 35619 , 35620 , 35622 , 35623 , 35625 , 35626 , 35627 , 35629 , 35630 , 35631 , 35635 , 35639 , 35640 , 35641 , 35642 , 35643 , 35645 , 35654 , 35655 , 35656 , 35659 , 35662 , 35679 , 35680 , 35681 , 35684 , 35710 , 35711 , 35712 , 35716 , 35717 , 35718 , 35723 , 35724 , 35725 , 35726 , 35765 , 35766 , 35781 , 35788 , 35789 , 35790 , 35791 , 35802 , 35804 , 35805 , 35806 , 35807 , 35816 , 35817 , 140775 , 35835 , 35836 , 35837 , 137045 , 35841 , 35844 , 35845 , 35846 , 35851 , 35852 , 35853 , 35881 , 35902 , 137056 , 35918 , 35919 , 35923 , 35924 , 35925 , 35926 , 35928 , 35929 , 35930 , 35931 , 35941 , 35942 , 35970 , 35999 , 36000 , 36008 , 36009 , 36010 , 36011 , 36012 , 36026 , 36027 , 36028 , 36030 , 36031 , 36032 , 36033 , 36034 , 36035 , 36037 , 36062 , 36064 , 36065 , 36066 , 36067 , 36068 , 36070 , 36071 , 36072 , 36073 , 36074 , 36077 , 36080 , 36087 , 36097 , 36098 , 36099 , 36100 , 36106 , 36111 , 36156 , 36157 , 36158 , 36159 , 36160 , 36161 , 36162 , 36163 , 36164 , 36165 , 36175 , 36176 , 36177 , 36180 , 36181 , 36182 , 36183 , 36184 , 36185 , 36187 , 36188 , 36189 , 36190 , 36191 , 36201 , 153964 , 36222 , 36223 , 36224 , 36225 , 36233 , 36237 , 36239 , 36240 , 36241 , 36260 , 36261 , 36262 , 36263 , 36264 , 36265 , 36266 , 36267 , 36270 , 36271 , 36272 , 36273 , 36316 , 36317 , 36330 , 36331 , 36332 , 36343 , 36352 , 36353 , 36354 , 36355 , 36356 , 36364 , 137134 , 36378 , 137135 , 36427 , 36430 , 36433 , 36435 , 36436 , 36437 , 36438 , 36439 , 36440 , 36461 , 36473 , 36478 , 36482 , 36483 , 36484 , 36485 , 36486 , 36487 , 36488 , 36489 , 36490 , 36491 , 36492 , 36495 , 36496 , 36501 , 36502 , 36503 , 36504 , 36506 , 36507 , 36508 , 36510 , 36511 , 36512 , 36513 , 36514 , 36515 , 36519 , 36520 , 36521 , 36522 , 36542 , 36543 , 36544 , 36545 , 36564 , 36565 , 36566 , 36569 , 36570 , 36571 , 36599 , 36630 , 36648 , 153874 , 36650 , 36651 , 36660 , 36661 , 36665 , 36699 , 36727 , 36728 , 36729 , 36730 , 36731 , 36741 , 149617 , 36745 , 36765 , 36767 , 36768 , 36770 , 36778 , 36779 , 36780 , 36781 , 36782 , 36794 , 36795 , 36796 , 36797 , 36798 , 36799 , 36800 , 36801 , 36805 , 36806 , 36807 , 36808 , 36809 , 36810 , 36811 , 36812 , 36813 , 36814 , 36817 , 36818 , 36819 , 36820 , 36821 , 36822 , 36823 , 36824 , 36827 , 36830 , 36831 , 36838 , 36839 , 36840 , 36842 , 36843 , 36844 , 36845 , 36846 , 36847 , 36849 , 36850 , 36851 , 36852 , 36853 , 36854 , 36860 , 36861 , 149621 , 36881 , 36889 , 36890 , 36891 , 36920 , 36921 , 36926 , 36927 , 36942 , 36943 , 36947 , 36948 , 36950 , 36961 , 36962 , 36963 , 36965 , 36966 , 36981 , 36982 , 36983 , 36990 , 37010 , 37011 , 37016 , 37017 , 37018 , 37019 , 37020 , 137242 , 37047 , 37048 , 37049 , 37052 , 37053 , 37054 , 37093 , 37094 , 37095 , 37102 , 37136 , 37140 , 37151 , 37152 , 37158 , 37159 , 37160 , 37162 , 37163 , 37176 , 37186 , 37187 , 37188 , 37189 , 37195 , 137272 , 37216 , 37219 , 37220 , 37221 , 37222 , 37223 , 37224 , 37225 , 153878 , 37270 , 37275 , 37281 , 37282 , 37285 , 37302 , 37303 , 37304 , 37305 , 37306 , 37307 , 37308 , 37309 , 37310 , 37351 , 37359 , 137301 , 37385 , 37400 , 37401 , 37402 , 37409 , 37423 , 37474 , 37499 , 37500 , 37501 , 37523 , 37528 , 37529 , 37530 , 37531 , 37532 , 37545 , 37546 , 37547 , 37548 , 37549 , 37550 , 37551 , 37552 , 132186 , 37557 , 37558 , 37559 , 37560 , 37564 , 37565 , 37566 , 37567 , 37568 , 37583 , 37638 , 37639 , 37641 , 132189 , 136554 , 37675 , 37676 , 37677 , 37685 , 37692 , 37700 , 37701 , 37702 , 37703 , 37704 , 37705 , 37707 , 37708 , 37709 , 37710 , 37711 , 37729 , 37730 , 37731 , 37732 , 37733 , 37734 , 37735 , 37742 , 37743 , 37744 , 37745 , 37746 , 37747 , 37748 , 37750 , 37757 , 37758 , 37759 , 37760 , 37761 , 137366 , 37786 , 37801 , 37802 , 37805 , 37809 , 37816 , 37817 , 37818 , 37819 , 37820 , 37823 , 37824 , 37825 , 37826 , 37844 , 37848 , 37858 , 37859 , 37862 , 37878 , 37880 , 136562 , 37924 , 37925 , 37936 , 37937 , 37938 , 37939 , 37940 , 37941 , 37942 , 37943 , 37944 , 37961 , 37969 , 38002 , 38003 , 38008 , 38009 , 38010 , 38011 , 38013 , 38014 , 38015 , 38016 , 38017 , 38018 , 38020 , 38021 , 38022 , 38023 , 38025 , 38026 , 38027 , 38028 , 38029 , 38030 , 38031 , 38032 , 38037 , 38042 , 38043 , 38044 , 38045 , 38049 , 38050 , 38055 , 38056 , 38063 , 38066 , 38070 , 38071 , 38094 , 38101 , 38104 , 38105 , 38121 , 38135 , 38139 , 38147 , 38149 , 38151 , 38152 , 137431 , 38157 , 38158 , 38159 , 137432 , 38162 , 38163 , 38164 , 38166 , 137433 , 137434 , 38181 , 38182 , 38184 , 137436 , 38186 , 38187 , 38188 , 38189 , 38190 , 38191 , 38192 , 38193 , 38194 , 38196 , 38202 , 38203 , 38204 , 38205 , 38208 , 38209 , 38210 , 38211 , 38212 , 38213 , 38215 , 38216 , 38223 , 38224 , 38241 , 38242 , 38243 , 38244 , 38249 , 38250 , 38260 , 38264 , 38265 , 38266 , 38267 , 38268 , 38270 , 38271 , 38286 , 38287 , 38289 , 38301 , 38302 , 38331 , 38341 , 38342 , 38343 , 38345 , 38362 , 38368 , 38391 , 38402 , 38415 , 38421 , 38425 , 38426 , 38427 , 38428 , 38429 , 38430 , 38431 , 137478 , 38441 , 38442 , 38443 , 38447 , 38448 , 137482 , 137483 , 38471 , 38473 , 38477 , 38478 , 38484 , 38485 , 38488 , 38489 , 38490 , 38491 , 38495 , 38496 , 38497 , 38498 , 38499 , 38502 , 38503 , 38527 , 154041 , 38539 , 38540 , 38547 , 38549 , 38552 , 38553 , 38554 , 38555 , 38556 , 38557 , 38558 , 38559 , 38560 , 38561 , 38562 , 38563 , 38564 , 38565 , 38566 , 38567 , 38568 , 38569 , 38570 , 38571 , 38572 , 38573 , 38574 , 38575 , 38576 , 38577 , 38578 , 38579 , 38580 , 38582 , 38583 , 38584 , 38585 , 38587 , 38588 , 38589 , 38590 , 38592 , 38593 , 38597 , 38598 , 38599 , 38600 , 38601 , 38602 , 38604 , 38605 , 38606 , 38607 , 38612 , 38615 , 38616 , 38617 , 38619 , 38620 , 38621 , 38622 , 38623 , 38624 , 38625 , 38626 , 38627 , 38629 , 38630 , 38633 , 38634 , 38648 , 38649 , 38650 , 38651 , 38652 , 38653 , 38665 , 38667 , 38668 , 38669 , 38708 , 38709 , 38711 , 38785 , 38788 , 38791 , 38792 , 137539 , 38813 , 38819 , 38820 , 38821 , 38822 , 38823 , 38824 , 38825 , 38843 , 38845 , 38846 , 38847 , 38848 , 38849 , 38851 , 38852 , 38853 , 38854 , 38855 , 38856 , 38857 , 38858 , 38859 , 38860 , 38861 , 38862 , 38876 , 38880 , 38881 , 38882 , 38883 , 38884 , 38885 , 38886 , 38887 , 38888 , 38890 , 38891 , 38892 , 38893 , 38894 , 38895 , 38896 , 38898 , 38899 , 38900 , 38901 , 38903 , 38904 , 38905 , 38906 , 38907 , 38908 , 38928 , 137563 , 137564 , 137565 , 38980 , 38984 , 38986 , 38987 , 38996 , 39006 , 39026 , 39031 , 39032 , 39037 , 39042 , 39043 , 39044 , 39045 , 39046 , 39048 , 39051 , 39052 , 39053 , 39054 , 39055 , 39056 , 39057 , 39065 , 39069 , 39072 , 39073 , 39079 , 39080 , 39083 , 39091 , 39127 , 39128 , 39133 , 39134 , 39135 , 39137 , 39138 , 39139 , 39147 , 137597 , 39153 , 39167 , 39174 , 39177 , 39178 , 39179 , 39180 , 145334 , 39214 , 39215 , 154064 , 39221 , 39222 , 39226 , 39227 , 39228 , 39229 , 39230 , 39231 , 39233 , 39247 , 154065 , 39251 , 39258 , 39259 , 39260 , 39261 , 39270 , 39271 , 39272 , 39273 , 39274 , 39275 , 39276 , 39278 , 137619 , 39318 , 39319 , 39320 , 39321 , 39324 , 39325 , 39327 , 39335 , 39343 , 39384 , 39388 , 39389 , 39390 , 39391 , 39472 , 39492 , 39493 , 39494 , 39499 , 39500 , 39501 , 39503 , 39504 , 39505 , 39506 , 39521 , 39522 , 39523 , 39577 , 39578 , 39579 , 39580 , 39592 , 39593 , 39595 , 39596 , 39597 , 39598 , 39599 , 39600 , 39601 , 39602 , 39603 , 39604 , 39605 , 39606 , 39607 , 39608 , 39609 , 39610 , 39611 , 39612 , 39613 , 39617 , 39618 , 39619 , 39620 , 39621 , 39622 , 39623 , 39624 , 39626 , 39627 , 39628 , 39633 , 39637 , 39651 , 39652 , 39653 , 39654 , 39657 , 39658 , 137682 , 137683 , 39676 , 39677 , 39689 , 39718 , 39739 , 39748 , 39749 , 39751 , 39783 , 39784 , 39816 , 39829 , 39834 , 39835 , 39836 , 39863 , 39867 , 39877 , 39881 , 39885 , 39925 , 39927 , 39933 , 39935 , 39940 , 39942 , 39959 , 39965 , 39966 , 39968 , 39971 , 39972 , 39973 , 39974 , 39975 , 39976 , 39977 , 39978 , 39979 , 39981 , 39982 , 39983 , 39984 , 39989 , 39990 , 40001 , 40008 , 40009 , 40013 , 40017 , 40018 , 40019 , 40021 , 40022 , 40023 , 40024 , 40025 , 40026 , 40027 , 40028 , 40029 , 40030 , 40031 , 40045 , 40046 , 40047 , 40048 , 40051 , 40052 , 40053 , 40054 , 40099 , 40146 , 40161 , 40162 , 40163 , 40166 , 40167 , 40195 , 40196 , 40197 , 40209 , 40210 , 40211 , 40212 , 40213 , 40214 , 40215 , 40216 , 40217 , 137775 , 40221 , 40222 , 40223 , 40224 , 40225 , 40226 , 40227 , 40247 , 40248 , 40253 , 40254 , 40280 , 40281 , 40282 , 40286 , 40288 , 40289 , 40290 , 40291 , 40292 , 40293 , 40294 , 40295 , 40296 , 40297 , 40299 , 40300 , 40301 , 40302 , 40303 , 40304 , 40305 , 40308 , 40309 , 40310 , 40313 , 40314 , 40315 , 40316 , 40317 , 40326 , 40329 , 40334 , 40335 , 40355 , 40365 , 40367 , 40368 , 40369 , 137803 , 40399 , 40400 , 40404 , 40405 , 40410 , 40411 , 40412 , 40413 , 40414 , 40419 , 40421 , 40422 , 40423 , 40424 , 40425 , 40426 , 40427 , 40428 , 40429 , 40430 , 40431 , 40432 , 40433 , 40434 , 40435 , 40436 , 40437 , 40438 , 40439 , 40440 , 40441 , 40442 , 40443 , 40452 , 40453 , 40455 , 40456 , 40457 , 40458 , 40459 , 40460 , 40461 , 40462 , 40463 , 40464 , 40469 , 40470 , 40471 , 40472 , 40473 , 40474 , 40475 , 40476 , 40477 , 40478 , 40479 , 40480 , 40481 , 40482 , 40483 , 40484 , 40486 , 40487 , 40488 , 40489 , 40490 , 40493 , 40494 , 40509 , 40510 , 40511 , 40512 , 40518 , 40519 , 40520 , 40524 , 40527 , 40528 , 40530 , 40534 , 40555 , 40556 , 40559 , 40560 , 40580 , 40581 , 40585 , 40586 , 40587 , 40599 , 40600 , 40605 , 40614 , 40615 , 40617 , 40618 , 40619 , 40624 , 40625 , 40627 , 40628 , 40629 , 40638 , 40639 , 40640 , 40641 , 40642 , 40643 , 40644 , 40645 , 40648 , 40649 , 40650 , 40657 , 40658 , 40664 , 40675 , 40677 , 40693 , 40694 , 40695 , 40697 , 40698 , 40728 , 40731 , 40732 , 40738 , 40739 , 40740 , 40741 , 40742 , 40743 , 40744 , 40745 , 40746 , 40772 , 40773 , 40774 , 40775 , 40777 , 40778 , 40779 , 40780 , 40781 , 40782 , 40783 , 40784 , 40785 , 40786 , 40787 , 40806 , 40807 , 40814 , 40816 , 40817 , 40818 , 40819 , 40820 , 40821 , 40822 , 40823 , 40824 , 40827 , 40828 , 40829 , 40839 , 40840 , 40842 , 40843 , 40849 , 40859 , 40860 , 40864 , 40870 , 40871 , 40872 , 40881 , 40898 , 40900 , 40906 , 40907 , 40908 , 40909 , 40910 , 40911 , 40912 , 40913 , 40929 , 40930 , 40931 , 40932 , 40933 , 40961 , 40962 , 40963 , 40978 , 41006 , 41007 , 41008 , 41009 , 41011 , 41016 , 41017 , 41022 , 41023 , 41024 , 41025 , 41026 , 41033 , 41035 , 41036 , 41037 , 132302 , 41042 , 41044 , 41045 , 41046 , 41047 , 41048 , 41049 , 41050 , 41051 , 41056 , 41057 , 41058 , 41059 , 41062 , 41066 , 41109 , 41110 , 41115 , 137925 , 41131 , 41132 , 41183 , 41184 , 41185 , 41189 , 41190 , 41191 , 41194 , 41195 , 41196 , 41198 , 41199 , 41200 , 41201 , 41202 , 41203 , 41204 , 41205 , 41206 , 41207 , 41208 , 41209 , 41210 , 41211 , 41212 , 41213 , 41224 , 41225 , 41226 , 41227 , 41228 , 41229 , 41230 , 41231 , 41232 , 41233 , 41235 , 41236 , 41237 , 41256 , 41257 , 41258 , 41259 , 41260 , 41261 , 154132 , 41263 , 41264 , 41267 , 41268 , 41269 , 41270 , 41271 , 41272 , 41273 , 41274 , 41291 , 41292 , 41293 , 41295 , 41296 , 41297 , 41298 , 41299 , 41305 , 41323 , 41332 , 41333 , 41334 , 41335 , 41336 , 41338 , 41339 , 41340 , 41341 , 41342 , 41343 , 41364 , 41378 , 154136 , 41384 , 41394 , 41395 , 41396 , 41397 , 41398 , 41402 , 41423 , 41424 , 41425 , 41445 , 41446 , 41447 , 41448 , 41449 , 41450 , 41452 , 41453 , 41470 , 41471 , 41472 , 41475 , 41500 , 41501 , 41502 , 41503 , 41504 , 41505 , 41506 , 137992 , 41523 , 41524 , 41525 , 41526 , 41529 , 41546 , 41550 , 41551 , 41552 , 41553 , 41554 , 41595 , 41601 , 41602 , 41627 , 41629 , 41646 , 41652 , 41659 , 41660 , 41661 , 41662 , 41663 , 41664 , 41665 , 41666 , 41667 , 41677 , 41678 , 41679 , 41680 , 41681 , 41687 , 41688 , 41750 , 41751 , 41752 , 41753 , 41754 , 41755 , 41756 , 41757 , 41758 , 41759 , 41760 , 41762 , 41763 , 41764 , 41765 , 41766 , 41767 , 41781 , 41822 , 41823 , 41833 , 41834 , 41849 , 41854 , 41855 , 41856 , 41857 , 41858 , 41859 , 41860 , 41862 , 41863 , 41865 , 41866 , 41867 , 41868 , 41869 , 41870 , 41871 , 41872 , 41873 , 41874 , 41875 , 41876 , 41877 , 41878 , 41879 , 41880 , 41881 , 41882 , 41883 , 41884 , 41885 , 41889 , 41890 , 41891 , 41892 , 41918 , 41920 , 41952 , 41958 , 41959 , 41960 , 41961 , 41964 , 41965 , 41966 , 41968 , 41969 , 41970 , 41971 , 41974 , 41975 , 41976 , 41981 , 41985 , 41992 , 41993 , 41994 , 42043 , 42049 , 42057 , 42064 , 42079 , 42080 , 42101 , 42110 , 42115 , 42118 , 42119 , 42120 , 42129 , 42135 , 42136 , 42157 , 42181 , 42184 , 42199 , 42201 , 42206 , 42207 , 42208 , 42209 , 42210 , 42211 , 42212 , 42213 , 42214 , 42215 , 42216 , 42217 , 42224 , 42225 , 42226 , 42227 , 42228 , 42229 , 42231 , 42232 , 42233 , 42234 , 42236 , 42237 , 42238 , 42239 , 42240 , 42242 , 42243 , 42246 , 42248 , 42249 , 42250 , 42251 , 42255 , 42256 , 138115 , 42261 , 138116 , 42306 , 42307 , 42308 , 42309 , 42310 , 42322 , 42323 , 42345 , 42350 , 42366 , 42367 , 42368 , 42369 , 42370 , 42371 , 42372 , 42373 , 42374 , 42389 , 42390 , 42400 , 42401 , 42402 , 42403 , 42404 , 42405 , 42406 , 42407 , 42408 , 42409 , 42411 , 42416 , 42420 , 42421 , 42422 , 42424 , 42425 , 42426 , 42427 , 42428 , 42431 , 42432 , 42435 , 42436 , 42437 , 42438 , 42439 , 42443 , 42469 , 42471 , 42472 , 42476 , 42492 , 42493 , 42514 , 42515 , 42516 , 42522 , 42523 , 42524 , 42525 , 42526 , 42527 , 42528 , 42529 , 42530 , 42531 , 42532 , 42533 , 42534 , 42535 , 42536 , 42537 , 42538 , 42539 , 42540 , 42541 , 42542 , 42543 , 42544 , 42545 , 42552 , 42567 , 42573 , 42576 , 42577 , 138171 , 42620 , 42646 , 42647 , 42654 , 42655 , 42660 , 42661 , 42665 , 138185 , 42706 , 42707 , 42708 , 42709 , 42710 , 42711 , 42712 , 42713 , 42714 , 42715 , 42716 , 42717 , 42718 , 42719 , 42720 , 42721 , 42724 , 42725 , 42733 , 138196 , 42763 , 42773 , 42774 , 42775 , 42776 , 42777 , 42778 , 42779 , 42780 , 42781 , 42782 , 42783 , 42784 , 42785 , 42786 , 42787 , 42788 , 42789 , 42791 , 42792 , 42793 , 42794 , 42796 , 42797 , 42798 , 42799 , 42800 , 42801 , 42805 , 42806 , 42815 , 42816 , 42817 , 42819 , 42820 , 42821 , 42825 , 42842 , 42843 , 42865 , 42866 , 42867 , 42869 , 42871 , 42872 , 42874 , 42876 , 42884 , 42896 , 42910 , 42911 , 42912 , 42913 , 42930 , 42931 , 42934 , 42935 , 42966 , 42967 , 42968 , 42969 , 42970 , 42971 , 42972 , 42973 , 42975 , 42976 , 42985 , 42987 , 42989 , 42990 , 42995 , 43001 , 43002 , 43020 , 43021 , 43022 , 43023 , 43024 , 43025 , 43026 , 43027 , 43028 , 43029 , 43030 , 43031 , 43032 , 43033 , 43034 , 43035 , 43036 , 43037 , 43038 , 43044 , 43058 , 43073 , 43074 , 43075 , 43076 , 43077 , 43081 , 43082 , 43087 , 43088 , 43093 , 138256 , 138257 , 43116 , 43117 , 43118 , 43119 , 138259 , 138262 , 43142 , 43147 , 43151 , 43152 , 43153 , 43154 , 43155 , 43156 , 43157 , 43158 , 43159 , 43160 , 43161 , 43163 , 43164 , 43173 , 43174 , 43179 , 43180 , 43186 , 43187 , 43188 , 43189 , 43190 , 43197 , 43198 , 43199 , 43200 , 43201 , 43202 , 43203 , 43204 , 43205 , 43206 , 43207 , 43208 , 43209 , 43210 , 43213 , 43232 , 43237 , 43239 , 43240 , 43242 , 43249 , 43250 , 43258 , 43259 , 43260 , 43261 , 43262 , 43267 , 43283 , 43289 , 43290 , 43291 , 43299 , 43308 , 43309 , 43313 , 43315 , 43316 , 43317 , 43318 , 43319 , 43320 , 43321 , 43322 , 43323 , 43324 , 43325 , 43326 , 43327 , 43328 , 43329 , 43330 , 43334 , 43335 , 43353 , 43354 , 43355 , 43379 , 43380 , 43386 , 43387 , 43388 , 43413 , 43415 , 43423 , 43424 , 43425 , 43427 , 43428 , 43433 , 43434 , 43435 , 43436 , 43437 , 43441 , 43442 , 43443 , 43444 , 43447 , 43448 , 43449 , 43451 , 43452 , 43455 , 43456 , 43457 , 43458 , 43459 , 43460 , 43461 , 43462 , 43463 , 43464 , 148682 , 43469 , 43470 , 43471 , 43474 , 43496 , 43500 , 43501 , 43524 , 43528 , 43532 , 132385 , 43539 , 43540 , 43541 , 43552 , 43557 , 43558 , 43559 , 132386 , 43564 , 43582 , 43583 , 43585 , 43587 , 43588 , 43589 , 43590 , 43591 , 43595 , 43596 , 43597 , 43599 , 43600 , 43602 , 43603 , 43604 , 43605 , 43607 , 43608 , 43609 , 43610 , 43611 , 43612 , 43613 , 43615 , 43616 , 43617 , 43618 , 43619 , 43625 , 43626 , 43631 , 43632 , 43633 , 43639 , 43640 , 43641 , 43642 , 43647 , 43649 , 43652 , 43654 , 43655 , 43659 , 43660 , 43661 , 43662 , 43663 , 43664 , 43665 , 43681 , 43682 , 43683 , 43684 , 43685 , 43686 , 43687 , 43688 , 43689 , 43690 , 43691 , 43692 , 43693 , 43694 , 43695 , 43696 , 43697 , 43698 , 43699 , 43700 , 43701 , 43707 , 43709 , 43710 , 43756 , 43762 , 43793 , 43794 , 43795 , 43796 , 43797 , 43807 , 43810 , 43814 , 43855 , 43856 , 43857 , 43858 , 43862 , 43863 , 43864 , 43865 , 43866 , 43869 , 43870 , 138384 , 43874 , 138388 , 43903 , 43904 , 138390 , 43916 , 43926 , 43927 , 43928 , 43929 , 43930 , 43936 , 43945 , 43948 , 43949 , 43957 , 43958 , 43959 , 43963 , 43964 , 43965 , 43979 , 43980 , 43981 , 43982 , 43988 , 44010 , 44011 , 44012 , 44013 , 44022 , 44027 , 44034 , 44035 , 44036 , 44045 , 44047 , 154225 , 44100 , 44101 , 44102 , 44103 , 44104 , 44105 , 44106 , 44139 , 44142 , 44143 , 44144 , 44145 , 44146 , 44149 , 44179 , 44180 , 44181 , 44182 , 44183 , 44184 , 44185 , 44186 , 44187 , 44188 , 44189 , 44191 , 44192 , 44194 , 44197 , 44198 , 44200 , 44201 , 44202 , 44203 , 44212 , 148687 , 44218 , 44219 , 44225 , 44226 , 44227 , 44228 , 44229 , 44230 , 44235 , 44236 , 44237 , 44239 , 44295 , 44296 , 44299 , 44301 , 44302 , 44303 , 44386 , 44431 , 44433 , 44436 , 44457 , 44458 , 44459 , 44461 , 44462 , 44463 , 44464 , 44465 , 44466 , 44467 , 44470 , 44471 , 44472 , 44473 , 44474 , 44475 , 44476 , 44477 , 44478 , 44483 , 44484 , 44485 , 44486 , 44487 , 44506 , 44507 , 44508 , 44509 , 44536 , 44537 , 44540 , 44550 , 44551 , 44552 , 44562 , 44563 , 44568 , 44574 , 44575 , 44576 , 44577 , 44578 , 44579 , 44580 , 44581 , 44582 , 44583 , 44584 , 44585 , 44586 , 44587 , 44588 , 44590 , 44591 , 44593 , 44612 , 44618 , 44622 , 44634 , 44642 , 44643 , 44644 , 44645 , 44646 , 44647 , 44650 , 44651 , 44652 , 44662 , 44663 , 44664 , 44665 , 44666 , 44673 , 44681 , 44682 , 44683 , 44684 , 44696 , 44697 , 44698 , 44699 , 44702 , 44703 , 44704 , 44705 , 44706 , 44707 , 44708 , 44712 , 44713 , 44714 , 44716 , 44718 , 44719 , 44759 , 44765 , 44775 , 44776 , 44777 , 44778 , 44779 , 44794 , 44795 , 44796 , 44799 , 44802 , 44813 , 44814 , 44815 , 44816 , 44828 , 44829 , 44830 , 44831 , 44832 , 44836 , 44838 , 44842 , 44898 , 44899 , 44900 , 44903 , 44904 , 44905 , 44906 , 44907 , 44908 , 44909 , 44910 , 44911 , 44912 , 44913 , 44914 , 44915 , 44916 , 44917 , 44918 , 44919 , 44920 , 44921 , 44928 , 44929 , 44930 , 44935 , 44940 , 44941 , 44942 , 44943 , 44944 , 44945 , 44946 , 44947 , 44948 , 44956 , 44957 , 44958 , 44959 , 44972 , 44973 , 44974 , 138573 , 45013 , 45015 , 45016 , 45030 , 45031 , 138581 , 138582 , 45074 , 45076 , 45079 , 45083 , 45085 , 45086 , 45087 , 45088 , 45089 , 45092 , 45093 , 45094 , 45096 , 45097 , 45098 , 45099 , 45100 , 45103 , 45104 , 45105 , 45106 , 45107 , 45108 , 45124 , 45125 , 45126 , 45127 , 45128 , 45131 , 45132 , 45133 , 45134 , 45135 , 45136 , 45137 , 138598 , 45165 , 45168 , 45182 , 45183 , 45184 , 45186 , 45187 , 45188 , 45189 , 45190 , 45191 , 45192 , 45193 , 45194 , 45195 , 45220 , 45221 , 45226 , 45228 , 45229 , 45243 , 45244 , 45245 , 45246 , 45247 , 45248 , 45249 , 45250 , 45252 , 45253 , 45254 , 45264 , 45265 , 45266 , 45267 , 45273 , 45283 , 45284 , 45285 , 45286 , 45287 , 45288 , 45289 , 45290 , 45291 , 45292 , 45294 , 45295 , 45296 , 45297 , 45298 , 45299 , 45301 , 45302 , 45303 , 45304 , 45307 , 45308 , 45309 , 45310 , 45311 , 45312 , 45313 , 45314 , 45316 , 45317 , 45318 , 45319 , 45321 , 45322 , 45328 , 45335 , 45336 , 45337 , 45338 , 45339 , 45340 , 45341 , 45342 , 45343 , 45344 , 45345 , 45347 , 45348 , 45357 , 45364 , 45365 , 45370 , 45377 , 45378 , 45379 , 45382 , 45385 , 45386 , 45388 , 45389 , 45390 , 45391 , 45392 , 45393 , 45394 , 45395 , 45396 , 45397 , 45398 , 45399 , 45400 , 45401 , 45402 , 45403 , 45404 , 45405 , 148695 , 45425 , 45426 , 45427 , 45428 , 45429 , 45430 , 45431 , 45432 , 45433 , 45434 , 45435 , 45436 , 45439 , 45440 , 45441 , 45443 , 45444 , 45445 , 45446 , 45447 , 45448 , 45449 , 45450 , 45451 , 45452 , 45455 , 45456 , 45457 , 45458 , 45459 , 45461 , 45462 , 45463 , 45464 , 45470 , 45471 , 45478 , 45480 , 45481 , 45500 , 45501 , 45523 , 45524 , 45525 , 45526 , 45527 , 45528 , 45530 , 45531 , 45532 , 45533 , 45534 , 45535 , 45536 , 45537 , 45542 , 45545 , 45547 , 45549 , 45550 , 45551 , 45552 , 45561 , 45562 , 45591 , 45592 , 45593 , 45611 , 45612 , 45614 , 45615 , 45616 , 45617 , 45618 , 45619 , 45622 , 45623 , 45624 , 45625 , 45677 , 45687 , 45703 , 45704 , 45716 , 45717 , 45718 , 45719 , 45720 , 45758 , 45759 , 45760 , 45778 , 45802 , 45803 , 45804 , 45805 , 45806 , 45807 , 45808 , 45809 , 45810 , 45811 , 45824 , 45826 , 45827 , 45828 , 45829 , 45830 , 45831 , 45832 , 45833 , 45834 , 45835 , 45836 , 45851 , 45886 , 45887 , 45888 , 45889 , 45942 , 45943 , 45944 , 45961 , 45962 , 45963 , 45964 , 45965 , 45966 , 45972 , 45973 , 45983 , 45989 , 45990 , 45991 , 45992 , 45994 , 45995 , 45996 , 46005 , 46009 , 46010 , 46011 , 46012 , 46024 , 46026 , 46027 , 46028 , 46029 , 46051 , 46052 , 46053 , 46054 , 46056 , 46062 , 46063 , 46077 , 46078 , 46079 , 46089 , 46090 , 46091 , 46092 , 46093 , 46094 , 46095 , 46096 , 46097 , 46098 , 46104 , 46114 , 46119 , 46120 , 46121 , 46122 , 46123 , 46124 , 46125 , 46126 , 46127 , 46128 , 46130 , 46131 , 46132 , 46133 , 46134 , 46135 , 138762 , 46144 , 46145 , 46146 , 46147 , 46148 , 46149 , 46150 , 46151 , 46152 , 46201 , 46238 , 46239 , 46296 , 46297 , 46298 , 46299 , 46300 , 46310 , 46311 , 46312 , 46318 , 46319 , 46335 , 46336 , 46337 , 46338 , 46339 , 46340 , 46341 , 46342 , 46343 , 46344 , 46345 , 46346 , 46347 , 46348 , 46364 , 138803 , 46395 , 46397 , 46434 , 46435 , 46436 , 46437 , 46438 , 46439 , 46440 , 46445 , 46446 , 46506 , 46522 , 46523 , 46524 , 46525 , 46529 , 46530 , 46531 , 46532 , 46538 , 46539 , 46553 , 46554 , 46555 , 46560 , 46561 , 46562 , 46591 , 46592 , 46593 , 46594 , 46606 , 46607 , 46608 , 46609 , 46610 , 46613 , 46614 , 46634 , 46635 , 46642 , 46645 , 46660 , 46662 , 46663 , 46664 , 46665 , 46666 , 46670 , 46671 , 46682 , 46683 , 46685 , 46691 , 46722 , 46723 , 46724 , 46725 , 46726 , 46727 , 46728 , 46729 , 46730 , 46731 , 46733 , 46754 , 46755 , 46756 , 46757 , 46758 , 46759 , 46760 , 46761 , 46763 , 46764 , 46765 , 46767 , 46768 , 46770 , 46771 , 46773 , 46782 , 46783 , 46786 , 46788 , 46801 , 46830 , 132495 , 46841 , 46842 , 136860 , 46867 , 46868 , 46869 , 136861 , 46885 , 46886 , 46887 , 46896 , 46897 , 46898 , 46899 , 46900 , 46901 , 46902 , 46903 , 46932 , 46933 , 136863 , 46941 , 46942 , 46943 , 46968 , 46971 , 46972 , 46973 , 46974 , 46977 , 46978 , 46990 , 46991 , 138906 , 47014 , 138910 , 47069 , 47078 , 47081 , 47084 , 47085 , 47086 , 47088 , 47089 , 47090 , 47091 , 47092 , 47093 , 47094 , 47095 , 47096 , 47097 , 47098 , 47099 , 47100 , 47101 , 47102 , 47103 , 47104 , 47105 , 47106 , 47107 , 47108 , 47109 , 47130 , 47137 , 47141 , 47142 , 47143 , 47144 , 47145 , 47146 , 47147 , 47148 , 47150 , 47151 , 47154 , 47155 , 47158 , 47159 , 47160 , 138932 , 47162 , 47163 , 47164 , 47165 , 47166 , 47168 , 47169 , 47170 , 47179 , 47180 , 47199 , 47200 , 47210 , 47211 , 47219 , 47223 , 47224 , 47234 , 47235 , 47247 , 47254 , 47256 , 47279 , 47283 , 47285 , 47286 , 47295 , 47306 , 47307 , 47308 , 47311 , 47314 , 47315 , 47316 , 47326 , 47327 , 47328 , 47329 , 47343 , 47344 , 47345 , 47346 , 47347 , 47348 , 47350 , 47351 , 47352 , 136877 , 47373 , 47374 , 47376 , 47377 , 47378 , 47381 , 47382 , 47383 , 47384 , 47385 , 47392 , 47393 , 47394 , 47438 , 47453 , 47454 , 47476 , 47477 , 138987 , 47497 , 138993 , 47529 , 47537 , 47538 , 47547 , 47548 , 47550 , 47551 , 47552 , 47566 , 47567 , 139002 , 47588 , 47592 , 47593 , 47594 , 47595 , 47596 , 47597 , 47598 , 47599 , 47600 , 47601 , 47603 , 47605 , 47606 , 47607 , 47608 , 47611 , 47614 , 47617 , 47618 , 47619 , 47620 , 47621 , 47622 , 47623 , 47624 , 47626 , 47628 , 47629 , 47630 , 47676 , 47677 , 47678 , 47705 , 47706 , 139024 , 47737 , 47738 , 47739 , 47740 , 47743 , 47744 , 47745 , 47746 , 47747 , 47748 , 47749 , 47750 , 47751 , 47752 , 47754 , 47755 , 47756 , 47757 , 47774 , 47775 , 47799 , 47802 , 47804 , 47805 , 47806 , 47807 , 47808 , 47810 , 47811 , 47812 , 47813 , 47814 , 47815 , 47816 , 47817 , 47818 , 47819 , 47820 , 47825 , 47831 , 47836 , 47837 , 47842 , 47865 , 47866 , 47867 , 47868 , 47869 , 47874 , 143474 , 47884 , 47885 , 47886 , 47887 , 47888 , 47889 , 47890 , 47913 , 47914 , 47915 , 47916 , 47917 , 47918 , 47922 , 47923 , 47937 , 47947 , 47948 , 47949 , 47950 , 47956 , 47957 , 47958 , 47964 , 47965 , 47968 , 47969 , 47980 , 47981 , 48004 , 48005 , 48006 , 48007 , 48008 , 48009 , 48010 , 48011 , 48012 , 48015 , 48016 , 139075 , 48048 , 48053 , 48054 , 48061 , 48062 , 48075 , 48076 , 48077 , 48078 , 48079 , 48080 , 48097 , 48098 , 48108 , 48116 , 48117 , 48128 , 48129 , 48130 , 48131 , 48132 , 48133 , 48134 , 48135 , 48136 , 48137 , 48138 , 48139 , 48140 , 48141 , 48142 , 48145 , 48146 , 48147 , 48148 , 48149 , 48150 , 48154 , 48159 , 48161 , 48163 , 48164 , 48165 , 48179 , 48180 , 48181 , 48198 , 48199 , 48200 , 48204 , 48205 , 48206 , 48219 , 48220 , 48221 , 48222 , 48227 , 48231 , 48259 , 48280 , 48281 , 48282 , 48283 , 139120 , 48296 , 48300 , 139122 , 48303 , 48305 , 48306 , 139123 , 139124 , 48320 , 48358 , 154369 , 48403 , 48405 , 48407 , 48408 , 48411 , 48412 , 48413 , 48414 , 48494 , 48507 , 48512 , 48513 , 48515 , 48517 , 48518 , 48519 , 48520 , 48521 , 48522 , 48523 , 48528 , 48529 , 48530 , 48531 , 48532 , 48534 , 48535 , 48536 , 48537 , 48538 , 48539 , 48542 , 48543 , 48545 , 48547 , 48548 , 48549 , 48550 , 48551 , 48552 , 48553 , 48576 , 48577 , 48578 , 48580 , 48581 , 48599 , 48600 , 48601 , 48602 , 48631 , 48642 , 48645 , 48660 , 48661 , 48662 , 48663 , 48664 , 48676 , 48682 , 48692 , 48695 , 48710 , 48711 , 48720 , 48729 , 48730 , 48731 , 48732 , 48739 , 48744 , 48745 , 48746 , 48747 , 48748 , 48749 , 48750 , 48751 , 48752 , 48753 , 48757 , 48758 , 48759 , 48760 , 48761 , 48762 , 48766 , 48767 , 48768 , 48770 , 48772 , 48773 , 48775 , 48778 , 48792 , 48796 , 48822 , 48823 , 48824 , 48825 , 48826 , 48827 , 48839 , 48840 , 48841 , 48842 , 48843 , 48844 , 48848 , 48851 , 48859 , 48860 , 48867 , 48868 , 48869 , 48871 , 48872 , 48873 , 48875 , 48913 , 48914 , 48938 , 48939 , 48941 , 48942 , 48943 , 48944 , 48960 , 48961 , 48964 , 139233 , 48970 , 48971 , 48972 , 48973 , 48974 , 48975 , 48976 , 48977 , 48978 , 48979 , 48980 , 48981 , 48982 , 48983 , 48984 , 48985 , 48986 , 48987 , 48988 , 48989 , 48990 , 48991 , 48992 , 48993 , 49013 , 49041 , 49043 , 49044 , 49045 , 49046 , 49047 , 49048 , 49049 , 49051 , 49054 , 49055 , 49056 , 49057 , 49058 , 49059 , 49060 , 49061 , 49069 , 49093 , 49099 , 49100 , 49101 , 49102 , 49103 , 49113 , 49115 , 49116 , 49120 , 49125 , 49126 , 49127 , 49158 , 49159 , 49160 , 49161 , 49162 , 49163 , 49164 , 49194 , 49195 , 49202 , 49204 , 49206 , 49209 , 49210 , 49211 , 49212 , 49219 , 49220 , 49221 , 49229 , 49232 , 49233 , 49246 , 49247 , 49251 , 49252 , 49258 , 49259 , 49260 , 49261 , 49262 , 49263 , 49264 , 49265 , 139284 , 49275 , 49291 , 49293 , 49294 , 49295 , 49296 , 49297 , 49298 , 49300 , 49301 , 49303 , 49304 , 49305 , 49308 , 49309 , 49310 , 49315 , 49316 , 49317 , 49320 , 49321 , 49322 , 49326 , 49334 , 49335 , 49355 , 49357 , 49358 , 49359 , 49360 , 49362 , 49364 , 49365 , 49366 , 49367 , 49392 , 49393 , 49394 , 49399 , 49402 , 49403 , 49404 , 49407 , 49408 , 49409 , 49410 , 153959 , 146103 , 49432 , 49437 , 49438 , 139313 , 49476 , 49477 , 49478 , 49479 , 49480 , 49482 , 49505 , 49508 , 49509 , 49510 , 49512 , 49513 , 49514 , 49515 , 49519 , 49520 , 49521 , 49531 , 49544 , 49545 , 49558 , 49587 , 49588 , 49589 , 49595 , 49596 , 49597 , 49598 , 49599 , 49600 , 49602 , 49603 , 49604 , 49605 , 49606 , 49607 , 49608 , 49614 , 49615 , 49616 , 49617 , 49622 , 49626 , 49628 , 49629 , 49630 , 49658 , 49659 , 49669 , 49670 , 49671 , 49672 , 49673 , 49674 , 49675 , 49676 , 49677 , 49678 , 49679 , 49680 , 49681 , 49684 , 132590 , 49690 , 139354 , 49698 , 49700 , 49701 , 49702 , 49703 , 49704 , 49705 , 49706 , 49707 , 49708 , 49709 , 49710 , 49713 , 49714 , 49715 , 49716 , 49717 , 49718 , 49719 , 49720 , 49721 , 49722 , 49723 , 49724 , 49725 , 49729 , 49730 , 49731 , 49732 , 49733 , 49734 , 49737 , 49738 , 49739 , 49743 , 49745 , 49746 , 49747 , 49748 , 49749 , 49750 , 49753 , 49755 , 49770 , 49771 , 49772 , 49773 , 49774 , 49798 , 49802 , 49803 , 49804 , 49808 , 49809 , 49810 , 139374 , 139375 , 139376 , 49833 , 49854 , 49855 , 49856 , 49869 , 49885 , 49886 , 49887 , 49888 , 49890 , 49897 , 49898 , 49901 , 49902 , 49903 , 49907 , 49915 , 49917 , 49918 , 49937 , 49939 , 49940 , 49941 , 49945 , 49947 , 49949 , 49951 , 49952 , 49953 , 49983 , 49992 , 49993 , 49994 , 49995 , 50003 , 50004 , 50005 , 50012 , 153963 , 50016 , 50017 , 50018 , 145695 , 50044 , 50045 , 50046 , 50047 , 50063 , 50065 , 50069 , 50070 , 139417 , 50073 , 50074 , 50075 , 50076 , 139418 , 139419 , 50092 , 50104 , 50114 , 50115 , 50116 , 50117 , 50118 , 50151 , 50160 , 50201 , 50202 , 50229 , 50263 , 50267 , 50268 , 50312 , 50313 , 50314 , 139458 , 50323 , 50324 , 50326 , 50332 , 50333 , 50334 , 50335 , 50336 , 50337 , 50338 , 138253 , 50403 , 50404 , 50406 , 50426 , 50430 , 50438 , 50439 , 50440 , 50451 , 50453 , 50454 , 50455 , 50457 , 50460 , 50461 , 50462 , 50471 , 50473 , 50502 , 50503 , 50507 , 50508 , 50510 , 50511 , 50516 , 50517 , 50518 , 50519 , 50520 , 50521 , 50522 , 50523 , 50524 , 50525 , 50526 , 50544 , 50545 , 50546 , 50547 , 50548 , 50551 , 50569 , 50584 , 50585 , 50586 , 50587 , 50588 , 50589 , 50590 , 50591 , 50603 , 50605 , 50606 , 50607 , 50608 , 50610 , 50611 , 50612 , 50613 , 50614 , 50615 , 50616 , 50621 , 50624 , 50625 , 50626 , 50627 , 50628 , 50640 , 50641 , 50642 , 50646 , 50656 , 50665 , 50666 , 50670 , 50671 , 50672 , 50673 , 50675 , 50676 , 50677 , 50679 , 50692 , 50705 , 50706 , 50725 , 50732 , 50733 , 50734 , 50735 , 50736 , 139528 , 50738 , 50739 , 50740 , 50744 , 50745 , 50746 , 50747 , 50748 , 50749 , 50751 , 50752 , 50771 , 50772 , 50774 , 50775 , 50776 , 50777 , 50778 , 50779 , 50780 , 50781 , 50782 , 50785 , 50786 , 50787 , 50789 , 50790 , 50793 , 50794 , 50795 , 50796 , 50797 , 50801 , 50813 , 50819 , 50822 , 50851 , 50852 , 50853 , 50854 , 50855 , 50856 , 50857 , 50858 , 50868 , 50869 , 50874 , 50875 , 50876 , 50877 , 139552 , 50886 , 139553 , 139554 , 139555 , 139556 , 139557 , 50915 , 139558 , 50920 , 50921 , 50923 , 50924 , 50925 , 50926 , 50927 , 50930 , 50931 , 50932 , 50934 , 50935 , 139562 , 50945 , 50946 , 132632 , 50953 , 50978 , 50979 , 50980 , 50982 , 50983 , 50984 , 50985 , 50986 , 50988 , 50989 , 50990 , 50991 , 50992 , 50993 , 50994 , 50996 , 50998 , 50999 , 51000 , 51001 , 51002 , 51030 , 51037 , 51038 , 51039 , 51059 , 51060 , 51061 , 51062 , 51098 , 51101 , 51103 , 51106 , 51107 , 51108 , 51109 , 51110 , 51111 , 51112 , 51113 , 51114 , 51141 , 51145 , 51155 , 51156 , 51200 , 51203 , 51204 , 51205 , 51206 , 51208 , 51209 , 51210 , 51211 , 51213 , 51214 , 51215 , 51216 , 51217 , 51218 , 141370 , 51220 , 139609 , 51231 , 51232 , 51239 , 51242 , 51243 , 51244 , 141371 , 139616 , 51270 , 51271 , 51286 , 51287 , 51288 , 51289 , 51290 , 51291 , 51292 , 51293 , 51294 , 51295 , 51296 , 51303 , 51304 , 51310 , 51311 , 51312 , 51313 , 51314 , 51315 , 51319 , 51320 , 51325 , 51335 , 51339 , 51340 , 51357 , 51362 , 51364 , 51370 , 51373 , 51374 , 51385 , 51386 , 51427 , 51431 , 51432 , 51433 , 51446 , 139650 , 51471 , 51472 , 51489 , 51493 , 51494 , 51495 , 51497 , 51499 , 51500 , 51501 , 51502 , 137015 , 51530 , 51538 , 51540 , 51541 , 51542 , 51543 , 51563 , 51566 , 51567 , 51568 , 51576 , 51577 , 51589 , 51601 , 51602 , 51603 , 51604 , 51605 , 51606 , 51609 , 51617 , 51620 , 51626 , 51636 , 51637 , 51638 , 51639 , 51647 , 51648 , 139683 , 51668 , 51669 , 51670 , 51671 , 51672 , 51673 , 139686 , 51687 , 51688 , 51689 , 51690 , 51691 , 51692 , 51693 , 51694 , 51695 , 51697 , 51698 , 51699 , 51700 , 51701 , 51702 , 51703 , 51704 , 51705 , 51706 , 51707 , 139690 , 139691 , 139692 , 51725 , 51726 , 139695 , 139696 , 51753 , 51754 , 51755 , 51768 , 51779 , 51780 , 51793 , 139709 , 139710 , 139711 , 51854 , 139715 , 139717 , 51872 , 51874 , 51875 , 139718 , 139719 , 51884 , 51888 , 51889 , 51890 , 51893 , 51894 , 51895 , 51896 , 51911 , 51913 , 51914 , 51915 , 51916 , 51917 , 51918 , 51919 , 51920 , 51921 , 51922 , 51923 , 51939 , 51941 , 51942 , 51943 , 51944 , 51952 , 51953 , 51954 , 51982 , 52020 , 52023 , 52024 , 52025 , 139748 , 52069 , 52070 , 52077 , 52079 , 52081 , 52082 , 52083 , 52084 , 52085 , 52088 , 52128 , 52129 , 52133 , 52134 , 52136 , 52137 , 52141 , 52142 , 52165 , 52167 , 52168 , 52169 , 52170 , 52171 , 52172 , 52173 , 52174 , 52175 , 52176 , 52212 , 52213 , 52219 , 52220 , 52225 , 52248 , 52249 , 52250 , 52252 , 52261 , 52262 , 52271 , 52272 , 52281 , 52282 , 52283 , 52285 , 52286 , 52288 , 52289 , 52290 , 52291 , 52292 , 52293 , 52294 , 52295 , 52296 , 52297 , 52298 , 52299 , 52301 , 52302 , 52303 , 52304 , 52305 , 52307 , 52308 , 52309 , 52310 , 52318 , 52323 , 52324 , 52325 , 52326 , 52338 , 52339 , 52363 , 52370 , 52371 , 52372 , 52413 , 52414 , 52415 , 52424 , 52425 , 52426 , 52430 , 52442 , 139826 , 52527 , 52528 , 52538 , 52539 , 52540 , 52542 , 52543 , 52544 , 52545 , 52546 , 52547 , 52548 , 52549 , 52554 , 52574 , 52575 , 52577 , 52578 , 52579 , 52621 , 52623 , 52624 , 52625 , 52630 , 52631 , 52632 , 52640 , 52650 , 52651 , 52652 , 52653 , 52683 , 52690 , 52691 , 52694 , 52701 , 52713 , 52716 , 52723 , 52724 , 52730 , 52731 , 52732 , 52733 , 52739 , 52740 , 52741 , 52743 , 52744 , 52745 , 52765 , 52766 , 52768 , 52769 , 52770 , 52771 , 52772 , 139868 , 52792 , 52795 , 52799 , 52800 , 139874 , 52816 , 52817 , 52818 , 52819 , 139876 , 52831 , 52832 , 52833 , 52834 , 52835 , 52841 , 52866 , 52868 , 52869 , 52870 , 52871 , 52875 , 52877 , 52878 , 52879 , 52880 , 52881 , 52882 , 52883 , 52884 , 52885 , 52886 , 52912 , 52913 , 52914 , 52920 , 52921 , 52922 , 52923 , 52925 , 52926 , 52927 , 52928 , 52931 , 52932 , 52933 , 52934 , 52935 , 52936 , 52938 , 52939 , 52941 , 52944 , 52957 , 52963 , 52982 , 139904 , 144381 , 53000 , 53005 , 53015 , 53031 , 53032 , 53035 , 53036 , 53037 , 53039 , 53040 , 139912 , 53042 , 53045 , 53046 , 53047 , 53051 , 53056 , 53057 , 53060 , 53061 , 53069 , 53070 , 53081 , 53083 , 53084 , 53085 , 53087 , 53102 , 53103 , 53104 , 53105 , 53106 , 53108 , 53109 , 53110 , 53111 , 53113 , 53115 , 53127 , 53128 , 53136 , 53137 , 53138 , 53140 , 53141 , 53145 , 53146 , 53147 , 53148 , 139930 , 53151 , 139931 , 53169 , 53170 , 53171 , 53176 , 53177 , 53178 , 53179 , 53183 , 53184 , 53214 , 53215 , 53216 , 53217 , 53218 , 53226 , 53227 , 53228 , 53235 , 53236 , 53237 , 53250 , 53254 , 53255 , 53256 , 53259 , 53260 , 53261 , 53262 , 53263 , 53264 , 53265 , 53266 , 53269 , 53270 , 53273 , 53274 , 53275 , 53276 , 53277 , 53290 , 53303 , 53304 , 53310 , 53315 , 139958 , 53321 , 53322 , 53325 , 53326 , 53327 , 53328 , 53329 , 53338 , 53339 , 53341 , 53352 , 53354 , 53357 , 53358 , 53359 , 53360 , 53367 , 53370 , 53371 , 53372 , 53373 , 53374 , 53375 , 53376 , 53377 , 53378 , 53379 , 53382 , 53383 , 53384 , 53385 , 53386 , 53395 , 53396 , 53397 , 53398 , 53399 , 53402 , 53403 , 53404 , 53405 , 53406 , 53407 , 53408 , 53409 , 53410 , 53411 , 53412 , 53413 , 53414 , 53415 , 53416 , 53420 , 53422 , 53423 , 53425 , 53426 , 53427 , 53428 , 53429 , 53430 , 53431 , 53433 , 53434 , 53435 , 53436 , 53437 , 53438 , 53439 , 53440 , 53441 , 53442 , 53443 , 53445 , 53446 , 53447 , 53450 , 53454 , 53455 , 53458 , 53459 , 53464 , 53465 , 53467 , 53468 , 53469 , 53470 , 53471 , 53472 , 53473 , 53474 , 53475 , 53500 , 53503 , 53504 , 53505 , 53506 , 53509 , 53510 , 53511 , 53524 , 53526 , 53527 , 53528 , 53537 , 53538 , 53539 , 53540 , 53545 , 53551 , 53561 , 53562 , 53594 , 53599 , 53600 , 53601 , 53602 , 53603 , 53604 , 53605 , 53606 , 53607 , 53608 , 53611 , 53612 , 53613 , 53614 , 53615 , 53619 , 53642 , 53651 , 53671 , 53672 , 53673 , 53674 , 53675 , 53676 , 53680 , 53687 , 53696 , 53697 , 53698 , 53699 , 53700 , 53707 , 53708 , 53712 , 53713 , 53714 , 53715 , 53716 , 53717 , 53718 , 53719 , 53720 , 53721 , 53722 , 53726 , 53727 , 53728 , 53745 , 53746 , 53747 , 53767 , 53772 , 53773 , 53790 , 53791 , 53792 , 53800 , 53803 , 53804 , 53805 , 53806 , 53811 , 53812 , 140042 , 53827 , 53836 , 53837 , 53838 , 53839 , 53840 , 53841 , 140046 , 53846 , 53847 , 53848 , 53849 , 53850 , 140047 , 53857 , 53858 , 53859 , 53860 , 53890 , 53891 , 53892 , 53893 , 53894 , 53895 , 53896 , 53897 , 53898 , 53899 , 53900 , 53901 , 53902 , 53903 , 53904 , 53905 , 53914 , 53915 , 53923 , 53924 , 53925 , 53944 , 53945 , 53946 , 53947 , 53954 , 53955 , 53956 , 53957 , 53958 , 53959 , 53962 , 53972 , 54005 , 54014 , 54016 , 54017 , 54018 , 54019 , 54021 , 54022 , 54023 , 54024 , 54026 , 54027 , 54028 , 54030 , 54042 , 54043 , 54051 , 54052 , 54053 , 54054 , 54055 , 54056 , 54057 , 54058 , 54060 , 54061 , 54062 , 54063 , 54064 , 54065 , 54066 , 54067 , 54068 , 54069 , 54070 , 54071 , 54072 , 54073 , 54074 , 54078 , 139561 , 54106 , 54109 , 54113 , 54114 , 54115 , 54117 , 54121 , 54152 , 54153 , 54154 , 54155 , 54156 , 54157 , 54161 , 54162 , 54163 , 54167 , 54178 , 54179 , 54182 , 54183 , 54217 , 54218 , 54219 , 54220 , 54221 , 54234 , 54239 , 54240 , 54262 , 54277 , 54285 , 54286 , 54287 , 54293 , 54295 , 54296 , 54329 , 54330 , 54331 , 54332 , 54333 , 54334 , 54335 , 54336 , 54337 , 54338 , 54339 , 54340 , 54341 , 54342 , 54362 , 54365 , 154570 , 54417 , 54418 , 54419 , 54423 , 54424 , 54425 , 54438 , 54439 , 54440 , 54452 , 54453 , 54457 , 54458 , 54472 , 54473 , 54515 , 54516 , 54526 , 54533 , 54544 , 54545 , 54552 , 54553 , 54554 , 54555 , 54557 , 54558 , 54559 , 54560 , 54591 , 54592 , 54593 , 54594 , 54595 , 54612 , 54615 , 54616 , 54617 , 54619 , 54620 , 54623 , 54626 , 54630 , 54631 , 54632 , 54633 , 140179 , 54661 , 54662 , 54663 , 54666 , 54667 , 54679 , 54680 , 54681 , 148757 , 54727 , 54728 , 54729 , 54730 , 54731 , 54732 , 54733 , 54734 , 54735 , 54736 , 54737 , 54738 , 54739 , 54740 , 54741 , 54742 , 54743 , 54744 , 54745 , 54746 , 54747 , 54748 , 54749 , 54750 , 54751 , 54752 , 54757 , 54758 , 54760 , 54761 , 54762 , 54763 , 54765 , 54766 , 54767 , 54768 , 54769 , 54770 , 54771 , 54773 , 54774 , 54782 , 54785 , 54786 , 54787 , 54789 , 54794 , 54795 , 54796 , 54797 , 54798 , 54799 , 54800 , 54801 , 54802 , 54813 , 54814 , 54815 , 54834 , 54835 , 54836 , 54845 , 54854 , 54876 , 54877 , 54883 , 54889 , 54890 , 54891 , 54892 , 54893 , 54894 , 54895 , 54896 , 54897 , 54900 , 54901 , 54902 , 54903 , 54904 , 54905 , 54906 , 54907 , 54908 , 54909 , 54910 , 54911 , 54912 , 140224 , 140225 , 54920 , 54921 , 140231 , 54968 , 54974 , 54981 , 54982 , 54983 , 54984 , 54985 , 54986 , 54987 , 54990 , 55000 , 55001 , 55002 , 55003 , 55005 , 55006 , 55013 , 55015 , 55016 , 55017 , 55025 , 55026 , 55027 , 55028 , 55036 , 55038 , 55039 , 55040 , 55041 , 55042 , 55047 , 55070 , 55071 , 55072 , 55073 , 55074 , 55078 , 55079 , 55080 , 55081 , 55082 , 55083 , 55084 , 55085 , 55086 , 55087 , 55088 , 55089 , 55090 , 55109 , 55132 , 55133 , 55148 , 55149 , 55162 , 55163 , 55169 , 55170 , 55171 , 55172 , 55173 , 55177 , 55178 , 55179 , 55180 , 55181 , 55182 , 55183 , 55185 , 55186 , 55189 , 55197 , 55198 , 55199 , 55200 , 55201 , 55202 , 55203 , 55204 , 55205 , 55206 , 55207 , 55210 , 55211 , 55212 , 55213 , 55214 , 55215 , 55223 , 55224 , 55225 , 55249 , 55250 , 55251 , 55254 , 55255 , 55256 , 55275 , 55277 , 55278 , 55279 , 55280 , 55282 , 55283 , 55284 , 55285 , 55288 , 55290 , 55292 , 55293 , 55294 , 55295 , 55296 , 55298 , 55316 , 55317 , 55351 , 55356 , 55357 , 55382 , 55426 , 55427 , 55428 , 55429 , 55430 , 55431 , 55432 , 55433 , 55469 , 55470 , 55471 , 55472 , 55479 , 55480 , 55481 , 55496 , 55497 , 55498 , 55499 , 55500 , 55501 , 55502 , 55503 , 55504 , 55505 , 55506 , 55507 , 55508 , 55509 , 55510 , 55511 , 55522 , 55564 , 55578 , 55579 , 55580 , 55585 , 55587 , 55588 , 55591 , 55592 , 55594 , 140341 , 55622 , 55623 , 55624 , 140343 , 55633 , 55639 , 55641 , 55642 , 140346 , 55646 , 55647 , 55648 , 55649 , 55650 , 55651 , 55652 , 55653 , 55654 , 140348 , 55669 , 55670 , 55673 , 55674 , 55675 , 55676 , 55680 , 55681 , 55698 , 55699 , 55700 , 55701 , 55702 , 55703 , 55758 , 55759 , 55760 , 55763 , 55764 , 137157 , 55773 , 55774 , 55786 , 55788 , 55789 , 55800 , 55801 , 55804 , 55813 , 55814 , 55816 , 55818 , 55819 , 55820 , 55821 , 55822 , 55823 , 55824 , 55825 , 55826 , 55827 , 55828 , 55829 , 55830 , 55831 , 55832 , 55833 , 55834 , 55835 , 55836 , 55841 , 55842 , 55844 , 55845 , 55849 , 55857 , 55864 , 55865 , 55866 , 55878 , 55892 , 55908 , 55919 , 55920 , 55921 , 150256 , 55935 , 55936 , 55937 , 55939 , 55940 , 55941 , 55942 , 55943 , 55975 , 55976 , 55978 , 55979 , 55983 , 55984 , 55985 , 55986 , 56018 , 150259 , 56054 , 56055 , 56056 , 56057 , 56058 , 56059 , 56067 , 56068 , 56085 , 56086 , 56087 , 56104 , 56105 , 56106 , 56107 , 56108 , 56138 , 56139 , 56140 , 56141 , 56142 , 56143 , 56146 , 56148 , 56149 , 56150 , 56151 , 56152 , 56153 , 56154 , 56155 , 56156 , 56157 , 56173 , 56184 , 56185 , 56186 , 56199 , 56239 , 56240 , 56257 , 56260 , 56279 , 56289 , 56290 , 56291 , 56295 , 56311 , 56339 , 56340 , 56371 , 56372 , 56373 , 56374 , 56375 , 56376 , 56377 , 56394 , 56416 , 56417 , 56418 , 56419 , 56420 , 56428 , 56429 , 56430 , 56431 , 140481 , 56458 , 56459 , 56460 , 56461 , 56462 , 56463 , 56464 , 56465 , 56479 , 56497 , 56498 , 56499 , 56501 , 56502 , 56503 , 56505 , 56506 , 56510 , 56511 , 56512 , 56532 , 56534 , 56544 , 56562 , 56571 , 56572 , 56575 , 56576 , 56579 , 56580 , 56581 , 56583 , 56584 , 56585 , 56586 , 56610 , 56611 , 56612 , 56613 , 56614 , 56615 , 56618 , 56619 , 56620 , 56621 , 56622 , 56624 , 56625 , 56631 , 56633 , 56637 , 56657 , 56662 , 56663 , 56664 , 56665 , 56666 , 56667 , 56668 , 56669 , 56670 , 56671 , 56711 , 56737 , 56738 , 56740 , 56741 , 56743 , 56744 , 56745 , 56746 , 56747 , 56750 , 56751 , 56752 , 56798 , 56806 , 56808 , 56809 , 56823 , 56835 , 56836 , 56837 , 56838 , 140545 , 140548 , 140549 , 56865 , 140550 , 56870 , 56871 , 56872 , 56874 , 56883 , 140553 , 56891 , 56892 , 56893 , 56894 , 56900 , 56913 , 56914 , 56915 , 56916 , 56917 , 56918 , 56919 , 140559 , 56927 , 56928 , 56947 , 140565 , 145926 , 56971 , 56972 , 56979 , 56980 , 56988 , 56989 , 56990 , 56993 , 56994 , 56995 , 56996 , 56999 , 57000 , 57001 , 57002 , 57003 , 57004 , 57005 , 57009 , 57010 , 57011 , 57012 , 57014 , 57015 , 57016 , 57017 , 57018 , 57024 , 57031 , 57033 , 57043 , 57044 , 57045 , 57046 , 57058 , 57064 , 57065 , 57067 , 57072 , 57104 , 57122 , 57130 , 57160 , 57161 , 57162 , 57163 , 57164 , 57165 , 57199 , 57200 , 57201 , 57202 , 57203 , 57204 , 57205 , 57206 , 57207 , 137205 , 57238 , 57241 , 57242 , 57243 , 57244 , 57245 , 57246 , 57252 , 57286 , 57287 , 57288 , 57298 , 57305 , 57306 , 57311 , 57312 , 57316 , 57317 , 57331 , 57339 , 57340 , 57345 , 57346 , 57347 , 57348 , 57402 , 57403 , 57408 , 57413 , 57414 , 57420 , 57424 , 57428 , 57432 , 57448 , 57449 , 57450 , 57461 , 57464 , 57465 , 57466 , 57474 , 57475 , 57476 , 57477 , 57478 , 57479 , 57480 , 57481 , 57482 , 57483 , 57484 , 57485 , 57486 , 57487 , 57488 , 57489 , 57490 , 57503 , 57510 , 57511 , 57512 , 57516 , 57517 , 57520 , 57521 , 57528 , 57529 , 57530 , 57531 , 57532 , 57533 , 57534 , 57535 , 57542 , 57543 , 57544 , 57548 , 57576 , 57578 , 57591 , 57604 , 57631 , 140678 , 57638 , 57639 , 57640 , 57643 , 57644 , 57649 , 57650 , 57651 , 57652 , 57653 , 57654 , 57655 , 140684 , 57675 , 57686 , 57687 , 57699 , 57700 , 57732 , 57751 , 57752 , 57753 , 57754 , 57755 , 57756 , 57758 , 57759 , 57760 , 57761 , 57764 , 57768 , 57772 , 57775 , 57778 , 57779 , 57781 , 57782 , 57783 , 57790 , 57791 , 57794 , 57795 , 57796 , 57797 , 57798 , 57804 , 57805 , 57807 , 57808 , 57809 , 57810 , 57811 , 57817 , 57818 , 57819 , 57820 , 57821 , 57822 , 57823 , 57824 , 57825 , 57826 , 57827 , 57828 , 57829 , 57830 , 57831 , 57832 , 57833 , 57836 , 57837 , 57841 , 57842 , 57843 , 57844 , 57845 , 57846 , 57847 , 57849 , 57850 , 57861 , 57870 , 57874 , 57875 , 57903 , 57904 , 57905 , 57906 , 57907 , 57910 , 57911 , 57912 , 57913 , 57914 , 57915 , 57916 , 57917 , 57918 , 57919 , 57920 , 57921 , 57922 , 57923 , 57924 , 57925 , 57926 , 57929 , 57930 , 57931 , 57932 , 57933 , 57950 , 57957 , 57958 , 57959 , 57960 , 57964 , 57965 , 57966 , 57967 , 57968 , 57969 , 57970 , 57971 , 57972 , 57973 , 57974 , 57975 , 57976 , 57977 , 57978 , 57979 , 57980 , 57981 , 57982 , 57983 , 57984 , 57985 , 57986 , 57987 , 57988 , 57990 , 57998 , 57999 , 58052 , 58101 , 58102 , 58114 , 58115 , 58116 , 58120 , 58121 , 58137 , 58138 , 58139 , 58166 , 58167 , 58170 , 58171 , 140768 , 58193 , 58197 , 58199 , 58200 , 58201 , 58202 , 58203 , 58204 , 58205 , 58207 , 58208 , 58209 , 58210 , 58211 , 58212 , 58213 , 58214 , 58216 , 58217 , 58218 , 58219 , 58220 , 58221 , 58222 , 58223 , 58225 , 58226 , 58227 , 58228 , 58233 , 58234 , 58243 , 58244 , 58245 , 140782 , 58271 , 58272 , 58273 , 58274 , 58275 , 58276 , 58277 , 58280 , 58281 , 58282 , 58283 , 58284 , 58285 , 58286 , 58291 , 58292 , 58293 , 58339 , 58340 , 58342 , 58368 , 58369 , 58370 , 58371 , 58376 , 58399 , 58400 , 58401 , 58414 , 58422 , 58427 , 58439 , 154705 , 58492 , 58493 , 58526 , 58530 , 58531 , 58532 , 58536 , 58537 , 58543 , 58544 , 58545 , 58546 , 58550 , 58553 , 58554 , 58555 , 58566 , 58567 , 58568 , 58569 , 58570 , 58602 , 58603 , 58604 , 58606 , 58610 , 58618 , 58624 , 58625 , 58630 , 58631 , 58632 , 58633 , 58634 , 58635 , 58636 , 58665 , 58671 , 58686 , 58706 , 58708 , 58709 , 58720 , 140861 , 58746 , 58770 , 58776 , 58784 , 58787 , 58788 , 58789 , 58793 , 58797 , 58801 , 58833 , 58834 , 58835 , 58836 , 58837 , 58838 , 58872 , 58874 , 140886 , 58894 , 58895 , 58896 , 58906 , 58907 , 58909 , 58913 , 58914 , 58917 , 58922 , 58936 , 58937 , 58940 , 58970 , 58971 , 58972 , 58973 , 59002 , 59015 , 59016 , 59017 , 59018 , 59028 , 59029 , 59038 , 59042 , 59043 , 59044 , 59045 , 59050 , 59051 , 59052 , 59053 , 59054 , 59055 , 59064 , 59065 , 59066 , 59080 , 59090 , 59091 , 59093 , 59096 , 59102 , 59103 , 59109 , 59110 , 59111 , 59112 , 59123 , 59124 , 59125 , 59126 , 59127 , 59128 , 59129 , 59130 , 59131 , 59132 , 59134 , 59136 , 59137 , 59139 , 59140 , 59141 , 59142 , 59143 , 59144 , 59154 , 59158 , 59161 , 59162 , 59163 , 59180 , 59182 , 59185 , 59186 , 59187 , 59188 , 59189 , 59200 , 59201 , 59202 , 59203 , 59204 , 59205 , 59207 , 59208 , 59209 , 59211 , 140941 , 59217 , 59218 , 59219 , 59220 , 140942 , 140943 , 140946 , 59261 , 59262 , 59268 , 59269 , 59272 , 140952 , 59290 , 59295 , 59297 , 59312 , 59313 , 59320 , 59321 , 59322 , 59324 , 59325 , 59327 , 59328 , 59333 , 59334 , 59335 , 59336 , 59369 , 59397 , 59401 , 59402 , 59403 , 59404 , 59405 , 59409 , 59410 , 59411 , 59412 , 59413 , 59421 , 59422 , 59423 , 59426 , 59427 , 59428 , 59429 , 59436 , 59438 , 59441 , 59442 , 59447 , 59448 , 59450 , 59451 , 59452 , 59494 , 59495 , 59497 , 59504 , 59506 , 59519 , 59520 , 59529 , 59531 , 59532 , 59533 , 59534 , 59535 , 59539 , 59543 , 59544 , 59545 , 59546 , 140998 , 59596 , 59597 , 59598 , 59599 , 59614 , 59615 , 59616 , 59617 , 59618 , 59619 , 59620 , 59621 , 59626 , 59627 , 59628 , 59629 , 59630 , 59647 , 59648 , 147044 , 59661 , 141020 , 141021 , 59698 , 59699 , 59704 , 59705 , 59707 , 59708 , 59709 , 59710 , 59721 , 59722 , 59723 , 59724 , 59725 , 59726 , 59727 , 59728 , 59729 , 59731 , 59772 , 59773 , 59774 , 59775 , 59790 , 59791 , 59792 , 59816 , 59820 , 59823 , 59824 , 59825 , 59828 , 141657 , 59841 , 59842 , 59845 , 59846 , 59847 , 59848 , 59849 , 59850 , 59879 , 59882 , 59883 , 59884 , 59885 , 59886 , 141659 , 59902 , 59926 , 59933 , 59973 , 59977 , 59978 , 59979 , 59980 , 59981 , 60001 , 60002 , 60003 , 60004 , 60005 , 60009 , 60037 , 60038 , 60039 , 60040 , 60041 , 60046 , 60050 , 60051 , 60052 , 60055 , 60060 , 60061 , 60062 , 60065 , 60066 , 60067 , 60071 , 60072 , 60073 , 60083 , 60112 , 60113 , 60114 , 60115 , 60116 , 60117 , 60153 , 60154 , 60155 , 60158 , 60159 , 60167 , 60168 , 60169 , 60170 , 60184 , 60185 , 60190 , 60191 , 60193 , 60197 , 60198 , 60206 , 60215 , 60216 , 60219 , 60223 , 60224 , 60225 , 60226 , 60227 , 60228 , 60231 , 60232 , 60238 , 60239 , 141117 , 60272 , 60273 , 60276 , 60277 , 60280 , 60288 , 60325 , 60326 , 60327 , 60333 , 141129 , 60352 , 60418 , 60419 , 60432 , 60433 , 60434 , 60460 , 150541 , 60489 , 60490 , 60491 , 60493 , 60497 , 60502 , 60503 , 60568 , 60569 , 60570 , 60571 , 60572 , 60580 , 60581 , 60597 , 60598 , 60600 , 60628 , 60632 , 60639 , 60640 , 60646 , 60663 , 60664 , 60665 , 60666 , 60677 , 60678 , 60687 , 60688 , 60689 , 60708 , 60709 , 60710 , 60711 , 60718 , 60719 , 60720 , 60721 , 60741 , 60759 , 141814 , 60763 , 60764 , 60765 , 60766 , 60767 , 60771 , 60772 , 60773 , 60774 , 151416 , 60785 , 60790 , 60791 , 60792 , 141204 , 60800 , 60801 , 60802 , 60804 , 60812 , 60816 , 60825 , 60826 , 60827 , 60829 , 60834 , 60835 , 60836 , 60837 , 60838 , 60839 , 60840 , 146055 , 60851 , 60857 , 60858 , 60859 , 60868 , 60875 , 60876 , 60890 , 60891 , 60892 , 60893 , 60894 , 60901 , 60912 , 60913 , 60914 , 60915 , 60925 , 60926 , 60928 , 60929 , 60930 , 60931 , 60932 , 60933 , 60935 , 60936 , 60938 , 60939 , 60940 , 60947 , 60968 , 60971 , 60975 , 60976 , 60987 , 60988 , 60989 , 60990 , 60991 , 60994 , 60995 , 60996 , 60998 , 60999 , 61000 , 61001 , 61002 , 61003 , 61004 , 61005 , 61006 , 61007 , 61031 , 61065 , 61066 , 61067 , 61068 , 61069 , 61070 , 61071 , 61076 , 61088 , 61090 , 61091 , 61092 , 61093 , 61094 , 61095 , 61097 , 61098 , 61099 , 61104 , 61105 , 61106 , 61107 , 61108 , 61111 , 61118 , 61121 , 61136 , 61152 , 61153 , 61154 , 61157 , 61158 , 61159 , 61172 , 61173 , 61174 , 61175 , 61176 , 61177 , 61178 , 61179 , 61180 , 61181 , 61182 , 61205 , 61206 , 61207 , 61208 , 61209 , 61210 , 61211 , 61212 , 61213 , 61214 , 61215 , 61216 , 61217 , 141275 , 61223 , 61224 , 61225 , 61243 , 61247 , 61248 , 61249 , 61250 , 61251 , 61261 , 61279 , 61280 , 61281 , 61282 , 61283 , 61284 , 61286 , 61287 , 61288 , 61289 , 61290 , 61291 , 61304 , 61305 , 61306 , 61308 , 61320 , 61321 , 61322 , 61323 , 61324 , 61331 , 61332 , 61333 , 61334 , 61335 , 61336 , 61337 , 61338 , 61339 , 61340 , 61341 , 61342 , 61343 , 61344 , 61345 , 61346 , 61347 , 61348 , 61349 , 146072 , 61359 , 61360 , 61362 , 61363 , 61364 , 61392 , 61393 , 61394 , 61395 , 61400 , 61422 , 61423 , 61436 , 61437 , 61438 , 61448 , 61453 , 61466 , 61467 , 61471 , 61472 , 61473 , 61474 , 61478 , 61489 , 61499 , 61503 , 61504 , 61509 , 61516 , 61517 , 61518 , 61519 , 61520 , 61521 , 61522 , 61539 , 61542 , 61543 , 61544 , 61545 , 61568 , 61575 , 61586 , 61587 , 61589 , 61590 , 61592 , 61595 , 61596 , 61597 , 61653 , 61654 , 61655 , 61656 , 61657 , 61658 , 61666 , 61667 , 61668 , 61670 , 61671 , 61672 , 61673 , 61674 , 61675 , 61680 , 61681 , 61683 , 61684 , 61685 , 61688 , 61689 , 61695 , 61698 , 61699 , 61700 , 61701 , 61702 , 141357 , 61765 , 61766 , 61767 , 61768 , 61771 , 61776 , 61777 , 61781 , 61782 , 61783 , 61784 , 61785 , 61786 , 61787 , 61788 , 61789 , 61790 , 61791 , 61792 , 61793 , 61794 , 61795 , 61796 , 61797 , 141372 , 141374 , 61820 , 61835 , 61836 , 61837 , 61838 , 61839 , 61840 , 61841 , 61842 , 61843 , 61844 , 61846 , 61847 , 61848 , 61849 , 61850 , 61851 , 61852 , 61853 , 61854 , 61874 , 61875 , 61876 , 61877 , 61878 , 61879 , 61880 , 61881 , 61889 , 61892 , 61893 , 61894 , 61895 , 61896 , 61898 , 61902 , 61903 , 61913 , 61924 , 61949 , 141399 , 61965 , 61966 , 61967 , 61968 , 61969 , 61970 , 61978 , 61979 , 61980 , 61981 , 61982 , 61986 , 61987 , 61988 , 61989 , 61990 , 61991 , 137365 , 62053 , 62060 , 62061 , 62063 , 62064 , 62065 , 62066 , 62074 , 62075 , 62080 , 62081 , 62082 , 62083 , 62084 , 62087 , 62088 , 62090 , 62091 , 62092 , 62094 , 62096 , 62097 , 62098 , 62100 , 62101 , 62102 , 62103 , 62104 , 62106 , 62112 , 62113 , 62124 , 62125 , 62126 , 62127 , 62129 , 62130 , 62131 , 62132 , 62134 , 62135 , 62136 , 141428 , 62139 , 62140 , 62141 , 62142 , 62144 , 62145 , 62146 , 62147 , 62148 , 62151 , 62152 , 62168 , 62170 , 62171 , 62176 , 62183 , 62185 , 62187 , 62199 , 62200 , 62201 , 62202 , 62203 , 62206 , 62207 , 62211 , 133007 , 62229 , 62230 , 62231 , 62232 , 62245 , 62246 , 62247 , 62259 , 62272 , 62273 , 62276 , 62278 , 62279 , 62280 , 62281 , 62282 , 62283 , 62284 , 62285 , 62302 , 62303 , 62304 , 62309 , 62310 , 62311 , 146104 , 62341 , 62345 , 62346 , 62347 , 62348 , 62349 , 62350 , 62351 , 62352 , 131440 , 62378 , 62387 , 62389 , 62390 , 62391 , 62392 , 62401 , 62402 , 62407 , 62433 , 62452 , 62455 , 62456 , 62457 , 62483 , 62486 , 62490 , 62491 , 62495 , 62496 , 62497 , 62505 , 62509 , 62510 , 62511 , 133017 , 62514 , 62535 , 62536 , 62550 , 62551 , 62552 , 62553 , 62554 , 62555 , 62556 , 62557 , 62559 , 62560 , 62561 , 62562 , 62563 , 62565 , 62566 , 62567 , 62568 , 62569 , 62570 , 62571 , 62572 , 62573 , 62574 , 62575 , 62578 , 62582 , 62583 , 62584 , 62585 , 62586 , 62587 , 62588 , 62589 , 62590 , 62591 , 62592 , 62593 , 62594 , 62607 , 62608 , 62609 , 62610 , 62613 , 62614 , 62615 , 62616 , 62617 , 62618 , 62640 , 62641 , 62642 , 62646 , 62655 , 62656 , 62657 , 62658 , 62659 , 62660 , 62661 , 62662 , 62663 , 62664 , 62666 , 62667 , 62668 , 62669 , 62670 , 62671 , 62672 , 62673 , 62674 , 62683 , 62685 , 62686 , 62687 , 62688 , 62689 , 62690 , 62691 , 62692 , 62693 , 62694 , 62703 , 62705 , 62706 , 62707 , 62710 , 62713 , 62714 , 62715 , 62716 , 62717 , 62718 , 62736 , 62737 , 62738 , 62739 , 62740 , 62741 , 62742 , 62743 , 62744 , 62745 , 62753 , 62754 , 62755 , 62756 , 62759 , 62761 , 62762 , 62786 , 62787 , 62789 , 62790 , 62814 , 62815 , 62822 , 62826 , 62827 , 62828 , 62834 , 62835 , 62836 , 62845 , 62846 , 62847 , 62848 , 62851 , 62852 , 62853 , 62857 , 62871 , 62876 , 62877 , 62878 , 62882 , 62883 , 62884 , 62885 , 62886 , 62887 , 62888 , 62901 , 62905 , 62906 , 62907 , 62908 , 62909 , 62910 , 62911 , 62912 , 62913 , 62914 , 62915 , 62918 , 62919 , 62920 , 62921 , 62922 , 62923 , 62927 , 62928 , 62930 , 141760 , 62971 , 62972 , 62978 , 62979 , 62980 , 62981 , 62982 , 62983 , 62984 , 62988 , 62991 , 63006 , 63037 , 63038 , 63039 , 63040 , 63041 , 63042 , 63044 , 63045 , 63046 , 63047 , 63048 , 63049 , 63051 , 63052 , 63053 , 63054 , 63055 , 63056 , 63057 , 63058 , 63059 , 63060 , 63061 , 63064 , 63065 , 63067 , 63097 , 63098 , 63099 , 63115 , 63116 , 63117 , 63119 , 63120 , 63127 , 63131 , 63138 , 63139 , 63140 , 63143 , 63144 , 63147 , 63150 , 63158 , 63183 , 63184 , 63195 , 63196 , 63204 , 63205 , 63206 , 63207 , 63208 , 63209 , 63216 , 63217 , 63218 , 63219 , 63220 , 63221 , 63222 , 63223 , 63224 , 63225 , 63226 , 63228 , 63231 , 63241 , 63242 , 63243 , 63244 , 63245 , 63246 , 63247 , 63248 , 63249 , 63250 , 63255 , 63285 , 63295 , 63312 , 63328 , 63329 , 63332 , 63333 , 63334 , 63335 , 63336 , 63337 , 63338 , 63343 , 63344 , 63347 , 63348 , 63349 , 63350 , 63351 , 63359 , 63360 , 63361 , 63362 , 63363 , 63364 , 63365 , 63366 , 63367 , 63368 , 63369 , 63370 , 63371 , 63372 , 63373 , 63374 , 63375 , 154052 , 63383 , 63387 , 63388 , 63390 , 63391 , 63394 , 63403 , 63424 , 63426 , 63432 , 63433 , 63434 , 63435 , 63436 , 63437 , 63438 , 63441 , 63446 , 63448 , 63449 , 63451 , 63452 , 63453 , 63454 , 63455 , 63458 , 63459 , 63460 , 63461 , 63462 , 63464 , 63469 , 63470 , 63471 , 63472 , 63473 , 63474 , 63475 , 63476 , 63477 , 63478 , 63479 , 63480 , 63481 , 63482 , 63483 , 63485 , 63486 , 63487 , 63488 , 63491 , 63492 , 63493 , 63495 , 63496 , 63497 , 63498 , 63499 , 63500 , 63501 , 63502 , 63504 , 141656 , 63511 , 141658 , 63521 , 63522 , 63523 , 63524 , 141660 , 63546 , 63547 , 63549 , 63566 , 63567 , 63570 , 63571 , 63572 , 63573 , 63574 , 63575 , 63576 , 63579 , 63583 , 63584 , 63585 , 63586 , 63590 , 63591 , 63592 , 63593 , 63594 , 63595 , 63596 , 63597 , 63598 , 63599 , 63600 , 63601 , 63602 , 63603 , 63620 , 63621 , 152308 , 63651 , 63653 , 63654 , 63655 , 63656 , 63657 , 63658 , 63659 , 63660 , 63661 , 63662 , 63663 , 63664 , 63667 , 63668 , 63670 , 63676 , 63677 , 63682 , 63683 , 63684 , 63685 , 63686 , 63687 , 63688 , 63692 , 63693 , 63694 , 63699 , 63700 , 63701 , 63708 , 63711 , 63712 , 63727 , 63728 , 63729 , 63730 , 63731 , 63732 , 63752 , 63753 , 63754 , 63755 , 63759 , 63763 , 63765 , 63766 , 63770 , 63796 , 63797 , 63798 , 63799 , 63801 , 63802 , 63822 , 63829 , 63830 , 63831 , 63846 , 63847 , 63848 , 63849 , 63850 , 63851 , 63853 , 63857 , 63858 , 63859 , 63860 , 63861 , 150521 , 63917 , 63918 , 63919 , 63923 , 141726 , 63935 , 63936 , 63937 , 63938 , 63939 , 63940 , 63941 , 63942 , 63943 , 63962 , 63963 , 63966 , 63967 , 63969 , 63970 , 63971 , 63993 , 63998 , 63999 , 64000 , 64001 , 64002 , 64006 , 141797 , 64049 , 64050 , 141750 , 64071 , 141798 , 64080 , 64081 , 64082 , 64084 , 64085 , 64086 , 64087 , 64088 , 64093 , 64094 , 64095 , 64096 , 64097 , 64098 , 141755 , 141756 , 64111 , 64112 , 64113 , 64114 , 64116 , 64117 , 64119 , 64120 , 64121 , 64122 , 64123 , 64124 , 64125 , 64126 , 64127 , 64128 , 64129 , 64130 , 64131 , 64173 , 137437 , 64183 , 64184 , 64185 , 64186 , 64187 , 64193 , 64194 , 64195 , 64196 , 64197 , 64201 , 64202 , 64204 , 64207 , 64208 , 64209 , 64211 , 64212 , 64213 , 64214 , 64215 , 64216 , 64217 , 64219 , 64226 , 64227 , 64228 , 64229 , 64230 , 64232 , 141779 , 64263 , 64267 , 64271 , 64272 , 64273 , 64282 , 64285 , 64287 , 64289 , 64290 , 64292 , 64293 , 64294 , 64295 , 64324 , 64325 , 64329 , 64330 , 64333 , 64334 , 64335 , 64336 , 64345 , 64348 , 64349 , 64350 , 64351 , 64352 , 64353 , 64357 , 64358 , 64360 , 64362 , 64363 , 64364 , 64365 , 64366 , 64367 , 64368 , 64369 , 64376 , 64377 , 64380 , 64384 , 64385 , 64386 , 64387 , 64388 , 64389 , 64390 , 64392 , 141804 , 141805 , 64403 , 64404 , 141806 , 141807 , 64414 , 64415 , 64416 , 141808 , 150539 , 64434 , 64435 , 64437 , 64438 , 141812 , 64444 , 64445 , 64446 , 64447 , 64448 , 64449 , 64450 , 64451 , 64452 , 64453 , 64458 , 64459 , 64460 , 64461 , 64470 , 64482 , 64483 , 64488 , 64489 , 64490 , 64491 , 64492 , 64495 , 141839 , 64522 , 141813 , 64525 , 64553 , 64554 , 141834 , 141835 , 141836 , 64594 , 64595 , 64596 , 64597 , 64598 , 64599 , 64600 , 64601 , 64602 , 64603 , 64604 , 64605 , 141840 , 64614 , 64619 , 64626 , 64627 , 64628 , 64640 , 64641 , 64642 , 64643 , 64644 , 64645 , 64646 , 64647 , 64648 , 64649 , 64657 , 150547 , 154589 , 64695 , 141819 , 64708 , 64709 , 64737 , 64801 , 64826 , 64827 , 64828 , 64831 , 64832 , 64845 , 64851 , 64852 , 64853 , 64854 , 64855 , 64856 , 64857 , 64872 , 64873 , 64888 , 64889 , 64893 , 64900 , 64909 , 64917 , 64918 , 64920 , 64921 , 64922 , 64927 , 64931 , 64932 , 64933 , 64934 , 64937 , 64938 , 64941 , 64942 , 64943 , 64951 , 64952 , 64953 , 64955 , 64962 , 64966 , 64967 , 64987 , 64990 , 64991 , 64992 , 64993 , 64994 , 64995 , 64996 , 64997 , 64998 , 64999 , 65000 , 65001 , 65002 , 65003 , 65006 , 65007 , 65008 , 65009 , 65010 , 65011 , 65012 , 65013 , 65014 , 65015 , 65016 , 65017 , 65018 , 65019 , 65024 , 65025 , 65030 , 65031 , 65032 , 65033 , 65034 , 65038 , 65039 , 65040 , 65045 , 65046 , 65047 , 65048 , 65061 , 65062 , 65071 , 65072 , 65075 , 65076 , 65103 , 65132 , 65133 , 65134 , 65149 , 65158 , 153191 , 65183 , 65187 , 65189 , 65190 , 65220 , 65224 , 65225 , 65233 , 65234 , 65235 , 65236 , 65239 , 65240 , 65248 , 65249 , 65250 , 65251 , 65252 , 65263 , 65275 , 65280 , 65300 , 65301 , 65302 , 65303 , 65304 , 65307 , 65308 , 65339 , 65340 , 65341 , 65342 , 65343 , 65344 , 65345 , 65348 , 65349 , 65358 , 65359 , 65360 , 65371 , 65372 , 137477 , 65396 , 65397 , 65398 , 65399 , 65400 , 65401 , 65402 , 65403 , 65410 , 65412 , 65413 , 65414 , 65415 , 65416 , 65417 , 65426 , 65427 , 141983 , 65471 , 65472 , 65473 , 65526 , 65533 , 65535 , 65538 , 65541 , 65542 , 65544 , 65589 , 137484 , 142007 , 65622 , 65627 , 65628 , 142010 , 65637 , 65638 , 137486 , 65663 , 65681 , 65696 , 65697 , 65698 , 65699 , 65700 , 137488 , 65712 , 65713 , 65775 , 65778 , 65798 , 65799 , 65801 , 65802 , 65803 , 65804 , 65808 , 65809 , 65810 , 65812 , 65814 , 65815 , 65818 , 65825 , 65826 , 65844 , 65845 , 65848 , 65849 , 65850 , 65859 , 65863 , 65866 , 65867 , 65873 , 65874 , 65875 , 65878 , 65879 , 65880 , 65881 , 65882 , 65883 , 65900 , 65908 , 65909 , 65910 , 65914 , 65931 , 65932 , 65943 , 65947 , 65948 , 65966 , 65967 , 65975 , 65976 , 65977 , 65978 , 65979 , 65980 , 65981 , 65982 , 65983 , 65984 , 65985 , 65987 , 65988 , 66008 , 66009 , 66010 , 66011 , 66012 , 66013 , 66014 , 66015 , 66016 , 66017 , 66027 , 66028 , 66029 , 142077 , 66035 , 66036 , 66039 , 66041 , 66042 , 66043 , 142080 , 142081 , 66056 , 66061 , 66064 , 66065 , 66071 , 66072 , 66073 , 66077 , 66078 , 66079 , 66082 , 142087 , 142088 , 142090 , 66111 , 66112 , 66113 , 66114 , 66115 , 66116 , 66117 , 66119 , 66120 , 66121 , 66123 , 66124 , 66125 , 66126 , 66127 , 66128 , 66129 , 66130 , 66131 , 66132 , 66133 , 66134 , 66135 , 66136 , 66137 , 66138 , 66139 , 66141 , 66142 , 66143 , 66146 , 66147 , 66148 , 66150 , 66151 , 66152 , 66153 , 66154 , 66155 , 66156 , 66164 , 66165 , 66190 , 66191 , 66192 , 66198 , 66199 , 66200 , 66201 , 66202 , 66203 , 66217 , 66218 , 66219 , 66249 , 66254 , 66262 , 66268 , 66291 , 66307 , 66311 , 66312 , 66320 , 66321 , 66327 , 66328 , 66329 , 66330 , 66335 , 66336 , 66337 , 66351 , 66352 , 66360 , 66366 , 142135 , 142137 , 142138 , 66401 , 66402 , 66409 , 66410 , 142143 , 66428 , 142144 , 142145 , 66449 , 66463 , 142150 , 142151 , 66486 , 142154 , 142155 , 142156 , 66507 , 66508 , 66509 , 66510 , 66511 , 66517 , 66518 , 66519 , 66520 , 142159 , 142160 , 142161 , 66537 , 66538 , 66549 , 142164 , 66563 , 66572 , 66576 , 66613 , 66643 , 66673 , 66735 , 66736 , 66737 , 66738 , 66744 , 66750 , 66759 , 66764 , 66765 , 66770 , 66778 , 66779 , 66780 , 66781 , 66788 , 66789 , 66790 , 66791 , 66809 , 66810 , 66832 , 66833 , 66834 , 66835 , 66836 , 66837 , 66838 , 66839 , 66840 , 66841 , 66842 , 66843 , 66847 , 66848 , 66849 , 66850 , 66851 , 66852 , 66853 , 66854 , 66863 , 66864 , 66868 , 66869 , 66871 , 66880 , 66886 , 66887 , 66911 , 66912 , 66940 , 66941 , 66949 , 66950 , 66956 , 66959 , 66960 , 66961 , 66981 , 66982 , 66983 , 66984 , 66985 , 139237 , 67026 , 67027 , 67059 , 67060 , 67063 , 67064 , 67065 , 67066 , 67067 , 67068 , 67069 , 67070 , 67071 , 67073 , 67109 , 67206 , 67207 , 67208 , 67209 , 67210 , 67211 , 67212 , 67213 , 67214 , 67216 , 67217 , 67218 , 67219 , 67220 , 67221 , 67226 , 67256 , 67276 , 67315 , 67319 , 67320 , 67321 , 67322 , 67323 , 67324 , 67325 , 67326 , 67327 , 67328 , 67329 , 67330 , 137542 , 67340 , 67341 , 67344 , 67345 , 67411 , 142308 , 142309 , 67451 , 67455 , 67458 , 67459 , 67460 , 67497 , 142323 , 67508 , 142324 , 67516 , 67520 , 67523 , 67524 , 67525 , 67526 , 67530 , 67533 , 67546 , 67547 , 67548 , 67549 , 67550 , 67551 , 67552 , 67554 , 67555 , 67556 , 67557 , 67558 , 67559 , 67561 , 67562 , 67563 , 67569 , 67570 , 67571 , 67572 , 67581 , 67582 , 67586 , 67587 , 67589 , 67590 , 67591 , 67598 , 67606 , 67607 , 67612 , 67613 , 67626 , 67632 , 67633 , 67634 , 67648 , 67649 , 67660 , 67661 , 67663 , 67680 , 67681 , 67687 , 67688 , 67704 , 67705 , 67706 , 67707 , 67708 , 67709 , 67710 , 67711 , 67713 , 67714 , 67719 , 67720 , 67721 , 67722 , 67723 , 67724 , 67725 , 67726 , 67767 , 67781 , 67782 , 67789 , 67790 , 132259 , 67804 , 67805 , 67807 , 67814 , 67815 , 67822 , 67823 , 67824 , 67825 , 67826 , 67832 , 67833 , 67834 , 67838 , 67839 , 67840 , 67842 , 67843 , 67844 , 67845 , 67846 , 67847 , 67848 , 67849 , 67851 , 67852 , 67858 , 137659 , 67898 , 67899 , 67900 , 67903 , 67908 , 67909 , 67910 , 67911 , 67912 , 67913 , 67914 , 67915 , 67916 , 67917 , 146294 , 68032 , 68033 , 68034 , 68035 , 68037 , 68038 , 68039 , 68040 , 68041 , 68049 , 68050 , 68052 , 68053 , 68058 , 68092 , 68105 , 68112 , 68120 , 68136 , 68144 , 68151 , 68152 , 68153 , 68154 , 68158 , 68169 , 68170 , 68171 , 68172 , 68173 , 68187 , 68188 , 68189 , 68190 , 68192 , 68193 , 68194 , 68195 , 68196 , 68197 , 68198 , 68199 , 68200 , 68201 , 68202 , 68203 , 68204 , 68205 , 68218 , 68225 , 68226 , 68227 , 68254 , 68256 , 68257 , 68258 , 68259 , 68261 , 68262 , 68263 , 68264 , 68267 , 68269 , 68270 , 68272 , 68273 , 68274 , 68275 , 68276 , 68280 , 68281 , 68301 , 68308 , 142457 , 68313 , 68315 , 68322 , 68326 , 68341 , 68353 , 68354 , 68355 , 68356 , 68357 , 68358 , 68360 , 68365 , 68366 , 68367 , 68368 , 68369 , 68372 , 68378 , 68379 , 68380 , 68381 , 68383 , 68385 , 68386 , 68387 , 68388 , 68389 , 68390 , 68391 , 68392 , 68418 , 68438 , 68439 , 68440 , 155038 , 68483 , 68484 , 68485 , 68486 , 142490 , 142491 , 68517 , 68518 , 68519 , 68520 , 142492 , 68549 , 68550 , 68551 , 68553 , 68554 , 68555 , 68557 , 68558 , 68559 , 68560 , 68561 , 68562 , 68563 , 68564 , 68565 , 68566 , 68567 , 68568 , 68569 , 68570 , 68573 , 68574 , 68575 , 68576 , 68577 , 68578 , 68579 , 68585 , 68586 , 68607 , 68608 , 68609 , 68610 , 68611 , 68612 , 68613 , 68617 , 68632 , 68633 , 68634 , 68639 , 68640 , 68641 , 68642 , 68645 , 68646 , 68669 , 68670 , 68671 , 68686 , 68688 , 68706 , 68710 , 68711 , 68712 , 68754 , 68755 , 68757 , 68758 , 68759 , 68761 , 68764 , 68765 , 68766 , 68767 , 68769 , 146319 , 142534 , 142535 , 68782 , 68783 , 68785 , 68786 , 68788 , 68790 , 68791 , 68792 , 68793 , 68794 , 68810 , 68811 , 68812 , 68813 , 68814 , 68815 , 68816 , 68817 , 68819 , 68824 , 68825 , 68826 , 68827 , 68829 , 68830 , 68838 , 68839 , 68840 , 68843 , 68844 , 142547 , 68855 , 68896 , 68897 , 68898 , 68899 , 68901 , 68902 , 68903 , 68912 , 68914 , 68915 , 142560 , 142561 , 68942 , 68947 , 68948 , 68949 , 68950 , 68951 , 68952 , 68953 , 68954 , 68955 , 68956 , 68957 , 68959 , 68960 , 68961 , 68964 , 68965 , 68966 , 142568 , 68984 , 68985 , 68988 , 68991 , 68992 , 68993 , 68994 , 68995 , 68996 , 69030 , 69034 , 69035 , 69036 , 69037 , 69038 , 69041 , 69042 , 69043 , 69044 , 69045 , 69046 , 69047 , 69048 , 69049 , 69050 , 69051 , 69052 , 69053 , 69054 , 69055 , 69056 , 69057 , 69058 , 69060 , 69061 , 69062 , 69063 , 69064 , 69065 , 69066 , 69067 , 69068 , 69069 , 69070 , 69071 , 69072 , 69073 , 69074 , 69075 , 69076 , 69077 , 69078 , 69079 , 69080 , 69081 , 69082 , 69083 , 69084 , 69085 , 69086 , 69088 , 69089 , 69092 , 69093 , 69109 , 69113 , 69114 , 69118 , 69119 , 69120 , 147980 , 69128 , 142594 , 69134 , 69135 , 69136 , 69137 , 69138 , 69139 , 69141 , 69142 , 142596 , 142597 , 69175 , 69176 , 69180 , 69183 , 69204 , 69205 , 69209 , 69211 , 69212 , 69213 , 69224 , 69268 , 69269 , 69277 , 69285 , 69286 , 69288 , 69289 , 69300 , 69303 , 69304 , 69324 , 69328 , 69329 , 69330 , 69331 , 69332 , 69333 , 69334 , 69335 , 69336 , 69337 , 69347 , 69348 , 69363 , 69369 , 69378 , 69385 , 69386 , 69387 , 69398 , 69399 , 69400 , 69402 , 69403 , 69404 , 69405 , 69406 , 69413 , 69414 , 69415 , 69416 , 69417 , 69418 , 69419 , 69420 , 69432 , 69434 , 69444 , 69474 , 69475 , 69476 , 69477 , 69478 , 69479 , 69480 , 69481 , 69482 , 69483 , 69484 , 69485 , 69486 , 69488 , 69499 , 69501 , 69511 , 69517 , 69518 , 69520 , 69521 , 69522 , 69523 , 69524 , 69525 , 69526 , 69532 , 69544 , 69547 , 69549 , 69550 , 69551 , 69552 , 69553 , 69554 , 69555 , 69556 , 69557 , 69558 , 69559 , 69561 , 69562 , 69563 , 69564 , 69565 , 69566 , 69567 , 142667 , 69576 , 69577 , 69578 , 69579 , 69580 , 69581 , 69582 , 69583 , 69584 , 69596 , 69597 , 69598 , 69606 , 69607 , 69608 , 69613 , 69633 , 69634 , 69641 , 69642 , 69679 , 69680 , 69681 , 69684 , 69693 , 69727 , 69728 , 69731 , 69732 , 69733 , 69736 , 69737 , 69738 , 69756 , 69769 , 69770 , 69771 , 69772 , 69778 , 69803 , 69817 , 69833 , 69834 , 142711 , 69838 , 69841 , 69842 , 69843 , 69844 , 69845 , 69846 , 69847 , 69853 , 142719 , 69888 , 69889 , 69890 , 69891 , 69892 , 69893 , 69894 , 69960 , 69974 , 69975 , 69976 , 69982 , 69990 , 69991 , 69995 , 69996 , 69997 , 69998 , 69999 , 70000 , 70001 , 70005 , 70013 , 70014 , 70015 , 70019 , 70020 , 70021 , 70022 , 70023 , 70024 , 70025 , 70026 , 70027 , 70028 , 70029 , 70030 , 70031 , 70032 , 70033 , 70039 , 70044 , 70045 , 70048 , 70049 , 70050 , 70052 , 70053 , 70059 , 70060 , 70061 , 70062 , 70063 , 70064 , 70065 , 70089 , 70090 , 70107 , 70119 , 70150 , 70161 , 70162 , 70206 , 70208 , 70210 , 142778 , 155097 , 142779 , 70248 , 142780 , 70250 , 70251 , 142783 , 70273 , 70274 , 70292 , 70293 , 70294 , 70295 , 70303 , 70304 , 70321 , 70322 , 70323 , 70324 , 70325 , 70326 , 70327 , 70328 , 70329 , 70331 , 70332 , 70338 , 70339 , 70340 , 70341 , 70342 , 70343 , 70344 , 70345 , 70346 , 70347 , 70348 , 70349 , 70350 , 70351 , 70352 , 70353 , 70354 , 70355 , 70356 , 70357 , 70358 , 70359 , 70360 , 70361 , 70362 , 70363 , 70364 , 70368 , 70369 , 70370 , 70371 , 70372 , 70373 , 70374 , 70375 , 70377 , 70378 , 70379 , 142803 , 70407 , 70408 , 70409 , 70410 , 70422 , 70423 , 70424 , 70426 , 70427 , 70434 , 70435 , 70445 , 70450 , 70451 , 70452 , 70455 , 70456 , 70457 , 70458 , 70461 , 70462 , 70472 , 70494 , 70495 , 70496 , 70497 , 70498 , 70504 , 70505 , 70512 , 70516 , 70517 , 70518 , 70519 , 70521 , 70522 , 70523 , 70525 , 70526 , 70527 , 70528 , 70529 , 70530 , 133284 , 70533 , 70534 , 70535 , 70536 , 70537 , 70538 , 70539 , 70540 , 70541 , 70542 , 70544 , 70545 , 70546 , 70547 , 70548 , 70549 , 70550 , 70551 , 70552 , 70553 , 70557 , 70558 , 70559 , 70565 , 70568 , 70571 , 70572 , 70580 , 70581 , 70582 , 154100 , 70585 , 70586 , 70587 , 70588 , 70589 , 70599 , 70600 , 70613 , 70614 , 70615 , 70616 , 70617 , 70618 , 70619 , 70620 , 70621 , 70622 , 70623 , 70624 , 70625 , 70627 , 70628 , 70635 , 70637 , 70661 , 70662 , 70663 , 70664 , 70679 , 70687 , 70688 , 70689 , 70691 , 137654 , 70710 , 70711 , 70714 , 70715 , 70718 , 70719 , 70725 , 70726 , 70727 , 70728 , 70730 , 70731 , 70739 , 70740 , 70755 , 70756 , 70767 , 70795 , 70819 , 70820 , 70830 , 70836 , 70837 , 70840 , 70841 , 70842 , 70843 , 70844 , 70845 , 70853 , 70859 , 70860 , 70861 , 70867 , 70883 , 70885 , 70905 , 70908 , 70912 , 70918 , 70920 , 70921 , 70922 , 70923 , 70924 , 70925 , 70926 , 70927 , 70945 , 70955 , 70956 , 70957 , 70960 , 70961 , 70962 , 70963 , 70966 , 70969 , 70970 , 70971 , 70972 , 70975 , 70976 , 70977 , 70978 , 70979 , 70980 , 70983 , 70984 , 70985 , 70986 , 70987 , 70988 , 70989 , 70991 , 71001 , 71007 , 71008 , 71009 , 71015 , 71019 , 71023 , 71024 , 71025 , 71030 , 71031 , 71032 , 71033 , 71034 , 71035 , 71037 , 71038 , 71041 , 71043 , 71044 , 71045 , 71048 , 71051 , 71052 , 71066 , 71067 , 71069 , 71081 , 71083 , 71100 , 142922 , 142923 , 71126 , 71127 , 71128 , 71129 , 71130 , 71131 , 71132 , 71133 , 71135 , 71138 , 71139 , 71140 , 71141 , 71142 , 71143 , 71145 , 71146 , 71158 , 71159 , 71169 , 71176 , 71178 , 71179 , 71180 , 71196 , 71197 , 71198 , 71200 , 71205 , 71220 , 71235 , 71236 , 71271 , 71272 , 71273 , 71274 , 71275 , 71276 , 71277 , 71278 , 71282 , 71311 , 71312 , 71314 , 71315 , 71316 , 71317 , 71318 , 71319 , 71320 , 71321 , 71322 , 71324 , 71325 , 71327 , 71328 , 71329 , 71330 , 71332 , 71334 , 71335 , 71337 , 71338 , 71339 , 142963 , 71366 , 71367 , 71368 , 71369 , 71375 , 71376 , 71378 , 71379 , 71380 , 71381 , 71382 , 71383 , 71425 , 71426 , 71442 , 71443 , 71446 , 71456 , 71457 , 71459 , 71461 , 71462 , 71472 , 71476 , 71477 , 71480 , 71514 , 71519 , 71520 , 71521 , 71522 , 71523 , 71524 , 71526 , 71527 , 71528 , 71529 , 71545 , 71546 , 71547 , 71548 , 71551 , 71560 , 71561 , 71562 , 71563 , 71564 , 71584 , 71588 , 71608 , 135776 , 155143 , 71645 , 71646 , 71647 , 71648 , 71649 , 71650 , 71651 , 71653 , 71656 , 71657 , 71658 , 71659 , 150780 , 71682 , 71683 , 71721 , 71722 , 71723 , 71726 , 71727 , 71728 , 71729 , 71730 , 71731 , 71732 , 71735 , 71736 , 71737 , 71738 , 71739 , 71740 , 71741 , 71742 , 71743 , 71744 , 71745 , 71746 , 71747 , 71748 , 71749 , 71750 , 71751 , 71755 , 71756 , 71760 , 71761 , 71762 , 71763 , 71764 , 71766 , 71767 , 71768 , 71769 , 71770 , 71771 , 71772 , 71773 , 71775 , 71776 , 71777 , 71778 , 71779 , 71780 , 71782 , 71783 , 71784 , 71785 , 71786 , 71787 , 71788 , 71789 , 71790 , 71824 , 71825 , 71829 , 71830 , 71831 , 143044 , 143045 , 143046 , 71880 , 71887 , 71893 , 71903 , 71907 , 71908 , 71911 , 71912 , 71913 , 71914 , 71915 , 71916 , 71917 , 71919 , 71920 , 71921 , 71922 , 71923 , 71924 , 71942 , 71943 , 71944 , 71953 , 71954 , 71955 , 71956 , 71957 , 71958 , 71959 , 71961 , 71962 , 71963 , 71964 , 71968 , 71969 , 71970 , 71971 , 71972 , 71973 , 71999 , 72001 , 72002 , 72003 , 72004 , 72005 , 72006 , 72007 , 72008 , 72009 , 72010 , 72013 , 72014 , 72016 , 72017 , 72074 , 72075 , 72076 , 72083 , 72084 , 72088 , 72105 , 72114 , 72121 , 72122 , 72123 , 72128 , 72129 , 72130 , 72131 , 72132 , 72133 , 72134 , 150796 , 143098 , 143100 , 72175 , 72178 , 72179 , 72180 , 72181 , 72201 , 72203 , 72210 , 72211 , 72212 , 72214 , 72215 , 72216 , 72218 , 72219 , 72220 , 72221 , 72222 , 72223 , 72224 , 72225 , 72226 , 72227 , 72228 , 72251 , 72255 , 72261 , 72263 , 72264 , 72268 , 72269 , 72270 , 72271 , 72272 , 72273 , 72274 , 72277 , 72291 , 72293 , 72310 , 72330 , 72338 , 72339 , 72340 , 72341 , 72342 , 72344 , 72345 , 72347 , 72351 , 72355 , 72356 , 72357 , 72358 , 72359 , 72373 , 72380 , 72405 , 72406 , 72407 , 72409 , 72410 , 72411 , 72412 , 72418 , 72419 , 72420 , 143142 , 72428 , 72430 , 72431 , 72433 , 72434 , 72437 , 146442 , 72470 , 72478 , 72487 , 72495 , 72496 , 72497 , 72498 , 72499 , 72500 , 72501 , 72502 , 72503 , 72504 , 72505 , 72507 , 72508 , 72509 , 72510 , 72511 , 72514 , 72515 , 72516 , 72517 , 72519 , 72520 , 72525 , 72526 , 72527 , 72530 , 72531 , 72532 , 72533 , 72537 , 72538 , 72547 , 72548 , 72554 , 72566 , 72570 , 72571 , 72572 , 72576 , 72588 , 72591 , 72598 , 72599 , 72600 , 72642 , 72643 , 72644 , 72645 , 72646 , 72647 , 72653 , 150813 , 142084 , 72671 , 72673 , 72674 , 72675 , 72680 , 72681 , 72682 , 72683 , 72686 , 72687 , 72688 , 72690 , 72691 , 72692 , 72693 , 72694 , 72695 , 72696 , 72697 , 72698 , 72699 , 72700 , 72703 , 143191 , 72752 , 72756 , 72759 , 72761 , 72762 , 72763 , 72764 , 72790 , 72791 , 72792 , 72793 , 72794 , 72795 , 72796 , 72797 , 72798 , 72799 , 72800 , 72801 , 72802 , 72805 , 72806 , 72807 , 72829 , 72830 , 72831 , 72832 , 72833 , 72834 , 72857 , 72863 , 72864 , 72867 , 72872 , 72878 , 72879 , 142092 , 72912 , 72924 , 143227 , 72936 , 72937 , 72938 , 72939 , 72940 , 72966 , 72977 , 72978 , 72980 , 73011 , 73012 , 73013 , 73014 , 73015 , 73016 , 73017 , 73018 , 73022 , 73024 , 73025 , 73038 , 73055 , 73056 , 73090 , 73091 , 73092 , 143254 , 73105 , 73140 , 73141 , 73142 , 73159 , 73162 , 73167 , 73186 , 73187 , 73188 , 73189 , 73191 , 73192 , 73193 , 73196 , 73197 , 73198 , 73199 , 73200 , 73201 , 73210 , 73211 , 73212 , 73213 , 73229 , 73230 , 73231 , 73239 , 73240 , 73257 , 73258 , 73262 , 73263 , 73264 , 73272 , 73323 , 73324 , 73325 , 73326 , 73329 , 73337 , 73338 , 73345 , 73346 , 73347 , 73348 , 73349 , 73350 , 73353 , 73354 , 73355 , 73356 , 73359 , 73360 , 73361 , 73362 , 73370 , 73371 , 73372 , 73373 , 73374 , 73375 , 73376 , 73377 , 73404 , 73409 , 73435 , 73436 , 73437 , 73438 , 73439 , 73440 , 73451 , 73452 , 73453 , 73454 , 73476 , 73477 , 73491 , 73497 , 73498 , 73499 , 73500 , 73507 , 73508 , 73509 , 73510 , 143325 , 73541 , 73542 , 73543 , 73544 , 73545 , 73546 , 73573 , 73574 , 73575 , 73578 , 73579 , 73580 , 73581 , 73592 , 73593 , 73594 , 73595 , 73596 , 73605 , 73606 , 73614 , 73615 , 73616 , 73623 , 73634 , 73635 , 73636 , 73637 , 73638 , 73639 , 73651 , 73652 , 73712 , 73713 , 73720 , 73723 , 73733 , 73734 , 73737 , 73738 , 73739 , 73740 , 73741 , 73742 , 73745 , 143368 , 73808 , 73809 , 73830 , 73831 , 73832 , 73833 , 73834 , 73835 , 73836 , 73837 , 73851 , 73852 , 73890 , 73891 , 73892 , 73893 , 73895 , 73896 , 73898 , 73899 , 73900 , 73901 , 73902 , 73903 , 73917 , 73918 , 73919 , 73920 , 73921 , 73922 , 73923 , 73924 , 73925 , 73926 , 73927 , 73928 , 73929 , 73930 , 73931 , 73948 , 73949 , 73950 , 73951 , 73952 , 73953 , 73962 , 73963 , 73964 , 73965 , 143400 , 73970 , 73971 , 73972 , 143401 , 73979 , 143402 , 73987 , 73994 , 73995 , 74010 , 74027 , 74028 , 74029 , 74030 , 74031 , 74032 , 74033 , 74034 , 74035 , 74044 , 74045 , 74046 , 74052 , 74061 , 74062 , 74063 , 74064 , 74066 , 74067 , 74068 , 74069 , 74070 , 74071 , 74072 , 74073 , 74074 , 74075 , 74082 , 74083 , 74099 , 74100 , 74136 , 74137 , 74138 , 74139 , 74140 , 74141 , 74162 , 74163 , 74193 , 74194 , 74213 , 74214 , 74234 , 74235 , 74256 , 74257 , 74258 , 74259 , 74293 , 74297 , 74298 , 74311 , 74312 , 74313 , 74314 , 74315 , 74316 , 74317 , 74318 , 74319 , 74361 , 74362 , 74371 , 74372 , 74398 , 74400 , 74401 , 74402 , 74403 , 74404 , 74405 , 74406 , 74408 , 74409 , 74410 , 74411 , 74412 , 74413 , 74417 , 74418 , 74419 , 143476 , 143477 , 143478 , 74440 , 74452 , 143481 , 74458 , 74459 , 74460 , 74461 , 74462 , 74463 , 74470 , 74471 , 74472 , 74480 , 74481 , 74482 , 74483 , 74484 , 74485 , 74486 , 74487 , 74488 , 74489 , 74495 , 74496 , 74497 , 74501 , 74507 , 74517 , 74518 , 74523 , 74530 , 74531 , 74537 , 74566 , 74567 , 74568 , 74569 , 74570 , 74571 , 143503 , 143505 , 74605 , 74606 , 74607 , 74609 , 74611 , 143509 , 143510 , 74649 , 143514 , 74659 , 143516 , 74673 , 143518 , 74696 , 74697 , 74698 , 74699 , 74714 , 74715 , 74734 , 74735 , 74736 , 74737 , 74738 , 74739 , 74740 , 74759 , 74762 , 74764 , 74765 , 74766 , 74767 , 74768 , 74769 , 74770 , 74777 , 74778 , 74779 , 74780 , 74781 , 74782 , 74783 , 74784 , 74785 , 74794 , 74801 , 74803 , 74806 , 74808 , 74809 , 74810 , 74824 , 74842 , 74843 , 74844 , 74845 , 74847 , 74848 , 74849 , 74850 , 74851 , 74852 , 74853 , 74854 , 74855 , 74856 , 74865 , 74868 , 74912 , 74913 , 74914 , 74915 , 74916 , 74917 , 74918 , 74919 , 74920 , 74921 , 74922 , 74923 , 74924 , 74925 , 74926 , 74927 , 74928 , 74929 , 74930 , 74931 , 74936 , 74937 , 74938 , 74943 , 74944 , 74946 , 74967 , 74989 , 75001 , 75002 , 75014 , 75022 , 75031 , 75038 , 75039 , 75044 , 75045 , 75047 , 75049 , 75050 , 75051 , 75052 , 75055 , 75063 , 75064 , 75065 , 75066 , 75068 , 75069 , 75070 , 75071 , 75072 , 75073 , 75084 , 75085 , 75090 , 75091 , 75093 , 75094 , 75114 , 75123 , 75130 , 75131 , 75133 , 75134 , 75135 , 75136 , 75137 , 75138 , 75141 , 75142 , 75148 , 75149 , 75150 , 75152 , 75153 , 75154 , 75155 , 75156 , 75159 , 75160 , 75162 , 75163 , 75164 , 75169 , 75171 , 75214 , 75217 , 75227 , 75232 , 75240 , 75241 , 75242 , 75243 , 75250 , 75251 , 75252 , 75253 , 75254 , 137806 , 75264 , 75273 , 75276 , 75277 , 75285 , 75286 , 75287 , 75288 , 75289 , 75310 , 75311 , 75312 , 75313 , 75314 , 75318 , 75319 , 75322 , 75324 , 75325 , 75326 , 75327 , 75328 , 75329 , 75330 , 75334 , 75335 , 75336 , 75337 , 75338 , 75339 , 75340 , 75341 , 75343 , 75344 , 75345 , 75346 , 75347 , 75350 , 75351 , 75352 , 75353 , 75354 , 75355 , 75356 , 143632 , 137810 , 75382 , 75386 , 75408 , 75409 , 75414 , 75415 , 75416 , 75426 , 75429 , 75441 , 75442 , 75453 , 75454 , 75457 , 75505 , 75506 , 75516 , 75517 , 75518 , 75521 , 75522 , 75523 , 75524 , 75533 , 75534 , 75584 , 75585 , 75588 , 75594 , 75597 , 75600 , 75601 , 75602 , 75603 , 75604 , 75605 , 75606 , 75607 , 75609 , 75613 , 75614 , 75615 , 75616 , 75617 , 75621 , 75622 , 75623 , 75624 , 75625 , 75626 , 75627 , 75631 , 75632 , 75637 , 75638 , 75639 , 75640 , 75677 , 75678 , 75682 , 75686 , 143690 , 75727 , 75728 , 75729 , 75730 , 75731 , 75732 , 75733 , 75734 , 75735 , 75736 , 75737 , 75738 , 75739 , 75752 , 75753 , 75754 , 75755 , 75756 , 75757 , 75758 , 75759 , 75773 , 75775 , 75777 , 75780 , 75787 , 75788 , 75802 , 75803 , 75804 , 75805 , 75806 , 75807 , 75810 , 75814 , 75817 , 75819 , 75820 , 75825 , 75826 , 75827 , 75828 , 75842 , 75843 , 75844 , 75846 , 75847 , 75848 , 75858 , 75859 , 75882 , 75883 , 75892 , 75893 , 75894 , 75895 , 75896 , 75897 , 75898 , 75899 , 75900 , 75904 , 75905 , 75906 , 75907 , 75908 , 75909 , 75910 , 75911 , 75913 , 75914 , 75916 , 75918 , 75919 , 75921 , 75922 , 75923 , 75924 , 75930 , 75931 , 75932 , 75933 , 75934 , 75935 , 75936 , 75937 , 75938 , 75939 , 75940 , 75941 , 75942 , 75943 , 75945 , 75947 , 75959 , 75960 , 75961 , 75962 , 75963 , 75964 , 75965 , 75966 , 75967 , 75968 , 75973 , 75974 , 75975 , 75976 , 75977 , 75978 , 75979 , 75997 , 76006 , 76007 , 76008 , 76009 , 76061 , 76066 , 76067 , 76068 , 76134 , 76135 , 76145 , 76146 , 76147 , 76148 , 76149 , 76150 , 76151 , 76152 , 76153 , 76154 , 76155 , 76156 , 76157 , 76158 , 76159 , 76163 , 76164 , 76165 , 76166 , 76167 , 76168 , 76169 , 76179 , 76180 , 76181 , 76182 , 76183 , 76184 , 76185 , 76186 , 76187 , 76188 , 76189 , 76190 , 76194 , 76195 , 76196 , 76197 , 76205 , 76206 , 76227 , 76229 , 76236 , 76237 , 76249 , 76273 , 76276 , 76284 , 76285 , 76302 , 76310 , 76311 , 76312 , 76319 , 76320 , 137843 , 76375 , 76376 , 76377 , 76378 , 76380 , 76381 , 76390 , 76413 , 76417 , 76442 , 76443 , 76444 , 76445 , 76446 , 76447 , 76448 , 76450 , 76471 , 76474 , 76475 , 76481 , 76487 , 76491 , 76494 , 76495 , 76496 , 76497 , 76498 , 133483 , 76510 , 76523 , 76538 , 76539 , 76541 , 76542 , 76558 , 76559 , 76560 , 76561 , 76589 , 76590 , 76591 , 76592 , 76593 , 76594 , 76595 , 76598 , 76614 , 76642 , 76646 , 76647 , 76648 , 76649 , 76650 , 76652 , 76665 , 76666 , 143851 , 76684 , 76686 , 76690 , 76691 , 76692 , 76693 , 76694 , 76695 , 76696 , 76697 , 76698 , 76699 , 76702 , 76703 , 76718 , 76719 , 76721 , 76722 , 76723 , 76724 , 76725 , 76726 , 76736 , 76739 , 76740 , 76741 , 76742 , 76743 , 76762 , 76765 , 76771 , 76776 , 76788 , 143870 , 143871 , 76806 , 76807 , 76808 , 76809 , 76811 , 76828 , 76829 , 76830 , 143877 , 76835 , 143878 , 76838 , 76839 , 76840 , 76852 , 76861 , 76862 , 76867 , 76877 , 76878 , 76879 , 76880 , 76887 , 76888 , 76889 , 76890 , 76891 , 76892 , 76894 , 76895 , 76896 , 76897 , 76898 , 76899 , 76900 , 76901 , 76911 , 76912 , 76913 , 76928 , 76929 , 76930 , 76952 , 76953 , 76955 , 76956 , 76972 , 76987 , 76988 , 76989 , 76990 , 76991 , 76992 , 76993 , 76994 , 76995 , 76996 , 76997 , 77000 , 77001 , 77002 , 77003 , 77008 , 77009 , 77010 , 77011 , 77012 , 77013 , 77014 , 77015 , 77016 , 77017 , 77018 , 77019 , 77020 , 77021 , 77022 , 77023 , 77049 , 77050 , 77051 , 77052 , 77053 , 77082 , 77083 , 77084 , 77085 , 77086 , 77087 , 77138 , 77139 , 77162 , 77163 , 77164 , 77180 , 77181 , 77182 , 77186 , 77189 , 77190 , 77191 , 77195 , 77196 , 77197 , 77198 , 77200 , 77201 , 77202 , 77203 , 77204 , 77207 , 77225 , 77238 , 77239 , 143947 , 143949 , 77273 , 77274 , 77276 , 77286 , 77290 , 77291 , 77292 , 77293 , 77294 , 77295 , 77296 , 77297 , 77304 , 77305 , 77308 , 77309 , 77317 , 77318 , 77325 , 77327 , 77333 , 77334 , 77351 , 143966 , 77380 , 77381 , 77396 , 77413 , 77415 , 77416 , 77417 , 77420 , 77429 , 77430 , 77431 , 77432 , 77433 , 77434 , 77435 , 77436 , 77437 , 77438 , 146608 , 77489 , 77490 , 77491 , 77505 , 77506 , 77507 , 77508 , 77509 , 77510 , 77516 , 143993 , 77559 , 77596 , 77598 , 77599 , 144007 , 142249 , 144009 , 77625 , 77626 , 77628 , 77629 , 77630 , 77631 , 77632 , 77634 , 77639 , 77640 , 77641 , 77642 , 77643 , 77645 , 77654 , 77655 , 77656 , 77657 , 77658 , 77659 , 77660 , 77662 , 77663 , 77664 , 77665 , 77666 , 77668 , 77669 , 77670 , 77671 , 77672 , 77681 , 77686 , 77687 , 77688 , 77691 , 77692 , 77693 , 77694 , 77696 , 77721 , 77736 , 77737 , 77740 , 77741 , 77747 , 77748 , 137890 , 77801 , 77802 , 77803 , 77804 , 77805 , 77806 , 77813 , 77814 , 77816 , 77817 , 77823 , 77824 , 77825 , 77854 , 77856 , 77858 , 77859 , 77860 , 77867 , 77904 , 77913 , 77914 , 77915 , 77927 , 77929 , 77930 , 77931 , 77932 , 77933 , 77937 , 77939 , 77943 , 77944 , 77945 , 77948 , 77949 , 77950 , 77951 , 77952 , 77958 , 77959 , 77961 , 77962 , 77963 , 77965 , 77966 , 77978 , 77985 , 77986 , 77987 , 77988 , 77989 , 77990 , 77991 , 77995 , 77996 , 78003 , 78004 , 78011 , 78017 , 78018 , 78021 , 78022 , 78023 , 78024 , 78025 , 78032 , 78033 , 78034 , 78036 , 78037 , 78038 , 78039 , 78041 , 78042 , 78043 , 78045 , 78046 , 78047 , 78048 , 78049 , 78050 , 78051 , 78052 , 78053 , 78054 , 78055 , 78056 , 78057 , 78059 , 78066 , 78067 , 78068 , 78069 , 78080 , 78081 , 78082 , 78083 , 78090 , 78091 , 144094 , 78146 , 78147 , 78148 , 78152 , 78153 , 78154 , 78161 , 78162 , 78165 , 78166 , 78168 , 78172 , 78177 , 78178 , 78179 , 78208 , 78209 , 78210 , 78219 , 78221 , 78222 , 78242 , 78248 , 78252 , 78253 , 78254 , 78266 , 78274 , 78276 , 78277 , 78278 , 78279 , 78280 , 78281 , 78282 , 78291 , 78293 , 78294 , 78295 , 78296 , 78297 , 78298 , 78305 , 78306 , 78307 , 78315 , 78316 , 78318 , 78319 , 78325 , 78328 , 78329 , 78330 , 78331 , 78332 , 78333 , 144128 , 78406 , 78410 , 78411 , 78412 , 78413 , 78414 , 78415 , 78416 , 78417 , 78418 , 78419 , 78420 , 78421 , 78422 , 78423 , 78424 , 78425 , 78426 , 78427 , 78428 , 78429 , 78430 , 144144 , 144146 , 78463 , 78466 , 78470 , 144151 , 144153 , 78488 , 144154 , 144155 , 78519 , 78520 , 78521 , 78522 , 78523 , 78541 , 78542 , 78546 , 78549 , 78550 , 78553 , 78554 , 78556 , 78557 , 155374 , 78567 , 78568 , 78569 , 78570 , 78571 , 78572 , 78573 , 78574 , 78575 , 78576 , 78589 , 78590 , 78591 , 78596 , 78602 , 78606 , 78607 , 78609 , 78610 , 78614 , 78615 , 78616 , 78617 , 78619 , 78621 , 78636 , 78637 , 78638 , 78676 , 78677 , 78678 , 78679 , 78681 , 78682 , 78683 , 78684 , 78685 , 78686 , 78687 , 78688 , 78689 , 78690 , 78691 , 78692 , 78693 , 78694 , 78695 , 78696 , 78697 , 78700 , 78701 , 78743 , 144196 , 144197 , 78760 , 78761 , 78778 , 78779 , 78781 , 78819 , 78820 , 78821 , 78826 , 78828 , 78829 , 78850 , 78855 , 78857 , 78858 , 78859 , 78860 , 78861 , 78900 , 78901 , 78918 , 78919 , 78920 , 78921 , 78922 , 78923 , 78924 , 78925 , 78926 , 78927 , 78928 , 78932 , 78933 , 78934 , 78935 , 78936 , 78938 , 78939 , 78940 , 78941 , 78942 , 78943 , 78945 , 78946 , 78951 , 78952 , 78961 , 78967 , 78968 , 78975 , 79002 , 79013 , 79014 , 79032 , 79033 , 79034 , 79035 , 79039 , 79040 , 79041 , 79042 , 79043 , 79045 , 79052 , 79062 , 79063 , 79064 , 79065 , 79066 , 79071 , 79075 , 79076 , 79077 , 79078 , 79079 , 79080 , 79081 , 79082 , 79085 , 79086 , 79087 , 79088 , 79089 , 79101 , 79133 , 79134 , 79140 , 79141 , 79142 , 79143 , 79144 , 79150 , 79170 , 79174 , 79175 , 79176 , 79179 , 79180 , 79181 , 79182 , 79199 , 79201 , 79218 , 79219 , 79220 , 79221 , 79222 , 144276 , 79233 , 79234 , 144284 , 79278 , 79279 , 79280 , 79281 , 79282 , 79283 , 79284 , 79285 , 79286 , 79291 , 79292 , 79297 , 79298 , 79299 , 79300 , 79301 , 79306 , 79309 , 79328 , 155400 , 79354 , 79355 , 79356 , 79357 , 79358 , 79359 , 79368 , 79369 , 155401 , 79382 , 79383 , 79384 , 79385 , 79392 , 79393 , 79394 , 79398 , 79403 , 79415 , 79422 , 79423 , 155403 , 79442 , 79443 , 79444 , 79445 , 79453 , 79454 , 79455 , 79456 , 79491 , 79492 , 79509 , 79510 , 144328 , 79538 , 144329 , 79545 , 79546 , 79547 , 79548 , 79556 , 79557 , 144332 , 79565 , 79566 , 144333 , 79569 , 144334 , 79576 , 144335 , 155408 , 144336 , 79589 , 79593 , 144338 , 144339 , 79604 , 144342 , 144343 , 79638 , 79639 , 79640 , 79641 , 79642 , 79656 , 79657 , 79678 , 79684 , 79685 , 79686 , 79687 , 79688 , 79689 , 79693 , 79694 , 79699 , 79712 , 79715 , 79719 , 79720 , 79721 , 79726 , 79727 , 79728 , 79729 , 79730 , 144361 , 79743 , 79748 , 79749 , 79750 , 79751 , 79753 , 79754 , 79755 , 79756 , 144365 , 79781 , 79784 , 79785 , 79786 , 144371 , 144375 , 79830 , 79831 , 79843 , 79844 , 79845 , 79846 , 79847 , 79848 , 79852 , 79853 , 79854 , 79855 , 79856 , 79857 , 79858 , 79859 , 79860 , 79861 , 79862 , 79863 , 79865 , 79866 , 79867 , 79868 , 79869 , 79870 , 79871 , 79872 , 79873 , 79874 , 79875 , 79876 , 79877 , 79878 , 79879 , 79880 , 79881 , 79882 , 79883 , 79884 , 79885 , 79886 , 79887 , 79888 , 79889 , 79890 , 79891 , 79896 , 79900 , 79904 , 79907 , 79908 , 79909 , 79912 , 79928 , 79929 , 144396 , 79961 , 79997 , 80007 , 80031 , 80032 , 80053 , 80054 , 80055 , 80058 , 80059 , 80060 , 80061 , 80063 , 80082 , 80083 , 80084 , 80085 , 80086 , 80087 , 80088 , 80089 , 80090 , 80091 , 80092 , 80094 , 80095 , 80096 , 80097 , 80100 , 80101 , 80102 , 80103 , 80104 , 80105 , 80112 , 80113 , 80120 , 80171 , 80180 , 80189 , 144439 , 80205 , 80206 , 80207 , 80208 , 80209 , 80210 , 80211 , 80212 , 80218 , 144444 , 80244 , 80245 , 80262 , 80263 , 80266 , 80267 , 80278 , 80279 , 80297 , 80298 , 80299 , 80300 , 80301 , 80302 , 80315 , 80316 , 144460 , 155433 , 80344 , 80345 , 80346 , 80347 , 80348 , 80369 , 80370 , 80375 , 80385 , 80402 , 80403 , 80408 , 80409 , 80410 , 80411 , 144474 , 144475 , 80441 , 80459 , 80460 , 80461 , 80462 , 80463 , 80465 , 80466 , 80471 , 80472 , 153293 , 80500 , 80504 , 80505 , 80507 , 80517 , 80518 , 80522 , 80527 , 80529 , 80530 , 80531 , 80546 , 80566 , 80571 , 80572 , 80573 , 80574 , 80589 , 80632 , 80638 , 80639 , 80640 , 80680 , 80681 , 80682 , 80683 , 80686 , 80687 , 80688 , 80691 , 80692 , 80693 , 80694 , 80695 , 80712 , 80730 , 80731 , 80737 , 80760 , 80761 , 80762 , 80769 , 80770 , 80775 , 80777 , 80778 , 80779 , 80782 , 80783 , 80784 , 80785 , 80786 , 80787 , 80788 , 80789 , 80790 , 80791 , 80792 , 80793 , 80794 , 80795 , 80796 , 80797 , 80799 , 80800 , 80801 , 80802 , 80803 , 80804 , 80807 , 80810 , 80811 , 80812 , 80813 , 80814 , 80815 , 80820 , 80828 , 80838 , 80839 , 80843 , 80844 , 133661 , 133629 , 80946 , 80947 , 80948 , 80949 , 80950 , 80951 , 80952 , 80955 , 80956 , 80957 , 80958 , 80959 , 80960 , 80961 , 80962 , 80963 , 80964 , 80965 , 80997 , 81022 , 81023 , 81024 , 81046 , 81049 , 81070 , 81071 , 81072 , 81078 , 81079 , 81080 , 81081 , 81082 , 81091 , 81094 , 81095 , 81111 , 81119 , 81120 , 81121 , 81122 , 81126 , 81128 , 81129 , 81130 , 81131 , 81132 , 81133 , 81137 , 81138 , 81139 , 81140 , 81141 , 81142 , 81143 , 81144 , 81145 , 81146 , 81147 , 81148 , 81149 , 81150 , 81151 , 81152 , 81157 , 81161 , 81162 , 81163 , 81192 , 81193 , 81224 , 81225 , 81232 , 81233 , 81234 , 81239 , 81241 , 81253 , 81254 , 81257 , 81258 , 81265 , 81266 , 81267 , 81268 , 81269 , 81364 , 81365 , 81366 , 81367 , 81371 , 81372 , 81373 , 81374 , 81375 , 81376 , 81377 , 81378 , 81379 , 81380 , 81381 , 144636 , 144637 , 81395 , 81396 , 81418 , 81420 , 81421 , 81426 , 81427 , 81428 , 81429 , 81430 , 81431 , 81432 , 81433 , 81434 , 81437 , 81438 , 81439 , 81440 , 144646 , 131477 , 81451 , 81453 , 81454 , 81456 , 81457 , 81458 , 81461 , 81472 , 81503 , 81509 , 81510 , 81511 , 81512 , 81513 , 81514 , 81521 , 81522 , 144659 , 81528 , 81531 , 81532 , 81533 , 81536 , 81537 , 81538 , 81553 , 81554 , 81555 , 81556 , 81557 , 81558 , 81560 , 81569 , 81570 , 81571 , 155475 , 81618 , 81629 , 81636 , 81659 , 81762 , 81763 , 81764 , 81770 , 81771 , 81773 , 81774 , 81779 , 81780 , 81787 , 133660 , 81831 , 81837 , 81851 , 81852 , 81860 , 81861 , 81862 , 81871 , 81872 , 81873 , 81874 , 81875 , 81876 , 81877 , 81878 , 81879 , 81880 , 81881 , 81882 , 81883 , 81885 , 81886 , 81887 , 81888 , 81889 , 81890 , 81893 , 81894 , 81895 , 81896 , 81936 , 81941 , 81950 , 81954 , 81955 , 81956 , 81957 , 81964 , 81966 , 81967 , 81968 , 81971 , 81972 , 81973 , 81974 , 81975 , 81976 , 81977 , 81985 , 81986 , 81987 , 81992 , 82026 , 82027 , 82028 , 82035 , 82036 , 82037 , 82038 , 82047 , 82048 , 82060 , 82061 , 82062 , 144749 , 82064 , 82065 , 82066 , 82067 , 82068 , 82069 , 82070 , 144751 , 82085 , 144754 , 82109 , 82110 , 82111 , 82112 , 82115 , 82126 , 82127 , 82128 , 82129 , 82130 , 82145 , 82146 , 82153 , 82154 , 82155 , 82156 , 82157 , 82160 , 82161 , 82162 , 82166 , 82167 , 82168 , 82169 , 82170 , 82171 , 82172 , 82173 , 82174 , 82175 , 82177 , 82190 , 82194 , 82195 , 82196 , 82197 , 82198 , 82199 , 82200 , 82201 , 82202 , 82203 , 82204 , 82205 , 82206 , 82207 , 82208 , 82230 , 82231 , 82247 , 82249 , 82257 , 82258 , 82259 , 82265 , 82266 , 82273 , 82274 , 82276 , 82277 , 82278 , 82279 , 82280 , 82282 , 82283 , 82289 , 82290 , 82293 , 82295 , 82296 , 82308 , 82309 , 82310 , 82311 , 82315 , 82316 , 82317 , 82318 , 82319 , 82320 , 82321 , 82322 , 82323 , 82343 , 82380 , 82381 , 82386 , 82439 , 82440 , 82441 , 82442 , 82443 , 82445 , 82446 , 82447 , 82449 , 82450 , 82451 , 82452 , 82453 , 82454 , 82456 , 82457 , 82458 , 82459 , 82460 , 82461 , 82462 , 82463 , 82464 , 82465 , 82466 , 82467 , 82468 , 82483 , 82495 , 82496 , 82497 , 82498 , 82499 , 82500 , 144822 , 82502 , 82506 , 144823 , 144824 , 144825 , 144827 , 144828 , 133684 , 82547 , 82548 , 82549 , 82550 , 82553 , 82558 , 82559 , 82571 , 82572 , 82573 , 82574 , 82575 , 82576 , 82577 , 82597 , 82635 , 82654 , 82655 , 82656 , 82657 , 82658 , 82660 , 82661 , 82663 , 82664 , 82665 , 82666 , 82690 , 82691 , 82692 , 82693 , 82694 , 82695 , 82726 , 82739 , 82745 , 82746 , 144863 , 144864 , 82771 , 82772 , 82773 , 82774 , 82775 , 82776 , 82777 , 82778 , 82779 , 82780 , 82781 , 82783 , 82785 , 82788 , 82789 , 82798 , 82799 , 82800 , 82801 , 82802 , 82804 , 82806 , 82807 , 82808 , 82809 , 82810 , 82811 , 82812 , 82814 , 82821 , 82822 , 82839 , 82840 , 82841 , 82842 , 82843 , 82844 , 82847 , 82849 , 82855 , 82856 , 82857 , 82858 , 82859 , 82860 , 82861 , 82862 , 82863 , 82864 , 82865 , 82869 , 82874 , 82875 , 82876 , 82877 , 82878 , 82879 , 82880 , 82881 , 82883 , 82884 , 82885 , 82886 , 82887 , 82888 , 82889 , 82890 , 82891 , 82892 , 82893 , 82895 , 82901 , 82902 , 82903 , 82916 , 82917 , 82918 , 82932 , 82939 , 82940 , 82941 , 82942 , 82943 , 82945 , 82946 , 82947 , 82948 , 82949 , 82950 , 82951 , 82952 , 82953 , 82954 , 82955 , 82958 , 82959 , 82960 , 82961 , 82962 , 82963 , 82964 , 82965 , 82966 , 82967 , 82968 , 82969 , 82972 , 82973 , 82982 , 82983 , 82985 , 82986 , 82987 , 82988 , 144904 , 82996 , 82997 , 82998 , 144905 , 83010 , 144907 , 144908 , 144910 , 83037 , 83040 , 83042 , 144915 , 83068 , 83069 , 83070 , 83071 , 83088 , 83091 , 83092 , 83093 , 83094 , 83098 , 83117 , 83118 , 83119 , 83120 , 83121 , 83122 , 83123 , 83124 , 83125 , 83126 , 83127 , 83138 , 83155 , 83156 , 83157 , 83158 , 83160 , 83162 , 83166 , 83167 , 83168 , 83169 , 83170 , 83172 , 83173 , 83200 , 83201 , 83202 , 83204 , 83205 , 144944 , 83266 , 83267 , 83268 , 83269 , 83272 , 83287 , 83289 , 83296 , 83297 , 83298 , 83299 , 83300 , 83301 , 83318 , 83319 , 83320 , 83321 , 83327 , 83345 , 83349 , 83350 , 83351 , 83352 , 83370 , 83377 , 83378 , 83379 , 83380 , 83381 , 83382 , 83385 , 83387 , 83388 , 83389 , 83390 , 83391 , 83392 , 83393 , 83394 , 83405 , 133236 , 83440 , 83441 , 83445 , 83446 , 83453 , 83454 , 83455 , 83456 , 83457 , 83458 , 83459 , 83460 , 83461 , 83462 , 83463 , 83480 , 83482 , 83483 , 83487 , 83492 , 83493 , 83495 , 83496 , 83503 , 83515 , 155539 , 144993 , 83534 , 83535 , 83536 , 83537 , 83539 , 83540 , 83560 , 83565 , 83571 , 83572 , 83573 , 145001 , 155542 , 83624 , 83625 , 83626 , 83627 , 83628 , 83629 , 83630 , 83631 , 83632 , 83633 , 83636 , 83670 , 83678 , 83679 , 83680 , 83681 , 83682 , 83683 , 83684 , 83685 , 83686 , 83690 , 83691 , 83692 , 83695 , 83696 , 83712 , 155546 , 83731 , 83732 , 83738 , 83739 , 83743 , 83747 , 83748 , 83749 , 83750 , 133725 , 83798 , 83799 , 83800 , 83801 , 83802 , 83807 , 83808 , 155934 , 83835 , 83861 , 83862 , 83863 , 83864 , 83865 , 83866 , 83867 , 83868 , 83869 , 83870 , 83871 , 83872 , 83873 , 83874 , 83875 , 83876 , 83877 , 83878 , 83879 , 83880 , 83881 , 83882 , 83883 , 83884 , 83885 , 83886 , 83887 , 83888 , 83889 , 83890 , 83891 , 83892 , 83893 , 83895 , 83902 , 83910 , 83911 , 83912 , 83913 , 83914 , 83916 , 83917 , 83918 , 83919 , 83920 , 83921 , 83922 , 83923 , 83924 , 83925 , 83926 , 83928 , 83929 , 83930 , 83931 , 83932 , 83933 , 83934 , 83935 , 83936 , 83937 , 83938 , 83939 , 83940 , 83941 , 83942 , 83943 , 83944 , 83945 , 83946 , 83975 , 83979 , 83980 , 83981 , 145071 , 83996 , 83997 , 83998 , 83999 , 84001 , 84003 , 84004 , 84005 , 84007 , 84008 , 84009 , 84010 , 84011 , 84012 , 84014 , 84036 , 84037 , 84038 , 84039 , 84040 , 84041 , 84042 , 84043 , 84044 , 84045 , 84046 , 84047 , 84048 , 84050 , 84051 , 84052 , 84060 , 84061 , 84070 , 84071 , 84072 , 84073 , 84074 , 84075 , 84077 , 84078 , 84079 , 84080 , 84081 , 84082 , 84086 , 84087 , 84090 , 84091 , 84092 , 84095 , 145088 , 84101 , 84102 , 84104 , 84105 , 84107 , 84108 , 84109 , 84110 , 84111 , 84112 , 84113 , 84114 , 84115 , 84116 , 84117 , 84118 , 84119 , 84120 , 84121 , 84122 , 84123 , 84124 , 84125 , 84126 , 84127 , 84129 , 84130 , 84131 , 84132 , 145094 , 84138 , 84139 , 84140 , 84141 , 84156 , 84157 , 84158 , 84159 , 84162 , 84163 , 84177 , 84178 , 84180 , 145102 , 84182 , 84183 , 84184 , 84187 , 84188 , 84189 , 84190 , 84191 , 145104 , 84202 , 84225 , 84226 , 84227 , 84233 , 84236 , 84237 , 84249 , 84250 , 84251 , 84252 , 84253 , 84254 , 84255 , 84256 , 84257 , 84258 , 84259 , 84266 , 84267 , 84284 , 84285 , 84286 , 84297 , 84328 , 84364 , 84366 , 153319 , 84389 , 84390 , 84414 , 84415 , 84416 , 84417 , 84418 , 84419 , 84420 , 84440 , 84441 , 84442 , 84444 , 84456 , 84457 , 84459 , 84460 , 145149 , 84465 , 84482 , 84483 , 84484 , 84485 , 84487 , 84488 , 84489 , 84490 , 133749 , 84499 , 84500 , 84506 , 84507 , 84509 , 84510 , 153320 , 84562 , 84563 , 84564 , 84565 , 84567 , 84568 , 84575 , 84576 , 84596 , 84613 , 84658 , 84675 , 84676 , 84677 , 84678 , 84679 , 84680 , 84681 , 84683 , 84684 , 84685 , 84686 , 84688 , 84704 , 84705 , 84707 , 84712 , 84713 , 146850 , 84729 , 84733 , 84734 , 84735 , 84736 , 84737 , 84738 , 84739 , 84740 , 84741 , 84742 , 84743 , 84745 , 84746 , 84747 , 84748 , 84749 , 84750 , 84758 , 84760 , 84770 , 84773 , 84774 , 84775 , 84776 , 84784 , 84785 , 84787 , 84788 , 84789 , 84790 , 84793 , 84794 , 84801 , 84807 , 84808 , 84809 , 84810 , 84812 , 84813 , 84814 , 84831 , 145212 , 84851 , 145214 , 133761 , 145217 , 145218 , 145219 , 145221 , 145222 , 145223 , 145224 , 145225 , 84930 , 84932 , 84937 , 84938 , 145232 , 151223 , 84977 , 84984 , 84985 , 84986 , 84987 , 84988 , 84989 , 84991 , 84993 , 84994 , 84996 , 85005 , 85006 , 85007 , 85008 , 85009 , 85010 , 85011 , 85016 , 85017 , 85018 , 85019 , 85020 , 85021 , 85022 , 85023 , 85024 , 85025 , 85026 , 85034 , 85035 , 85047 , 85048 , 85049 , 85050 , 85051 , 85059 , 85060 , 85066 , 85067 , 85068 , 85069 , 85092 , 85093 , 85094 , 85095 , 85098 , 85099 , 85127 , 85132 , 85134 , 85136 , 85137 , 85138 , 85139 , 85140 , 85141 , 85142 , 85148 , 85149 , 85181 , 85182 , 85183 , 85184 , 85185 , 85186 , 85213 , 85215 , 85228 , 85229 , 85230 , 85250 , 85251 , 85252 , 85264 , 85265 , 85270 , 85276 , 85277 , 85278 , 144596 , 85293 , 85294 , 85295 , 85344 , 85345 , 85346 , 85347 , 85360 , 85361 , 85364 , 85365 , 85366 , 85368 , 85369 , 85370 , 85371 , 85372 , 85373 , 85374 , 133779 , 85405 , 85406 , 85407 , 85408 , 85409 , 85410 , 85411 , 85416 , 85417 , 85418 , 85419 , 85420 , 85421 , 85422 , 85423 , 85424 , 85425 , 85426 , 85437 , 85438 , 85441 , 85447 , 85448 , 85449 , 85450 , 85460 , 85461 , 85497 , 145322 , 85508 , 85509 , 85510 , 85511 , 85512 , 85513 , 85514 , 85515 , 85516 , 85517 , 85523 , 85524 , 85525 , 85526 , 85527 , 85546 , 145330 , 145331 , 85560 , 145332 , 145333 , 85569 , 85570 , 85571 , 85572 , 85573 , 85578 , 85581 , 85597 , 85598 , 85599 , 85601 , 85602 , 85603 , 85604 , 85605 , 85606 , 85607 , 85608 , 85610 , 85612 , 85614 , 85615 , 85651 , 85652 , 85653 , 85654 , 85665 , 85667 , 85668 , 85669 , 85673 , 85674 , 85675 , 85676 , 85677 , 85678 , 85679 , 85680 , 85686 , 85698 , 85708 , 85717 , 85719 , 85723 , 85724 , 85725 , 85726 , 85729 , 85732 , 85733 , 85751 , 85752 , 85753 , 85754 , 85755 , 85763 , 85764 , 85777 , 85778 , 85779 , 85781 , 85784 , 85785 , 85787 , 155615 , 85801 , 85802 , 85803 , 85804 , 85805 , 85806 , 85807 , 85808 , 85809 , 85810 , 85812 , 85813 , 85814 , 85815 , 85816 , 85817 , 85818 , 85819 , 85820 , 85821 , 85836 , 85837 , 85838 , 85839 , 85840 , 85842 , 85851 , 85852 , 85853 , 85854 , 85863 , 85870 , 85884 , 155618 , 85914 , 85915 , 85916 , 85917 , 85918 , 85919 , 85920 , 85926 , 85935 , 85938 , 85939 , 85940 , 85941 , 85949 , 85955 , 85956 , 85957 , 85961 , 85962 , 85963 , 85967 , 85971 , 85972 , 85973 , 85974 , 85980 , 85981 , 85982 , 85983 , 85984 , 85985 , 85993 , 86002 , 86003 , 86017 , 86026 , 86027 , 86037 , 86041 , 86043 , 86081 , 86082 , 145424 , 86129 , 86130 , 86147 , 86156 , 86157 , 86160 , 86161 , 86163 , 86164 , 86166 , 86215 , 86221 , 86222 , 86223 , 86224 , 86225 , 86244 , 86245 , 86246 , 86268 , 86269 , 86273 , 86295 , 86298 , 86299 , 86303 , 86308 , 86309 , 86310 , 86311 , 86313 , 86322 , 86323 , 86326 , 86327 , 86328 , 86329 , 151269 , 86362 , 86363 , 86364 , 86365 , 86366 , 86367 , 86368 , 86369 , 147222 , 86385 , 86386 , 86388 , 86401 , 86413 , 86415 , 86416 , 86417 , 86420 , 86421 , 86422 , 86455 , 86459 , 86460 , 86467 , 86468 , 86469 , 145484 , 145485 , 145487 , 145491 , 145492 , 86523 , 86524 , 145495 , 145496 , 86558 , 145499 , 145500 , 145501 , 86593 , 86595 , 86605 , 86612 , 86613 , 86614 , 86615 , 86616 , 86617 , 86618 , 86619 , 86620 , 86627 , 86628 , 86629 , 86630 , 86633 , 145511 , 155643 , 145512 , 86642 , 86683 , 86684 , 86714 , 86715 , 86716 , 86718 , 86719 , 86720 , 86721 , 86722 , 86723 , 86725 , 86726 , 86727 , 86728 , 86729 , 86730 , 86731 , 86739 , 86740 , 86741 , 86742 , 86743 , 86744 , 86745 , 86746 , 86747 , 86748 , 86750 , 86751 , 86752 , 86753 , 86754 , 86755 , 86756 , 86757 , 86758 , 86759 , 86760 , 86761 , 86762 , 86763 , 86765 , 86767 , 86768 , 86769 , 86771 , 86772 , 86774 , 86775 , 86777 , 86778 , 86779 , 86784 , 86786 , 86813 , 86832 , 86833 , 86834 , 86835 , 86836 , 86837 , 86838 , 86839 , 86840 , 86842 , 86844 , 86848 , 86849 , 86852 , 86853 , 86859 , 86861 , 151286 , 86868 , 86869 , 151287 , 86901 , 86902 , 86903 , 86904 , 86905 , 86906 , 86907 , 86908 , 86909 , 86911 , 86913 , 86914 , 86915 , 86921 , 86922 , 86928 , 86929 , 86930 , 86990 , 86998 , 86999 , 87025 , 87026 , 87027 , 87029 , 87030 , 87031 , 87054 , 87055 , 138199 , 87127 , 87133 , 87134 , 87135 , 87138 , 87152 , 87153 , 87154 , 87163 , 87176 , 87178 , 87184 , 87185 , 87186 , 87202 , 87211 , 87212 , 87213 , 87214 , 87215 , 87216 , 87218 , 87219 , 87227 , 87228 , 87236 , 87237 , 87238 , 87248 , 87249 , 87250 , 87252 , 87253 , 87254 , 87255 , 87257 , 87260 , 87261 , 87263 , 145621 , 87296 , 145622 , 87302 , 87303 , 87304 , 87305 , 87306 , 87307 , 87320 , 87321 , 87341 , 87344 , 87355 , 87356 , 87371 , 87372 , 87373 , 87407 , 87412 , 87415 , 87416 , 87417 , 87420 , 87421 , 87425 , 87426 , 87427 , 87428 , 87429 , 87430 , 87431 , 87432 , 87433 , 87434 , 87436 , 87437 , 87438 , 87439 , 87440 , 87441 , 87442 , 87443 , 87444 , 87457 , 87480 , 87481 , 87486 , 87487 , 87488 , 87489 , 87490 , 87491 , 87496 , 87513 , 87517 , 87525 , 87526 , 87527 , 145660 , 87537 , 87556 , 87557 , 87581 , 87582 , 87583 , 87584 , 87586 , 87587 , 87606 , 87607 , 87608 , 87609 , 87610 , 87611 , 87612 , 87613 , 87655 , 87656 , 87658 , 87659 , 87660 , 135883 , 87690 , 87709 , 87710 , 87711 , 87716 , 87717 , 87718 , 87720 , 87721 , 87729 , 87730 , 87731 , 155960 , 145694 , 87735 , 87736 , 87737 , 87738 , 87739 , 145696 , 87750 , 87751 , 87752 , 87753 , 87754 , 87755 , 87756 , 87758 , 87759 , 87778 , 87785 , 87786 , 87792 , 87793 , 87795 , 87808 , 87809 , 87810 , 87811 , 87812 , 87813 , 87814 , 87815 , 87816 , 87817 , 87818 , 87819 , 87820 , 87821 , 87822 , 87823 , 87824 , 87825 , 87826 , 87827 , 87828 , 87829 , 87830 , 145712 , 87853 , 142590 , 87876 , 145718 , 87887 , 145721 , 145722 , 145723 , 145724 , 87923 , 87924 , 87925 , 87932 , 87940 , 87941 , 87948 , 87949 , 87951 , 87956 , 87961 , 87962 , 87963 , 87979 , 87980 , 87981 , 87990 , 88001 , 88002 , 88011 , 88015 , 88018 , 88019 , 88020 , 88021 , 88023 , 88029 , 88030 , 88031 , 88032 , 88033 , 88034 , 88036 , 88038 , 88039 , 88040 , 88041 , 88042 , 88043 , 88044 , 88045 , 88047 , 88048 , 88049 , 88050 , 88051 , 88052 , 88053 , 88054 , 88055 , 88056 , 139687 , 88104 , 88126 , 88132 , 88133 , 88134 , 88135 , 88136 , 88137 , 88138 , 88139 , 88140 , 145762 , 88142 , 88143 , 88144 , 88151 , 88156 , 88157 , 88158 , 88164 , 88165 , 88172 , 88181 , 88182 , 88183 , 88186 , 88189 , 88190 , 88192 , 88193 , 88194 , 88195 , 88196 , 88199 , 88200 , 88201 , 88202 , 88203 , 88204 , 88207 , 88208 , 88209 , 88210 , 88212 , 88213 , 88214 , 88215 , 88216 , 88219 , 88220 , 88221 , 88222 , 88226 , 88254 , 88255 , 88256 , 88265 , 88266 , 88287 , 88290 , 88291 , 88294 , 88295 , 88296 , 88306 , 88307 , 88317 , 88322 , 88329 , 88359 , 88360 , 88361 , 88362 , 88365 , 88366 , 88367 , 88368 , 88370 , 88371 , 88372 , 88390 , 88391 , 88413 , 88414 , 88421 , 88422 , 88428 , 88429 , 88430 , 88431 , 88432 , 88441 , 88442 , 88443 , 88444 , 88445 , 88446 , 88448 , 88449 , 88451 , 88452 , 88453 , 88454 , 88455 , 88457 , 88458 , 88459 , 88460 , 88463 , 145821 , 88503 , 88513 , 145825 , 88520 , 88521 , 88522 , 88523 , 88553 , 145831 , 88556 , 88557 , 88558 , 145832 , 88563 , 88564 , 88583 , 145838 , 88599 , 88601 , 145839 , 145840 , 88612 , 88613 , 88614 , 138252 , 88663 , 88673 , 88674 , 88675 , 88676 , 88677 , 88678 , 88680 , 88681 , 88684 , 88686 , 88687 , 88707 , 88708 , 88733 , 88734 , 88735 , 145862 , 88748 , 88756 , 88763 , 88764 , 88765 , 88766 , 88767 , 88768 , 88769 , 88770 , 88771 , 88772 , 88773 , 88774 , 88789 , 88790 , 88830 , 138258 , 88857 , 88880 , 88885 , 88886 , 88887 , 88888 , 88889 , 88897 , 88898 , 88899 , 88900 , 88901 , 88935 , 88936 , 88937 , 89000 , 89001 , 89005 , 89006 , 89019 , 89021 , 89022 , 89023 , 89024 , 89025 , 89061 , 89088 , 89089 , 89090 , 89091 , 89094 , 89096 , 89101 , 89102 , 89103 , 89104 , 89105 , 89106 , 89107 , 89109 , 89110 , 89111 , 89116 , 145925 , 89122 , 89123 , 89124 , 89125 , 145927 , 89135 , 89136 , 89137 , 89138 , 89146 , 89147 , 89169 , 89174 , 89193 , 89198 , 89199 , 89200 , 89201 , 89202 , 89203 , 89204 , 89205 , 89206 , 89207 , 89208 , 89209 , 89210 , 89211 , 89212 , 89213 , 89214 , 89215 , 89216 , 89218 , 89219 , 89220 , 89229 , 89230 , 89231 , 89232 , 89248 , 89249 , 89252 , 89256 , 89257 , 89258 , 89259 , 89260 , 89262 , 89263 , 89264 , 89265 , 89280 , 89281 , 89282 , 89285 , 89289 , 89292 , 89293 , 89294 , 89295 , 89296 , 89297 , 89299 , 89303 , 89305 , 89332 , 89333 , 89334 , 89335 , 89336 , 89337 , 89338 , 89351 , 89352 , 89353 , 89354 , 89358 , 89359 , 89360 , 89364 , 89365 , 89366 , 89375 , 89378 , 89379 , 89382 , 89425 , 133847 , 89473 , 89474 , 145986 , 89487 , 89512 , 89513 , 89549 , 89550 , 89560 , 89561 , 89562 , 89563 , 89564 , 89566 , 89567 , 89568 , 89569 , 89570 , 89571 , 89572 , 89573 , 89574 , 89590 , 89591 , 89592 , 89593 , 89594 , 89595 , 89596 , 89597 , 89598 , 89601 , 89614 , 89615 , 89616 , 89617 , 89618 , 89619 , 89620 , 89621 , 89622 , 89623 , 89625 , 89629 , 89631 , 89640 , 89644 , 89645 , 89704 , 89705 , 89715 , 89718 , 89719 , 89720 , 89721 , 89722 , 89723 , 89724 , 89725 , 89726 , 89727 , 89728 , 89729 , 89730 , 89731 , 89732 , 89733 , 89744 , 89757 , 89758 , 89766 , 89789 , 89808 , 89809 , 89810 , 89829 , 89835 , 89836 , 89854 , 89878 , 89881 , 89882 , 89883 , 89884 , 89885 , 89890 , 89891 , 89892 , 89898 , 89899 , 89900 , 89903 , 89904 , 89905 , 89915 , 89926 , 89927 , 89928 , 89938 , 89940 , 89941 , 89942 , 89943 , 89944 , 89945 , 89947 , 89948 , 89956 , 146070 , 89991 , 146071 , 89998 , 90001 , 90002 , 90005 , 131534 , 90015 , 90016 , 155757 , 146086 , 155758 , 90096 , 146089 , 90109 , 90110 , 90111 , 90112 , 90114 , 90115 , 90116 , 90117 , 90122 , 90132 , 90133 , 90134 , 90135 , 90136 , 90137 , 90150 , 90151 , 90161 , 90167 , 90169 , 90170 , 90171 , 90172 , 90173 , 90174 , 90175 , 90186 , 90187 , 90188 , 90189 , 90190 , 90192 , 90193 , 90194 , 90195 , 90196 , 90197 , 90198 , 90199 , 90200 , 90201 , 90202 , 90203 , 90204 , 90205 , 90206 , 140351 , 90242 , 90249 , 90250 , 90251 , 90252 , 90253 , 90254 , 90257 , 90264 , 90265 , 90266 , 90267 , 90268 , 90269 , 90270 , 90271 , 90272 , 90276 , 90277 , 90278 , 90281 , 90282 , 90287 , 90293 , 90294 , 90295 , 90296 , 90298 , 90299 , 90300 , 90301 , 90302 , 90303 , 90304 , 90318 , 90319 , 90320 , 90321 , 90323 , 90324 , 90326 , 90327 , 90328 , 90329 , 90349 , 90361 , 90369 , 90370 , 90377 , 90378 , 90380 , 90381 , 90382 , 90383 , 90384 , 90385 , 90390 , 147039 , 90414 , 90423 , 90433 , 90458 , 90460 , 90461 , 90471 , 90478 , 90491 , 90492 , 90493 , 150741 , 90501 , 90502 , 90503 , 90509 , 90510 , 90511 , 90512 , 90513 , 90514 , 90515 , 90524 , 90525 , 90544 , 90545 , 90568 , 90569 , 90570 , 90571 , 90577 , 90578 , 90582 , 90583 , 90584 , 90585 , 90586 , 90590 , 90591 , 90592 , 90604 , 90608 , 90609 , 90610 , 90611 , 90612 , 90613 , 90626 , 90661 , 90676 , 90678 , 90679 , 90704 , 90705 , 90706 , 90715 , 90721 , 90722 , 90724 , 90725 , 90729 , 90730 , 90731 , 90733 , 90745 , 90760 , 90766 , 90767 , 90768 , 90769 , 90770 , 90771 , 90772 , 90780 , 90803 , 90804 , 90805 , 90806 , 90807 , 90808 , 90809 , 90814 , 90816 , 90821 , 90867 , 90875 , 90876 , 90877 , 90878 , 90879 , 90880 , 90881 , 90916 , 90925 , 90926 , 90927 , 90934 , 90935 , 90936 , 90937 , 90946 , 90947 , 90948 , 90949 , 90950 , 90951 , 90952 , 90953 , 90954 , 90958 , 90959 , 90961 , 90970 , 90971 , 90985 , 90989 , 91019 , 91020 , 91021 , 91038 , 91048 , 91049 , 91050 , 91052 , 91057 , 91059 , 91072 , 91081 , 91082 , 91086 , 91092 , 91093 , 91094 , 91095 , 91097 , 91098 , 91101 , 91102 , 91103 , 91111 , 91112 , 91114 , 91115 , 91158 , 91160 , 91162 , 91174 , 91202 , 91203 , 91204 , 91205 , 91206 , 91207 , 91208 , 91209 , 91210 , 91211 , 91212 , 91213 , 91214 , 91215 , 91217 , 91218 , 91220 , 91228 , 91229 , 91230 , 91231 , 91232 , 91233 , 91234 , 91238 , 91265 , 91266 , 91286 , 91290 , 91292 , 91293 , 91319 , 91320 , 91330 , 91331 , 91332 , 91333 , 91334 , 91335 , 91336 , 91337 , 91338 , 91339 , 91341 , 91342 , 91343 , 91344 , 91345 , 91346 , 91371 , 91372 , 91373 , 91374 , 91375 , 91377 , 91378 , 91379 , 91384 , 91385 , 91386 , 91388 , 91401 , 91402 , 91404 , 91405 , 91406 , 91407 , 91408 , 91409 , 91410 , 91411 , 91415 , 91416 , 91417 , 91418 , 91419 , 91427 , 91431 , 91432 , 91448 , 91451 , 91452 , 91453 , 145510 , 91464 , 91465 , 91468 , 146317 , 146318 , 91480 , 91481 , 91482 , 91483 , 91484 , 91489 , 91490 , 91500 , 91501 , 91502 , 91503 , 91504 , 91505 , 91507 , 91508 , 91516 , 91519 , 91520 , 91521 , 91522 , 91523 , 91526 , 91527 , 91528 , 91547 , 91548 , 91570 , 91571 , 91589 , 91590 , 91591 , 91592 , 91597 , 91598 , 91599 , 91600 , 91601 , 91602 , 91606 , 91607 , 91608 , 91609 , 91610 , 91611 , 91612 , 91641 , 91649 , 91650 , 91670 , 91671 , 91672 , 91675 , 91678 , 91680 , 91681 , 91690 , 91704 , 91715 , 91723 , 91724 , 91725 , 91733 , 91734 , 91761 , 91777 , 91820 , 91821 , 91829 , 91830 , 91841 , 91842 , 91847 , 91848 , 91849 , 91850 , 91851 , 91853 , 91855 , 91900 , 91921 , 91922 , 91924 , 91926 , 91927 , 91931 , 91932 , 91933 , 91949 , 91951 , 91952 , 91953 , 91954 , 91955 , 91956 , 91957 , 91958 , 91959 , 91960 , 91961 , 91964 , 91965 , 146405 , 146406 , 92006 , 146407 , 92018 , 92028 , 92029 , 92030 , 92031 , 92032 , 92065 , 92066 , 92067 , 92068 , 92080 , 92082 , 92083 , 92084 , 92085 , 92086 , 92087 , 92088 , 92089 , 92107 , 92108 , 92109 , 92110 , 92111 , 92112 , 92113 , 92114 , 92115 , 92116 , 92117 , 92118 , 92119 , 92120 , 92121 , 92122 , 92123 , 92124 , 92125 , 92126 , 92127 , 92128 , 92129 , 92130 , 92131 , 92137 , 92139 , 92141 , 92142 , 92157 , 146432 , 92168 , 92169 , 92171 , 92172 , 92182 , 92183 , 92198 , 92199 , 92202 , 92203 , 92204 , 92205 , 92206 , 92207 , 92208 , 92214 , 92215 , 92216 , 92217 , 92218 , 92219 , 92220 , 92221 , 92222 , 92224 , 92225 , 92226 , 92227 , 92228 , 92229 , 92230 , 92231 , 92232 , 92233 , 92234 , 92235 , 92236 , 92237 , 92238 , 92239 , 92240 , 92241 , 92242 , 92243 , 92244 , 92254 , 92255 , 92256 , 92257 , 92258 , 92259 , 92260 , 92261 , 92262 , 92264 , 92265 , 92268 , 92269 , 92270 , 92271 , 92272 , 92273 , 92274 , 92275 , 92288 , 92289 , 92321 , 92322 , 92323 , 92324 , 92326 , 92348 , 92350 , 92351 , 92352 , 92353 , 92354 , 92392 , 92393 , 92397 , 92398 , 92399 , 92402 , 92403 , 92404 , 92405 , 92407 , 92409 , 92411 , 92412 , 92424 , 92439 , 92455 , 92456 , 92457 , 92458 , 92459 , 92460 , 92461 , 92462 , 92463 , 92464 , 92465 , 92466 , 92467 , 92468 , 92471 , 92472 , 92473 , 92474 , 92475 , 92476 , 92477 , 92489 , 92490 , 92491 , 92500 , 92501 , 92502 , 92503 , 92506 , 92512 , 92513 , 92514 , 92515 , 92516 , 92517 , 92553 , 92554 , 92555 , 92556 , 92580 , 92581 , 146505 , 92600 , 146506 , 92610 , 92611 , 92624 , 92626 , 92630 , 92631 , 92632 , 92633 , 92634 , 92635 , 92636 , 92637 , 92638 , 92639 , 92640 , 92641 , 92642 , 92643 , 92644 , 92645 , 92646 , 92647 , 92648 , 92649 , 92655 , 92656 , 92657 , 92668 , 92669 , 92674 , 92675 , 92678 , 92679 , 92710 , 92717 , 92718 , 92729 , 92741 , 92747 , 92748 , 92751 , 92752 , 92757 , 92759 , 92760 , 92761 , 92762 , 92763 , 138389 , 92787 , 92788 , 92789 , 92790 , 92791 , 92792 , 92795 , 92801 , 92802 , 92803 , 92808 , 92810 , 92817 , 92846 , 92847 , 92856 , 92857 , 92858 , 92859 , 92860 , 92861 , 92862 , 92863 , 92864 , 92865 , 92866 , 92867 , 92868 , 92870 , 92871 , 92872 , 92920 , 92921 , 92922 , 92923 , 92924 , 92929 , 92948 , 92958 , 92959 , 92960 , 92963 , 92964 , 92965 , 92966 , 92967 , 92968 , 92969 , 146569 , 93007 , 93008 , 93009 , 93010 , 93018 , 93021 , 93022 , 93023 , 93024 , 93025 , 93026 , 93027 , 146583 , 93082 , 93083 , 93084 , 93093 , 93094 , 93095 , 93099 , 93100 , 93101 , 93102 , 93120 , 93143 , 93144 , 93182 , 93183 , 93200 , 93201 , 93217 , 93218 , 93222 , 93223 , 93225 , 93229 , 93230 , 93233 , 93252 , 93253 , 93254 , 93255 , 93256 , 93257 , 93258 , 93267 , 93270 , 93273 , 93274 , 93275 , 93276 , 93277 , 93278 , 93279 , 93280 , 93281 , 93282 , 93303 , 93318 , 93319 , 93320 , 93321 , 93322 , 93323 , 93324 , 93325 , 93326 , 93327 , 93328 , 93329 , 93330 , 93331 , 93332 , 93370 , 93371 , 93372 , 93373 , 93388 , 93418 , 93421 , 93422 , 93423 , 93424 , 93425 , 93426 , 93427 , 93428 , 93429 , 93430 , 93441 , 93446 , 93447 , 93448 , 93459 , 93464 , 93465 , 93484 , 93510 , 93511 , 93523 , 93540 , 93550 , 93552 , 93553 , 93554 , 93556 , 93557 , 93558 , 93565 , 93566 , 93567 , 93569 , 93570 , 93579 , 93582 , 93583 , 93584 , 93585 , 93586 , 93587 , 93589 , 93590 , 93591 , 93592 , 93593 , 93596 , 93597 , 93598 , 93599 , 93615 , 93623 , 93624 , 93625 , 93626 , 93627 , 93628 , 93630 , 93631 , 93633 , 93634 , 93635 , 93638 , 93639 , 93640 , 93641 , 93642 , 93643 , 93644 , 93666 , 93667 , 93668 , 93669 , 93672 , 93673 , 93684 , 93685 , 93686 , 93691 , 93713 , 93714 , 93715 , 93716 , 93717 , 155127 , 93730 , 93734 , 93735 , 93743 , 93752 , 93755 , 93756 , 93757 , 93758 , 93759 , 93773 , 93778 , 93816 , 93823 , 93824 , 93825 , 93826 , 93828 , 93829 , 93831 , 93832 , 93833 , 93835 , 93836 , 93838 , 93839 , 93840 , 93841 , 93842 , 93843 , 93844 , 93845 , 93846 , 93847 , 93864 , 93865 , 93867 , 93875 , 93876 , 93888 , 93894 , 93897 , 93905 , 93906 , 93907 , 93927 , 93928 , 93929 , 146728 , 93953 , 93956 , 93989 , 93990 , 93991 , 93992 , 94012 , 146741 , 94020 , 146742 , 94022 , 94023 , 94024 , 94026 , 94052 , 94053 , 94054 , 94055 , 94056 , 94057 , 94079 , 94080 , 94081 , 94082 , 94083 , 94084 , 94085 , 94086 , 94088 , 94095 , 94096 , 94097 , 94098 , 94099 , 94100 , 94101 , 94131 , 94132 , 94133 , 94135 , 94147 , 94158 , 94171 , 94172 , 94173 , 94174 , 94175 , 94176 , 94177 , 94178 , 94179 , 94180 , 94181 , 94189 , 94190 , 94191 , 94194 , 94195 , 94201 , 94202 , 94211 , 94224 , 94225 , 94229 , 94230 , 94231 , 94232 , 94234 , 94245 , 94248 , 94252 , 94254 , 94260 , 94261 , 94275 , 94280 , 94281 , 94282 , 94283 , 94284 , 94285 , 94289 , 94290 , 94291 , 94292 , 94314 , 94354 , 94363 , 94382 , 94383 , 94384 , 146804 , 94397 , 146805 , 94402 , 94403 , 94438 , 94439 , 94440 , 94461 , 94462 , 94469 , 94470 , 94471 , 94472 , 94473 , 94474 , 94484 , 94497 , 94498 , 94499 , 94500 , 94510 , 94512 , 94513 , 94514 , 94515 , 94516 , 94523 , 94536 , 94537 , 94538 , 94539 , 94540 , 94541 , 94542 , 151543 , 146842 , 94641 , 94642 , 94644 , 94645 , 94646 , 94647 , 94648 , 94649 , 94650 , 94654 , 94656 , 94657 , 94658 , 94659 , 94660 , 94661 , 94662 , 94669 , 94670 , 94671 , 94672 , 146851 , 94724 , 94725 , 94726 , 94727 , 146860 , 94732 , 146861 , 146865 , 146866 , 94773 , 94774 , 94779 , 94780 , 94781 , 94783 , 94784 , 94785 , 94786 , 94787 , 94788 , 94789 , 94790 , 94791 , 94792 , 94793 , 94794 , 94795 , 94796 , 94841 , 94857 , 94860 , 94867 , 94876 , 94906 , 94907 , 94908 , 94909 , 94910 , 94914 , 94915 , 94916 , 94918 , 94919 , 94920 , 94925 , 94926 , 94929 , 94930 , 94931 , 94932 , 94938 , 94939 , 94940 , 94944 , 94945 , 94946 , 94948 , 146897 , 146898 , 146899 , 146900 , 146904 , 95004 , 95005 , 95006 , 95007 , 95008 , 95009 , 95010 , 146907 , 95012 , 95014 , 95015 , 95016 , 95017 , 95019 , 95020 , 95021 , 95022 , 95036 , 95043 , 95044 , 95078 , 95079 , 95080 , 95085 , 95086 , 95120 , 95151 , 95152 , 95153 , 95154 , 95155 , 95156 , 95157 , 95159 , 95160 , 95161 , 95178 , 95179 , 95202 , 95224 , 95225 , 95226 , 95243 , 95253 , 95254 , 95255 , 95256 , 95257 , 95259 , 95260 , 95261 , 95267 , 95268 , 95269 , 134108 , 134109 , 95315 , 95316 , 134110 , 155933 , 95364 , 95365 , 95367 , 95370 , 95373 , 95374 , 95375 , 95376 , 95377 , 95378 , 95379 , 95380 , 95381 , 95382 , 95383 , 95390 , 95394 , 95395 , 95399 , 95400 , 95401 , 95403 , 95404 , 95405 , 95407 , 95409 , 95413 , 95414 , 95415 , 95416 , 95417 , 95419 , 95420 , 134113 , 146987 , 146991 , 95517 , 95559 , 95560 , 95570 , 95574 , 95575 , 95577 , 95581 , 95582 , 95583 , 95584 , 95585 , 95588 , 95589 , 95603 , 95609 , 95610 , 95631 , 95633 , 95634 , 95635 , 95639 , 95661 , 95662 , 95663 , 95664 , 95665 , 95666 , 95667 , 95668 , 95669 , 95670 , 95671 , 95673 , 95674 , 95675 , 95676 , 95677 , 95678 , 95693 , 95694 , 95712 , 95713 , 95714 , 95715 , 95716 , 95717 , 95718 , 147026 , 95734 , 95735 , 95736 , 95737 , 95739 , 95740 , 95741 , 95742 , 95743 , 95744 , 95745 , 95746 , 95763 , 147033 , 95768 , 95769 , 95784 , 95785 , 95786 , 95787 , 95788 , 95791 , 155948 , 95801 , 95802 , 95803 , 95805 , 95806 , 95809 , 95831 , 95832 , 95833 , 95837 , 95838 , 95839 , 95855 , 95857 , 95858 , 95860 , 95861 , 95862 , 95863 , 95865 , 95869 , 95870 , 95880 , 95881 , 95882 , 95883 , 95884 , 95885 , 95886 , 95887 , 95888 , 95889 , 95890 , 95891 , 95892 , 95893 , 95894 , 95895 , 95896 , 95897 , 95898 , 95899 , 95900 , 95901 , 95902 , 95903 , 95904 , 95905 , 95906 , 95908 , 95909 , 95910 , 95912 , 95913 , 95919 , 95926 , 95929 , 95941 , 95965 , 95966 , 95967 , 95968 , 95969 , 95970 , 95971 , 95980 , 95981 , 95982 , 95983 , 95992 , 95993 , 95994 , 95995 , 95996 , 95997 , 95998 , 95999 , 96000 , 96002 , 96012 , 96035 , 147078 , 96042 , 96061 , 96062 , 96063 , 96069 , 96070 , 96071 , 96076 , 96077 , 96078 , 96079 , 96103 , 96104 , 96105 , 96108 , 96110 , 96111 , 96112 , 155959 , 96134 , 96138 , 96140 , 96141 , 96146 , 96147 , 96148 , 96149 , 96159 , 96160 , 96161 , 96162 , 96163 , 96164 , 96169 , 96180 , 96181 , 96182 , 155961 , 96237 , 96241 , 96243 , 96244 , 96245 , 96246 , 96289 , 96290 , 96319 , 96320 , 96321 , 96324 , 96325 , 96328 , 96337 , 96348 , 96365 , 96366 , 96367 , 96391 , 96392 , 96393 , 96394 , 96395 , 96413 , 96414 , 96422 , 96423 , 96424 , 96425 , 96426 , 96427 , 96437 , 96438 , 96441 , 96442 , 96443 , 96445 , 96446 , 96449 , 96450 , 96451 , 96452 , 96453 , 96454 , 96455 , 96456 , 96458 , 96459 , 96461 , 96462 , 96463 , 96464 , 96465 , 96469 , 96470 , 96471 , 96472 , 96473 , 147157 , 96522 , 96523 , 96524 , 96525 , 96526 , 96527 , 96528 , 96530 , 96531 , 96532 , 96533 , 96534 , 96535 , 96536 , 96537 , 96538 , 96540 , 147162 , 96542 , 96543 , 96544 , 147163 , 96550 , 147164 , 96555 , 96556 , 147165 , 96569 , 96570 , 96571 , 96572 , 96574 , 96576 , 96577 , 96579 , 96582 , 96589 , 96590 , 96591 , 96595 , 96599 , 96600 , 96601 , 96605 , 96616 , 96617 , 96618 , 96629 , 96652 , 96653 , 96654 , 96655 , 96656 , 96657 , 96658 , 96659 , 96660 , 96661 , 96662 , 96663 , 96664 , 96665 , 96666 , 96667 , 96676 , 96677 , 96678 , 96679 , 96687 , 96714 , 96721 , 96722 , 96738 , 96746 , 96749 , 96750 , 96751 , 96752 , 96753 , 96754 , 96755 , 96756 , 96757 , 96797 , 96798 , 96805 , 147209 , 96837 , 96848 , 96849 , 96850 , 96851 , 147215 , 96873 , 96874 , 96875 , 96876 , 96877 , 96878 , 96879 , 147219 , 96888 , 96889 , 96890 , 96891 , 96892 , 96893 , 96894 , 96899 , 96900 , 96901 , 96902 , 96904 , 96905 , 96906 , 96908 , 96919 , 96921 , 96922 , 96929 , 96930 , 96931 , 96932 , 96934 , 96935 , 96944 , 96945 , 96946 , 96955 , 96960 , 96965 , 96967 , 96968 , 96977 , 96991 , 96992 , 97010 , 97011 , 97012 , 151624 , 97019 , 97020 , 97023 , 97024 , 97025 , 97026 , 97029 , 97030 , 97031 , 97032 , 97033 , 97034 , 97066 , 97088 , 97095 , 97096 , 97097 , 97098 , 97099 , 97100 , 97101 , 97102 , 97103 , 97104 , 97105 , 97106 , 97107 , 97112 , 97119 , 97121 , 97122 , 97123 , 97124 , 97125 , 97127 , 97128 , 97129 , 97130 , 97172 , 97179 , 97180 , 97183 , 97196 , 97197 , 97198 , 97199 , 97201 , 97202 , 97203 , 97204 , 97205 , 97206 , 97207 , 97208 , 97209 , 97210 , 97211 , 97215 , 97216 , 97217 , 97218 , 97219 , 97220 , 97227 , 97229 , 97230 , 97231 , 97232 , 97233 , 97248 , 97249 , 97254 , 97255 , 97256 , 97257 , 97274 , 97276 , 97277 , 97281 , 97284 , 97314 , 97315 , 97316 , 97321 , 97324 , 97325 , 97326 , 97327 , 97329 , 97330 , 97352 , 97353 , 97356 , 97359 , 97363 , 97364 , 147300 , 97373 , 97374 , 97375 , 97385 , 97395 , 97396 , 147306 , 97409 , 97410 , 97411 , 97412 , 97423 , 97438 , 97439 , 97440 , 97441 , 97442 , 97443 , 97444 , 97445 , 97446 , 97447 , 97448 , 97449 , 97450 , 97451 , 97466 , 97467 , 97468 , 97470 , 97471 , 97511 , 97526 , 97527 , 97528 , 97529 , 97530 , 156006 , 97543 , 97544 , 97545 , 97546 , 97547 , 97548 , 97549 , 97550 , 147331 , 97570 , 97571 , 97578 , 97589 , 97590 , 97591 , 97592 , 97603 , 97608 , 97609 , 97610 , 97611 , 97612 , 97613 , 97619 , 97620 , 97621 , 97622 , 97625 , 97626 , 97627 , 97628 , 147345 , 97698 , 97699 , 97700 , 97701 , 97702 , 97709 , 97710 , 97711 , 97718 , 97719 , 97731 , 97732 , 97733 , 97734 , 97735 , 97736 , 97737 , 97738 , 97739 , 97740 , 97741 , 97742 , 97743 , 97744 , 97752 , 97753 , 97764 , 147376 , 147377 , 147379 , 147380 , 147381 , 97860 , 97861 , 97862 , 97880 , 97881 , 97882 , 147386 , 147387 , 97904 , 97905 , 97928 , 97935 , 97936 , 147395 , 97948 , 97954 , 97995 , 98002 , 98003 , 98004 , 98011 , 98012 , 98013 , 98014 , 98015 , 98017 , 98018 , 98019 , 98020 , 98022 , 98023 , 98024 , 98025 , 98026 , 98027 , 98037 , 98038 , 98039 , 98040 , 98041 , 98071 , 98072 , 98073 , 98074 , 98075 , 98079 , 98080 , 98090 , 98091 , 98092 , 98093 , 98094 , 98101 , 98102 , 98120 , 98121 , 98152 , 98153 , 98159 , 98160 , 98161 , 98162 , 98163 , 98164 , 98165 , 98184 , 98185 , 98187 , 98206 , 98265 , 98266 , 98278 , 147455 , 147456 , 98335 , 98336 , 98337 , 98338 , 98339 , 98341 , 98342 , 98343 , 98344 , 98346 , 147463 , 147464 , 98355 , 98356 , 98359 , 98360 , 98361 , 98362 , 98363 , 98364 , 98365 , 98366 , 98400 , 98401 , 98403 , 98404 , 98409 , 98410 , 98411 , 98412 , 98433 , 147307 , 98445 , 98458 , 98459 , 98461 , 98462 , 98474 , 147488 , 147489 , 98507 , 98508 , 98513 , 98514 , 98515 , 98543 , 98544 , 98545 , 98546 , 98547 , 98548 , 98549 , 98550 , 98551 , 98553 , 98556 , 98562 , 98563 , 98565 , 98566 , 98567 , 98568 , 98569 , 98570 , 98571 , 98572 , 98577 , 98579 , 147502 , 98583 , 98585 , 147503 , 98599 , 98602 , 98603 , 98604 , 147506 , 147507 , 147508 , 147509 , 98626 , 98629 , 98630 , 98631 , 98632 , 98633 , 98634 , 147512 , 98646 , 98649 , 98650 , 98651 , 98653 , 98666 , 98682 , 98683 , 98684 , 98685 , 98686 , 98687 , 98688 , 98710 , 98734 , 98735 , 98743 , 98744 , 98745 , 98746 , 98747 , 98748 , 98749 , 98750 , 98751 , 98752 , 98761 , 98762 , 98763 , 98784 , 98785 , 98815 , 98847 , 98848 , 98861 , 98862 , 98863 , 98864 , 98872 , 98873 , 98874 , 98875 , 98876 , 98877 , 98878 , 147555 , 147558 , 147559 , 98935 , 147565 , 147566 , 99016 , 99017 , 99018 , 99020 , 99021 , 99022 , 99023 , 99024 , 99025 , 99027 , 99028 , 99029 , 99030 , 99031 , 99032 , 99033 , 99040 , 99056 , 99057 , 99058 , 99065 , 99066 , 99067 , 99099 , 99101 , 99102 , 99103 , 99109 , 99110 , 99111 , 99112 , 99113 , 99114 , 99115 , 99116 , 99117 , 99118 , 99120 , 99121 , 99122 , 99123 , 99124 , 99125 , 99126 , 99131 , 99132 , 99133 , 99136 , 99137 , 99142 , 99143 , 99144 , 99166 , 99167 , 99168 , 99170 , 99183 , 99184 , 99198 , 99199 , 99200 , 99201 , 99235 , 99238 , 99251 , 99252 , 99257 , 99259 , 99260 , 99266 , 99282 , 99285 , 99287 , 99288 , 99289 , 99290 , 99291 , 99292 , 99293 , 99294 , 99295 , 99296 , 99297 , 99298 , 99299 , 99300 , 99301 , 99302 , 99303 , 99310 , 99311 , 99312 , 99313 , 99320 , 99340 , 99342 , 99349 , 99354 , 99355 , 99356 , 99357 , 99358 , 99359 , 99360 , 99362 , 99363 , 99364 , 99373 , 99391 , 99392 , 99396 , 99403 , 99404 , 99414 , 99415 , 99416 , 99437 , 99465 , 99466 , 99472 , 99473 , 99478 , 99480 , 99481 , 99482 , 99483 , 99484 , 99485 , 99486 , 99502 , 99503 , 99504 , 99505 , 99506 , 99507 , 99508 , 99509 , 99511 , 99512 , 99513 , 99525 , 99527 , 99528 , 99542 , 99583 , 99601 , 99602 , 99603 , 99604 , 99605 , 99606 , 99607 , 99622 , 99623 , 99624 , 99625 , 99626 , 99627 , 99629 , 99630 , 99631 , 99632 , 99641 , 99642 , 99643 , 99645 , 99652 , 99653 , 99654 , 99655 , 99656 , 99661 , 99680 , 99681 , 99682 , 99683 , 99684 , 99685 , 99686 , 99687 , 99690 , 99691 , 99692 , 99693 , 99724 , 147701 , 147702 , 99788 , 99789 , 99790 , 99797 , 99816 , 99817 , 99824 , 99825 , 99826 , 99834 , 99835 , 99836 , 147713 , 99856 , 99859 , 99890 , 99891 , 99892 , 99901 , 99919 , 99920 , 99926 , 99934 , 99936 , 99937 , 99953 , 99954 , 99972 , 99973 , 99974 , 99975 , 99976 , 99977 , 99978 , 99980 , 99987 , 99988 , 99994 , 100035 , 100036 , 100039 , 100040 , 100042 , 100043 , 100044 , 100057 , 100058 , 100059 , 100060 , 100061 , 100098 , 100148 , 100158 , 100169 , 100189 , 100190 , 100197 , 100198 , 100199 , 100200 , 100201 , 100202 , 100203 , 100204 , 100205 , 100210 , 100211 , 100223 , 100250 , 100251 , 100252 , 100253 , 100254 , 100255 , 100256 , 100257 , 100258 , 100259 , 100260 , 100262 , 100265 , 100266 , 147783 , 100273 , 100274 , 100275 , 100276 , 100277 , 100278 , 100279 , 100280 , 100281 , 100282 , 100283 , 100284 , 100285 , 100286 , 100287 , 100288 , 100290 , 100291 , 100292 , 100293 , 100295 , 100296 , 100332 , 100345 , 100348 , 100349 , 100355 , 100359 , 100366 , 100370 , 100373 , 100384 , 100387 , 100388 , 100392 , 100417 , 100418 , 100419 , 100420 , 100422 , 100425 , 100426 , 100427 , 100428 , 100436 , 100437 , 100438 , 100439 , 100440 , 100441 , 100446 , 147813 , 100453 , 100454 , 100467 , 100468 , 100469 , 100470 , 100471 , 100472 , 100473 , 100474 , 100475 , 100476 , 100477 , 100478 , 100479 , 100480 , 100481 , 100487 , 100488 , 100492 , 100494 , 100495 , 100496 , 100500 , 100501 , 100502 , 100503 , 100504 , 100506 , 100507 , 100508 , 100512 , 100513 , 100519 , 100520 , 100521 , 100522 , 100523 , 100524 , 100525 , 100549 , 100550 , 100551 , 100552 , 100553 , 100554 , 100555 , 100556 , 143013 , 100580 , 100581 , 100583 , 100584 , 100585 , 100586 , 100587 , 100588 , 100589 , 147837 , 100603 , 100623 , 100624 , 100625 , 100626 , 147843 , 100633 , 100651 , 100652 , 100660 , 100675 , 100676 , 100680 , 100681 , 100682 , 100683 , 100684 , 100685 , 100686 , 100687 , 100721 , 100739 , 100752 , 100758 , 100759 , 100766 , 100767 , 100769 , 100825 , 100833 , 100834 , 100839 , 100842 , 100843 , 100844 , 100845 , 100846 , 100847 , 100857 , 100858 , 100859 , 100861 , 100862 , 100873 , 100876 , 100877 , 100878 , 100879 , 100880 , 100881 , 100882 , 100883 , 100884 , 100898 , 100899 , 100900 , 100901 , 100902 , 100903 , 100905 , 100908 , 100909 , 100916 , 100917 , 100918 , 100919 , 100920 , 100921 , 100922 , 100923 , 100924 , 100925 , 100929 , 100948 , 100949 , 100951 , 100952 , 100953 , 100954 , 100956 , 100960 , 100961 , 100986 , 100987 , 100988 , 101022 , 101026 , 101027 , 101067 , 101068 , 101076 , 147918 , 101099 , 101100 , 101101 , 101102 , 101103 , 101104 , 101105 , 101106 , 101123 , 101159 , 101160 , 101195 , 101198 , 101200 , 101201 , 101210 , 101211 , 101212 , 101213 , 101236 , 101252 , 101253 , 101254 , 101255 , 101256 , 101257 , 101260 , 101261 , 101262 , 101263 , 101269 , 101270 , 101271 , 101272 , 101273 , 101274 , 101275 , 101293 , 101305 , 101306 , 101317 , 101318 , 101335 , 101336 , 101339 , 101371 , 101376 , 101377 , 101378 , 101379 , 101380 , 101381 , 101382 , 101383 , 101384 , 101385 , 101411 , 101425 , 101426 , 101427 , 101428 , 101429 , 147978 , 147979 , 101448 , 101449 , 101450 , 101451 , 101452 , 101453 , 142085 , 147982 , 101477 , 101478 , 101483 , 101486 , 101504 , 101505 , 101506 , 101507 , 101508 , 101509 , 101510 , 101511 , 101516 , 101519 , 101520 , 147993 , 101555 , 101556 , 101557 , 101564 , 101567 , 101569 , 101582 , 101586 , 101587 , 101588 , 101596 , 101606 , 101607 , 101608 , 101643 , 101644 , 101645 , 101646 , 101647 , 101655 , 101658 , 101659 , 101660 , 101661 , 101662 , 148016 , 101676 , 101677 , 101678 , 101679 , 101680 , 101681 , 101682 , 101684 , 101685 , 101686 , 101690 , 101726 , 101727 , 101735 , 101763 , 101783 , 101784 , 151784 , 101846 , 101852 , 101853 , 101854 , 101862 , 101863 , 101872 , 101873 , 101874 , 101894 , 101895 , 101896 , 101902 , 101913 , 101914 , 101915 , 101916 , 101920 , 101921 , 101922 , 101923 , 101924 , 101925 , 101926 , 101927 , 101928 , 101929 , 101930 , 101931 , 101932 , 101933 , 101934 , 101936 , 101937 , 101938 , 101939 , 101941 , 101942 , 101944 , 101945 , 101948 , 101950 , 101951 , 101952 , 101956 , 101957 , 101958 , 101959 , 101970 , 101971 , 101986 , 101987 , 101988 , 102013 , 102014 , 102015 , 102016 , 102027 , 102032 , 102033 , 102034 , 102035 , 102036 , 102039 , 102040 , 102041 , 102042 , 102043 , 102049 , 102053 , 102054 , 102055 , 102056 , 102057 , 102058 , 102061 , 102062 , 102063 , 102064 , 102065 , 102066 , 102087 , 102109 , 102110 , 102111 , 102114 , 102115 , 148092 , 102143 , 102152 , 148100 , 102171 , 140344 , 102177 , 102180 , 102181 , 102182 , 102183 , 102184 , 102185 , 102186 , 102187 , 102188 , 102220 , 102221 , 148111 , 148113 , 102262 , 102264 , 102265 , 102266 , 102267 , 102268 , 102269 , 102270 , 148117 , 102272 , 102273 , 102274 , 102275 , 102276 , 102277 , 102278 , 102279 , 102280 , 102281 , 102282 , 102283 , 102284 , 102286 , 102287 , 102288 , 102289 , 102293 , 102299 , 102302 , 102303 , 102304 , 102305 , 102306 , 102307 , 102308 , 102309 , 102310 , 102314 , 102315 , 102316 , 102324 , 151801 , 143072 , 102347 , 102348 , 102349 , 102350 , 102353 , 102360 , 102361 , 143073 , 102365 , 102366 , 102367 , 102368 , 102369 , 148135 , 102390 , 143074 , 102423 , 102425 , 102426 , 102431 , 148144 , 102434 , 102435 , 102436 , 102437 , 102438 , 102439 , 102440 , 102441 , 102475 , 102476 , 102477 , 102478 , 102479 , 102480 , 102481 , 102482 , 102483 , 102484 , 102488 , 102489 , 102492 , 102493 , 102508 , 102509 , 102510 , 102511 , 102512 , 102513 , 102514 , 102515 , 102521 , 102522 , 102523 , 102524 , 102525 , 102544 , 102553 , 102564 , 102565 , 148173 , 148174 , 102617 , 102618 , 102629 , 102631 , 102632 , 102634 , 102646 , 102647 , 102707 , 102708 , 102709 , 102710 , 102711 , 102712 , 102713 , 102717 , 102718 , 102719 , 102720 , 102721 , 102722 , 102723 , 102735 , 102741 , 102742 , 102743 , 102744 , 102745 , 102746 , 102747 , 102748 , 102750 , 102755 , 102756 , 102757 , 102772 , 102774 , 102775 , 102778 , 102787 , 102795 , 102804 , 102805 , 102806 , 102807 , 102817 , 102819 , 102820 , 102856 , 102857 , 102858 , 102874 , 102875 , 102884 , 102886 , 102887 , 102901 , 102912 , 102947 , 102950 , 102951 , 102952 , 102953 , 102954 , 102955 , 102956 , 148239 , 103013 , 103025 , 103028 , 103029 , 103030 , 151825 , 103070 , 103071 , 103072 , 103086 , 103090 , 103091 , 103092 , 148254 , 147462 , 103105 , 103106 , 103119 , 103123 , 103124 , 103125 , 103131 , 103147 , 103148 , 103149 , 103150 , 103161 , 103162 , 103163 , 103164 , 103165 , 103166 , 103167 , 103168 , 103169 , 103170 , 103171 , 103172 , 103173 , 103174 , 103175 , 103176 , 103177 , 103178 , 103179 , 103180 , 103181 , 103182 , 103183 , 103184 , 103186 , 103187 , 103200 , 103223 , 103224 , 103237 , 103238 , 103239 , 103243 , 103244 , 103245 , 148284 , 103276 , 103280 , 103281 , 103282 , 103283 , 103284 , 103285 , 103286 , 103290 , 103291 , 103292 , 103293 , 103294 , 103295 , 103296 , 103297 , 103298 , 103300 , 103301 , 103302 , 103304 , 103305 , 103307 , 103319 , 103320 , 103321 , 103335 , 103353 , 103354 , 103355 , 103356 , 103357 , 103358 , 103359 , 103363 , 103373 , 103374 , 103375 , 103392 , 103393 , 103394 , 103395 , 103396 , 103426 , 103451 , 103456 , 103461 , 103462 , 103465 , 103468 , 103469 , 103472 , 103475 , 103476 , 103477 , 103478 , 103480 , 103481 , 103482 , 103494 , 103495 , 103496 , 103498 , 103499 , 151840 , 103510 , 103524 , 103525 , 103526 , 103527 , 103537 , 103538 , 103539 , 103540 , 103542 , 103543 , 103544 , 103545 , 103546 , 103547 , 103548 , 103549 , 103563 , 103564 , 103565 , 103566 , 148336 , 103595 , 103596 , 103597 , 148339 , 103606 , 103622 , 103623 , 103624 , 103625 , 103626 , 103627 , 103628 , 103637 , 103638 , 103639 , 103641 , 103671 , 103672 , 103673 , 103674 , 103675 , 103676 , 103677 , 103678 , 103679 , 103680 , 103687 , 103688 , 103689 , 103690 , 103693 , 103694 , 103695 , 103696 , 103697 , 103698 , 103699 , 103700 , 103701 , 103702 , 103707 , 103708 , 103709 , 103710 , 103711 , 103712 , 103713 , 103714 , 103727 , 103728 , 103781 , 148371 , 103799 , 103815 , 103816 , 103817 , 103818 , 103819 , 103820 , 103821 , 103822 , 103823 , 103824 , 103825 , 103827 , 103828 , 103829 , 103830 , 103831 , 103832 , 103833 , 103834 , 103835 , 103839 , 103840 , 103841 , 103842 , 134394 , 103870 , 103880 , 103881 , 103882 , 103888 , 103889 , 103892 , 103893 , 103894 , 103908 , 103909 , 103910 , 136864 , 103939 , 103959 , 103965 , 103966 , 103967 , 147491 , 103971 , 103972 , 103973 , 103974 , 103975 , 103976 , 103977 , 103978 , 103979 , 103980 , 103984 , 103995 , 103999 , 104002 , 104003 , 104012 , 104013 , 104014 , 104015 , 104035 , 104036 , 104037 , 104039 , 104040 , 104041 , 104042 , 104043 , 104044 , 104045 , 104046 , 104047 , 104048 , 104049 , 104050 , 104051 , 104052 , 104053 , 104054 , 104055 , 104056 , 104057 , 104058 , 104059 , 104060 , 104061 , 104062 , 104063 , 104064 , 104084 , 104085 , 104086 , 104087 , 104092 , 104093 , 104095 , 104096 , 104097 , 104098 , 104099 , 104100 , 104101 , 104102 , 104103 , 104104 , 104106 , 104107 , 104108 , 104109 , 104110 , 104111 , 104112 , 104113 , 104114 , 104139 , 104140 , 104141 , 104142 , 104143 , 104144 , 104145 , 104146 , 104147 , 104151 , 148431 , 104160 , 134404 , 104174 , 104192 , 104193 , 104194 , 104195 , 104196 , 104197 , 104198 , 104200 , 104206 , 104207 , 148442 , 104225 , 104226 , 104254 , 104258 , 104267 , 104278 , 104279 , 104280 , 104281 , 104299 , 104301 , 104306 , 104339 , 104340 , 104341 , 104343 , 104344 , 104348 , 104359 , 104360 , 104361 , 104362 , 104363 , 104364 , 104365 , 104366 , 104367 , 104368 , 104369 , 104370 , 104371 , 104372 , 104373 , 104383 , 104384 , 104386 , 104389 , 104396 , 104399 , 104407 , 104408 , 104409 , 104410 , 104411 , 104414 , 104415 , 104416 , 104419 , 104420 , 104425 , 104426 , 104433 , 104440 , 104441 , 104442 , 104443 , 104444 , 104445 , 104446 , 104447 , 104448 , 104449 , 104450 , 104451 , 104452 , 104453 , 104454 , 104455 , 104456 , 104457 , 104459 , 104460 , 104463 , 104464 , 104465 , 104466 , 104467 , 104468 , 104469 , 104470 , 104475 , 104476 , 104494 , 104499 , 104531 , 104532 , 104533 , 104534 , 104535 , 104536 , 104540 , 104541 , 104542 , 104543 , 104544 , 104547 , 104548 , 104552 , 104553 , 104560 , 104565 , 104577 , 104578 , 104579 , 104580 , 104581 , 104584 , 104585 , 104586 , 104591 , 104593 , 104608 , 135123 , 104640 , 104641 , 104646 , 104647 , 104648 , 136394 , 104668 , 134421 , 148518 , 104679 , 148519 , 104686 , 104687 , 104688 , 148524 , 104721 , 104747 , 104748 , 104749 , 104750 , 104751 , 104752 , 104753 , 104754 , 104755 , 104756 , 104757 , 104758 , 104787 , 104843 , 104844 , 104852 , 104857 , 104873 , 104874 , 104882 , 148554 , 104899 , 104900 , 104901 , 104902 , 104905 , 104906 , 104907 , 104908 , 104910 , 104943 , 104953 , 104956 , 104957 , 104958 , 104960 , 104961 , 104962 , 104964 , 104965 , 104966 , 104967 , 104977 , 104999 , 105000 , 105013 , 105014 , 105015 , 105016 , 105017 , 105018 , 105024 , 105025 , 105026 , 105030 , 105041 , 105042 , 105045 , 105046 , 105047 , 105050 , 105051 , 105056 , 105057 , 105060 , 105061 , 105083 , 105084 , 105093 , 105098 , 105126 , 105131 , 105132 , 105133 , 105136 , 105137 , 105138 , 105141 , 105142 , 105143 , 105144 , 105145 , 105146 , 105147 , 105148 , 105154 , 105155 , 105156 , 105157 , 105158 , 105159 , 105160 , 105161 , 105162 , 105163 , 105164 , 105165 , 105166 , 105167 , 105173 , 105177 , 105178 , 105179 , 105180 , 105181 , 105182 , 105183 , 105185 , 105187 , 105188 , 105192 , 105193 , 105195 , 105196 , 105197 , 105198 , 105201 , 105202 , 105203 , 105204 , 105205 , 105206 , 105208 , 105209 , 105210 , 105211 , 105214 , 105217 , 105238 , 105239 , 105244 , 105249 , 105250 , 105251 , 105252 , 105253 , 105254 , 105259 , 105267 , 105273 , 105274 , 105275 , 105276 , 105277 , 105281 , 105283 , 105284 , 105285 , 105286 , 105318 , 105321 , 105323 , 105345 , 105346 , 105382 , 105384 , 105386 , 105387 , 105388 , 105395 , 105396 , 105397 , 105398 , 105404 , 105406 , 105408 , 105409 , 105427 , 105445 , 105470 , 105471 , 131637 , 105510 , 105511 , 105512 , 105536 , 105546 , 105549 , 105550 , 105551 , 105552 , 105553 , 105554 , 105555 , 105557 , 105561 , 105562 , 105563 , 105564 , 105565 , 105573 , 105574 , 105579 , 105580 , 105581 , 105582 , 105583 , 105584 , 105586 , 105587 , 105588 , 105589 , 105590 , 148671 , 148672 , 148673 , 105616 , 105617 , 105618 , 105619 , 105620 , 105621 , 148676 , 105631 , 105632 , 105633 , 105634 , 105635 , 105636 , 105639 , 105640 , 105641 , 105642 , 105646 , 105647 , 105648 , 105649 , 105650 , 105651 , 105653 , 105654 , 105655 , 105658 , 105659 , 105660 , 105661 , 105664 , 105665 , 105666 , 105667 , 105668 , 105669 , 148684 , 105674 , 105675 , 148685 , 105684 , 105685 , 105686 , 105687 , 105688 , 105690 , 105691 , 105692 , 105693 , 105694 , 105695 , 105696 , 105697 , 105698 , 105699 , 148689 , 148690 , 148691 , 105726 , 105727 , 148694 , 105736 , 105737 , 105738 , 105739 , 105742 , 105743 , 105744 , 105745 , 148697 , 105756 , 148698 , 105768 , 105770 , 105784 , 105785 , 105792 , 105793 , 148705 , 105801 , 105802 , 105803 , 105804 , 105805 , 105806 , 105807 , 105808 , 105809 , 105810 , 148707 , 105812 , 105813 , 105814 , 148708 , 148709 , 105826 , 105827 , 148710 , 105835 , 105837 , 105838 , 105839 , 105840 , 105841 , 105842 , 148713 , 105851 , 105852 , 105853 , 105880 , 105881 , 105901 , 105902 , 105903 , 105904 , 105905 , 105906 , 105907 , 105908 , 105909 , 105921 , 105927 , 105930 , 105931 , 105932 , 105933 , 105934 , 105935 , 105962 , 105965 , 106035 , 106040 , 106044 , 106045 , 106046 , 106047 , 106048 , 106049 , 106051 , 106052 , 106053 , 106054 , 106055 , 106062 , 106064 , 106065 , 147561 , 106075 , 106083 , 106084 , 106085 , 106086 , 106087 , 106101 , 106110 , 106111 , 106112 , 148758 , 106129 , 106130 , 106131 , 106132 , 106133 , 106134 , 106135 , 106136 , 106137 , 106144 , 106145 , 106146 , 106147 , 106148 , 106152 , 106153 , 106156 , 106160 , 106161 , 106163 , 106164 , 106168 , 106169 , 106170 , 106171 , 106172 , 106174 , 106175 , 106176 , 106178 , 106179 , 106195 , 106208 , 106209 , 106210 , 106236 , 106239 , 106253 , 106254 , 106255 , 106256 , 106257 , 106258 , 106259 , 106260 , 106261 , 106262 , 106263 , 106264 , 106265 , 106267 , 106269 , 106270 , 106271 , 106272 , 106273 , 106274 , 106275 , 106276 , 106277 , 106278 , 106279 , 106280 , 106292 , 106293 , 106294 , 106300 , 106301 , 106319 , 106320 , 106321 , 106326 , 106342 , 106343 , 106344 , 106345 , 106346 , 106347 , 106355 , 106356 , 106361 , 106362 , 106366 , 106367 , 106368 , 106373 , 106398 , 106399 , 106401 , 106407 , 106408 , 106409 , 106410 , 106420 , 106427 , 106428 , 106429 , 106430 , 106467 , 106468 , 106469 , 106470 , 106474 , 106476 , 106560 , 106561 , 106563 , 106597 , 106598 , 106618 , 106619 , 106620 , 106621 , 106622 , 106636 , 106637 , 106638 , 106648 , 106649 , 106650 , 106651 , 106669 , 106670 , 106681 , 106684 , 106685 , 106686 , 106688 , 106689 , 106713 , 106714 , 106716 , 106717 , 106719 , 106720 , 106721 , 106722 , 106723 , 106725 , 106770 , 106771 , 106772 , 106773 , 106782 , 106783 , 106788 , 106789 , 106790 , 106791 , 106800 , 106801 , 106802 , 106812 , 106813 , 106814 , 106815 , 106820 , 106826 , 106827 , 151951 , 106843 , 106844 , 106846 , 106847 , 106849 , 106850 , 106851 , 106852 , 106853 , 106857 , 106858 , 106859 , 106860 , 106861 , 106862 , 106867 , 106868 , 106869 , 106886 , 106887 , 151954 , 148893 , 148894 , 106939 , 106940 , 106941 , 147590 , 106952 , 106953 , 106954 , 106956 , 106957 , 106958 , 106961 , 106962 , 106967 , 106968 , 106969 , 106970 , 106981 , 106982 , 106983 , 106984 , 106985 , 106986 , 106987 , 106988 , 106989 , 106990 , 106991 , 106992 , 106993 , 106994 , 106996 , 106998 , 107000 , 107004 , 107013 , 148909 , 107041 , 107042 , 107044 , 107045 , 107046 , 107047 , 107048 , 107049 , 107051 , 107052 , 107054 , 107055 , 107057 , 107069 , 107071 , 107073 , 107088 , 107089 , 107091 , 107093 , 107094 , 107095 , 107096 , 107097 , 107100 , 107101 , 107130 , 107131 , 107132 , 107139 , 107140 , 107141 , 148929 , 107160 , 107161 , 107171 , 107172 , 107173 , 107174 , 107175 , 107176 , 107177 , 107178 , 107179 , 107180 , 107181 , 107182 , 107183 , 107188 , 107189 , 107190 , 107193 , 107194 , 107195 , 107198 , 107201 , 107202 , 107203 , 107204 , 107207 , 107208 , 107209 , 107210 , 107214 , 107215 , 107242 , 107243 , 107244 , 107245 , 107246 , 107247 , 107248 , 107249 , 107255 , 107256 , 107260 , 107261 , 107264 , 107265 , 107266 , 107267 , 107268 , 107269 , 107270 , 107271 , 107272 , 107275 , 107276 , 107277 , 107278 , 107279 , 107284 , 107285 , 107288 , 107289 , 107290 , 107292 , 107293 , 107294 , 107295 , 107296 , 107297 , 107298 , 107299 , 107300 , 107301 , 107304 , 107305 , 107306 , 107307 , 107322 , 107339 , 107340 , 107341 , 107342 , 107357 , 107358 , 107359 , 107360 , 107361 , 107362 , 107363 , 107369 , 107370 , 107386 , 107387 , 107388 , 107389 , 107390 , 107400 , 107421 , 107422 , 107425 , 107426 , 107427 , 107428 , 107429 , 107440 , 107441 , 107442 , 107443 , 107449 , 107450 , 107451 , 107452 , 107453 , 107463 , 107468 , 107469 , 107470 , 107474 , 107476 , 107487 , 107488 , 107505 , 107506 , 107507 , 107508 , 107509 , 107510 , 107511 , 107513 , 107514 , 107519 , 107520 , 107521 , 107522 , 107523 , 107535 , 107536 , 107537 , 107538 , 107539 , 107559 , 107560 , 107565 , 107566 , 107567 , 107568 , 107569 , 107614 , 107616 , 107617 , 107625 , 107626 , 107631 , 107632 , 107633 , 107634 , 107635 , 107636 , 107637 , 107638 , 107640 , 107646 , 107647 , 107648 , 107649 , 107650 , 107653 , 107654 , 107655 , 107656 , 107657 , 107660 , 107661 , 107662 , 107663 , 107664 , 107665 , 107666 , 107667 , 107668 , 107669 , 107671 , 107672 , 107673 , 107676 , 107679 , 107680 , 107681 , 107682 , 107683 , 107684 , 107685 , 107687 , 107689 , 107713 , 107715 , 107716 , 107717 , 107718 , 107719 , 107720 , 107721 , 107722 , 107723 , 107724 , 107725 , 107726 , 107727 , 107728 , 107729 , 107730 , 107731 , 107738 , 107739 , 107750 , 107760 , 107761 , 107766 , 134524 , 107780 , 107781 , 107784 , 107786 , 107787 , 107788 , 107789 , 107812 , 107813 , 107814 , 136890 , 107823 , 107824 , 107838 , 107839 , 107840 , 149046 , 149047 , 149048 , 107886 , 107887 , 107888 , 107889 , 107906 , 107960 , 107961 , 107962 , 107965 , 107966 , 107967 , 107968 , 107991 , 107995 , 107997 , 108044 , 108048 , 108049 , 108050 , 108051 , 108052 , 108053 , 108056 , 108057 , 108058 , 108059 , 108060 , 108064 , 108065 , 108066 , 108067 , 134534 , 108081 , 108089 , 108093 , 108094 , 108095 , 108096 , 108097 , 108098 , 108099 , 108100 , 108102 , 108103 , 108104 , 108105 , 108106 , 108110 , 108111 , 108112 , 108116 , 108117 , 108118 , 108129 , 108134 , 108135 , 108136 , 108138 , 108139 , 108177 , 108178 , 108180 , 108181 , 108182 , 108183 , 108184 , 108208 , 108209 , 108210 , 108211 , 108218 , 108220 , 108221 , 108222 , 149109 , 149110 , 108263 , 108264 , 108265 , 108295 , 108306 , 108311 , 108332 , 108335 , 108336 , 108337 , 108338 , 108339 , 108340 , 108341 , 108342 , 108343 , 108344 , 108345 , 108346 , 108347 , 108348 , 108349 , 108350 , 108352 , 108353 , 108354 , 108355 , 108356 , 108357 , 108361 , 108362 , 108363 , 108377 , 108388 , 108389 , 108390 , 108396 , 149138 , 149139 , 108404 , 108411 , 108412 , 149141 , 108418 , 108419 , 108435 , 108436 , 108437 , 108438 , 108445 , 108459 , 108461 , 108462 , 108463 , 108464 , 108472 , 108473 , 108474 , 108475 , 108476 , 108483 , 108486 , 149153 , 149154 , 108512 , 108526 , 108553 , 108554 , 108555 , 108566 , 108567 , 108571 , 108572 , 108573 , 108575 , 108576 , 108577 , 108578 , 108591 , 149172 , 108610 , 108626 , 108629 , 108635 , 108636 , 108639 , 108640 , 108641 , 108642 , 108644 , 108645 , 108646 , 108647 , 108648 , 108660 , 108666 , 108667 , 108673 , 108674 , 108675 , 108682 , 108684 , 108685 , 108686 , 108755 , 108756 , 108757 , 108758 , 108759 , 108788 , 108791 , 108792 , 108793 , 108794 , 108795 , 108798 , 108799 , 147652 , 108812 , 108828 , 108829 , 108830 , 108858 , 108859 , 108860 , 108864 , 108866 , 108867 , 108868 , 108869 , 108917 , 108918 , 108919 , 108920 , 108921 , 108922 , 108924 , 136642 , 108932 , 108943 , 108949 , 108950 , 108953 , 108955 , 108956 , 108957 , 108969 , 108972 , 108973 , 108974 , 108977 , 108988 , 108990 , 108991 , 108992 , 108993 , 108994 , 109019 , 109022 , 109023 , 109024 , 109036 , 109043 , 109055 , 109057 , 109058 , 109059 , 109072 , 109073 , 109074 , 109075 , 109077 , 109078 , 109080 , 109081 , 109082 , 109083 , 109085 , 109086 , 109088 , 109089 , 109090 , 109092 , 109093 , 109106 , 109107 , 109108 , 109109 , 109121 , 109122 , 109129 , 109130 , 109139 , 109161 , 109162 , 109163 , 109164 , 109165 , 109166 , 109167 , 109168 , 109169 , 109170 , 109171 , 109172 , 109178 , 109179 , 109180 , 109181 , 109183 , 109184 , 109185 , 109186 , 109194 , 109197 , 109198 , 109199 , 109200 , 109203 , 109207 , 109208 , 109229 , 109230 , 109231 , 109232 , 109233 , 109250 , 109255 , 109273 , 109274 , 109275 , 109293 , 109306 , 109311 , 109317 , 109318 , 109319 , 109321 , 109331 , 109332 , 109333 , 109334 , 109337 , 109338 , 109339 , 109340 , 109357 , 109358 , 109359 , 109360 , 109361 , 109383 , 109384 , 109385 , 109386 , 109387 , 109388 , 109389 , 109390 , 109392 , 109393 , 109394 , 109395 , 109396 , 109397 , 109398 , 109400 , 109401 , 109402 , 109403 , 109404 , 109405 , 109406 , 109407 , 109408 , 149307 , 109435 , 109436 , 109437 , 109438 , 149316 , 109482 , 109493 , 109494 , 109512 , 109513 , 109514 , 109515 , 109516 , 109517 , 109518 , 109519 , 109520 , 109521 , 109522 , 109523 , 109524 , 109525 , 149328 , 142079 , 149329 , 109545 , 109546 , 109547 , 109548 , 109549 , 109550 , 109553 , 109568 , 109592 , 109593 , 109594 , 109595 , 109596 , 109605 , 109606 , 109614 , 109619 , 109624 , 109626 , 109627 , 109628 , 109642 , 109643 , 109651 , 109652 , 109665 , 109666 , 109667 , 109668 , 109671 , 109740 , 109741 , 109743 , 109744 , 109745 , 109746 , 109747 , 109748 , 109749 , 109750 , 109751 , 109759 , 109769 , 109770 , 109771 , 109782 , 109803 , 109804 , 109805 , 109808 , 109809 , 109810 , 109811 , 109812 , 109813 , 149375 , 109823 , 149376 , 149378 , 109843 , 109845 , 109850 , 109852 , 109853 , 109863 , 143323 , 109874 , 109875 , 109876 , 109877 , 109878 , 109879 , 109880 , 109881 , 109882 , 109883 , 109885 , 109886 , 109887 , 109888 , 109914 , 109915 , 149393 , 109939 , 109940 , 109941 , 109942 , 109943 , 109944 , 109945 , 109946 , 109947 , 109948 , 109949 , 109950 , 109951 , 109952 , 109955 , 109956 , 109957 , 109958 , 109959 , 109960 , 109961 , 109962 , 109963 , 109982 , 109983 , 109984 , 109985 , 109986 , 109999 , 110000 , 110019 , 110020 , 110040 , 110050 , 110053 , 110054 , 110061 , 110064 , 110065 , 110066 , 110067 , 110068 , 110069 , 110070 , 110071 , 110078 , 110079 , 110080 , 110081 , 110082 , 110083 , 110084 , 110086 , 110087 , 110088 , 110100 , 110101 , 110107 , 110114 , 110115 , 110116 , 110117 , 110118 , 110119 , 110120 , 110121 , 110122 , 110123 , 110124 , 110126 , 110127 , 110128 , 110129 , 110130 , 110138 , 134603 , 110147 , 110148 , 110149 , 110150 , 110151 , 110152 , 110153 , 110154 , 110155 , 110186 , 110187 , 110188 , 110189 , 110193 , 110195 , 110196 , 110197 , 110199 , 110200 , 110202 , 149439 , 110205 , 110220 , 110221 , 110222 , 149443 , 110229 , 110238 , 149447 , 110252 , 149448 , 110261 , 149449 , 149450 , 149454 , 149455 , 110306 , 110351 , 110352 , 110353 , 110355 , 110356 , 110357 , 110358 , 110359 , 110360 , 110361 , 110367 , 110368 , 110369 , 110374 , 110375 , 110376 , 110415 , 110416 , 110417 , 110427 , 110428 , 110431 , 110434 , 110435 , 110436 , 110438 , 110439 , 110446 , 110464 , 110467 , 110468 , 110494 , 110504 , 110505 , 110511 , 110539 , 110540 , 110553 , 110554 , 110555 , 110556 , 110557 , 110558 , 110559 , 110560 , 110561 , 110562 , 110563 , 149500 , 147711 , 110577 , 110586 , 110587 , 149506 , 110638 , 110707 , 110708 , 110709 , 110711 , 110712 , 110713 , 110735 , 110736 , 110739 , 110747 , 110769 , 110785 , 110786 , 110792 , 110800 , 110816 , 110820 , 110821 , 110822 , 110823 , 110826 , 110849 , 110851 , 110857 , 110860 , 110871 , 110882 , 110883 , 110884 , 110888 , 110894 , 110980 , 110981 , 110982 , 110983 , 110984 , 110985 , 110986 , 110987 , 111005 , 111010 , 111013 , 111014 , 111015 , 111016 , 111017 , 111018 , 111019 , 111020 , 111021 , 111022 , 111024 , 111037 , 111038 , 111061 , 111062 , 111063 , 111064 , 111065 , 111076 , 111094 , 111100 , 111101 , 111102 , 111103 , 111104 , 111105 , 111106 , 111107 , 111108 , 111109 , 111110 , 111115 , 111116 , 111117 , 111118 , 111119 , 111120 , 111121 , 111122 , 111123 , 111124 , 111125 , 111126 , 111127 , 111129 , 111130 , 111138 , 111139 , 111140 , 111141 , 111142 , 111143 , 111144 , 111145 , 111146 , 111158 , 111181 , 111182 , 111185 , 111224 , 111225 , 111229 , 111230 , 111231 , 111244 , 111245 , 111246 , 149613 , 111250 , 111251 , 111254 , 111255 , 111256 , 111271 , 111285 , 111286 , 149620 , 111290 , 111291 , 111292 , 111293 , 111294 , 111295 , 111296 , 111297 , 111298 , 111299 , 111305 , 149623 , 111309 , 111310 , 111311 , 111312 , 111313 , 111314 , 111315 , 111326 , 111329 , 111332 , 111333 , 111334 , 111335 , 111336 , 111337 , 111338 , 111339 , 111340 , 111341 , 111342 , 111343 , 111362 , 111372 , 111393 , 111394 , 111404 , 111406 , 111407 , 111408 , 111409 , 111411 , 111415 , 111416 , 111431 , 111432 , 111433 , 111451 , 111452 , 111457 , 111475 , 111476 , 111477 , 111478 , 111479 , 111480 , 111481 , 111482 , 111540 , 111541 , 111547 , 111555 , 111557 , 111558 , 111569 , 111570 , 111622 , 111623 , 111624 , 111625 , 111626 , 111627 , 111628 , 111629 , 111630 , 111631 , 111632 , 111633 , 111634 , 111635 , 111670 , 111671 , 111672 , 111673 , 149685 , 149686 , 111692 , 111693 , 111697 , 111705 , 111706 , 111707 , 111708 , 111742 , 111749 , 111750 , 111751 , 111753 , 111754 , 111755 , 111756 , 111757 , 111758 , 111759 , 111760 , 111761 , 111764 , 111765 , 111766 , 111767 , 111768 , 111769 , 111771 , 111772 , 111773 , 111774 , 111775 , 111776 , 111777 , 111778 , 111849 , 111857 , 111936 , 111968 , 111969 , 111970 , 111971 , 111972 , 111982 , 111983 , 111984 , 111988 , 112027 , 112028 , 112029 , 112030 , 112034 , 112035 , 112036 , 112039 , 112040 , 112041 , 112053 , 112054 , 112056 , 112057 , 112058 , 112059 , 112061 , 112062 , 112063 , 112065 , 112082 , 112084 , 112122 , 112126 , 112132 , 149761 , 112140 , 112188 , 112199 , 112200 , 112201 , 112202 , 112203 , 112214 , 112215 , 112230 , 112231 , 112232 , 112250 , 112251 , 112254 , 112255 , 112256 , 112259 , 112263 , 112274 , 112300 , 112301 , 112302 , 112303 , 112304 , 112305 , 112307 , 112311 , 112312 , 112313 , 112318 , 112373 , 112374 , 112378 , 112379 , 112380 , 112381 , 112382 , 112383 , 112384 , 112385 , 112386 , 112387 , 112388 , 112408 , 112426 , 112445 , 112452 , 112455 , 112471 , 112501 , 112502 , 112507 , 112508 , 112542 , 112543 , 112544 , 112545 , 112546 , 112547 , 112550 , 133430 , 112572 , 112573 , 112574 , 112575 , 112576 , 112577 , 112578 , 112579 , 112581 , 112582 , 112583 , 112584 , 112585 , 112586 , 112587 , 112588 , 112589 , 112591 , 112592 , 112593 , 112603 , 112604 , 112608 , 112609 , 112610 , 112611 , 112612 , 112613 , 112614 , 112615 , 112616 , 112617 , 112618 , 112619 , 112620 , 112621 , 112622 , 112623 , 112624 , 112625 , 112626 , 112627 , 112628 , 112629 , 112631 , 112632 , 112633 , 112634 , 112635 , 112648 , 112651 , 112652 , 112661 , 112662 , 112663 , 112665 , 112666 , 112679 , 112680 , 112681 , 112682 , 112683 , 112687 , 112688 , 112689 , 112690 , 112726 , 112731 , 112732 , 112733 , 112734 , 112759 , 112760 , 112761 , 112767 , 112772 , 112773 , 112776 , 112777 , 112791 , 112816 , 112817 , 149876 , 112828 , 112829 , 149877 , 112861 , 112862 , 112864 , 112865 , 112866 , 112867 , 112868 , 112869 , 112870 , 112871 , 112872 , 112873 , 112874 , 112875 , 112878 , 112879 , 112881 , 112882 , 112883 , 112884 , 112885 , 112886 , 112887 , 112888 , 112889 , 112890 , 112891 , 149888 , 112904 , 112905 , 112906 , 112907 , 112908 , 112912 , 149895 , 149896 , 112976 , 112977 , 112978 , 112979 , 112980 , 113000 , 113007 , 113026 , 113066 , 113067 , 113068 , 113089 , 113093 , 113099 , 113100 , 113106 , 113107 , 113108 , 113109 , 113110 , 113111 , 113156 , 113157 , 113158 , 113169 , 113176 , 134307 , 113188 , 113189 , 113194 , 113217 , 113225 , 113229 , 113234 , 113235 , 113236 , 113237 , 113240 , 113241 , 113242 , 113243 , 113245 , 113246 , 113247 , 113248 , 113249 , 113250 , 113251 , 113260 , 113261 , 113262 , 113263 , 113269 , 113306 , 113307 , 113308 , 113314 , 113315 , 113316 , 113321 , 113322 , 113326 , 113327 , 113344 , 113352 , 113353 , 113354 , 113355 , 113356 , 113357 , 113358 , 113359 , 113365 , 113382 , 113395 , 113397 , 113400 , 113427 , 113428 , 113436 , 113437 , 113468 , 113474 , 113475 , 113476 , 113477 , 113482 , 113483 , 113487 , 113492 , 113496 , 113497 , 113498 , 113499 , 113500 , 113525 , 113527 , 113529 , 113530 , 113531 , 113532 , 113536 , 113538 , 113539 , 113540 , 113542 , 113543 , 113544 , 113546 , 113547 , 113555 , 113556 , 113557 , 113558 , 113559 , 113560 , 113561 , 113562 , 113563 , 113564 , 113565 , 113566 , 113567 , 113569 , 113570 , 113571 , 113572 , 113573 , 113598 , 113599 , 113600 , 113601 , 113602 , 147812 , 113610 , 113611 , 113654 , 113655 , 113656 , 113657 , 113658 , 113659 , 113660 , 113662 , 113663 , 113664 , 113665 , 113666 , 113667 , 113668 , 113669 , 113670 , 113671 , 113672 , 113673 , 113674 , 113675 , 113676 , 113679 , 113686 , 113687 , 113691 , 113703 , 113704 , 113705 , 113706 , 113707 , 113708 , 113709 , 113710 , 113726 , 113727 , 113728 , 113730 , 113731 , 113732 , 113735 , 113736 , 113737 , 113738 , 113739 , 113740 , 113742 , 113743 , 113744 , 113747 , 113748 , 113749 , 113756 , 152734 , 113784 , 113785 , 113786 , 113787 , 113788 , 113800 , 113830 , 113831 , 150047 , 150054 , 113897 , 113900 , 113922 , 113934 , 113942 , 113943 , 113946 , 113948 , 113949 , 113975 , 113994 , 113995 , 113996 , 113997 , 114024 , 114025 , 114054 , 114074 , 114075 , 114076 , 114077 , 114078 , 114082 , 114116 , 114117 , 114118 , 114120 , 114121 , 114133 , 114140 , 114141 , 114149 , 114150 , 114157 , 114202 , 114210 , 114234 , 114235 , 114241 , 114242 , 114254 , 114256 , 114257 , 114258 , 114259 , 114260 , 114261 , 114262 , 114263 , 114264 , 114280 , 114281 , 114282 , 114301 , 114310 , 114311 , 114314 , 114315 , 143472 , 114350 , 114360 , 114367 , 114371 , 114372 , 114373 , 114374 , 114375 , 114378 , 114379 , 114392 , 114393 , 114394 , 114395 , 114396 , 114401 , 114404 , 114405 , 114407 , 114408 , 114409 , 114410 , 114420 , 114421 , 143475 , 114467 , 114468 , 114509 , 114532 , 114533 , 114547 , 114548 , 114549 , 114551 , 114553 , 114557 , 114558 , 114559 , 114560 , 114561 , 114563 , 114574 , 114575 , 114605 , 114608 , 114609 , 114610 , 114611 , 114612 , 150174 , 114616 , 114617 , 114619 , 114669 , 114679 , 114680 , 114682 , 139119 , 114699 , 114709 , 114728 , 114729 , 114750 , 114751 , 114755 , 114756 , 114757 , 114758 , 114759 , 114760 , 114761 , 114762 , 114763 , 114764 , 114765 , 114766 , 114767 , 150201 , 150202 , 150203 , 114805 , 114806 , 150207 , 114813 , 114814 , 114815 , 114816 , 114817 , 114831 , 114841 , 114842 , 114843 , 114844 , 114845 , 114846 , 114847 , 114873 , 114876 , 114877 , 114878 , 114881 , 114882 , 114883 , 114884 , 114885 , 114894 , 114900 , 114901 , 114902 , 114903 , 114904 , 114905 , 114906 , 114907 , 114908 , 114912 , 114913 , 114914 , 114915 , 114916 , 114917 , 114918 , 114919 , 114920 , 114921 , 114922 , 114923 , 114924 , 114925 , 114926 , 114927 , 114928 , 114929 , 114933 , 114934 , 114935 , 114936 , 114937 , 114938 , 114939 , 114941 , 114955 , 114957 , 114959 , 114960 , 114964 , 114977 , 115002 , 115005 , 115006 , 115012 , 115013 , 115015 , 115016 , 115017 , 115018 , 115019 , 115020 , 115021 , 115022 , 115023 , 115041 , 115044 , 115054 , 115057 , 115058 , 115059 , 115060 , 115061 , 115062 , 115063 , 115064 , 115073 , 115074 , 115075 , 115076 , 115077 , 150252 , 115088 , 115089 , 150254 , 115103 , 115104 , 115105 , 115106 , 115107 , 115108 , 115109 , 115110 , 115111 , 115123 , 115144 , 115145 , 115146 , 115147 , 115148 , 115151 , 115152 , 115153 , 115154 , 115155 , 115185 , 115187 , 115188 , 115262 , 115267 , 115268 , 115269 , 115271 , 115272 , 115273 , 115274 , 115275 , 115276 , 115277 , 115279 , 115283 , 115284 , 115285 , 115286 , 115287 , 115288 , 115289 , 115290 , 115291 , 115292 , 115293 , 115294 , 115295 , 115296 , 115298 , 115300 , 115301 , 115302 , 115304 , 115305 , 115306 , 115307 , 115308 , 115309 , 115310 , 115311 , 115312 , 115313 , 115319 , 115320 , 115321 , 115322 , 115325 , 115326 , 115327 , 115332 , 115333 , 115334 , 115335 , 115336 , 115337 , 115338 , 115343 , 115344 , 115345 , 115346 , 115347 , 115348 , 115349 , 115350 , 115358 , 115359 , 115360 , 115361 , 115362 , 143506 , 115372 , 115404 , 115409 , 115417 , 115473 , 115474 , 115475 , 115476 , 115512 , 115513 , 115521 , 115522 , 115525 , 150331 , 150332 , 115563 , 115564 , 115567 , 115568 , 115569 , 115570 , 115571 , 115572 , 115573 , 115574 , 115579 , 115580 , 115581 , 115582 , 115591 , 115612 , 115613 , 115624 , 115625 , 143515 , 115653 , 115655 , 115656 , 115660 , 115664 , 115672 , 115674 , 115675 , 115676 , 115677 , 115680 , 115682 , 115683 , 115684 , 115685 , 115692 , 115693 , 115695 , 115696 , 115716 , 115723 , 115724 , 115725 , 115726 , 115727 , 115728 , 115729 , 115730 , 115731 , 115732 , 115733 , 115735 , 115736 , 115737 , 115738 , 115739 , 115742 , 115743 , 115744 , 115745 , 115749 , 115750 , 115751 , 115752 , 115757 , 115758 , 115763 , 115764 , 115772 , 115773 , 115774 , 115775 , 115776 , 115777 , 115783 , 115784 , 115787 , 115788 , 115789 , 115803 , 115804 , 115805 , 115806 , 115807 , 115812 , 115813 , 115818 , 115822 , 115823 , 115825 , 115827 , 115828 , 115834 , 115839 , 115843 , 115844 , 115845 , 115847 , 150383 , 115871 , 150386 , 150387 , 115905 , 115906 , 150391 , 115928 , 115931 , 115932 , 115937 , 115938 , 115939 , 115940 , 115985 , 116003 , 116031 , 116032 , 116033 , 116034 , 116038 , 116041 , 116042 , 116043 , 116044 , 116045 , 116047 , 116048 , 116052 , 116053 , 116060 , 116087 , 116092 , 116093 , 116100 , 116101 , 116102 , 116103 , 116104 , 116133 , 116134 , 116135 , 116136 , 116137 , 116140 , 116141 , 116142 , 116145 , 116146 , 116147 , 116150 , 116151 , 116170 , 116171 , 116175 , 116187 , 116188 , 116189 , 116207 , 116212 , 116213 , 116214 , 116215 , 116232 , 116235 , 116237 , 116238 , 116239 , 116249 , 116252 , 116253 , 116257 , 116267 , 116275 , 116316 , 116317 , 116319 , 116321 , 116326 , 116327 , 116328 , 116334 , 116340 , 116341 , 116344 , 116348 , 116370 , 116384 , 116388 , 116389 , 116390 , 116391 , 116414 , 116415 , 116416 , 116418 , 116420 , 116421 , 116422 , 116430 , 116469 , 116470 , 116471 , 116472 , 116473 , 116477 , 116480 , 116492 , 116495 , 116501 , 116513 , 116514 , 116515 , 116517 , 116518 , 116526 , 116527 , 116528 , 116529 , 116535 , 116536 , 116537 , 116538 , 116572 , 116573 , 116593 , 116594 , 116595 , 116596 , 116599 , 116600 , 116601 , 151788 , 116654 , 116659 , 116660 , 116661 , 116663 , 116670 , 116671 , 116672 , 116673 , 116674 , 116675 , 116676 , 116677 , 116678 , 116679 , 116680 , 116681 , 116682 , 116683 , 116684 , 116688 , 150520 , 116691 , 116692 , 116693 , 116694 , 116695 , 116696 , 116697 , 116700 , 150522 , 150523 , 150524 , 116741 , 116742 , 116743 , 116746 , 116747 , 116748 , 116749 , 116750 , 116751 , 116752 , 116753 , 116754 , 116755 , 116756 , 116761 , 116763 , 116776 , 116777 , 116781 , 116782 , 116783 , 116784 , 150536 , 116786 , 116787 , 116788 , 116789 , 116790 , 116791 , 116792 , 116793 , 116794 , 116801 , 116802 , 116803 , 116815 , 116817 , 116818 , 150542 , 116823 , 150543 , 116839 , 116841 , 116842 , 116849 , 116850 , 116851 , 116852 , 116853 , 116855 , 116856 , 116857 , 116858 , 150549 , 116864 , 150550 , 150551 , 116882 , 116886 , 116887 , 116889 , 116890 , 116891 , 116892 , 116893 , 116894 , 116895 , 116896 , 116897 , 116898 , 116899 , 116900 , 116901 , 116903 , 116919 , 116920 , 116923 , 116924 , 116931 , 116934 , 116954 , 116976 , 116981 , 116982 , 116984 , 116985 , 116987 , 116989 , 116990 , 116991 , 116998 , 116999 , 117008 , 117009 , 117023 , 117024 , 117025 , 117026 , 117027 , 117028 , 117029 , 117030 , 117031 , 117038 , 117039 , 117040 , 117048 , 117062 , 117063 , 117064 , 117065 , 117071 , 117072 , 117077 , 117078 , 117079 , 117080 , 117086 , 117087 , 117093 , 117094 , 117095 , 117096 , 117097 , 117098 , 117099 , 117100 , 117101 , 117102 , 117104 , 117121 , 117122 , 117123 , 117124 , 117125 , 117126 , 117127 , 117128 , 117129 , 117130 , 117131 , 117132 , 117135 , 117136 , 117137 , 117138 , 117141 , 117144 , 117147 , 117150 , 117155 , 117156 , 117157 , 117158 , 117160 , 117161 , 117162 , 117163 , 117164 , 117167 , 117168 , 117169 , 117170 , 117171 , 117190 , 117191 , 117199 , 117200 , 117203 , 117205 , 117206 , 117207 , 117219 , 117220 , 117265 , 117268 , 117269 , 117270 , 117275 , 117276 , 117277 , 117278 , 117279 , 117282 , 117284 , 117285 , 117287 , 117288 , 117289 , 117313 , 117314 , 117323 , 117324 , 117325 , 117326 , 117327 , 117328 , 117329 , 117330 , 117331 , 117332 , 117333 , 117334 , 117336 , 117337 , 117338 , 117339 , 117340 , 117341 , 117342 , 117343 , 117346 , 117347 , 117348 , 117349 , 117350 , 117351 , 117352 , 117359 , 117368 , 117369 , 117374 , 117375 , 117386 , 117392 , 117435 , 117445 , 117447 , 117448 , 117465 , 117466 , 117467 , 117472 , 117473 , 117481 , 117493 , 117494 , 117495 , 117496 , 117498 , 117499 , 117500 , 117501 , 117502 , 117504 , 117505 , 117508 , 117521 , 117522 , 117536 , 117537 , 146105 , 117556 , 117557 , 117558 , 117559 , 117560 , 117561 , 117562 , 117563 , 117564 , 117565 , 117566 , 117567 , 117568 , 117586 , 143580 , 117601 , 117602 , 117608 , 117609 , 117616 , 117621 , 117622 , 117623 , 117624 , 117629 , 117655 , 117656 , 117657 , 117658 , 117659 , 117660 , 117661 , 117662 , 152312 , 117679 , 117680 , 117682 , 117683 , 117684 , 117702 , 117717 , 117721 , 117722 , 117746 , 117747 , 117749 , 117754 , 117755 , 117769 , 117791 , 117801 , 117802 , 117804 , 117837 , 117838 , 117839 , 117850 , 117851 , 117852 , 117858 , 117867 , 150717 , 150719 , 117885 , 117886 , 117887 , 117888 , 117894 , 117895 , 117896 , 117897 , 117898 , 117899 , 117900 , 117901 , 117902 , 117903 , 117904 , 117905 , 117906 , 117907 , 117908 , 117909 , 117910 , 117911 , 117912 , 117913 , 117914 , 117915 , 117916 , 117917 , 117918 , 117919 , 117928 , 117932 , 117933 , 117934 , 117935 , 117936 , 117937 , 117946 , 117947 , 117948 , 117951 , 117952 , 117953 , 117954 , 117955 , 117965 , 117996 , 117997 , 117998 , 117999 , 118000 , 118002 , 118007 , 118008 , 118009 , 118010 , 118011 , 118012 , 118013 , 118014 , 118015 , 118021 , 118022 , 118023 , 118024 , 118025 , 118026 , 118027 , 118028 , 118033 , 118034 , 118037 , 118038 , 118039 , 118040 , 118041 , 118042 , 118046 , 118047 , 118048 , 118049 , 118050 , 118051 , 118052 , 118053 , 118054 , 118055 , 118056 , 118057 , 118059 , 118060 , 118061 , 150751 , 118081 , 118082 , 118083 , 139232 , 150753 , 150754 , 118097 , 118098 , 118099 , 118100 , 118101 , 118106 , 118110 , 118111 , 118115 , 118119 , 118120 , 118123 , 118134 , 118147 , 139235 , 118182 , 118183 , 118184 , 118186 , 118187 , 118190 , 118191 , 118192 , 150771 , 139236 , 150775 , 118222 , 118235 , 118236 , 118237 , 118238 , 118245 , 118247 , 118248 , 118249 , 118250 , 150781 , 150782 , 118264 , 118265 , 118266 , 118267 , 118268 , 118269 , 118270 , 150784 , 134874 , 118286 , 118287 , 118289 , 118290 , 118291 , 118295 , 118296 , 118303 , 118304 , 118305 , 118306 , 150790 , 150792 , 118329 , 118330 , 118339 , 118340 , 118341 , 118342 , 118343 , 118344 , 118345 , 118346 , 118347 , 118348 , 118349 , 118360 , 118367 , 118368 , 118407 , 118409 , 118419 , 118420 , 118421 , 118422 , 118423 , 118426 , 118429 , 118433 , 118434 , 118436 , 118439 , 150812 , 118444 , 118445 , 118446 , 118447 , 118448 , 118454 , 118456 , 118457 , 118458 , 118459 , 118460 , 118461 , 118462 , 118463 , 150816 , 118466 , 118467 , 118468 , 118469 , 150819 , 118500 , 118530 , 118535 , 118541 , 118544 , 118545 , 150834 , 118592 , 143945 , 118605 , 118606 , 118607 , 118608 , 118609 , 118625 , 118626 , 118631 , 118635 , 118636 , 118637 , 118638 , 118639 , 118646 , 118647 , 118648 , 118649 , 118650 , 118651 , 118652 , 118654 , 118655 , 118656 , 118657 , 118658 , 118664 , 118671 , 118672 , 118673 , 118674 , 118675 , 118676 , 118677 , 118678 , 147981 , 118696 , 118697 , 118702 , 118703 , 118709 , 118710 , 118730 , 118731 , 118732 , 118733 , 118749 , 118785 , 118791 , 118792 , 118793 , 118795 , 118796 , 118797 , 118798 , 118799 , 118803 , 118804 , 118805 , 118806 , 118807 , 118808 , 118809 , 118810 , 118811 , 118812 , 118818 , 118830 , 118831 , 118832 , 118833 , 118837 , 118838 , 118839 , 118842 , 118843 , 118844 , 118845 , 118846 , 118849 , 118850 , 118868 , 118904 , 118908 , 118909 , 118910 , 150896 , 118948 , 118956 , 118957 , 118958 , 118959 , 118960 , 118961 , 118962 , 118963 , 118964 , 118965 , 118966 , 118967 , 118968 , 118969 , 118970 , 118971 , 118972 , 118973 , 118974 , 118975 , 118976 , 118977 , 118979 , 118998 , 119019 , 119036 , 119046 , 119050 , 119051 , 119054 , 119056 , 119057 , 119058 , 119087 , 119094 , 119095 , 119103 , 119104 , 119105 , 119106 , 119107 , 119108 , 119109 , 119110 , 119124 , 119125 , 119126 , 119127 , 119128 , 119147 , 119160 , 119161 , 119162 , 119163 , 119164 , 119165 , 119166 , 119167 , 119169 , 119170 , 119171 , 119172 , 119176 , 119177 , 119178 , 119179 , 119180 , 150940 , 119231 , 119232 , 119234 , 119235 , 119236 , 119237 , 119238 , 119239 , 119240 , 119268 , 119269 , 119270 , 119272 , 119278 , 119284 , 119288 , 119313 , 119322 , 119323 , 119337 , 119338 , 119341 , 119363 , 119368 , 119369 , 119396 , 119397 , 119398 , 119408 , 119409 , 119410 , 119411 , 119412 , 119413 , 119414 , 119415 , 119416 , 119417 , 119420 , 119421 , 119429 , 119430 , 119433 , 119434 , 119436 , 119437 , 119438 , 119441 , 119442 , 119451 , 119452 , 119455 , 119456 , 119457 , 119458 , 119459 , 119461 , 119464 , 119466 , 119469 , 119470 , 119483 , 119485 , 134349 , 119489 , 119496 , 119497 , 119498 , 119499 , 119501 , 119513 , 119514 , 119516 , 119518 , 119519 , 119520 , 119521 , 119531 , 119532 , 119533 , 119543 , 119544 , 119562 , 119563 , 119564 , 119573 , 119574 , 119575 , 119576 , 119577 , 119579 , 119580 , 119581 , 119585 , 119586 , 119587 , 119588 , 119589 , 119590 , 119591 , 119592 , 119593 , 119594 , 119595 , 119597 , 119598 , 119599 , 119600 , 119603 , 119608 , 119609 , 119610 , 119611 , 119612 , 119613 , 119614 , 119615 , 151009 , 119624 , 119625 , 119626 , 119627 , 119628 , 119644 , 119645 , 119646 , 119647 , 119648 , 119649 , 119660 , 119661 , 119669 , 119683 , 119684 , 151020 , 151021 , 151022 , 151024 , 119736 , 119737 , 119738 , 119760 , 119771 , 119775 , 119776 , 119779 , 119780 , 119781 , 119782 , 119783 , 119792 , 119793 , 119799 , 119801 , 119802 , 119807 , 119808 , 119809 , 119810 , 119811 , 151044 , 119847 , 119848 , 119849 , 119850 , 119851 , 151049 , 119870 , 119871 , 119875 , 119876 , 119878 , 119879 , 119880 , 119892 , 119927 , 119928 , 119930 , 119931 , 119942 , 119943 , 119944 , 119945 , 119946 , 119947 , 119948 , 119949 , 119950 , 119951 , 119952 , 119954 , 119955 , 119956 , 119974 , 119977 , 119978 , 119979 , 120067 , 120068 , 120092 , 120116 , 120118 , 120137 , 120138 , 120143 , 120144 , 120145 , 120146 , 120147 , 120154 , 120155 , 120178 , 120210 , 120211 , 120212 , 120213 , 120217 , 120218 , 120219 , 120220 , 120221 , 120222 , 120223 , 120224 , 120225 , 120226 , 120227 , 120228 , 120232 , 120233 , 120234 , 120235 , 120236 , 120237 , 120238 , 120239 , 120240 , 120241 , 120242 , 120243 , 120244 , 120257 , 120258 , 120259 , 120260 , 120272 , 120273 , 120275 , 120276 , 120277 , 120287 , 120288 , 120289 , 120290 , 120291 , 120292 , 120293 , 120294 , 120295 , 120296 , 120297 , 120301 , 120304 , 120305 , 120334 , 120335 , 120356 , 120369 , 120381 , 120382 , 120383 , 120385 , 120386 , 120400 , 120435 , 120442 , 120449 , 120450 , 120451 , 120452 , 120462 , 120483 , 120488 , 120490 , 120501 , 120513 , 120514 , 120515 , 120516 , 120517 , 120518 , 120520 , 120521 , 120522 , 120530 , 120531 , 120536 , 120537 , 120542 , 120543 , 120544 , 120547 , 120548 , 120549 , 120550 , 120551 , 120552 , 151165 , 120573 , 120574 , 120575 , 120576 , 120577 , 120578 , 120584 , 120585 , 120586 , 120587 , 120588 , 120589 , 120593 , 120594 , 120597 , 120603 , 120609 , 120615 , 120616 , 120617 , 120618 , 120636 , 120637 , 120638 , 120641 , 120642 , 120643 , 120644 , 120645 , 120646 , 120647 , 120648 , 120649 , 120650 , 120654 , 120655 , 120656 , 120657 , 120679 , 120688 , 120714 , 120732 , 120733 , 120734 , 120740 , 120742 , 120754 , 120755 , 120766 , 120767 , 120768 , 120775 , 120776 , 120777 , 120792 , 120794 , 120846 , 120878 , 120879 , 120880 , 120881 , 120902 , 120903 , 120904 , 120905 , 120906 , 120907 , 120910 , 120913 , 120915 , 120919 , 120920 , 120921 , 120924 , 120925 , 120926 , 120927 , 120928 , 120929 , 120930 , 120941 , 151230 , 120952 , 120960 , 120961 , 120971 , 120974 , 151235 , 120985 , 120986 , 120987 , 120988 , 120989 , 120990 , 120991 , 121006 , 121011 , 121012 , 121039 , 121043 , 121045 , 121046 , 121055 , 121056 , 121057 , 121058 , 121059 , 121065 , 121070 , 121086 , 121087 , 121131 , 121132 , 121133 , 121134 , 121135 , 121136 , 121137 , 121138 , 121139 , 121140 , 121142 , 121143 , 121145 , 121146 , 121147 , 121150 , 121151 , 121152 , 121153 , 121154 , 121155 , 121156 , 121157 , 121158 , 121159 , 121161 , 121162 , 121163 , 121164 , 121165 , 121166 , 121170 , 121171 , 121183 , 121184 , 121185 , 121186 , 121187 , 121188 , 121189 , 121190 , 121192 , 121193 , 121197 , 121198 , 121199 , 121200 , 121201 , 121213 , 121215 , 121223 , 121224 , 121227 , 121235 , 121255 , 121260 , 121267 , 121268 , 121269 , 121274 , 151285 , 121282 , 121284 , 121285 , 121286 , 121288 , 121289 , 121290 , 121291 , 151288 , 151289 , 151290 , 151291 , 121346 , 121347 , 121348 , 121349 , 121350 , 121351 , 121352 , 121353 , 151298 , 121361 , 121362 , 121377 , 121378 , 121383 , 121384 , 121385 , 121386 , 121387 , 121388 , 121390 , 121397 , 121398 , 121401 , 121404 , 121405 , 121406 , 121408 , 121409 , 121410 , 121411 , 121412 , 121416 , 121417 , 121444 , 121445 , 121446 , 121462 , 121463 , 121465 , 121477 , 121478 , 121479 , 121480 , 121481 , 121504 , 121517 , 121530 , 121531 , 121535 , 121536 , 121537 , 121538 , 121539 , 121540 , 121541 , 121542 , 121543 , 121544 , 121545 , 121546 , 121547 , 121548 , 121549 , 121550 , 121551 , 121552 , 121553 , 121554 , 121555 , 121572 , 121596 , 121598 , 121599 , 121600 , 121601 , 121602 , 121603 , 121619 , 121631 , 121632 , 121633 , 121638 , 121639 , 121681 , 121682 , 121683 , 121684 , 121685 , 121686 , 121688 , 121689 , 121690 , 121691 , 121692 , 121693 , 121694 , 121695 , 121696 , 121697 , 121698 , 121699 , 121700 , 121701 , 121702 , 121711 , 121712 , 121716 , 121747 , 121748 , 121749 , 121750 , 121754 , 121755 , 121766 , 121767 , 121768 , 121769 , 121777 , 121780 , 121781 , 121787 , 121788 , 121789 , 121790 , 121791 , 121792 , 121806 , 121807 , 121808 , 121809 , 121816 , 121817 , 121838 , 121843 , 121844 , 121845 , 121846 , 121847 , 121848 , 121849 , 121850 , 121851 , 121852 , 121853 , 121888 , 121892 , 139359 , 121903 , 121907 , 121908 , 151391 , 121916 , 151392 , 121960 , 121963 , 121965 , 121966 , 121971 , 121972 , 121984 , 121985 , 121986 , 121987 , 121996 , 122006 , 122007 , 122008 , 122009 , 122010 , 122012 , 122014 , 122015 , 122016 , 122017 , 122018 , 122019 , 122020 , 122021 , 122022 , 122023 , 122024 , 122027 , 122028 , 122029 , 122036 , 122037 , 122042 , 122043 , 122044 , 122050 , 122051 , 122052 , 122053 , 122054 , 122060 , 122062 , 122063 , 122064 , 122065 , 122066 , 122078 , 122079 , 122080 , 122085 , 122086 , 122087 , 122088 , 122091 , 122093 , 122094 , 122095 , 122096 , 122099 , 122100 , 122109 , 122111 , 122112 , 122113 , 122114 , 122115 , 122116 , 122117 , 122118 , 122119 , 122124 , 122133 , 122166 , 122172 , 122183 , 122184 , 122187 , 122194 , 122198 , 122199 , 122200 , 122201 , 122202 , 122217 , 122220 , 122221 , 122222 , 122223 , 122224 , 122225 , 122226 , 122227 , 122228 , 122232 , 122233 , 122234 , 122235 , 122236 , 122246 , 122247 , 122248 , 122249 , 122250 , 122251 , 122252 , 122253 , 122254 , 122255 , 122256 , 122257 , 122258 , 122259 , 122260 , 122282 , 122283 , 122284 , 122287 , 122301 , 122302 , 122306 , 122307 , 122308 , 122309 , 122310 , 122314 , 122322 , 122323 , 122324 , 122328 , 122329 , 122335 , 122336 , 122337 , 122338 , 122347 , 122353 , 122355 , 122356 , 122357 , 122358 , 122375 , 122394 , 151471 , 122398 , 122399 , 151472 , 122403 , 151473 , 122418 , 122423 , 139606 , 122439 , 122440 , 122441 , 122442 , 122444 , 122447 , 122448 , 122449 , 122450 , 122451 , 122452 , 122453 , 122459 , 122460 , 151484 , 122485 , 122486 , 122507 , 122513 , 122514 , 151493 , 151494 , 122589 , 122608 , 122632 , 122637 , 122638 , 122643 , 122646 , 122647 , 122650 , 122662 , 122663 , 122664 , 122665 , 122666 , 122667 , 122668 , 122671 , 122673 , 122680 , 122681 , 122682 , 122684 , 122685 , 122686 , 122687 , 122705 , 122706 , 122719 , 122748 , 122749 , 122750 , 122751 , 122767 , 122768 , 122777 , 122795 , 122803 , 122804 , 122805 , 122806 , 122807 , 122808 , 122809 , 122810 , 122811 , 122812 , 122816 , 122817 , 122818 , 122819 , 122820 , 122821 , 122822 , 122823 , 122827 , 122829 , 122830 , 122831 , 151544 , 122859 , 122860 , 122861 , 122863 , 122864 , 122865 , 122866 , 122874 , 122877 , 122878 , 122880 , 122881 , 122882 , 122883 , 122884 , 122885 , 122886 , 122887 , 122888 , 122889 , 122890 , 122891 , 122892 , 122893 , 122894 , 122899 , 122904 , 122909 , 122910 , 122924 , 122925 , 122936 , 122937 , 122938 , 122952 , 122953 , 122975 , 122976 , 123005 , 123006 , 123007 , 123031 , 123044 , 123058 , 123059 , 123060 , 123062 , 123067 , 123068 , 123082 , 123084 , 123085 , 123086 , 123087 , 123088 , 123089 , 123090 , 123091 , 123092 , 123093 , 123094 , 123095 , 123096 , 123097 , 123098 , 123105 , 123106 , 123107 , 123108 , 123109 , 123114 , 123116 , 123117 , 123131 , 123132 , 123133 , 123144 , 123154 , 143766 , 123178 , 123179 , 123180 , 123181 , 123184 , 123185 , 123186 , 123187 , 123188 , 123189 , 123190 , 123191 , 123192 , 123193 , 123214 , 151610 , 123231 , 123236 , 123238 , 123244 , 123254 , 123255 , 123271 , 123272 , 123275 , 123276 , 123277 , 123278 , 123279 , 123280 , 123283 , 123284 , 123285 , 123307 , 123308 , 123310 , 123311 , 123312 , 123313 , 151625 , 123320 , 151626 , 123357 , 123358 , 123359 , 123360 , 123379 , 123395 , 123396 , 123409 , 123410 , 123414 , 123449 , 123450 , 123452 , 123453 , 123454 , 123455 , 123456 , 123507 , 123508 , 123509 , 123513 , 123522 , 123523 , 123525 , 123526 , 123528 , 123529 , 123530 , 123555 , 123556 , 123562 , 123565 , 123566 , 123569 , 123570 , 123571 , 123575 , 123588 , 152509 , 123601 , 123606 , 123612 , 132631 , 123678 , 123679 , 123695 , 151689 , 123728 , 123729 , 123730 , 123731 , 123732 , 123733 , 123734 , 123735 , 123736 , 123737 , 123738 , 123739 , 123740 , 152514 , 123748 , 123766 , 123772 , 152515 , 123796 , 123797 , 123798 , 152516 , 123806 , 123807 , 123821 , 123822 , 152517 , 123839 , 123840 , 123841 , 123850 , 123866 , 123867 , 123868 , 123869 , 123870 , 123871 , 123872 , 123873 , 123874 , 123876 , 123877 , 123878 , 123879 , 123880 , 123881 , 123882 , 123883 , 123884 , 123885 , 151720 , 123901 , 123934 , 123935 , 123939 , 123940 , 123941 , 123942 , 123943 , 123944 , 123955 , 123956 , 124017 , 124021 , 124022 , 124024 , 124027 , 124028 , 124038 , 124040 , 124041 , 124042 , 124043 , 124044 , 124045 , 124046 , 124047 , 124048 , 124049 , 124064 , 124101 , 124109 , 124110 , 124111 , 151758 , 151761 , 151762 , 151763 , 124150 , 124151 , 151764 , 124157 , 124158 , 124159 , 124161 , 124162 , 124168 , 124171 , 124172 , 124173 , 124174 , 124175 , 124176 , 124177 , 124178 , 124179 , 124180 , 124181 , 124189 , 124190 , 124197 , 124209 , 124210 , 124211 , 151775 , 124221 , 151776 , 151777 , 151778 , 151779 , 151782 , 151783 , 124273 , 124274 , 124275 , 124276 , 124277 , 124278 , 151785 , 151786 , 151787 , 124296 , 124297 , 124298 , 124299 , 124300 , 124301 , 151789 , 124311 , 124312 , 124313 , 124314 , 124315 , 124316 , 124317 , 124340 , 124341 , 124374 , 124375 , 124381 , 124382 , 124383 , 124388 , 124390 , 124406 , 124410 , 124414 , 124415 , 124417 , 124418 , 124419 , 124420 , 124421 , 124422 , 124423 , 124424 , 124440 , 124444 , 124458 , 124488 , 124489 , 124494 , 124495 , 124505 , 124506 , 124507 , 124508 , 124509 , 124510 , 124511 , 124512 , 151824 , 124516 , 124517 , 124518 , 124519 , 124520 , 124521 , 124522 , 124523 , 124524 , 124525 , 124526 , 124527 , 124528 , 124530 , 124531 , 124533 , 124536 , 124537 , 124538 , 124539 , 124540 , 124541 , 124542 , 124543 , 124544 , 124545 , 151831 , 151833 , 151839 , 124605 , 124606 , 124607 , 124608 , 124609 , 124610 , 124615 , 151842 , 124626 , 151843 , 124631 , 124640 , 124641 , 124646 , 124651 , 124652 , 124666 , 124667 , 124668 , 124685 , 124688 , 124689 , 124690 , 124691 , 124692 , 124694 , 124695 , 124696 , 151857 , 124715 , 124716 , 124717 , 124718 , 124719 , 124722 , 124723 , 124724 , 124725 , 124737 , 124738 , 124740 , 124747 , 124748 , 124750 , 124751 , 124752 , 124753 , 124754 , 124757 , 124758 , 124759 , 124760 , 124763 , 137003 , 124817 , 124829 , 124830 , 124858 , 124859 , 124888 , 124892 , 124893 , 124894 , 124895 , 124896 , 124897 , 124898 , 124899 , 124909 , 124910 , 124911 , 124912 , 124913 , 124914 , 124926 , 124927 , 124928 , 124938 , 124939 , 124940 , 124943 , 124944 , 124951 , 124952 , 124953 , 124954 , 124955 , 124956 , 124957 , 124958 , 124959 , 124960 , 124961 , 124962 , 124963 , 124964 , 124965 , 124966 , 124967 , 124968 , 125029 , 125068 , 125069 , 125073 , 125115 , 125116 , 125117 , 125123 , 125129 , 125130 , 125131 , 125134 , 125135 , 125136 , 125138 , 125139 , 125140 , 125141 , 125142 , 125143 , 125145 , 125148 , 125189 , 151940 , 125241 , 125254 , 125255 , 151948 , 125268 , 151950 , 125274 , 125275 , 125276 , 125277 , 125278 , 151952 , 125283 , 125284 , 125285 , 125286 , 151953 , 125289 , 125290 , 125292 , 125293 , 151955 , 125311 , 125314 , 125325 , 125326 , 125328 , 125329 , 125336 , 125342 , 125343 , 125347 , 125348 , 125349 , 125352 , 125353 , 125354 , 125355 , 125356 , 125360 , 125368 , 125369 , 125370 , 125371 , 125402 , 125412 , 125413 , 125421 , 125423 , 125424 , 125425 , 125426 , 125427 , 125428 , 125429 , 125430 , 125431 , 125432 , 125433 , 125434 , 125461 , 125462 , 125480 , 125481 , 125482 , 125483 , 125484 , 125485 , 125486 , 125487 , 125490 , 125499 , 125500 , 125501 , 125521 , 125522 , 125523 , 125524 , 125525 , 125526 , 125527 , 125528 , 125529 , 125530 , 125531 , 125532 , 125533 , 125535 , 125548 , 125549 , 125550 , 125559 , 125560 , 125589 , 125591 , 125595 , 125596 , 125602 , 125603 , 125605 , 125606 , 125607 , 125608 , 125609 , 125614 , 125615 , 125619 , 125626 , 125627 , 125633 , 125634 , 125637 , 125644 , 125645 , 125650 , 125654 , 125656 , 125657 , 125658 , 125659 , 125666 , 125672 , 125674 , 125675 , 125676 , 125677 , 125678 , 125679 , 125716 , 125726 , 125727 , 125728 , 125731 , 125741 , 152031 , 125758 , 125759 , 125760 , 152032 , 152033 , 125773 , 125799 , 125807 , 125808 , 125826 , 125833 , 125838 , 125839 , 125840 , 125841 , 125842 , 125843 , 125850 , 125851 , 125852 , 125853 , 125863 , 125864 , 125865 , 125866 , 125868 , 125869 , 125870 , 125871 , 125872 , 125873 , 125874 , 125875 , 125876 , 125884 , 125894 , 125918 , 125935 , 125940 , 125990 , 125998 , 125999 , 126000 , 126001 , 126002 , 126003 , 126004 , 126005 , 126019 , 126026 , 126030 , 126031 , 126032 , 126042 , 126043 , 126044 , 143862 , 126086 , 126087 , 126088 , 126089 , 126105 , 126106 , 126109 , 126110 , 126111 , 126112 , 126113 , 126114 , 126115 , 126116 , 126132 , 126133 , 126134 , 126135 , 126136 , 126137 , 126139 , 126144 , 126145 , 126146 , 126150 , 126151 , 126153 , 126154 , 126164 , 126165 , 126166 , 126167 , 126170 , 126171 , 126175 , 126176 , 126178 , 126179 , 126180 , 126212 , 126213 , 126214 , 126215 , 126216 , 126224 , 126240 , 126241 , 126242 , 126243 , 126250 , 126251 , 126271 , 126292 , 126298 , 126302 , 126303 , 126304 , 126305 , 126306 , 126307 , 126308 , 126309 , 126316 , 126317 , 126323 , 126324 , 126325 , 152128 , 152129 , 126352 , 126355 , 126356 , 126357 , 126359 , 126360 , 126361 , 126362 , 126363 , 126364 , 126365 , 126366 , 126367 , 126368 , 126389 , 126390 , 126407 , 126408 , 126415 , 126444 , 126447 , 126459 , 152153 , 126495 , 126496 , 126508 , 126509 , 126510 , 126511 , 126512 , 126518 , 126519 , 126520 , 126521 , 126522 , 126523 , 126524 , 126526 , 126527 , 126528 , 126560 , 126599 , 126600 , 126606 , 126607 , 126643 , 126644 , 126647 , 126649 , 126651 , 126652 , 126653 , 126654 , 126658 , 126670 , 126689 , 126714 , 126715 , 126716 , 126719 , 126720 , 126721 , 126727 , 126735 , 126736 , 126749 , 126750 , 126751 , 126752 , 126753 , 126754 , 126755 , 126758 , 126759 , 126801 , 126804 , 126805 , 126806 , 126807 , 126831 , 126832 , 126833 , 126849 , 126850 , 126851 , 126857 , 152218 , 126881 , 152219 , 126884 , 126885 , 152220 , 126908 , 126909 , 126910 , 126911 , 126913 , 126916 , 126917 , 126918 , 126919 , 126926 , 126927 , 126930 , 126945 , 126946 , 126950 , 126951 , 126963 , 126964 , 126965 , 126966 , 126990 , 126995 , 126996 , 127002 , 127008 , 127009 , 127016 , 127064 , 127065 , 127066 , 127067 , 127068 , 127069 , 127070 , 127071 , 127072 , 127073 , 127074 , 127078 , 127079 , 127088 , 127103 , 127104 , 127105 , 152257 , 127113 , 152258 , 152259 , 152260 , 127131 , 127146 , 127147 , 127148 , 127153 , 127159 , 127160 , 127161 , 127162 , 127164 , 127165 , 127166 , 127167 , 127169 , 127170 , 127178 , 127179 , 127180 , 127181 , 127182 , 127183 , 127184 , 127185 , 127186 , 127187 , 127188 , 127189 , 127190 , 127191 , 127192 , 127193 , 127194 , 127195 , 127197 , 127198 , 127199 , 127201 , 127202 , 127203 , 127204 , 127205 , 127206 , 127207 , 127208 , 127209 , 127210 , 127211 , 127212 , 127213 , 127223 , 127224 , 127227 , 127228 , 127229 , 127230 , 127232 , 127233 , 127234 , 127235 , 127242 , 127243 , 127244 , 127245 , 127246 , 127247 , 127249 , 127283 , 127284 , 127285 , 127286 , 127288 , 152288 , 127298 , 127299 , 152289 , 127326 , 127327 , 127328 , 127329 , 127339 , 127347 , 127348 , 127350 , 127366 , 127378 , 127399 , 152306 , 127407 , 152307 , 127412 , 127413 , 127414 , 127416 , 127417 , 127418 , 127420 , 127421 , 127422 , 127423 , 127424 , 127425 , 152311 , 127441 , 127442 , 127443 , 127444 , 127445 , 127446 , 152313 , 127450 , 127451 , 127452 , 127453 , 127454 , 127455 , 127456 , 127457 , 127462 , 127468 , 127470 , 127471 , 127472 , 127473 , 127474 , 127476 , 127477 , 127478 , 127479 , 127482 , 127483 , 127497 , 127505 , 127506 , 127507 , 127508 , 127509 , 127518 , 127519 , 127520 , 127522 , 127523 , 127524 , 127525 , 127526 , 127527 , 127529 , 127532 , 127533 , 127536 , 127539 , 127545 , 127574 , 127575 , 127576 , 127577 , 127578 , 127588 , 127601 , 127602 , 127603 , 127604 , 127612 , 127616 , 127617 , 127618 , 127635 , 127639 , 127641 , 127662 , 127677 , 127679 , 127680 , 127681 , 127693 , 127694 , 127695 , 127723 , 127743 , 127744 , 127745 , 127746 , 127747 , 127748 , 127758 , 127759 , 127760 , 127761 , 127778 , 127796 , 127808 , 127809 , 127810 , 127811 , 127812 , 127813 , 127814 , 127822 , 127823 , 127826 , 127827 , 127835 , 127839 , 127840 , 127841 , 127848 , 127849 , 127850 , 127862 , 127869 , 127870 , 127872 , 127873 , 127874 , 133532 , 127895 , 139559 , 127909 , 127910 , 127911 , 127912 , 127913 , 152392 , 127930 , 127956 , 127960 , 127961 , 127962 , 127963 , 127964 , 127965 , 127966 , 127994 , 127995 , 128004 , 128005 , 128006 , 128007 , 128008 , 128026 , 128027 , 128039 , 128044 , 128045 , 128046 , 128050 , 128051 , 128063 , 128073 , 128074 , 128078 , 128098 , 128099 , 128103 , 128105 , 128106 , 128112 , 128155 , 128156 , 128157 , 128158 , 128189 , 128190 , 128199 , 128203 , 128204 , 128226 , 128227 , 128236 , 128237 , 128238 , 128239 , 128245 , 128246 , 128247 , 128248 , 128249 , 128252 , 128254 , 128255 , 128256 , 128257 , 128258 , 128259 , 128260 , 152449 , 128275 , 128276 , 128277 , 128278 , 128284 , 128286 , 128289 , 128290 , 128293 , 152455 , 128311 , 128317 , 128318 , 128319 , 128322 , 128323 , 128337 , 128338 , 128357 , 128369 , 128370 , 128371 , 128374 , 128375 , 128376 , 128377 , 128378 , 128379 , 128380 , 128381 , 128395 , 128396 , 128397 , 128398 , 128437 , 128455 , 128457 , 128458 , 128459 , 128462 , 128463 , 128464 , 128465 , 128466 , 128468 , 128469 , 128470 , 128471 , 128472 , 128473 , 128479 , 128510 , 128511 , 128512 , 128537 , 128549 , 128550 , 128551 , 128553 , 128558 , 128559 , 128561 , 128562 , 128563 , 128564 , 128565 , 128570 , 152501 , 128586 , 128594 , 128599 , 128601 , 128602 , 128603 , 128604 , 128605 , 128606 , 128607 , 152508 , 128622 , 128623 , 128624 , 128625 , 128627 , 128628 , 128629 , 128649 , 128650 , 128651 , 128652 , 128653 , 128654 , 128655 , 128656 , 128657 , 128658 , 128659 , 128660 , 128661 , 128662 , 128663 , 128664 , 128665 , 128666 , 128667 , 128668 , 128669 , 128670 , 128671 , 128672 , 128673 , 152518 , 152519 , 152520 , 152521 , 152522 , 128703 , 152523 , 128708 , 128717 , 128737 , 128739 , 128740 , 128741 , 128742 , 128743 , 128748 , 128749 , 128750 , 128767 , 128769 , 128772 , 128773 , 128778 , 128780 , 128781 , 128782 , 128783 , 128784 , 128791 , 128792 , 128793 , 128799 , 128800 , 128801 , 128803 , 128805 , 128813 , 128820 , 128853 , 128854 , 128855 , 128856 , 128857 , 128858 , 128859 , 128860 , 128861 , 128862 , 128863 , 128864 , 128866 , 128869 , 128870 , 128871 , 128898 , 128899 , 128900 , 128901 , 128904 , 128905 , 128906 , 128907 , 128908 , 128909 , 128910 , 128911 , 128912 , 128913 , 128914 , 128915 , 128916 , 128917 , 128918 , 128919 , 128920 , 128921 , 128922 , 128923 , 128924 , 128925 , 128928 , 128929 , 128931 , 128932 , 128935 , 128946 , 128947 , 128948 , 128949 , 128950 , 128951 , 128953 , 128954 , 128955 , 128956 , 128957 , 128958 , 128960 , 128961 , 128962 , 128963 , 128964 , 128965 , 128973 , 128974 , 128975 , 128976 , 128982 , 128983 , 128984 , 128985 , 128986 , 128995 , 128996 , 128997 , 128998 , 128999 , 129000 , 129001 , 129002 , 129003 , 129004 , 129006 , 129007 , 129008 , 129009 , 129010 , 129011 , 129012 , 129013 , 129020 , 129022 , 129023 , 129024 , 129025 , 129026 , 129027 , 129028 , 129029 , 129030 , 129031 , 129032 , 129036 , 129037 , 129038 , 129039 , 129040 , 129041 , 129042 , 129043 , 129044 , 129045 , 129046 , 129047 , 129048 , 129049 , 129050 , 129077 , 129083 , 152586 , 148329 , 152595 , 152596 , 129149 , 129153 , 129154 , 129155 , 152598 , 129162 , 152599 , 148330 , 129166 , 129179 , 129180 , 129189 , 129212 , 129223 , 129224 , 129256 , 129272 , 129273 , 129274 , 129299 , 129308 , 129311 , 129312 , 129313 , 129314 , 129315 , 129316 , 129317 , 129318 , 129319 , 129320 , 129321 , 129322 , 129337 , 129347 , 139608 , 129378 , 129389 , 152637 , 129393 , 129394 , 129395 , 129396 , 152638 , 129408 , 152641 , 152642 , 129430 , 129431 , 129432 , 129433 , 129436 , 129441 , 129443 , 129445 , 129446 , 129454 , 129457 , 129469 , 129470 , 129479 , 129485 , 129486 , 129487 , 129488 , 129489 , 129495 , 129523 , 129525 , 129526 , 129527 , 129528 , 129529 , 129530 , 129531 , 129540 , 129551 , 129552 , 129556 , 129573 , 129574 , 129575 , 129578 , 129589 , 129590 , 129591 , 129592 , 129593 , 129606 , 129607 , 129613 , 129614 , 139617 , 129668 , 129669 , 129674 , 129676 , 129679 , 129680 , 129682 , 129683 , 129686 , 129687 , 129688 , 129704 , 129708 , 129709 , 129710 , 129711 , 129721 , 129722 , 129723 , 129729 , 129740 , 129760 , 129762 , 129763 , 129764 , 129765 , 129766 , 129767 , 129769 , 129770 , 129771 , 129773 , 129774 , 129775 , 129800 , 129801 , 129802 , 129803 , 129830 , 129831 , 129846 , 129863 , 129870 , 129871 , 129872 , 129873 , 129874 , 129886 , 129887 , 129888 , 129889 , 129890 , 129891 , 129894 , 129895 , 129896 , 129897 , 129898 , 129902 , 129903 , 129904 , 129905 , 129908 , 129909 , 129911 , 129921 , 129927 , 129930 , 129931 , 129932 , 129946 , 129948 , 129949 , 129950 , 129951 , 129958 , 129959 , 129960 , 129962 , 129963 , 129964 , 129965 , 129966 , 129967 , 129968 , 129969 , 129970 , 129971 , 129972 , 129973 , 129978 , 129979 , 129980 , 129981 , 129982 , 129983 , 129985 , 129986 , 129988 , 129995 , 129996 , 129997 , 130010 , 130011 , 130012 , 130013 , 130014 , 130015 , 130016 , 130017 , 130018 , 130019 , 130020 , 130021 , 130022 , 130023 , 130024 , 130025 , 130034 , 130035 , 130043 , 130044 , 130045 , 130066 , 130068 , 130069 , 130070 , 130110 , 130111 , 130112 , 130113 , 130118 , 130119 , 130120 , 130121 , 130139 , 130140 , 130141 , 130147 , 130148 , 130162 , 130163 , 130164 , 130165 , 130186 , 130187 , 130188 , 130198 , 130199 , 130216 , 130221 , 130222 , 130223 , 130245 , 130246 , 130247 , 130248 , 130249 , 130250 , 130251 , 130252 , 130253 , 130255 , 130257 , 130263 , 130266 , 130267 , 130268 , 130269 , 130270 , 130271 , 130272 , 130273 , 130274 , 130275 , 130276 , 130277 , 130278 , 130283 , 130284 , 130305 , 130306 , 130307 , 130308 , 130312 , 130313 , 130314 , 130315 , 130316 , 130317 , 130318 , 130319 , 130320 , 130321 , 130322 , 130323 , 130324 , 130325 , 130327 , 130328 , 130329 , 130331 , 130332 , 130333 , 130337 , 130338 , 130339 , 130340 , 130341 , 130342 , 130343 , 130344 , 130345 , 130347 , 130348 , 130349 , 130350 , 130351 , 130377 , 130386 , 130387 , 130388 , 130389 , 130390 , 130391 , 130392 , 130393 , 130394 , 130399 , 130423 , 130424 , 130431 , 130438 , 130443 , 130444 , 130445 , 130446 , 130447 , 130448 , 130458 , 130475 , 130476 , 130477 , 130484 , 130485 , 130486 , 130487 , 130514 , 152828 , 130539 , 130540 , 130541 , 130542 , 130543 , 130544 , 130545 , 130546 , 152830 , 130551 , 130552 , 130556 , 130557 , 130558 , 130559 , 130560 , 130561 , 130565 , 130566 , 130570 , 152835 , 130585 , 130586 , 130589 , 130590 , 130591 , 130592 , 130593 , 130594 , 152838 , 130601 , 130602 , 130603 , 130604 , 130605 , 152840 , 130636 , 130637 , 130639 , 152846 , 130648 , 130658 , 130669 , 130670 , 130671 , 130672 , 130673 , 130674 , 130675 , 130676 , 130677 , 130679 , 130680 , 130681 , 130682 , 130683 , 130684 , 130685 , 130686 , 130688 , 130689 , 130690 , 130691 , 130692 , 130693 , 130694 , 130695 , 130696 , 130697 , 130698 , 130699 , 130726 , 130727 , 130728 , 130729 , 130730 , 130731 , 130740 , 130741 , 130742 , 130744 , 130745 , 130746 , 130763 , 130764 , 130765 , 130766 , 130767 , 130768 , 130769 , 130770 , 130771 , 130772 , 130773 , 130774 , 130799 , 130803 , 130804 , 130811 , 130812 , 130813 , 130815 , 152876 , 130859 , 130864 , 130865 , 152888 , 130970 , 130971 , 130978 , 135298 , 131015 , 152909 , 135299 , 131047 , 131049 , 131065 , 131066 , 131067 , 
 sentiment score 4 
5 , 7 , 9 , 131100 , 131101 , 131102 , 131103 , 131105 , 131106 , 131107 , 131108 , 131109 , 131121 , 131125 , 131126 , 131127 , 131128 , 131129 , 63 , 64 , 131137 , 66 , 67 , 131140 , 69 , 131142 , 131143 , 131144 , 76 , 77 , 131150 , 131152 , 131153 , 82 , 131155 , 131157 , 131158 , 131159 , 131160 , 131183 , 131184 , 116 , 117 , 118 , 125 , 126 , 127 , 129 , 131 , 132 , 134 , 135 , 166 , 167 , 168 , 170 , 171 , 176 , 177 , 178 , 180 , 182 , 183 , 186 , 188 , 131261 , 193 , 131290 , 131291 , 131292 , 131295 , 131296 , 131297 , 131298 , 131299 , 131300 , 131301 , 131305 , 131308 , 131309 , 131310 , 131311 , 131312 , 131313 , 131317 , 131318 , 131319 , 131320 , 131325 , 131330 , 131331 , 312 , 313 , 314 , 315 , 316 , 330 , 352 , 353 , 355 , 356 , 358 , 360 , 131442 , 131443 , 131444 , 131445 , 131446 , 131447 , 131136 , 131139 , 131141 , 423 , 443 , 444 , 445 , 446 , 447 , 131521 , 131522 , 131523 , 131524 , 131525 , 454 , 131527 , 131528 , 131149 , 473 , 474 , 475 , 476 , 477 , 478 , 480 , 482 , 492 , 131154 , 495 , 496 , 503 , 152776 , 551 , 555 , 558 , 131634 , 131635 , 131636 , 131639 , 131640 , 131641 , 131642 , 131661 , 131676 , 131677 , 131680 , 635 , 636 , 153025 , 131734 , 131736 , 131737 , 131744 , 131751 , 131752 , 131753 , 131754 , 708 , 709 , 725 , 726 , 727 , 131803 , 131807 , 131837 , 768 , 769 , 774 , 776 , 781 , 131858 , 131860 , 131862 , 131863 , 131864 , 131865 , 131866 , 131867 , 131873 , 131874 , 131875 , 131876 , 810 , 811 , 812 , 813 , 814 , 817 , 819 , 821 , 822 , 824 , 131897 , 131898 , 131899 , 131900 , 131901 , 131904 , 131905 , 131906 , 131907 , 131922 , 131923 , 131924 , 131933 , 131934 , 131935 , 131944 , 883 , 884 , 885 , 131970 , 131971 , 153072 , 132002 , 132003 , 937 , 940 , 941 , 132015 , 944 , 132017 , 946 , 947 , 948 , 949 , 950 , 132023 , 952 , 953 , 957 , 958 , 959 , 960 , 961 , 132056 , 132087 , 132098 , 132099 , 132100 , 132102 , 132104 , 132105 , 132106 , 132107 , 132108 , 132109 , 132110 , 132111 , 132112 , 132114 , 132115 , 132116 , 132117 , 132118 , 132119 , 132120 , 132121 , 132122 , 132123 , 132124 , 132125 , 132130 , 132131 , 132132 , 132134 , 132135 , 132136 , 132137 , 132138 , 132140 , 132141 , 132143 , 132144 , 132145 , 132146 , 132147 , 132148 , 132149 , 132150 , 132151 , 132152 , 132153 , 132154 , 132155 , 132156 , 132157 , 1087 , 1088 , 1089 , 1090 , 1096 , 131255 , 132227 , 132228 , 132229 , 132231 , 132232 , 132233 , 132234 , 1164 , 1165 , 1166 , 1167 , 132240 , 132241 , 132242 , 132243 , 132244 , 132245 , 132246 , 1179 , 1180 , 132253 , 1182 , 1183 , 1184 , 1185 , 1186 , 1188 , 1189 , 1191 , 1192 , 1193 , 1194 , 1195 , 1196 , 132296 , 132297 , 132298 , 1227 , 1228 , 1229 , 132304 , 132305 , 132306 , 132307 , 132308 , 132310 , 132311 , 132312 , 1257 , 1258 , 1259 , 1260 , 1269 , 1270 , 144072 , 132369 , 1304 , 1306 , 1307 , 1308 , 1309 , 1310 , 1316 , 1317 , 1322 , 1323 , 1324 , 132397 , 132398 , 132399 , 1328 , 132401 , 132402 , 132403 , 1332 , 132405 , 132406 , 132407 , 1336 , 1337 , 1338 , 1339 , 132412 , 1341 , 1342 , 1343 , 1344 , 1346 , 1347 , 1348 , 1349 , 1351 , 1355 , 1357 , 1358 , 1359 , 1360 , 1361 , 1362 , 132435 , 132436 , 1365 , 132438 , 1383 , 1384 , 132473 , 132474 , 132475 , 132476 , 132479 , 132480 , 132483 , 132484 , 132498 , 132499 , 132510 , 132511 , 132512 , 132513 , 132514 , 132515 , 132516 , 132517 , 132519 , 132543 , 132544 , 132545 , 132546 , 132547 , 132557 , 132558 , 132564 , 132565 , 132575 , 132576 , 132577 , 132578 , 1507 , 1508 , 1509 , 1510 , 132583 , 1512 , 1513 , 1514 , 132587 , 1516 , 1517 , 132591 , 132592 , 1522 , 1523 , 1525 , 132598 , 1527 , 1528 , 1529 , 132604 , 132605 , 132606 , 132607 , 132655 , 132656 , 132657 , 132658 , 132659 , 132660 , 132661 , 132662 , 132663 , 132664 , 132665 , 132666 , 132668 , 132669 , 132670 , 132674 , 132675 , 132676 , 132677 , 1622 , 1623 , 1624 , 132750 , 132751 , 132752 , 132753 , 132754 , 132755 , 132756 , 1693 , 1715 , 1717 , 1718 , 132791 , 132792 , 1722 , 1725 , 132804 , 132805 , 132806 , 132807 , 132811 , 132812 , 132813 , 132814 , 1748 , 1749 , 132822 , 132823 , 132824 , 132825 , 132826 , 132827 , 132828 , 132829 , 132837 , 132838 , 132839 , 132846 , 132847 , 132848 , 132850 , 132867 , 132868 , 132869 , 1798 , 1799 , 1800 , 1801 , 1802 , 1803 , 1804 , 132877 , 132878 , 132889 , 132894 , 132896 , 132897 , 132898 , 132915 , 132916 , 132949 , 132950 , 132951 , 132953 , 1882 , 1883 , 1884 , 1885 , 132958 , 1906 , 132980 , 132981 , 132982 , 132983 , 132997 , 132998 , 132999 , 133000 , 1937 , 133012 , 1941 , 1942 , 1943 , 1944 , 1946 , 1947 , 1949 , 1950 , 1951 , 1958 , 1959 , 1960 , 1962 , 1965 , 1966 , 133076 , 133081 , 133082 , 133083 , 133084 , 133085 , 133090 , 133091 , 133095 , 133096 , 133099 , 133100 , 133102 , 133103 , 133104 , 133112 , 133113 , 133123 , 133124 , 133125 , 133126 , 133127 , 2070 , 2071 , 2072 , 2073 , 2074 , 2075 , 2086 , 2087 , 2088 , 2089 , 2091 , 2092 , 2093 , 133166 , 133170 , 133176 , 2106 , 2107 , 2108 , 133200 , 133201 , 133202 , 133203 , 133204 , 133205 , 133206 , 133208 , 133209 , 133210 , 133212 , 133213 , 133214 , 133215 , 133216 , 133217 , 2146 , 2147 , 2148 , 2149 , 133222 , 133223 , 2152 , 133225 , 133227 , 133228 , 133229 , 133230 , 133271 , 133272 , 133273 , 133274 , 133275 , 133276 , 133277 , 133278 , 2234 , 2235 , 2237 , 2238 , 133312 , 133313 , 133315 , 133316 , 133317 , 133318 , 133322 , 133323 , 133324 , 133325 , 133326 , 2258 , 133332 , 2273 , 133346 , 2275 , 2276 , 2278 , 2280 , 2281 , 2282 , 2283 , 133356 , 133359 , 133360 , 133361 , 2290 , 2291 , 133364 , 2293 , 2296 , 2297 , 2298 , 133371 , 133372 , 133373 , 2302 , 2303 , 2304 , 2305 , 2307 , 2308 , 2309 , 133382 , 133383 , 133384 , 2314 , 2315 , 2316 , 133389 , 2318 , 2319 , 2322 , 2323 , 2324 , 2325 , 2326 , 2327 , 133401 , 133402 , 2338 , 133481 , 133506 , 133507 , 133508 , 133510 , 133511 , 133518 , 133519 , 2452 , 2458 , 2459 , 133536 , 133537 , 133538 , 133539 , 133540 , 133541 , 133542 , 133543 , 133545 , 133546 , 133548 , 133549 , 133553 , 133554 , 133557 , 133565 , 133566 , 133570 , 133571 , 133572 , 2503 , 2504 , 2505 , 2506 , 2507 , 2508 , 2509 , 2511 , 133584 , 133585 , 2514 , 2515 , 133588 , 133589 , 133590 , 133591 , 133592 , 133593 , 133595 , 133596 , 133597 , 133598 , 133600 , 133603 , 133604 , 133605 , 133606 , 133607 , 133617 , 133618 , 133619 , 133620 , 133621 , 133622 , 133648 , 133649 , 133650 , 133652 , 133653 , 133654 , 133655 , 133657 , 133670 , 133671 , 133672 , 133675 , 133676 , 133677 , 133695 , 133696 , 133697 , 133698 , 133699 , 133705 , 133706 , 133707 , 133720 , 133721 , 133722 , 133723 , 133724 , 2653 , 2654 , 2655 , 2656 , 2657 , 2658 , 133731 , 133740 , 133742 , 133743 , 133744 , 133752 , 133753 , 133754 , 133776 , 133777 , 133787 , 133788 , 133789 , 131526 , 2739 , 2740 , 2741 , 133841 , 133842 , 133843 , 133844 , 2776 , 2777 , 2778 , 2779 , 133852 , 2782 , 2783 , 2784 , 2785 , 2786 , 2788 , 2789 , 2790 , 2791 , 2792 , 133884 , 133885 , 133908 , 2840 , 2841 , 2845 , 2847 , 2848 , 2850 , 2851 , 2852 , 2854 , 2855 , 2856 , 2857 , 2858 , 2859 , 2860 , 133963 , 133988 , 133989 , 134019 , 134020 , 134021 , 134022 , 134023 , 134024 , 134033 , 134036 , 134037 , 134038 , 134042 , 134043 , 134044 , 134045 , 134055 , 134056 , 134057 , 134058 , 134059 , 134060 , 134061 , 134062 , 134063 , 134064 , 134091 , 134092 , 134093 , 134094 , 134095 , 134096 , 3039 , 3040 , 3098 , 3099 , 3100 , 3101 , 3103 , 3104 , 3105 , 3107 , 3108 , 3110 , 3114 , 3115 , 3118 , 3120 , 3122 , 3123 , 3124 , 134201 , 134203 , 134204 , 3133 , 3134 , 134209 , 134210 , 134213 , 134214 , 134215 , 134216 , 134217 , 134218 , 134219 , 134220 , 134221 , 134222 , 134223 , 134227 , 134228 , 134229 , 134230 , 134231 , 134234 , 134235 , 134236 , 134237 , 134238 , 134239 , 134240 , 134241 , 134242 , 134243 , 134244 , 134245 , 134246 , 134247 , 134248 , 134249 , 134250 , 134251 , 3180 , 3181 , 3182 , 3183 , 3184 , 134257 , 134258 , 134259 , 134260 , 134262 , 134263 , 3201 , 3202 , 3212 , 134290 , 134291 , 134292 , 134293 , 134295 , 3225 , 3226 , 3228 , 3229 , 3230 , 3231 , 3232 , 3233 , 134306 , 3237 , 134312 , 134317 , 134318 , 3248 , 3250 , 3251 , 3253 , 3256 , 134338 , 3272 , 3273 , 3274 , 3275 , 3279 , 3280 , 3285 , 3286 , 3287 , 3289 , 3290 , 3293 , 3295 , 3304 , 3305 , 134378 , 3307 , 3308 , 3309 , 3310 , 3311 , 3312 , 3316 , 3326 , 3327 , 3328 , 3329 , 3331 , 3333 , 3334 , 3337 , 3338 , 134411 , 134412 , 134413 , 134414 , 134416 , 134417 , 3346 , 3355 , 3356 , 3357 , 3358 , 3360 , 3362 , 3367 , 3368 , 3369 , 3370 , 3371 , 3372 , 3373 , 3378 , 3379 , 3383 , 3384 , 3393 , 3395 , 3396 , 3399 , 3400 , 3405 , 3406 , 134507 , 134509 , 134510 , 134511 , 134512 , 134513 , 134514 , 134519 , 134520 , 134521 , 134522 , 134523 , 3474 , 3492 , 3493 , 3494 , 3495 , 3497 , 3498 , 3499 , 3500 , 3501 , 3506 , 134579 , 134580 , 134581 , 134582 , 134583 , 134584 , 3529 , 3530 , 3582 , 3629 , 3630 , 3631 , 3632 , 3634 , 3636 , 3637 , 3638 , 3639 , 134712 , 134713 , 3642 , 3643 , 3644 , 3645 , 3646 , 153525 , 134726 , 134727 , 134753 , 134754 , 3707 , 134789 , 134791 , 134792 , 134796 , 3731 , 3732 , 134805 , 3734 , 3735 , 3736 , 3737 , 3742 , 3745 , 134819 , 134820 , 134834 , 134838 , 134839 , 134840 , 134841 , 134842 , 134843 , 134845 , 134846 , 134847 , 3792 , 3793 , 3799 , 3800 , 134885 , 3824 , 3825 , 3847 , 3851 , 134925 , 134926 , 134927 , 134928 , 134929 , 134930 , 134931 , 3862 , 3863 , 3865 , 3866 , 3867 , 134940 , 134941 , 3870 , 134943 , 3872 , 3873 , 3876 , 3877 , 3878 , 3880 , 3881 , 134985 , 134986 , 134987 , 134988 , 134989 , 134990 , 134992 , 134993 , 3928 , 135003 , 135004 , 135020 , 135023 , 135055 , 135056 , 3993 , 3994 , 3995 , 3996 , 3997 , 4001 , 4002 , 144208 , 135181 , 135182 , 4112 , 135193 , 135194 , 4123 , 135196 , 135197 , 4129 , 4130 , 4131 , 4132 , 4133 , 4134 , 4142 , 4143 , 4144 , 135218 , 135219 , 4148 , 4149 , 135222 , 135223 , 4152 , 4153 , 4154 , 4155 , 4157 , 4158 , 4160 , 4161 , 135252 , 135253 , 135255 , 135256 , 135257 , 135258 , 135259 , 135260 , 135262 , 4215 , 4216 , 135289 , 4218 , 4219 , 135309 , 135310 , 135311 , 135312 , 135313 , 135314 , 135315 , 135316 , 135317 , 135318 , 135319 , 135320 , 135321 , 135323 , 135324 , 135325 , 135326 , 135327 , 135331 , 135332 , 135333 , 135335 , 135336 , 135337 , 135338 , 135340 , 135341 , 135343 , 4272 , 135345 , 4278 , 4279 , 135355 , 4284 , 135357 , 135359 , 4288 , 4289 , 135362 , 135363 , 135364 , 135373 , 135374 , 135375 , 135376 , 135377 , 135378 , 135379 , 135380 , 135381 , 135382 , 135384 , 135389 , 135390 , 4320 , 135399 , 135400 , 135401 , 135402 , 135403 , 135404 , 135405 , 4336 , 4353 , 4354 , 4355 , 4356 , 4370 , 4371 , 4372 , 4373 , 4374 , 4375 , 4376 , 4378 , 4379 , 4382 , 135466 , 135467 , 135520 , 135521 , 4453 , 4454 , 4455 , 4457 , 4458 , 4466 , 4473 , 4474 , 4475 , 4476 , 4477 , 4478 , 4479 , 4480 , 4481 , 135554 , 135555 , 135557 , 4494 , 4496 , 135608 , 135610 , 135611 , 135612 , 135613 , 135614 , 135615 , 135616 , 135617 , 135618 , 135619 , 135620 , 135621 , 135624 , 135625 , 135626 , 135629 , 135630 , 4570 , 4571 , 4584 , 4585 , 4586 , 135693 , 135694 , 135695 , 4653 , 4654 , 4655 , 4656 , 135742 , 135743 , 135744 , 135745 , 135746 , 135747 , 135748 , 135749 , 135750 , 135751 , 135752 , 135753 , 4683 , 4684 , 4685 , 4686 , 4687 , 135760 , 4689 , 4690 , 4691 , 4692 , 4693 , 4695 , 135768 , 4699 , 4701 , 4702 , 4705 , 4706 , 4707 , 4709 , 135783 , 135784 , 135785 , 135786 , 153704 , 135798 , 135799 , 135800 , 135801 , 135802 , 135804 , 135805 , 135806 , 135807 , 4739 , 135812 , 135816 , 135819 , 4748 , 135821 , 135822 , 4753 , 4754 , 4755 , 4756 , 4758 , 4759 , 4767 , 4769 , 4770 , 4771 , 4772 , 4776 , 4782 , 4783 , 4785 , 4786 , 4787 , 4791 , 4792 , 4795 , 4796 , 4797 , 4798 , 4799 , 4800 , 4801 , 4802 , 4805 , 135879 , 4808 , 4809 , 135882 , 4812 , 4813 , 4814 , 4815 , 4816 , 4817 , 4818 , 4819 , 4820 , 4821 , 4822 , 135895 , 135896 , 135898 , 135899 , 135908 , 135910 , 135911 , 135912 , 135913 , 135914 , 135915 , 135925 , 135926 , 135927 , 135928 , 135929 , 135930 , 135967 , 135968 , 135969 , 135970 , 135971 , 135972 , 135973 , 135974 , 135976 , 135977 , 135978 , 136009 , 136011 , 136014 , 131896 , 136019 , 136033 , 136038 , 136039 , 136040 , 136041 , 136042 , 136043 , 136044 , 136045 , 136055 , 136056 , 136057 , 136058 , 136059 , 136060 , 136061 , 136062 , 136066 , 136067 , 136068 , 136069 , 136070 , 136071 , 136104 , 136114 , 136115 , 136123 , 136124 , 136125 , 136126 , 136127 , 5058 , 136131 , 136161 , 136162 , 136163 , 136164 , 136165 , 136166 , 136167 , 5096 , 5097 , 5098 , 5099 , 5100 , 136204 , 5140 , 5158 , 5159 , 5160 , 5161 , 5162 , 136235 , 136237 , 136245 , 136249 , 136250 , 5181 , 136256 , 5185 , 136258 , 5187 , 5188 , 5189 , 5190 , 5191 , 5192 , 5193 , 5194 , 5195 , 5196 , 5197 , 5198 , 5199 , 5201 , 5204 , 5205 , 5209 , 5210 , 5211 , 5212 , 5213 , 136288 , 5217 , 5218 , 5219 , 5220 , 5221 , 5222 , 5227 , 5228 , 5230 , 5232 , 5233 , 5234 , 136307 , 136308 , 136309 , 136310 , 136311 , 136312 , 5241 , 5242 , 5243 , 136316 , 136317 , 136322 , 136323 , 136324 , 136325 , 136329 , 136330 , 136331 , 136340 , 136341 , 136342 , 136343 , 136353 , 5313 , 136386 , 136387 , 136388 , 136389 , 136390 , 136391 , 136398 , 136399 , 136400 , 136401 , 136403 , 136404 , 136405 , 136406 , 136407 , 136408 , 136409 , 136410 , 136411 , 136412 , 136413 , 136414 , 136415 , 136416 , 5346 , 136428 , 136429 , 136430 , 136431 , 136432 , 136433 , 136434 , 136435 , 5364 , 136448 , 136449 , 136456 , 136457 , 136458 , 136463 , 136507 , 136508 , 136509 , 136510 , 136511 , 136512 , 136513 , 136519 , 136521 , 136547 , 136548 , 5500 , 5501 , 5510 , 150844 , 5568 , 5569 , 136655 , 136656 , 136657 , 136658 , 136659 , 136661 , 136662 , 136663 , 136664 , 136665 , 136668 , 136669 , 136670 , 136671 , 136709 , 136711 , 132012 , 132013 , 132016 , 136739 , 136740 , 136742 , 132018 , 132020 , 136783 , 136785 , 136786 , 136789 , 136790 , 136791 , 136792 , 136793 , 139855 , 136795 , 136796 , 136797 , 136800 , 132029 , 5748 , 132030 , 5750 , 5767 , 5774 , 5775 , 5776 , 5777 , 5778 , 5785 , 5786 , 136899 , 136935 , 136936 , 136937 , 136940 , 136941 , 136953 , 136954 , 136955 , 136956 , 5893 , 5909 , 5910 , 136983 , 5912 , 5913 , 5914 , 5915 , 5916 , 136989 , 5918 , 5919 , 5924 , 5925 , 5929 , 5930 , 137013 , 137014 , 5952 , 5953 , 5954 , 5958 , 5959 , 5960 , 5963 , 137036 , 5965 , 5966 , 5967 , 5968 , 5969 , 5970 , 5971 , 137044 , 5974 , 5975 , 5976 , 5977 , 137050 , 137051 , 5980 , 137053 , 137054 , 137089 , 137092 , 137093 , 137094 , 6036 , 6037 , 6038 , 6039 , 6040 , 6041 , 6042 , 6043 , 137117 , 6054 , 6055 , 6056 , 6057 , 6058 , 6059 , 6076 , 6090 , 6091 , 6094 , 6096 , 6097 , 137196 , 137197 , 137198 , 137199 , 137200 , 137201 , 137202 , 137203 , 137204 , 137214 , 137215 , 137216 , 137217 , 137218 , 6161 , 6162 , 6163 , 6179 , 6180 , 6192 , 6193 , 6194 , 6195 , 6196 , 6197 , 6198 , 6199 , 6201 , 6202 , 6203 , 6204 , 6205 , 6206 , 6207 , 137289 , 137290 , 137291 , 6225 , 6226 , 137299 , 137300 , 6233 , 6234 , 6240 , 6241 , 6242 , 6247 , 6253 , 6254 , 6255 , 6256 , 6257 , 6259 , 6281 , 6282 , 6286 , 6287 , 6288 , 6290 , 6291 , 137364 , 6296 , 137400 , 137426 , 137427 , 137428 , 137429 , 137430 , 137435 , 137438 , 137440 , 137444 , 137445 , 137451 , 137452 , 137453 , 137454 , 6395 , 6396 , 6397 , 137473 , 137479 , 137480 , 137481 , 137489 , 137490 , 137491 , 137492 , 137493 , 137494 , 137497 , 137498 , 137500 , 137501 , 6430 , 6431 , 137504 , 137505 , 137506 , 6438 , 6439 , 6440 , 6441 , 6442 , 6443 , 6444 , 137550 , 137551 , 137552 , 137553 , 137554 , 137555 , 137573 , 6506 , 6507 , 6516 , 148611 , 6534 , 6535 , 6536 , 6538 , 6539 , 6540 , 6541 , 6542 , 6543 , 6544 , 6545 , 6547 , 6548 , 6560 , 137648 , 137650 , 137651 , 137656 , 137657 , 137661 , 137662 , 137663 , 137664 , 137665 , 137666 , 137667 , 6601 , 6602 , 6607 , 6608 , 137684 , 137685 , 6617 , 6618 , 6621 , 137695 , 137696 , 137697 , 137698 , 137711 , 137713 , 137714 , 137769 , 137770 , 137771 , 137772 , 137773 , 6702 , 6707 , 6708 , 6709 , 6710 , 6711 , 6712 , 137785 , 6714 , 6715 , 6717 , 6718 , 6719 , 6720 , 6726 , 6727 , 6728 , 6737 , 6739 , 6740 , 6741 , 6742 , 6744 , 135344 , 137821 , 137822 , 137823 , 137824 , 137825 , 137826 , 137827 , 137828 , 137829 , 137830 , 137831 , 137832 , 6765 , 6766 , 6767 , 6768 , 6769 , 6770 , 6773 , 137850 , 137851 , 137857 , 137858 , 137859 , 137860 , 137861 , 137862 , 137863 , 137864 , 6794 , 6795 , 6796 , 6797 , 137870 , 6801 , 6802 , 6803 , 6807 , 6814 , 6815 , 6816 , 6817 , 137912 , 137913 , 137914 , 137920 , 137923 , 137949 , 137970 , 137977 , 137978 , 137979 , 137980 , 137983 , 137984 , 137985 , 137986 , 137989 , 137990 , 137994 , 137995 , 138001 , 138010 , 138011 , 138012 , 138013 , 138014 , 138015 , 138016 , 138017 , 138018 , 138019 , 138020 , 138021 , 138023 , 138024 , 138026 , 138027 , 138028 , 138029 , 138030 , 138031 , 138033 , 138034 , 138035 , 138036 , 138037 , 138038 , 138039 , 138040 , 138043 , 138044 , 138045 , 138046 , 138049 , 132236 , 132238 , 138071 , 138072 , 138073 , 132239 , 138076 , 138083 , 138084 , 138085 , 138086 , 138087 , 138088 , 138089 , 138091 , 138092 , 138093 , 138094 , 138095 , 138096 , 138097 , 138098 , 138099 , 7032 , 7033 , 7034 , 138148 , 138149 , 138152 , 138157 , 138158 , 138159 , 7091 , 7092 , 7093 , 7094 , 7096 , 132255 , 138175 , 138176 , 132256 , 138178 , 138179 , 138180 , 138181 , 138182 , 132257 , 138184 , 138187 , 138188 , 132258 , 138190 , 138193 , 7122 , 138195 , 138198 , 7128 , 7129 , 7130 , 138203 , 7132 , 7133 , 7134 , 7140 , 138228 , 138229 , 138231 , 138263 , 138264 , 138265 , 138266 , 138267 , 138282 , 7222 , 7223 , 7224 , 7227 , 7228 , 7268 , 138344 , 138345 , 138346 , 138347 , 138348 , 138349 , 138350 , 7279 , 7280 , 7281 , 7282 , 7283 , 7284 , 7285 , 7288 , 138361 , 7290 , 7291 , 138364 , 138365 , 138366 , 138367 , 7297 , 7298 , 7299 , 7300 , 7303 , 7304 , 7306 , 138382 , 138383 , 138385 , 138386 , 138387 , 138393 , 138401 , 138402 , 7331 , 138404 , 138405 , 138406 , 138407 , 138408 , 138410 , 138411 , 138412 , 138413 , 138414 , 138417 , 138418 , 138419 , 138420 , 144077 , 138425 , 138426 , 138427 , 138428 , 138430 , 132299 , 132300 , 138451 , 138454 , 138455 , 138456 , 138457 , 138458 , 138459 , 138460 , 138461 , 138463 , 138470 , 138471 , 138472 , 138485 , 138486 , 138487 , 7427 , 7428 , 7431 , 7432 , 7434 , 7446 , 138564 , 138565 , 138566 , 138567 , 138568 , 138569 , 138570 , 138571 , 138572 , 138575 , 138576 , 138579 , 138580 , 138601 , 138602 , 138603 , 138604 , 138605 , 138611 , 7554 , 7566 , 7567 , 7568 , 7575 , 7576 , 138650 , 138651 , 138652 , 7623 , 7638 , 7639 , 7642 , 7643 , 7644 , 7645 , 138718 , 7647 , 7648 , 7649 , 138722 , 7651 , 138724 , 138725 , 138726 , 138727 , 138728 , 7657 , 7658 , 7659 , 7660 , 7661 , 7662 , 7663 , 7664 , 138738 , 7667 , 7668 , 7670 , 138743 , 138744 , 138745 , 7683 , 138761 , 7714 , 7715 , 7716 , 7717 , 7720 , 138793 , 138794 , 7728 , 7729 , 7730 , 7732 , 7733 , 7736 , 7798 , 7799 , 7805 , 7806 , 7807 , 7808 , 7809 , 7810 , 7811 , 7812 , 7813 , 7814 , 7817 , 7818 , 7820 , 7821 , 7822 , 7825 , 7826 , 7827 , 7828 , 7829 , 7830 , 7831 , 7832 , 7833 , 138907 , 7836 , 132378 , 138913 , 138914 , 138915 , 138916 , 138917 , 138918 , 138926 , 138927 , 138928 , 138929 , 138930 , 138931 , 7876 , 7877 , 7878 , 138954 , 138955 , 138956 , 138957 , 138958 , 138959 , 138984 , 139008 , 139009 , 139010 , 139011 , 139012 , 139013 , 132396 , 139031 , 139035 , 139036 , 132400 , 7972 , 139047 , 7980 , 7981 , 7986 , 7987 , 139060 , 139061 , 139062 , 139063 , 139064 , 132404 , 132408 , 139104 , 8061 , 8062 , 8063 , 8064 , 139138 , 8067 , 139140 , 8089 , 8090 , 8093 , 8095 , 8096 , 8097 , 8098 , 8099 , 139174 , 8103 , 8104 , 8105 , 8106 , 8107 , 139180 , 8129 , 8130 , 8131 , 8132 , 8159 , 132432 , 132433 , 132434 , 139248 , 139249 , 139250 , 132437 , 139264 , 8197 , 139270 , 139271 , 139272 , 139273 , 139274 , 139279 , 139280 , 139283 , 139285 , 139286 , 139287 , 139288 , 139291 , 139292 , 139293 , 139294 , 139295 , 139296 , 139297 , 139299 , 139300 , 139301 , 139302 , 139303 , 139307 , 139308 , 139309 , 139310 , 139311 , 139312 , 139321 , 139322 , 139323 , 139324 , 139325 , 139327 , 139328 , 139330 , 139331 , 139332 , 139333 , 139334 , 139335 , 139336 , 139337 , 139346 , 139347 , 139348 , 139349 , 139350 , 139351 , 139352 , 139353 , 139355 , 139356 , 139357 , 139358 , 8298 , 139377 , 139378 , 139379 , 139380 , 139404 , 139405 , 139406 , 139407 , 139408 , 139414 , 139415 , 139416 , 139420 , 139421 , 139422 , 139425 , 139426 , 139427 , 139428 , 139429 , 139430 , 139431 , 139432 , 139434 , 139435 , 139436 , 139437 , 139438 , 139439 , 139440 , 139441 , 139442 , 139443 , 8372 , 139445 , 139446 , 139447 , 139448 , 139449 , 139450 , 139451 , 139452 , 139453 , 8382 , 8383 , 8384 , 8385 , 8390 , 139463 , 8392 , 8393 , 139466 , 139468 , 139469 , 139470 , 8399 , 8400 , 8401 , 139474 , 139475 , 139476 , 139477 , 139478 , 139479 , 139480 , 139486 , 139487 , 154322 , 139524 , 139525 , 139526 , 139551 , 139569 , 139570 , 139571 , 139572 , 139573 , 139576 , 139577 , 139578 , 139579 , 139582 , 139583 , 139584 , 139585 , 139587 , 8546 , 8548 , 8549 , 8567 , 8575 , 139648 , 139649 , 139652 , 139653 , 139667 , 139693 , 139694 , 139698 , 139701 , 139702 , 139703 , 139704 , 139705 , 139707 , 139708 , 139733 , 8663 , 139758 , 139759 , 139760 , 139761 , 139762 , 139766 , 139774 , 139775 , 139776 , 139777 , 139778 , 139781 , 8718 , 139801 , 139802 , 139803 , 139804 , 139805 , 139812 , 139813 , 154376 , 154377 , 139837 , 139838 , 139839 , 139840 , 154379 , 139844 , 139845 , 139846 , 8775 , 8776 , 139849 , 139850 , 8779 , 139852 , 8782 , 8783 , 8784 , 8785 , 8786 , 139860 , 8789 , 8790 , 8791 , 8793 , 8797 , 8798 , 139893 , 139894 , 139895 , 139896 , 139897 , 139898 , 139899 , 139900 , 139901 , 139902 , 139903 , 139905 , 139906 , 139907 , 139908 , 139909 , 139910 , 139913 , 139914 , 8843 , 8844 , 8845 , 139923 , 139925 , 139926 , 8855 , 8856 , 139929 , 139940 , 8874 , 8875 , 8876 , 139949 , 139952 , 139955 , 8884 , 8885 , 139975 , 8918 , 8919 , 8927 , 140011 , 140012 , 140013 , 140014 , 140015 , 140016 , 140017 , 8955 , 8956 , 8957 , 140031 , 140032 , 8961 , 8962 , 8963 , 8964 , 8965 , 8990 , 8991 , 140067 , 140071 , 140072 , 140073 , 140074 , 9003 , 9004 , 9005 , 9008 , 9009 , 9010 , 9011 , 9012 , 9013 , 9014 , 9015 , 9016 , 9023 , 9024 , 9025 , 9031 , 9032 , 9033 , 9034 , 9035 , 9036 , 9037 , 9038 , 9039 , 9040 , 9041 , 9042 , 132579 , 9047 , 9048 , 9049 , 9050 , 9051 , 9052 , 132581 , 140128 , 140129 , 140131 , 132582 , 132584 , 132585 , 9084 , 9085 , 9086 , 9087 , 9088 , 9089 , 9090 , 132588 , 132589 , 9111 , 9112 , 9113 , 9114 , 9115 , 9118 , 9119 , 9121 , 9122 , 9125 , 9126 , 140199 , 140200 , 140201 , 140202 , 140203 , 140204 , 140205 , 9134 , 9135 , 9136 , 9137 , 140210 , 140211 , 9140 , 140213 , 140214 , 9143 , 9144 , 140217 , 140218 , 140228 , 140232 , 140233 , 140234 , 140235 , 140241 , 140247 , 140249 , 140250 , 140251 , 140252 , 140253 , 140268 , 140269 , 140270 , 140271 , 140272 , 140273 , 9205 , 9206 , 9207 , 9208 , 9209 , 9210 , 9211 , 9212 , 9214 , 9215 , 9216 , 9218 , 9219 , 9220 , 140293 , 140294 , 140295 , 140326 , 140327 , 140335 , 140336 , 140337 , 140339 , 140340 , 140342 , 140349 , 140350 , 140353 , 140354 , 140355 , 140356 , 140357 , 140358 , 140359 , 140360 , 140361 , 140362 , 140363 , 140364 , 140365 , 140366 , 140367 , 140369 , 140370 , 9300 , 9301 , 9303 , 9304 , 140377 , 9306 , 140379 , 9308 , 9309 , 9311 , 9314 , 9315 , 9316 , 9317 , 9318 , 9319 , 9320 , 9325 , 140404 , 140405 , 140406 , 9345 , 9346 , 9347 , 140431 , 140432 , 140433 , 140434 , 140441 , 140445 , 140446 , 140450 , 140451 , 140464 , 140465 , 140469 , 140470 , 140471 , 140472 , 140473 , 140474 , 140484 , 140485 , 140486 , 9415 , 140488 , 140489 , 140490 , 140491 , 140492 , 140493 , 140494 , 140495 , 140496 , 140498 , 140499 , 140500 , 140501 , 140502 , 140503 , 140504 , 140505 , 140506 , 140507 , 140508 , 140528 , 140529 , 140530 , 140531 , 140535 , 140536 , 9465 , 9466 , 9468 , 9469 , 9470 , 9471 , 140546 , 140547 , 140561 , 9491 , 9495 , 9500 , 9501 , 9502 , 9503 , 9504 , 9505 , 140592 , 140593 , 140594 , 140595 , 140596 , 140598 , 140601 , 140608 , 140609 , 140613 , 140615 , 140616 , 140617 , 140623 , 140629 , 140630 , 140631 , 140632 , 140633 , 140634 , 140635 , 140640 , 140641 , 140642 , 140643 , 140644 , 140645 , 140646 , 140647 , 140648 , 140649 , 9581 , 9586 , 9587 , 9591 , 9593 , 9595 , 9597 , 9600 , 9601 , 9603 , 9604 , 9605 , 9607 , 9608 , 9610 , 9611 , 9613 , 9614 , 9615 , 9616 , 9620 , 9621 , 9622 , 9650 , 9651 , 9652 , 9653 , 9654 , 9666 , 9667 , 9668 , 9669 , 9670 , 9671 , 9675 , 9677 , 9678 , 9679 , 9680 , 9681 , 9683 , 9685 , 9686 , 9690 , 140764 , 140765 , 140766 , 140767 , 9697 , 9698 , 9699 , 9700 , 9737 , 9738 , 9740 , 9741 , 9742 , 9743 , 9744 , 9745 , 9746 , 9747 , 9748 , 9749 , 9750 , 9753 , 9754 , 9766 , 140862 , 140864 , 140866 , 140867 , 140868 , 140870 , 140874 , 140876 , 140877 , 140878 , 140879 , 140880 , 140882 , 9811 , 9812 , 9813 , 144356 , 9829 , 140922 , 140923 , 140924 , 140925 , 140926 , 140927 , 140928 , 140932 , 140933 , 140934 , 140935 , 9864 , 9865 , 9866 , 140939 , 140950 , 140951 , 140954 , 140955 , 140956 , 9903 , 9904 , 9905 , 9906 , 9907 , 9908 , 9910 , 9911 , 9913 , 140996 , 140997 , 141005 , 141006 , 141007 , 141008 , 141009 , 9938 , 9940 , 9944 , 9945 , 9946 , 9947 , 9949 , 9950 , 9951 , 9953 , 9954 , 9959 , 9960 , 9961 , 9965 , 9966 , 9969 , 9970 , 9971 , 9972 , 9973 , 9975 , 10003 , 10004 , 10005 , 10006 , 141082 , 141083 , 10012 , 10013 , 10014 , 10015 , 10016 , 10017 , 141090 , 141091 , 10020 , 10021 , 10022 , 10023 , 10024 , 10025 , 10026 , 10027 , 10028 , 10029 , 10030 , 10031 , 10032 , 10033 , 10034 , 10062 , 10069 , 10070 , 10071 , 10072 , 10092 , 10093 , 10094 , 10095 , 10097 , 10098 , 10103 , 10104 , 10105 , 10111 , 10112 , 141186 , 141187 , 141188 , 141193 , 141194 , 141195 , 141196 , 141197 , 141198 , 141199 , 141200 , 141202 , 141203 , 141207 , 141256 , 141257 , 141258 , 141259 , 141260 , 141261 , 141262 , 141263 , 141264 , 141265 , 10195 , 10196 , 10197 , 10198 , 141271 , 10203 , 10204 , 141317 , 141318 , 141319 , 141320 , 141321 , 10271 , 141351 , 141352 , 141353 , 141358 , 141359 , 141360 , 141361 , 141362 , 141364 , 141365 , 141367 , 141368 , 141369 , 141373 , 132789 , 141376 , 141377 , 132790 , 141383 , 141384 , 141385 , 141386 , 141391 , 141392 , 141393 , 141394 , 141395 , 141396 , 141401 , 141402 , 141403 , 141405 , 141406 , 141407 , 141408 , 141409 , 141410 , 141411 , 141413 , 141414 , 141415 , 10344 , 10345 , 10346 , 141420 , 10349 , 10350 , 141423 , 141424 , 10353 , 141426 , 141438 , 141439 , 141440 , 141441 , 141442 , 141443 , 141444 , 141445 , 141446 , 10386 , 10393 , 141469 , 141470 , 10410 , 10411 , 10412 , 10413 , 10414 , 10415 , 10417 , 10418 , 10419 , 10420 , 10421 , 10422 , 10424 , 10426 , 141513 , 141551 , 141552 , 141553 , 141554 , 141555 , 141556 , 10543 , 10545 , 10546 , 10581 , 10582 , 141661 , 141662 , 141663 , 141664 , 141665 , 141666 , 141667 , 10596 , 10597 , 10629 , 10632 , 141708 , 10657 , 10666 , 10667 , 10669 , 10671 , 10672 , 10673 , 10675 , 10676 , 10677 , 10679 , 10680 , 141757 , 141758 , 10722 , 10724 , 141825 , 141826 , 141832 , 10766 , 10769 , 141843 , 132870 , 132871 , 141870 , 141871 , 141872 , 132872 , 141874 , 141875 , 141876 , 141877 , 141878 , 132873 , 141880 , 141881 , 132874 , 141886 , 141887 , 141888 , 141889 , 132875 , 141892 , 10871 , 10879 , 10880 , 10882 , 10884 , 10885 , 10886 , 140027 , 140028 , 141998 , 141999 , 10931 , 142011 , 142012 , 10941 , 10942 , 10943 , 10944 , 10945 , 10946 , 10947 , 10949 , 10950 , 142023 , 142024 , 10953 , 10954 , 10955 , 10956 , 10957 , 10958 , 10959 , 10960 , 10961 , 10962 , 10963 , 142036 , 142037 , 142038 , 10967 , 10968 , 142041 , 142047 , 142048 , 142049 , 142050 , 142066 , 142073 , 142076 , 142078 , 11010 , 11011 , 142086 , 142101 , 142103 , 142104 , 142105 , 142106 , 142108 , 142109 , 142110 , 11060 , 11061 , 11062 , 11064 , 142146 , 142147 , 142148 , 142149 , 142157 , 142162 , 142163 , 11094 , 11095 , 11096 , 11097 , 11098 , 11099 , 11114 , 11115 , 11116 , 11117 , 11118 , 11120 , 11123 , 11133 , 11149 , 11150 , 11151 , 11152 , 142229 , 11166 , 11167 , 11168 , 142241 , 142242 , 142246 , 142256 , 142259 , 142294 , 11244 , 11248 , 11249 , 142353 , 142354 , 142355 , 142377 , 142378 , 142379 , 142380 , 142381 , 142382 , 142383 , 142384 , 142401 , 148468 , 142418 , 142419 , 142420 , 142421 , 142422 , 142423 , 142425 , 142426 , 142428 , 142429 , 142430 , 142433 , 142434 , 142435 , 142436 , 142443 , 142444 , 142446 , 142447 , 142448 , 11377 , 11378 , 11379 , 11380 , 142453 , 142454 , 142455 , 11386 , 11387 , 11389 , 11390 , 11391 , 11392 , 142465 , 11394 , 11395 , 11396 , 11397 , 11398 , 11399 , 11400 , 11403 , 11404 , 142477 , 11406 , 11407 , 11411 , 11412 , 11413 , 11421 , 11422 , 11423 , 11424 , 11425 , 142498 , 11427 , 142500 , 142501 , 142502 , 142503 , 142504 , 142505 , 142506 , 142507 , 142508 , 142509 , 142510 , 142513 , 11452 , 11453 , 11454 , 142527 , 142528 , 142529 , 142530 , 11469 , 11471 , 11472 , 142545 , 142546 , 11486 , 11487 , 11491 , 11495 , 11500 , 11501 , 154836 , 11523 , 11535 , 11536 , 11539 , 11540 , 11541 , 11548 , 11549 , 11550 , 11551 , 11553 , 142626 , 142627 , 142628 , 142629 , 142630 , 11559 , 11565 , 11569 , 11570 , 11571 , 11572 , 11574 , 11575 , 11577 , 11580 , 11609 , 11610 , 11613 , 11614 , 11615 , 11617 , 11618 , 11619 , 142701 , 133013 , 11665 , 11666 , 142751 , 142752 , 142753 , 142754 , 142755 , 11709 , 11710 , 11712 , 11739 , 11740 , 11753 , 11754 , 11755 , 11756 , 11761 , 11762 , 11769 , 11770 , 11771 , 11783 , 11784 , 11785 , 11786 , 11788 , 11791 , 11792 , 142869 , 142870 , 142871 , 11800 , 11801 , 11802 , 142875 , 11804 , 11805 , 11806 , 11808 , 11809 , 11810 , 11813 , 11815 , 11817 , 11818 , 11819 , 11820 , 11821 , 11822 , 11823 , 11824 , 11825 , 11826 , 11827 , 11828 , 11829 , 11832 , 11833 , 11834 , 11837 , 11838 , 11839 , 11840 , 11841 , 11842 , 11844 , 11845 , 11846 , 11847 , 11848 , 11849 , 11853 , 11854 , 11855 , 11856 , 11857 , 11880 , 11881 , 142957 , 142959 , 142960 , 142961 , 142962 , 142967 , 142968 , 142969 , 142970 , 142971 , 142972 , 142973 , 142974 , 142975 , 142976 , 142977 , 142979 , 142980 , 142981 , 142982 , 142983 , 142985 , 142986 , 142987 , 142988 , 142989 , 142990 , 142991 , 142992 , 142993 , 142994 , 142998 , 142999 , 143000 , 143001 , 143002 , 143003 , 143004 , 143005 , 143030 , 143031 , 143032 , 143033 , 143034 , 143035 , 143036 , 143040 , 143047 , 143048 , 12004 , 12005 , 12006 , 12007 , 12008 , 12016 , 12017 , 12018 , 12024 , 12025 , 12027 , 12034 , 12035 , 12036 , 12037 , 12038 , 12039 , 12040 , 143113 , 12047 , 12048 , 12049 , 12050 , 12051 , 12064 , 12065 , 12067 , 12068 , 143141 , 12091 , 12092 , 12093 , 12110 , 12111 , 12112 , 12113 , 12114 , 12115 , 12116 , 143189 , 12122 , 12123 , 12124 , 12125 , 12126 , 12127 , 143200 , 12139 , 12141 , 12146 , 12153 , 12154 , 143228 , 143229 , 12161 , 12163 , 143237 , 143238 , 143239 , 143240 , 143241 , 143242 , 143243 , 143244 , 143245 , 12174 , 12175 , 12176 , 12177 , 12178 , 12179 , 12180 , 143253 , 143255 , 143256 , 143257 , 143258 , 143259 , 143260 , 143261 , 12196 , 12203 , 12204 , 12205 , 12206 , 12207 , 12208 , 12209 , 12210 , 12211 , 12212 , 143285 , 12217 , 12218 , 12219 , 12220 , 12221 , 12222 , 12227 , 12228 , 12229 , 12230 , 12231 , 12232 , 12233 , 12234 , 143311 , 12256 , 12257 , 12258 , 12261 , 12262 , 12263 , 12264 , 143339 , 12268 , 143343 , 143344 , 143345 , 143346 , 143348 , 143349 , 143351 , 143352 , 143353 , 143354 , 143359 , 143360 , 143391 , 143392 , 143393 , 143394 , 143395 , 143396 , 143397 , 143398 , 143399 , 12351 , 12368 , 12369 , 143442 , 143443 , 143444 , 12373 , 12374 , 12375 , 12376 , 12377 , 12378 , 12379 , 12380 , 12381 , 12382 , 12383 , 12415 , 12416 , 12417 , 12422 , 12423 , 12424 , 12425 , 12426 , 12427 , 12428 , 12429 , 12430 , 12432 , 143507 , 143508 , 12439 , 143512 , 143513 , 12460 , 12506 , 143609 , 143615 , 143616 , 143617 , 143618 , 143619 , 143620 , 143621 , 143622 , 143623 , 143627 , 133165 , 12626 , 12627 , 12628 , 12629 , 12630 , 12631 , 12632 , 12649 , 12650 , 12651 , 12653 , 12660 , 12661 , 12662 , 12663 , 12664 , 143740 , 143741 , 143742 , 143743 , 143744 , 143745 , 143746 , 143747 , 143749 , 143750 , 143795 , 143796 , 143804 , 143805 , 143806 , 143807 , 143808 , 143809 , 143810 , 143811 , 12740 , 12760 , 12761 , 12762 , 12764 , 12765 , 12766 , 12767 , 12772 , 12773 , 12774 , 12775 , 143854 , 143855 , 143856 , 143857 , 143858 , 143859 , 143860 , 143861 , 143863 , 143864 , 143869 , 143885 , 143886 , 143887 , 12859 , 12860 , 12861 , 12862 , 12863 , 12864 , 12865 , 12866 , 12867 , 12872 , 143946 , 12876 , 133218 , 12880 , 12881 , 12882 , 133219 , 12886 , 12887 , 12888 , 12889 , 12890 , 12891 , 12892 , 12893 , 12895 , 12896 , 143979 , 143980 , 143981 , 143982 , 143983 , 143984 , 133224 , 143986 , 143987 , 143988 , 143989 , 12920 , 12924 , 143998 , 12928 , 12929 , 12931 , 12932 , 12933 , 144006 , 12938 , 12939 , 144036 , 144037 , 13000 , 144073 , 13002 , 13003 , 13004 , 13005 , 144078 , 13007 , 13008 , 13009 , 13010 , 13011 , 13013 , 13014 , 13015 , 13016 , 13023 , 13024 , 13025 , 144104 , 13051 , 13067 , 13070 , 13071 , 144152 , 144183 , 144184 , 144185 , 144186 , 144187 , 144188 , 144189 , 144190 , 144195 , 13133 , 13134 , 144207 , 13136 , 13137 , 13141 , 13142 , 13143 , 13144 , 13145 , 13146 , 13147 , 13149 , 13150 , 13151 , 13152 , 13153 , 13154 , 13181 , 13182 , 13183 , 144267 , 144268 , 144269 , 144270 , 144271 , 13208 , 13209 , 144296 , 144297 , 13232 , 13233 , 13234 , 144314 , 144315 , 144316 , 144317 , 144318 , 144319 , 144320 , 144321 , 13258 , 13259 , 144346 , 144347 , 144348 , 144349 , 144350 , 13279 , 13280 , 13281 , 13283 , 13284 , 13285 , 13286 , 144359 , 13288 , 13290 , 13291 , 13292 , 13294 , 13295 , 13296 , 13298 , 13300 , 13301 , 13302 , 13303 , 13304 , 144405 , 144461 , 144462 , 144463 , 144464 , 144465 , 144466 , 144470 , 144471 , 144472 , 144476 , 144477 , 144489 , 144490 , 144491 , 144492 , 144493 , 144497 , 144498 , 144499 , 144501 , 144502 , 144503 , 144504 , 13433 , 13434 , 13435 , 13436 , 13437 , 13438 , 13439 , 13440 , 13444 , 13446 , 13447 , 13448 , 13450 , 13451 , 13452 , 13453 , 13454 , 13456 , 13458 , 13459 , 13462 , 13463 , 13471 , 13472 , 13473 , 13477 , 13487 , 13488 , 13504 , 144642 , 144643 , 144654 , 144655 , 144657 , 144661 , 144662 , 144663 , 144664 , 144665 , 144667 , 144668 , 144669 , 144670 , 144671 , 144672 , 144673 , 144675 , 144676 , 144677 , 144680 , 144681 , 144682 , 144683 , 144684 , 144685 , 144689 , 144690 , 144691 , 144692 , 144696 , 144712 , 144713 , 13642 , 13643 , 144716 , 144717 , 144718 , 133347 , 13653 , 144726 , 13655 , 13657 , 144730 , 13659 , 13660 , 13661 , 13662 , 13663 , 13664 , 144755 , 144756 , 144757 , 144758 , 144759 , 144760 , 144761 , 144762 , 144763 , 144764 , 133354 , 133355 , 13700 , 13701 , 13702 , 13703 , 13704 , 13705 , 13710 , 13711 , 13712 , 13715 , 13720 , 144793 , 144794 , 144795 , 144796 , 144797 , 144799 , 144800 , 144801 , 13732 , 13733 , 13734 , 13735 , 13736 , 13737 , 13738 , 13740 , 13741 , 13742 , 13743 , 13744 , 13745 , 133363 , 133365 , 13760 , 144840 , 144841 , 144842 , 144843 , 13772 , 13773 , 144846 , 144847 , 144848 , 13777 , 13778 , 13779 , 13780 , 144853 , 144854 , 13783 , 13784 , 13785 , 13786 , 13787 , 13788 , 13789 , 144862 , 13794 , 13795 , 144874 , 144875 , 144876 , 144877 , 144879 , 144880 , 144881 , 144882 , 144883 , 13812 , 13813 , 13814 , 144894 , 133379 , 144916 , 144919 , 144920 , 144921 , 144922 , 144923 , 144924 , 144925 , 144926 , 133381 , 13862 , 13863 , 13864 , 13865 , 13869 , 13876 , 144950 , 13879 , 13880 , 13881 , 13882 , 13883 , 13884 , 133386 , 13886 , 13888 , 13889 , 133387 , 144966 , 144967 , 133388 , 133390 , 144982 , 133391 , 144990 , 144991 , 13930 , 13936 , 13937 , 13938 , 133396 , 145019 , 145020 , 133397 , 145024 , 133398 , 145055 , 13989 , 13990 , 13991 , 13992 , 13993 , 13994 , 13995 , 14001 , 14002 , 155251 , 145077 , 145078 , 14007 , 14008 , 155252 , 14010 , 14011 , 145084 , 145085 , 145086 , 145089 , 145090 , 145095 , 145096 , 145097 , 135767 , 145103 , 145105 , 145108 , 145109 , 145128 , 145129 , 145130 , 145131 , 145132 , 145134 , 145135 , 145136 , 145137 , 14074 , 145147 , 14080 , 14086 , 14087 , 14089 , 14090 , 14091 , 14098 , 14099 , 14100 , 14101 , 145182 , 145183 , 145184 , 145185 , 145186 , 145187 , 145215 , 145216 , 145226 , 14155 , 14156 , 145229 , 145230 , 145233 , 145234 , 145235 , 145236 , 145237 , 145238 , 145239 , 145240 , 145241 , 145242 , 145243 , 14172 , 14173 , 14174 , 145247 , 145248 , 145249 , 14178 , 14179 , 14180 , 14181 , 145254 , 14183 , 14184 , 14185 , 145258 , 145259 , 145260 , 145261 , 145262 , 14192 , 14193 , 14194 , 14195 , 145273 , 14209 , 14210 , 14211 , 14212 , 14213 , 145321 , 145328 , 145342 , 145343 , 145348 , 145349 , 14278 , 145351 , 145352 , 145357 , 145367 , 145368 , 145369 , 145372 , 145373 , 145375 , 145376 , 14308 , 14309 , 14313 , 14314 , 145392 , 14321 , 14322 , 14323 , 14324 , 14325 , 14326 , 14327 , 14328 , 14329 , 14330 , 14331 , 14333 , 14334 , 14335 , 14336 , 14337 , 145416 , 145417 , 145418 , 145419 , 145420 , 145421 , 145422 , 145426 , 145427 , 145428 , 145429 , 145430 , 145431 , 145432 , 145433 , 145434 , 145441 , 14373 , 14374 , 14375 , 14383 , 14384 , 14385 , 14386 , 14387 , 14388 , 14389 , 14396 , 14397 , 14404 , 14405 , 145488 , 145489 , 145490 , 14426 , 14430 , 14431 , 14432 , 14433 , 14434 , 14435 , 14436 , 14437 , 14441 , 14442 , 14443 , 14444 , 14445 , 14446 , 14449 , 14450 , 14451 , 14457 , 14458 , 14460 , 14463 , 14464 , 14465 , 14466 , 145561 , 145564 , 145565 , 155333 , 145571 , 145572 , 145573 , 155335 , 155336 , 155337 , 155338 , 14541 , 14547 , 14548 , 145623 , 145624 , 14553 , 14554 , 145627 , 14556 , 145629 , 145630 , 145631 , 145632 , 145633 , 155345 , 155346 , 14584 , 155348 , 145661 , 145662 , 145663 , 14594 , 14595 , 14597 , 14598 , 14599 , 14600 , 14601 , 14603 , 14605 , 14606 , 14607 , 14609 , 14610 , 14611 , 14612 , 14614 , 14616 , 14626 , 14627 , 14632 , 14633 , 14634 , 14635 , 14654 , 14672 , 155365 , 14701 , 14725 , 14726 , 14727 , 14728 , 14729 , 14730 , 14731 , 14732 , 14734 , 14735 , 14736 , 145809 , 145810 , 145811 , 14740 , 14741 , 14742 , 14743 , 14746 , 14748 , 14750 , 14751 , 14752 , 14754 , 145827 , 145828 , 14757 , 145830 , 145848 , 14777 , 14778 , 14779 , 14780 , 145853 , 145854 , 145855 , 145856 , 145857 , 145858 , 145859 , 145860 , 145861 , 145863 , 145864 , 145865 , 145866 , 145867 , 145869 , 145870 , 145871 , 145872 , 145873 , 145874 , 145875 , 145876 , 145877 , 145878 , 145879 , 145880 , 145881 , 145883 , 145884 , 145885 , 14817 , 14820 , 14821 , 14822 , 14823 , 14824 , 14825 , 14826 , 145902 , 145903 , 145904 , 145905 , 145906 , 145907 , 14836 , 14837 , 14838 , 14839 , 14840 , 14841 , 14843 , 14844 , 145920 , 14849 , 14850 , 145923 , 145924 , 14856 , 145929 , 145930 , 14859 , 145932 , 145933 , 145934 , 145944 , 145945 , 145947 , 14880 , 14881 , 145975 , 145976 , 145977 , 145978 , 145979 , 145980 , 145981 , 14938 , 14939 , 14940 , 14941 , 14942 , 146015 , 146016 , 146017 , 146018 , 146019 , 14954 , 14955 , 14957 , 14959 , 146034 , 146037 , 146038 , 146039 , 146040 , 146041 , 146042 , 146043 , 146044 , 146045 , 146046 , 146047 , 146048 , 146049 , 146050 , 146051 , 146052 , 146053 , 146054 , 146056 , 146057 , 146059 , 146060 , 14989 , 14990 , 14991 , 14992 , 14993 , 14994 , 146067 , 14996 , 14997 , 15001 , 146074 , 146075 , 146076 , 146077 , 146078 , 146079 , 146080 , 15009 , 15010 , 15012 , 15013 , 15018 , 15019 , 15020 , 15021 , 15024 , 15025 , 15026 , 15027 , 15028 , 15035 , 15036 , 146110 , 146111 , 146112 , 146113 , 146114 , 146115 , 146116 , 146129 , 146130 , 146131 , 146132 , 146133 , 146134 , 146135 , 146136 , 146137 , 146138 , 146139 , 146140 , 146144 , 146145 , 146146 , 146147 , 146148 , 146149 , 146150 , 146151 , 146152 , 133586 , 146158 , 146160 , 133587 , 146166 , 146174 , 146175 , 146176 , 146177 , 146178 , 146179 , 146181 , 146187 , 146188 , 146189 , 146190 , 146191 , 146192 , 146193 , 146194 , 146197 , 146200 , 15135 , 15136 , 15142 , 15143 , 15145 , 15146 , 15147 , 15154 , 15158 , 15159 , 15160 , 15161 , 15163 , 15164 , 15165 , 15168 , 15169 , 15170 , 15171 , 15173 , 15178 , 15179 , 15180 , 15181 , 15182 , 15183 , 15184 , 15188 , 146269 , 15203 , 15204 , 15205 , 15206 , 15207 , 15208 , 15209 , 15210 , 15211 , 15212 , 15213 , 15214 , 15215 , 15216 , 15217 , 15227 , 15228 , 15229 , 15234 , 15235 , 15236 , 15237 , 15239 , 15240 , 15241 , 15242 , 15243 , 15244 , 15252 , 146334 , 146335 , 146336 , 146337 , 146338 , 146340 , 15321 , 15322 , 15323 , 15324 , 15328 , 15329 , 15336 , 15337 , 15340 , 15341 , 15342 , 146436 , 146437 , 146438 , 146440 , 146468 , 15442 , 15446 , 15468 , 15469 , 15470 , 15471 , 15472 , 15473 , 15475 , 15477 , 15478 , 15479 , 15480 , 15482 , 15483 , 15486 , 15487 , 15490 , 15491 , 146564 , 146580 , 146582 , 155505 , 155506 , 155507 , 146622 , 146623 , 146624 , 146626 , 146627 , 146628 , 146629 , 146630 , 146631 , 146704 , 146706 , 146707 , 146708 , 146711 , 15653 , 15654 , 15655 , 15657 , 15658 , 15659 , 146732 , 146733 , 146734 , 15663 , 15664 , 146737 , 146738 , 146739 , 146740 , 146743 , 146744 , 146749 , 15679 , 15680 , 15682 , 15683 , 15684 , 15685 , 15686 , 15694 , 146778 , 146779 , 146780 , 15709 , 15710 , 15711 , 15712 , 15713 , 146787 , 146788 , 146791 , 146792 , 146793 , 146794 , 146795 , 15726 , 15727 , 15729 , 146802 , 146803 , 15734 , 15735 , 15738 , 15739 , 15740 , 15742 , 15743 , 15746 , 15747 , 15748 , 15749 , 146822 , 146823 , 146835 , 146836 , 146837 , 146838 , 146839 , 146840 , 146841 , 146843 , 15773 , 15774 , 15775 , 15776 , 146849 , 146852 , 146853 , 146854 , 146855 , 15784 , 15785 , 15786 , 15790 , 15791 , 15796 , 15797 , 15798 , 15799 , 15800 , 15801 , 15802 , 15803 , 15804 , 15805 , 15806 , 15807 , 15808 , 15809 , 15810 , 15811 , 15818 , 15819 , 15820 , 15821 , 15822 , 15823 , 15824 , 146901 , 15831 , 15833 , 15834 , 15837 , 15838 , 15840 , 15841 , 15842 , 15856 , 146934 , 146946 , 146947 , 146954 , 146955 , 146956 , 146957 , 146958 , 146959 , 146960 , 146961 , 146962 , 146965 , 146966 , 146967 , 146968 , 146969 , 146970 , 15903 , 15904 , 15905 , 15906 , 15907 , 15908 , 15909 , 146982 , 15911 , 15912 , 146985 , 146989 , 146990 , 15920 , 15921 , 15922 , 15923 , 15924 , 133726 , 146998 , 15928 , 15929 , 15932 , 15939 , 15940 , 155574 , 15943 , 15944 , 15945 , 147028 , 147029 , 147030 , 15959 , 15960 , 15961 , 15962 , 15963 , 15964 , 147037 , 155579 , 15983 , 15984 , 15985 , 147058 , 15987 , 15988 , 15989 , 15990 , 15991 , 148928 , 155593 , 147133 , 16062 , 147135 , 147136 , 147137 , 147138 , 147139 , 147140 , 147141 , 147144 , 147145 , 147146 , 147149 , 147150 , 155597 , 147152 , 147153 , 147154 , 147155 , 147156 , 147158 , 147159 , 147160 , 147161 , 155600 , 147208 , 16148 , 16149 , 16153 , 16154 , 16156 , 16157 , 16164 , 16169 , 16170 , 16177 , 16195 , 16196 , 16197 , 16199 , 147273 , 147274 , 16203 , 16204 , 16205 , 16206 , 147279 , 147283 , 147284 , 16213 , 16214 , 16215 , 16216 , 16217 , 16218 , 16220 , 16221 , 147294 , 147295 , 16224 , 147297 , 147298 , 147299 , 147301 , 147302 , 147303 , 147304 , 147311 , 147312 , 147313 , 147314 , 147315 , 147316 , 147317 , 147318 , 147320 , 147325 , 147326 , 16255 , 16256 , 16257 , 147330 , 147343 , 147344 , 147354 , 147355 , 16284 , 147357 , 147358 , 147359 , 147360 , 147363 , 147364 , 147365 , 147368 , 147369 , 147372 , 147385 , 16326 , 16327 , 16328 , 16329 , 16330 , 16331 , 16332 , 16333 , 16334 , 16335 , 16336 , 16337 , 147430 , 147431 , 147432 , 147433 , 147434 , 147435 , 16393 , 16394 , 16395 , 16412 , 16413 , 16414 , 16415 , 16418 , 16420 , 16421 , 16422 , 16423 , 16426 , 16427 , 16428 , 16433 , 16439 , 140212 , 147532 , 16464 , 147543 , 16473 , 147546 , 16475 , 16476 , 16477 , 16478 , 16479 , 16480 , 16481 , 16482 , 16484 , 16485 , 147562 , 147563 , 147567 , 147568 , 147569 , 147570 , 16499 , 16500 , 16501 , 147574 , 147575 , 147576 , 147578 , 147579 , 147580 , 147581 , 147585 , 147586 , 147587 , 147591 , 147592 , 147593 , 147594 , 147595 , 147596 , 147597 , 147598 , 147600 , 147601 , 147602 , 147603 , 147604 , 147605 , 147613 , 147614 , 147615 , 147616 , 147617 , 147618 , 147620 , 147621 , 147622 , 147623 , 147624 , 147625 , 147626 , 147627 , 147628 , 147629 , 147630 , 147631 , 16560 , 16561 , 16562 , 16563 , 16564 , 147637 , 147638 , 16567 , 147640 , 147641 , 147642 , 147643 , 147644 , 16573 , 16574 , 147647 , 16576 , 16577 , 147650 , 147651 , 16581 , 147658 , 16590 , 16591 , 16593 , 16597 , 147690 , 16624 , 16625 , 16626 , 16627 , 147700 , 147705 , 147706 , 147709 , 147715 , 16661 , 16662 , 16663 , 16665 , 16666 , 16667 , 16668 , 16669 , 16670 , 16671 , 16672 , 133851 , 147753 , 147754 , 147757 , 16717 , 16718 , 16721 , 16722 , 16723 , 16726 , 16729 , 16730 , 16732 , 16733 , 16738 , 16739 , 16744 , 16748 , 147822 , 147823 , 147824 , 16753 , 16754 , 16755 , 16756 , 16757 , 16758 , 16759 , 16760 , 16761 , 16764 , 16766 , 16767 , 147841 , 147842 , 147844 , 16792 , 16793 , 147880 , 147884 , 147885 , 147886 , 147888 , 147889 , 147890 , 147891 , 147892 , 147942 , 147943 , 147944 , 147945 , 147946 , 147947 , 147952 , 147953 , 16882 , 147955 , 147956 , 147957 , 147960 , 147961 , 147962 , 147963 , 147964 , 147965 , 147966 , 147967 , 147968 , 147969 , 147970 , 16899 , 16900 , 147983 , 147984 , 147988 , 147991 , 147992 , 147994 , 16941 , 16942 , 16951 , 16952 , 16953 , 16954 , 16955 , 148053 , 148054 , 148055 , 148056 , 148060 , 148061 , 148062 , 148063 , 148064 , 148082 , 148083 , 148087 , 17016 , 148089 , 148090 , 148091 , 148094 , 148095 , 148096 , 148097 , 148098 , 148101 , 148102 , 148103 , 148104 , 148106 , 148107 , 148108 , 148109 , 148110 , 148114 , 148118 , 148119 , 148120 , 148121 , 148122 , 148123 , 148125 , 148126 , 148127 , 148128 , 148129 , 148130 , 148131 , 148188 , 148189 , 148190 , 148192 , 148193 , 148194 , 148195 , 148201 , 148202 , 148203 , 148204 , 133931 , 148232 , 133932 , 148234 , 17175 , 17176 , 17177 , 17180 , 17181 , 17183 , 17184 , 17185 , 17186 , 17187 , 17188 , 17189 , 17191 , 17192 , 17193 , 17194 , 17195 , 17197 , 17198 , 17199 , 17200 , 17201 , 17202 , 17203 , 148276 , 148277 , 17206 , 17207 , 148280 , 17209 , 17210 , 17211 , 17213 , 148321 , 148322 , 148323 , 148324 , 148325 , 148326 , 148357 , 148358 , 17290 , 17291 , 17292 , 17293 , 17294 , 17295 , 17296 , 17297 , 17301 , 148402 , 148403 , 148404 , 148407 , 148408 , 148409 , 148410 , 148411 , 148412 , 148413 , 148414 , 148415 , 148416 , 148417 , 148425 , 148427 , 148428 , 17357 , 148430 , 17383 , 17384 , 17385 , 17386 , 17387 , 17389 , 17390 , 17391 , 17393 , 17394 , 17395 , 17396 , 17397 , 148470 , 17400 , 17401 , 148474 , 17403 , 17404 , 17405 , 17406 , 17411 , 17412 , 17413 , 17414 , 17415 , 155822 , 148513 , 17444 , 148517 , 155827 , 155828 , 155829 , 148545 , 148546 , 148547 , 148548 , 148549 , 148550 , 148551 , 155833 , 17527 , 17528 , 17529 , 17531 , 17533 , 17534 , 17535 , 17536 , 17537 , 17539 , 17540 , 148613 , 17542 , 148615 , 17545 , 17546 , 17547 , 148632 , 148633 , 148634 , 148635 , 148636 , 148637 , 17568 , 148641 , 148642 , 148644 , 148645 , 148646 , 148649 , 148650 , 148651 , 148652 , 148653 , 17589 , 17590 , 17591 , 17592 , 17593 , 148666 , 148667 , 148668 , 148669 , 17659 , 17660 , 17661 , 17662 , 17663 , 17664 , 17665 , 17666 , 17671 , 17678 , 17679 , 17680 , 17681 , 17683 , 17684 , 148761 , 148762 , 148766 , 17702 , 17703 , 17704 , 148791 , 148792 , 148793 , 148796 , 148797 , 148798 , 148799 , 148800 , 148801 , 148802 , 148807 , 148808 , 148809 , 17744 , 17745 , 17746 , 17753 , 17754 , 17755 , 148828 , 148829 , 17790 , 17791 , 17792 , 17794 , 17795 , 17796 , 17797 , 148870 , 148871 , 17802 , 17803 , 148883 , 148884 , 17814 , 17815 , 17816 , 148889 , 17818 , 17819 , 17820 , 17846 , 17847 , 17848 , 17849 , 17850 , 148925 , 17854 , 17855 , 17856 , 17873 , 17874 , 17876 , 17877 , 17884 , 17885 , 148977 , 148978 , 17925 , 17926 , 17929 , 17930 , 17931 , 17932 , 17959 , 17960 , 149043 , 149045 , 149064 , 149065 , 149069 , 149070 , 149074 , 149075 , 149076 , 149077 , 149078 , 149079 , 149080 , 149081 , 149082 , 149084 , 18013 , 149086 , 149087 , 149088 , 18020 , 18024 , 18025 , 18030 , 18031 , 149111 , 149112 , 155925 , 149121 , 149122 , 149123 , 149124 , 149125 , 149126 , 149127 , 149128 , 18057 , 18058 , 18059 , 149135 , 149136 , 149140 , 18086 , 18088 , 18089 , 18090 , 18091 , 18092 , 18112 , 18113 , 18125 , 18126 , 18127 , 18128 , 149213 , 149214 , 149215 , 149216 , 149218 , 149219 , 149225 , 149226 , 149227 , 18186 , 18187 , 18189 , 18190 , 18191 , 18192 , 18193 , 18194 , 18195 , 18196 , 18197 , 18198 , 18199 , 18201 , 18202 , 18204 , 18205 , 18206 , 18207 , 18208 , 18209 , 18211 , 18226 , 18230 , 149304 , 18233 , 18234 , 149319 , 18248 , 18249 , 18250 , 149324 , 18261 , 18262 , 149371 , 149372 , 149382 , 149383 , 149384 , 18320 , 149399 , 149400 , 149401 , 149402 , 149403 , 149407 , 149409 , 149410 , 149411 , 149412 , 149413 , 149414 , 149415 , 149416 , 149417 , 149418 , 149419 , 18348 , 18349 , 149422 , 149423 , 18354 , 18355 , 18356 , 18357 , 149430 , 149431 , 149433 , 149434 , 149442 , 149461 , 149470 , 149474 , 149475 , 149476 , 149478 , 149479 , 149480 , 149490 , 149493 , 149494 , 149504 , 149505 , 149507 , 149510 , 149563 , 149564 , 149565 , 18494 , 18495 , 149571 , 149572 , 149575 , 149576 , 149577 , 149578 , 149579 , 149580 , 149581 , 149582 , 18511 , 18512 , 18513 , 18514 , 18515 , 149588 , 149589 , 149590 , 149591 , 149593 , 149594 , 149595 , 149597 , 149598 , 149599 , 149600 , 149601 , 149605 , 149606 , 149607 , 149609 , 149610 , 149611 , 149612 , 149636 , 149637 , 18566 , 18567 , 18568 , 18569 , 18612 , 18615 , 149697 , 149706 , 149707 , 18636 , 18637 , 18638 , 18639 , 18640 , 18641 , 149714 , 149715 , 18664 , 18665 , 18666 , 18667 , 18676 , 18677 , 18678 , 18679 , 18680 , 18681 , 18682 , 18685 , 149758 , 18687 , 18688 , 18692 , 18693 , 18694 , 149772 , 149773 , 149774 , 149775 , 149784 , 149786 , 149792 , 149793 , 149794 , 149796 , 149797 , 149798 , 149808 , 149809 , 143280 , 18799 , 18800 , 18801 , 18802 , 149894 , 149897 , 149898 , 149899 , 149934 , 149935 , 149936 , 149937 , 149938 , 149939 , 149940 , 149941 , 149942 , 149943 , 149944 , 149945 , 149947 , 149948 , 149949 , 149950 , 149951 , 149952 , 149953 , 149954 , 149955 , 149956 , 149957 , 149959 , 149960 , 149961 , 149962 , 149963 , 149964 , 149965 , 149966 , 149967 , 149968 , 143281 , 149970 , 149971 , 149972 , 149973 , 149974 , 18916 , 18935 , 18936 , 18953 , 18961 , 18965 , 18966 , 18967 , 18968 , 18969 , 18970 , 18971 , 18972 , 18973 , 18974 , 18979 , 18980 , 18981 , 18987 , 150064 , 150065 , 150066 , 19000 , 19005 , 19006 , 19007 , 19008 , 19009 , 19053 , 19056 , 19057 , 19058 , 19059 , 19060 , 19062 , 19063 , 19064 , 19065 , 19066 , 19067 , 19068 , 19069 , 19070 , 19075 , 19076 , 134252 , 150156 , 150157 , 19087 , 134254 , 134255 , 19115 , 150189 , 150190 , 150191 , 150192 , 150193 , 150194 , 19127 , 19128 , 19133 , 19173 , 19174 , 19175 , 19176 , 19177 , 19178 , 150251 , 19183 , 19185 , 19186 , 150261 , 150262 , 150285 , 150286 , 150287 , 150290 , 150291 , 19228 , 19229 , 19230 , 19231 , 19232 , 19233 , 19235 , 19236 , 19237 , 19238 , 19239 , 19240 , 19241 , 19246 , 19247 , 19248 , 19249 , 19250 , 19254 , 19255 , 150330 , 150334 , 150335 , 150336 , 150337 , 150338 , 150339 , 150340 , 150341 , 150342 , 19271 , 150344 , 150345 , 150346 , 150347 , 150348 , 150349 , 150352 , 150353 , 150354 , 150355 , 150356 , 150358 , 150359 , 150360 , 150362 , 150367 , 150368 , 150370 , 150381 , 150382 , 150385 , 150388 , 150389 , 150416 , 150417 , 150418 , 150419 , 150421 , 150422 , 150435 , 19381 , 19382 , 19383 , 19384 , 134303 , 134304 , 134305 , 150485 , 150486 , 150487 , 150489 , 19424 , 19425 , 19426 , 19427 , 19428 , 19429 , 19430 , 19435 , 19436 , 19455 , 150530 , 150531 , 150532 , 150533 , 150534 , 150535 , 150538 , 150540 , 150586 , 19530 , 150635 , 150636 , 19584 , 19585 , 19586 , 19587 , 19588 , 150684 , 150685 , 150686 , 150687 , 150688 , 150695 , 150696 , 150697 , 19627 , 150700 , 19642 , 19643 , 150716 , 19658 , 19670 , 19671 , 19672 , 19673 , 19677 , 19678 , 150758 , 150759 , 19688 , 19689 , 19690 , 19691 , 19692 , 19704 , 19723 , 19725 , 19726 , 150800 , 150801 , 150802 , 150803 , 150804 , 150805 , 150806 , 150807 , 150811 , 150814 , 150817 , 19761 , 19766 , 19771 , 19772 , 19773 , 19775 , 19776 , 19777 , 19778 , 150851 , 150852 , 150853 , 150854 , 150856 , 150857 , 19786 , 19787 , 19788 , 19789 , 150862 , 150863 , 150864 , 150865 , 19794 , 19795 , 19796 , 19797 , 150880 , 150881 , 150882 , 150883 , 150884 , 150885 , 150888 , 150889 , 150890 , 150891 , 19820 , 19821 , 150894 , 150895 , 19825 , 19826 , 150899 , 150900 , 150901 , 150902 , 150903 , 150904 , 150905 , 150906 , 150907 , 150914 , 150915 , 150916 , 150917 , 150918 , 150919 , 150920 , 134380 , 150922 , 150923 , 150924 , 150925 , 150926 , 19860 , 19861 , 19862 , 19863 , 19864 , 19865 , 19866 , 19867 , 150949 , 150950 , 150951 , 150952 , 150953 , 19882 , 19883 , 150956 , 150965 , 19904 , 19905 , 19906 , 19907 , 19908 , 19909 , 19914 , 19916 , 150990 , 19919 , 19920 , 19921 , 19923 , 19924 , 19925 , 19926 , 19927 , 19928 , 19929 , 19930 , 19931 , 19932 , 19934 , 19935 , 151008 , 19938 , 151011 , 19940 , 19941 , 19942 , 19943 , 19944 , 19945 , 19946 , 19947 , 19974 , 19975 , 134403 , 19997 , 19999 , 20000 , 151087 , 151117 , 151118 , 151119 , 151120 , 20064 , 151144 , 151145 , 20075 , 20076 , 20077 , 20078 , 20080 , 20081 , 20082 , 20083 , 20084 , 20087 , 20089 , 20108 , 20109 , 20112 , 20116 , 151199 , 151200 , 151201 , 151202 , 151205 , 151206 , 151210 , 151227 , 151228 , 151229 , 151231 , 151232 , 151233 , 151234 , 151237 , 151238 , 151241 , 151242 , 151243 , 151244 , 20173 , 20174 , 151247 , 20176 , 20177 , 20178 , 20179 , 151252 , 20188 , 20189 , 20191 , 20192 , 20194 , 20195 , 20196 , 151275 , 151276 , 151277 , 151278 , 20210 , 20211 , 20212 , 151296 , 151301 , 151317 , 151318 , 151319 , 151321 , 151331 , 151332 , 151333 , 151334 , 151335 , 151336 , 151337 , 151338 , 151339 , 151340 , 151341 , 151342 , 151343 , 151346 , 151347 , 151348 , 151349 , 151364 , 151365 , 151366 , 151367 , 151368 , 151369 , 151370 , 151371 , 151372 , 151373 , 151374 , 151375 , 20309 , 20310 , 20311 , 20312 , 151385 , 20314 , 20315 , 151388 , 151389 , 151390 , 20335 , 151432 , 151433 , 20362 , 20363 , 20364 , 20365 , 20366 , 20367 , 20368 , 20369 , 20370 , 20371 , 20372 , 151452 , 151453 , 151454 , 20385 , 20386 , 151462 , 20391 , 151465 , 151466 , 151467 , 151468 , 151469 , 20398 , 151478 , 151479 , 151480 , 151481 , 151482 , 151483 , 151487 , 20468 , 20469 , 20470 , 20507 , 20508 , 20509 , 20511 , 20512 , 20514 , 20515 , 20516 , 20517 , 20556 , 20563 , 20564 , 20565 , 20566 , 20567 , 20568 , 20570 , 20571 , 20572 , 151652 , 20590 , 20591 , 20592 , 20593 , 20594 , 20595 , 20596 , 20597 , 20598 , 20601 , 20602 , 151698 , 151699 , 151700 , 151701 , 151702 , 151703 , 20632 , 151705 , 151706 , 20637 , 20639 , 20640 , 20643 , 20644 , 20645 , 20647 , 20648 , 151726 , 151731 , 151732 , 151733 , 151734 , 151735 , 20668 , 20669 , 20670 , 20671 , 20672 , 20676 , 20677 , 20678 , 20679 , 20680 , 20681 , 20683 , 20684 , 20685 , 20687 , 20688 , 151794 , 151798 , 151799 , 151802 , 151810 , 151811 , 151812 , 151813 , 151814 , 151815 , 151816 , 151817 , 151818 , 20750 , 20751 , 20764 , 20765 , 149085 , 151868 , 151882 , 151883 , 151884 , 151885 , 151886 , 151887 , 151888 , 151892 , 151893 , 151894 , 151895 , 151896 , 151897 , 151898 , 151899 , 151900 , 151901 , 151902 , 20831 , 20832 , 20833 , 20834 , 20849 , 20858 , 20859 , 20860 , 151934 , 151936 , 151937 , 151938 , 151939 , 151942 , 151943 , 151944 , 151945 , 151946 , 151947 , 151956 , 151957 , 20886 , 20887 , 20888 , 20889 , 151962 , 20891 , 20892 , 151965 , 151966 , 151967 , 151968 , 151969 , 151970 , 20899 , 20900 , 20901 , 20902 , 20903 , 151976 , 20905 , 20906 , 151979 , 151980 , 151981 , 151983 , 151989 , 151994 , 151995 , 151996 , 152017 , 152020 , 152021 , 152022 , 20957 , 20958 , 20993 , 20994 , 20995 , 152070 , 152071 , 152072 , 152073 , 152074 , 152077 , 152078 , 152079 , 152080 , 21009 , 21010 , 21011 , 21012 , 21013 , 21014 , 21015 , 21016 , 21020 , 21021 , 21022 , 21023 , 21024 , 21026 , 152103 , 152106 , 152107 , 152108 , 134578 , 21038 , 21039 , 21040 , 21041 , 21042 , 21043 , 21044 , 21045 , 21046 , 21047 , 21048 , 21049 , 21052 , 21054 , 21055 , 21071 , 21072 , 21076 , 21077 , 21078 , 21079 , 21080 , 21084 , 21085 , 21086 , 21087 , 21088 , 21089 , 21107 , 21108 , 21109 , 21110 , 21113 , 21114 , 21115 , 21116 , 21117 , 152190 , 21122 , 21123 , 21124 , 21125 , 21155 , 21156 , 21157 , 21158 , 21159 , 21160 , 21161 , 134601 , 152255 , 152256 , 21192 , 21193 , 21194 , 21195 , 21196 , 21197 , 21198 , 21199 , 21202 , 21203 , 21204 , 21207 , 21208 , 21211 , 21212 , 21213 , 21214 , 21215 , 21218 , 21219 , 152298 , 152299 , 152300 , 152301 , 152302 , 152303 , 152304 , 152305 , 152309 , 152310 , 152314 , 152315 , 152316 , 152325 , 152326 , 152327 , 152328 , 21262 , 152391 , 152403 , 152404 , 152405 , 152406 , 152407 , 152408 , 152409 , 152410 , 152411 , 152412 , 152413 , 152415 , 152419 , 152420 , 152421 , 21351 , 21352 , 21353 , 152426 , 21355 , 21357 , 21358 , 21359 , 21360 , 21361 , 21362 , 152435 , 152436 , 152437 , 152438 , 152439 , 152440 , 152441 , 152442 , 152443 , 152444 , 152445 , 152446 , 152447 , 152448 , 152476 , 152477 , 21422 , 21423 , 21424 , 21430 , 21431 , 21432 , 21433 , 21434 , 21439 , 21440 , 21441 , 21453 , 21454 , 21456 , 21457 , 21461 , 152539 , 152540 , 152541 , 152542 , 152543 , 152544 , 21473 , 21474 , 21475 , 152548 , 152552 , 152553 , 152554 , 152555 , 152556 , 152560 , 152561 , 21508 , 21509 , 21511 , 140381 , 21519 , 21520 , 21521 , 21522 , 152600 , 152601 , 152602 , 152603 , 152604 , 21533 , 21534 , 21535 , 21536 , 152609 , 152610 , 152611 , 152612 , 21541 , 21542 , 21543 , 21544 , 21545 , 21546 , 152619 , 152620 , 21557 , 21558 , 21559 , 21560 , 21561 , 21562 , 21563 , 21572 , 21582 , 21587 , 21598 , 21602 , 21603 , 21604 , 21605 , 21606 , 21607 , 21608 , 21609 , 21627 , 21628 , 21630 , 21631 , 21632 , 21633 , 21634 , 21635 , 21638 , 21639 , 21640 , 152716 , 152717 , 152731 , 152732 , 21678 , 21679 , 21680 , 21681 , 21682 , 21685 , 21686 , 21687 , 21688 , 21689 , 21690 , 152764 , 152765 , 21694 , 21695 , 21696 , 21697 , 21698 , 152771 , 152772 , 152773 , 152774 , 152775 , 21704 , 21705 , 21706 , 21707 , 21708 , 21709 , 21714 , 21715 , 21716 , 21736 , 21738 , 21739 , 152842 , 152849 , 152850 , 152852 , 152853 , 152859 , 152860 , 21801 , 21802 , 152877 , 21810 , 21811 , 21812 , 21813 , 21814 , 21815 , 21817 , 21819 , 21820 , 152894 , 21823 , 21824 , 21825 , 134710 , 134711 , 152910 , 21839 , 152912 , 152914 , 152915 , 152916 , 152917 , 134714 , 21854 , 21859 , 152947 , 152948 , 152949 , 152950 , 21912 , 21913 , 21916 , 21917 , 21920 , 21950 , 21951 , 21952 , 21953 , 21958 , 21959 , 21960 , 21961 , 21963 , 21964 , 21965 , 21967 , 21968 , 21969 , 21970 , 21972 , 153071 , 22000 , 22001 , 22005 , 22006 , 22008 , 22010 , 22011 , 22012 , 22013 , 22014 , 22027 , 153158 , 153159 , 153160 , 153161 , 153162 , 153163 , 153164 , 153165 , 153166 , 153167 , 153168 , 153169 , 153170 , 153171 , 153172 , 153173 , 153175 , 22126 , 153200 , 153211 , 153212 , 153214 , 153217 , 153218 , 153219 , 153221 , 153222 , 22170 , 22171 , 22172 , 22173 , 22175 , 22182 , 153282 , 153283 , 22222 , 153301 , 153302 , 153303 , 153304 , 153305 , 153306 , 153307 , 153308 , 153309 , 153310 , 153311 , 153312 , 153313 , 153314 , 153315 , 153316 , 153358 , 153397 , 153398 , 153399 , 22346 , 22351 , 22352 , 22353 , 22356 , 153441 , 153442 , 153443 , 153444 , 134804 , 134806 , 153507 , 153508 , 153509 , 153510 , 153511 , 153512 , 153513 , 153514 , 153519 , 153520 , 153523 , 153524 , 22453 , 153529 , 22504 , 22505 , 22506 , 22507 , 22508 , 22511 , 22512 , 22534 , 22539 , 22540 , 22541 , 22542 , 22543 , 22544 , 22545 , 22546 , 22547 , 22550 , 22551 , 22552 , 22553 , 22554 , 22556 , 22558 , 22559 , 22561 , 22562 , 22563 , 22565 , 22566 , 22567 , 22568 , 22569 , 22570 , 22571 , 22572 , 22578 , 22579 , 22580 , 22581 , 22582 , 22583 , 22584 , 22589 , 22590 , 22591 , 22596 , 22601 , 22602 , 22611 , 22612 , 22630 , 22631 , 22632 , 22633 , 22634 , 22635 , 22640 , 22656 , 22657 , 22658 , 22659 , 22660 , 22661 , 22662 , 22663 , 22664 , 22665 , 22668 , 22671 , 22677 , 22678 , 22679 , 153761 , 153762 , 22722 , 22736 , 22737 , 22739 , 22740 , 22741 , 22742 , 22743 , 22744 , 22745 , 22746 , 22747 , 22748 , 22749 , 22752 , 153825 , 22765 , 22766 , 22794 , 22795 , 22796 , 22797 , 153927 , 153928 , 153929 , 153930 , 153932 , 153935 , 153936 , 153937 , 153938 , 153941 , 153942 , 153943 , 153950 , 153955 , 153956 , 153961 , 153971 , 153972 , 153973 , 153986 , 153987 , 22926 , 22927 , 22928 , 154007 , 154010 , 154014 , 22977 , 22978 , 22984 , 154070 , 154071 , 23005 , 23006 , 23007 , 23010 , 154087 , 154095 , 154096 , 154097 , 154098 , 154099 , 23073 , 23078 , 23079 , 23080 , 23081 , 23082 , 23083 , 23084 , 23085 , 23086 , 23087 , 23088 , 23089 , 23093 , 154167 , 154168 , 154169 , 154226 , 154242 , 154243 , 154244 , 154245 , 154246 , 154247 , 154248 , 154249 , 154250 , 154257 , 154258 , 154259 , 154260 , 154261 , 134938 , 134939 , 134942 , 23227 , 23228 , 23229 , 23230 , 23231 , 23233 , 23234 , 23235 , 134945 , 23250 , 23251 , 23252 , 23253 , 23254 , 154328 , 154329 , 154333 , 154347 , 154358 , 154359 , 154360 , 154361 , 23291 , 23292 , 23293 , 23294 , 23295 , 23296 , 23298 , 23300 , 23301 , 23302 , 23303 , 23304 , 23305 , 23306 , 23307 , 23309 , 23310 , 23311 , 23314 , 154404 , 154405 , 154406 , 154407 , 154408 , 154409 , 154410 , 23344 , 23345 , 23346 , 23349 , 23350 , 154423 , 154424 , 154425 , 154428 , 154429 , 154430 , 154431 , 154432 , 154433 , 154434 , 154435 , 154436 , 154437 , 154449 , 23391 , 23395 , 23396 , 154487 , 154488 , 154489 , 154490 , 154491 , 154492 , 154493 , 154497 , 154498 , 154500 , 154501 , 154504 , 154505 , 154510 , 154511 , 154512 , 154513 , 154525 , 154526 , 154527 , 154528 , 154529 , 154530 , 154533 , 154534 , 154535 , 154539 , 154540 , 154543 , 154544 , 154554 , 154555 , 23484 , 23485 , 154559 , 23489 , 154564 , 154565 , 154566 , 154575 , 154657 , 154658 , 154659 , 154660 , 154661 , 154663 , 154664 , 154665 , 154666 , 154667 , 154668 , 23609 , 23610 , 23611 , 23612 , 23613 , 23614 , 23615 , 23618 , 23619 , 23620 , 23621 , 23622 , 154709 , 23640 , 23642 , 23658 , 23659 , 23663 , 23664 , 23665 , 23666 , 154739 , 154740 , 154741 , 154742 , 23673 , 23674 , 23681 , 23682 , 23691 , 23692 , 23693 , 23694 , 23695 , 23696 , 154769 , 154770 , 154771 , 154772 , 154773 , 23706 , 23709 , 23710 , 23718 , 23719 , 154798 , 154799 , 154800 , 154801 , 154804 , 154805 , 154806 , 154807 , 154812 , 154813 , 154814 , 154815 , 154816 , 154817 , 154818 , 154820 , 154824 , 154825 , 154826 , 154827 , 154828 , 154829 , 154830 , 154831 , 154832 , 154833 , 154834 , 154835 , 23764 , 23765 , 154839 , 154840 , 154841 , 154842 , 154843 , 154844 , 154895 , 154896 , 154897 , 154898 , 154899 , 154900 , 154903 , 154945 , 154946 , 23881 , 23882 , 23890 , 23892 , 23893 , 23894 , 23895 , 23896 , 23897 , 23898 , 23899 , 23901 , 23904 , 23905 , 23906 , 23907 , 23909 , 23910 , 23911 , 23912 , 23913 , 23916 , 23920 , 155021 , 155022 , 23953 , 23954 , 23959 , 23960 , 23961 , 23962 , 155040 , 155041 , 155042 , 155043 , 155044 , 155045 , 155046 , 155047 , 23979 , 23980 , 23981 , 23983 , 23984 , 23985 , 23989 , 23990 , 23991 , 23992 , 23993 , 23995 , 23996 , 23997 , 23998 , 23999 , 24000 , 24001 , 24002 , 24003 , 155080 , 155081 , 155082 , 155083 , 155084 , 155086 , 155087 , 155088 , 155092 , 155099 , 155100 , 155101 , 155102 , 155117 , 155118 , 155119 , 155124 , 155125 , 155126 , 155128 , 155129 , 155135 , 155136 , 155137 , 155138 , 155144 , 155153 , 155154 , 155155 , 155159 , 155160 , 155161 , 155162 , 155169 , 155170 , 24099 , 24100 , 24101 , 24102 , 24127 , 24128 , 24129 , 24141 , 24178 , 24179 , 24180 , 155253 , 155255 , 155256 , 155310 , 155315 , 155325 , 155326 , 155327 , 155328 , 155330 , 155331 , 155332 , 24261 , 24262 , 24263 , 24264 , 24265 , 24266 , 24267 , 24268 , 24269 , 24270 , 155343 , 155344 , 24273 , 24274 , 24275 , 24276 , 24278 , 24279 , 155358 , 155359 , 24289 , 24290 , 155363 , 155364 , 24293 , 24294 , 24295 , 24312 , 24313 , 155391 , 155392 , 155393 , 155394 , 155395 , 155396 , 155397 , 155398 , 155399 , 24339 , 24343 , 155416 , 24351 , 24357 , 155487 , 24430 , 24431 , 24432 , 24433 , 24434 , 24435 , 24438 , 24439 , 24440 , 155513 , 155514 , 24451 , 24452 , 24453 , 24454 , 24455 , 24456 , 24457 , 24458 , 155531 , 155532 , 24481 , 24482 , 24483 , 24484 , 24485 , 24486 , 24487 , 24488 , 24490 , 24492 , 24493 , 24494 , 24495 , 155570 , 24499 , 24500 , 24501 , 24502 , 155575 , 155576 , 155577 , 144845 , 24507 , 155580 , 155581 , 155582 , 155583 , 155584 , 24515 , 24516 , 24518 , 24519 , 24520 , 24521 , 24522 , 155595 , 24524 , 24525 , 155598 , 155599 , 24528 , 155602 , 155603 , 155604 , 155605 , 155606 , 155608 , 155609 , 24538 , 24539 , 24540 , 24567 , 155666 , 155667 , 155668 , 155669 , 155670 , 155676 , 155688 , 155690 , 155691 , 155693 , 155694 , 155695 , 155696 , 155697 , 155698 , 155699 , 155700 , 155701 , 155702 , 155706 , 155707 , 24645 , 24646 , 24647 , 24675 , 24676 , 24677 , 24678 , 24679 , 24680 , 24681 , 24682 , 24683 , 24684 , 24687 , 24688 , 24689 , 24700 , 24701 , 24702 , 24703 , 24704 , 24705 , 24706 , 24707 , 155784 , 155785 , 155786 , 144852 , 24721 , 24722 , 155802 , 155803 , 155804 , 155805 , 155806 , 155807 , 155808 , 155809 , 155810 , 135195 , 155818 , 155819 , 155820 , 155821 , 24750 , 24751 , 24752 , 24753 , 24754 , 24755 , 24756 , 24757 , 155830 , 155831 , 24761 , 24762 , 24763 , 24764 , 24765 , 24766 , 24767 , 24768 , 24800 , 24804 , 24805 , 24806 , 24811 , 24812 , 24813 , 24814 , 24815 , 24816 , 24817 , 24818 , 24819 , 24820 , 24821 , 24822 , 24823 , 24825 , 24826 , 24827 , 24828 , 24829 , 24830 , 24831 , 24832 , 24833 , 24834 , 24835 , 24836 , 155914 , 155915 , 155916 , 155917 , 155918 , 155919 , 155920 , 155921 , 155922 , 155923 , 155924 , 24853 , 155926 , 155927 , 155930 , 155944 , 155945 , 155946 , 155949 , 155950 , 155951 , 155952 , 155953 , 155954 , 155955 , 155958 , 135220 , 135221 , 135224 , 155991 , 155997 , 156001 , 156002 , 156007 , 156008 , 156009 , 156010 , 156011 , 156013 , 156014 , 156016 , 156017 , 24950 , 24951 , 24953 , 24954 , 156039 , 156040 , 156041 , 156044 , 156049 , 24987 , 24988 , 25039 , 25044 , 25078 , 25080 , 25122 , 25123 , 25124 , 25128 , 25130 , 25131 , 25136 , 25137 , 25142 , 25143 , 25144 , 25146 , 25147 , 25148 , 25149 , 25163 , 25165 , 25182 , 25190 , 25197 , 25198 , 25204 , 25208 , 25209 , 25211 , 25212 , 25213 , 25222 , 25223 , 25224 , 25225 , 135288 , 25373 , 25374 , 25376 , 25426 , 25427 , 25428 , 25429 , 25430 , 25431 , 25432 , 25435 , 25436 , 25437 , 25439 , 25440 , 25441 , 25443 , 25444 , 25445 , 25446 , 25502 , 25503 , 25504 , 25505 , 25506 , 25508 , 25509 , 25511 , 25512 , 25513 , 25519 , 25520 , 25521 , 25566 , 25570 , 25571 , 25572 , 25573 , 25574 , 25575 , 25577 , 25578 , 25614 , 25633 , 25700 , 25701 , 25702 , 25703 , 25704 , 25705 , 25706 , 25708 , 25709 , 25710 , 25711 , 25717 , 25718 , 25720 , 135360 , 135361 , 25739 , 25740 , 25761 , 25798 , 25800 , 25801 , 25805 , 25806 , 25841 , 25843 , 25860 , 25868 , 25869 , 25873 , 25874 , 25875 , 25876 , 25877 , 25879 , 25880 , 25882 , 25933 , 25934 , 25935 , 25936 , 25937 , 25938 , 25939 , 25940 , 25941 , 25942 , 25943 , 25944 , 25950 , 25951 , 25952 , 25954 , 25967 , 25976 , 25977 , 25978 , 25981 , 25982 , 25983 , 25984 , 25985 , 25986 , 25987 , 25988 , 25989 , 25990 , 25991 , 25992 , 25995 , 25996 , 26045 , 26047 , 26056 , 26099 , 26110 , 26115 , 26116 , 26118 , 26119 , 26120 , 26121 , 26122 , 26123 , 26125 , 26126 , 26130 , 26131 , 26144 , 26145 , 26228 , 26229 , 26230 , 26231 , 26259 , 26260 , 26261 , 26262 , 26263 , 26278 , 26279 , 26286 , 26288 , 26289 , 26290 , 26291 , 26304 , 26305 , 26306 , 26365 , 26366 , 26367 , 26368 , 26370 , 26373 , 26374 , 26397 , 26398 , 26400 , 26401 , 26403 , 26404 , 26411 , 26412 , 26414 , 26415 , 26439 , 26473 , 26474 , 26475 , 26476 , 26477 , 26479 , 26480 , 26504 , 26505 , 26517 , 26519 , 26520 , 26521 , 26522 , 26523 , 26527 , 26528 , 26529 , 26530 , 26535 , 26536 , 26539 , 26540 , 26541 , 26543 , 26544 , 26546 , 26547 , 26548 , 26549 , 26552 , 26566 , 26567 , 26568 , 26569 , 26570 , 26571 , 26572 , 26573 , 26574 , 26575 , 26576 , 26577 , 26578 , 26584 , 26585 , 26586 , 26587 , 26588 , 26589 , 26592 , 26593 , 26594 , 26595 , 26596 , 26597 , 26599 , 26641 , 26648 , 26649 , 26667 , 26679 , 26680 , 26681 , 26682 , 26684 , 26685 , 26697 , 26720 , 26721 , 26722 , 26725 , 26734 , 26736 , 26745 , 26749 , 26807 , 26808 , 26809 , 26817 , 26818 , 26843 , 26844 , 26846 , 26860 , 26861 , 26862 , 26863 , 26864 , 26865 , 26866 , 26869 , 26870 , 26871 , 26877 , 26878 , 135553 , 26930 , 26931 , 26939 , 26941 , 144927 , 27005 , 27006 , 27007 , 27008 , 27009 , 27010 , 27014 , 27016 , 27019 , 27020 , 27021 , 27023 , 27024 , 27025 , 27026 , 27027 , 27038 , 27040 , 27041 , 27047 , 27048 , 27056 , 27057 , 27058 , 27059 , 27060 , 27061 , 27062 , 27064 , 27076 , 27078 , 27079 , 27080 , 27081 , 27082 , 27083 , 27084 , 27085 , 27086 , 27087 , 27088 , 27090 , 27092 , 27093 , 27097 , 27098 , 27099 , 27103 , 27104 , 27105 , 27106 , 27108 , 27133 , 27136 , 27139 , 27140 , 27141 , 27142 , 27143 , 27144 , 27145 , 27146 , 27149 , 27150 , 27151 , 27152 , 27209 , 27210 , 27211 , 27212 , 27220 , 27221 , 27222 , 27223 , 27224 , 27227 , 27228 , 27229 , 27230 , 27231 , 27232 , 27233 , 27234 , 27235 , 27236 , 27237 , 27238 , 27239 , 27240 , 27241 , 27245 , 27246 , 27255 , 27256 , 27262 , 27263 , 27325 , 27326 , 27334 , 145083 , 27337 , 27338 , 27421 , 27451 , 27452 , 27453 , 27454 , 27455 , 27474 , 27477 , 27525 , 27526 , 27527 , 27528 , 27529 , 27530 , 27531 , 27532 , 27533 , 27534 , 27535 , 27536 , 27537 , 27595 , 27596 , 27599 , 27659 , 27660 , 27661 , 27662 , 27663 , 27664 , 27665 , 27667 , 27670 , 27677 , 27678 , 27679 , 27684 , 27685 , 27687 , 27704 , 27708 , 27709 , 27710 , 27712 , 27713 , 27741 , 27742 , 27745 , 27746 , 142468 , 27942 , 27943 , 27944 , 27945 , 27947 , 27949 , 27950 , 27954 , 27955 , 27960 , 27961 , 27962 , 27963 , 28014 , 28022 , 28023 , 28026 , 28027 , 28036 , 28037 , 28058 , 28089 , 135759 , 135761 , 135762 , 135763 , 28152 , 28153 , 28154 , 28155 , 135765 , 28160 , 28161 , 28162 , 28163 , 28166 , 28167 , 28168 , 28169 , 28170 , 28171 , 28172 , 28188 , 28189 , 28190 , 28191 , 28192 , 28193 , 28194 , 28195 , 28290 , 28295 , 28296 , 28297 , 28298 , 28299 , 28300 , 28301 , 28302 , 28303 , 28304 , 28323 , 28324 , 28375 , 28376 , 28379 , 28380 , 28407 , 28410 , 28411 , 28412 , 28413 , 28415 , 28416 , 28417 , 28419 , 28420 , 28422 , 28423 , 28446 , 28449 , 28450 , 135820 , 28554 , 28555 , 28622 , 28642 , 28643 , 28644 , 28645 , 28657 , 28659 , 28660 , 28661 , 28662 , 28663 , 28664 , 28665 , 28666 , 28667 , 28669 , 28670 , 28671 , 28676 , 28677 , 28678 , 28687 , 28688 , 28699 , 28785 , 28841 , 28842 , 28843 , 135880 , 135881 , 28858 , 28860 , 28861 , 136261 , 135890 , 135891 , 28939 , 28940 , 28941 , 28942 , 28943 , 28944 , 28945 , 28946 , 28947 , 28952 , 28953 , 28954 , 28955 , 28972 , 28973 , 29015 , 29085 , 29120 , 29121 , 29122 , 29123 , 29124 , 29125 , 29126 , 29127 , 29128 , 29129 , 29130 , 29132 , 29133 , 29134 , 29135 , 29136 , 29137 , 29138 , 29139 , 29182 , 29183 , 29184 , 29185 , 29186 , 29187 , 29192 , 29193 , 29195 , 29196 , 29197 , 29198 , 29199 , 29200 , 29229 , 29230 , 29231 , 29243 , 29273 , 29280 , 29281 , 29282 , 29283 , 29300 , 29301 , 29302 , 29303 , 29304 , 29305 , 29309 , 29315 , 29318 , 29319 , 29425 , 29438 , 29439 , 29440 , 29441 , 29442 , 29444 , 29445 , 29446 , 29448 , 29449 , 29450 , 29451 , 29452 , 29620 , 29621 , 29622 , 29623 , 29633 , 29637 , 29645 , 29646 , 29647 , 29648 , 29649 , 29661 , 29662 , 29663 , 29664 , 29665 , 29666 , 29667 , 29668 , 29676 , 29677 , 29756 , 29757 , 29764 , 29765 , 29766 , 29767 , 29768 , 29769 , 29819 , 29820 , 29821 , 29822 , 29831 , 29857 , 29858 , 29859 , 29880 , 29881 , 29882 , 29883 , 29884 , 29885 , 29886 , 29887 , 29971 , 29975 , 29976 , 29977 , 29987 , 29988 , 29989 , 29990 , 29991 , 29992 , 29993 , 29994 , 29995 , 29996 , 30004 , 30005 , 30006 , 30007 , 30008 , 30009 , 30010 , 30034 , 30103 , 30106 , 30107 , 30108 , 30110 , 30112 , 30115 , 30116 , 30117 , 30118 , 30124 , 30126 , 30162 , 30164 , 30165 , 30166 , 30167 , 30168 , 30169 , 30170 , 30171 , 30184 , 30185 , 30186 , 30209 , 30211 , 30212 , 136306 , 30245 , 30273 , 30276 , 30290 , 30291 , 30292 , 30293 , 30295 , 30296 , 30297 , 30298 , 30306 , 30307 , 30310 , 30313 , 30314 , 30315 , 30318 , 30319 , 30320 , 30321 , 30322 , 30324 , 30325 , 30326 , 30327 , 30328 , 30331 , 30332 , 30333 , 30334 , 30336 , 30337 , 30338 , 30341 , 136130 , 30360 , 30362 , 30363 , 30364 , 30365 , 30366 , 30368 , 30369 , 30374 , 30375 , 30376 , 30377 , 30378 , 30379 , 30442 , 30443 , 30444 , 30445 , 30446 , 30447 , 30448 , 30450 , 30451 , 30499 , 30500 , 30505 , 30506 , 30507 , 30508 , 30510 , 30517 , 30558 , 30559 , 30560 , 30561 , 30562 , 30563 , 30564 , 30565 , 30566 , 30567 , 30570 , 30571 , 30573 , 30575 , 30576 , 136168 , 30578 , 30582 , 30583 , 30585 , 30586 , 30587 , 30589 , 30590 , 30594 , 30595 , 30596 , 30598 , 30599 , 30600 , 30601 , 30602 , 30616 , 30617 , 30618 , 30619 , 30621 , 30622 , 30636 , 30637 , 30638 , 30639 , 30708 , 30825 , 30826 , 30827 , 30828 , 30829 , 30830 , 30831 , 30832 , 30833 , 30835 , 30836 , 30837 , 30838 , 30839 , 30840 , 30841 , 30844 , 30845 , 30846 , 30847 , 30848 , 30849 , 30850 , 30851 , 30852 , 30853 , 30854 , 30857 , 30858 , 30859 , 30860 , 30861 , 30862 , 30863 , 30864 , 30865 , 30869 , 30870 , 30871 , 30921 , 30922 , 30924 , 30950 , 30951 , 136232 , 136233 , 136234 , 31025 , 31026 , 31027 , 31028 , 31029 , 31030 , 31031 , 31032 , 31033 , 31034 , 31035 , 31036 , 31037 , 31038 , 31040 , 31041 , 31042 , 31043 , 31044 , 145064 , 31110 , 136257 , 31119 , 136259 , 31127 , 31128 , 136260 , 31130 , 31134 , 31135 , 31136 , 31137 , 136262 , 136263 , 136264 , 31178 , 31180 , 31181 , 31182 , 31183 , 31184 , 31185 , 31186 , 31189 , 31190 , 31191 , 31250 , 31251 , 31252 , 31256 , 31257 , 31258 , 31262 , 31263 , 31264 , 31265 , 31270 , 136305 , 31400 , 31404 , 31405 , 31406 , 31407 , 31408 , 31409 , 31410 , 31411 , 31412 , 31413 , 31431 , 31432 , 136313 , 136315 , 31536 , 31538 , 31539 , 31575 , 31578 , 31579 , 31600 , 31601 , 31603 , 31604 , 31606 , 31607 , 31612 , 31613 , 31614 , 31615 , 31616 , 31617 , 31625 , 31626 , 31627 , 31637 , 31638 , 31639 , 31640 , 31644 , 31648 , 31649 , 31650 , 31652 , 31653 , 31655 , 31664 , 31665 , 31667 , 31668 , 31669 , 31672 , 31676 , 31687 , 31688 , 31690 , 31691 , 31692 , 31693 , 31694 , 31695 , 31697 , 31698 , 31699 , 31701 , 31702 , 31722 , 31723 , 31724 , 31725 , 31726 , 31728 , 31730 , 31732 , 31733 , 31735 , 31736 , 31738 , 31739 , 31744 , 31756 , 31757 , 31758 , 31759 , 31760 , 31761 , 31764 , 31765 , 31769 , 31770 , 31771 , 31772 , 31773 , 31774 , 31775 , 31776 , 31778 , 31779 , 31780 , 31781 , 31782 , 31783 , 31784 , 31786 , 31787 , 31788 , 31789 , 31790 , 31818 , 31854 , 31858 , 31859 , 31864 , 31865 , 31866 , 31867 , 31878 , 31879 , 31944 , 31945 , 31981 , 31982 , 31983 , 31984 , 31989 , 31990 , 31991 , 31992 , 31993 , 31994 , 31995 , 31996 , 31997 , 31998 , 32029 , 32030 , 32031 , 32032 , 32033 , 32034 , 32035 , 32036 , 32037 , 32038 , 32039 , 32040 , 32041 , 32042 , 32043 , 32044 , 32045 , 32046 , 32047 , 32048 , 32049 , 32099 , 32108 , 32115 , 32116 , 32117 , 32118 , 32119 , 32120 , 32121 , 32167 , 32168 , 32169 , 32170 , 32171 , 32174 , 32175 , 32178 , 32179 , 32182 , 32186 , 32193 , 32236 , 32237 , 32238 , 32246 , 32247 , 32248 , 32249 , 32253 , 32254 , 32256 , 32257 , 32260 , 32261 , 32306 , 32307 , 32330 , 32340 , 32341 , 32342 , 32343 , 32344 , 32357 , 32375 , 32423 , 32424 , 32425 , 32426 , 32427 , 32429 , 32430 , 32431 , 32432 , 32468 , 32480 , 32481 , 32482 , 32488 , 32489 , 32490 , 32491 , 32493 , 32494 , 32500 , 32501 , 32502 , 32504 , 32505 , 32506 , 32511 , 32512 , 32533 , 32535 , 32539 , 32540 , 32551 , 32555 , 32556 , 32557 , 32558 , 32559 , 32561 , 32562 , 32563 , 136385 , 32603 , 32604 , 32605 , 32606 , 32609 , 32610 , 32611 , 32614 , 32615 , 32622 , 32626 , 32627 , 32628 , 32643 , 32644 , 32645 , 32648 , 32649 , 32650 , 32652 , 32653 , 32654 , 32655 , 32656 , 32657 , 32658 , 32719 , 32720 , 32727 , 32728 , 32729 , 32730 , 32731 , 32732 , 32733 , 32734 , 32763 , 32764 , 32820 , 32821 , 32822 , 32823 , 32824 , 32825 , 32826 , 32827 , 32828 , 32829 , 32830 , 32835 , 32836 , 32840 , 32911 , 32912 , 32913 , 32914 , 32918 , 32931 , 32932 , 32995 , 32996 , 32997 , 32999 , 33003 , 33004 , 33005 , 33006 , 33007 , 33009 , 33010 , 33011 , 33015 , 33016 , 33019 , 33020 , 33023 , 33118 , 33119 , 33120 , 33121 , 33122 , 33123 , 33124 , 33125 , 33126 , 33128 , 33130 , 33131 , 33137 , 33163 , 33164 , 33165 , 33166 , 33167 , 33168 , 33169 , 33177 , 33180 , 33181 , 33191 , 33192 , 33193 , 33223 , 33224 , 33225 , 33226 , 33227 , 33228 , 33241 , 33242 , 33253 , 33254 , 33257 , 33258 , 33259 , 33260 , 33270 , 33271 , 33274 , 33275 , 33276 , 33277 , 33278 , 33279 , 33280 , 33281 , 33282 , 33283 , 33284 , 33285 , 33286 , 33329 , 33330 , 33331 , 33332 , 33333 , 33346 , 33353 , 33354 , 33355 , 33356 , 33357 , 33358 , 33359 , 33361 , 33364 , 33366 , 33367 , 33368 , 33369 , 33397 , 33398 , 33399 , 33402 , 33403 , 33404 , 33405 , 33407 , 33408 , 33409 , 33411 , 33413 , 33414 , 33415 , 33416 , 33417 , 33425 , 33426 , 33427 , 33428 , 33429 , 33433 , 33434 , 33441 , 33526 , 33527 , 33528 , 33530 , 33531 , 33535 , 33537 , 33538 , 33541 , 33543 , 33550 , 33558 , 33559 , 33560 , 33561 , 33562 , 33563 , 33564 , 33565 , 33566 , 33567 , 33568 , 33591 , 33595 , 33596 , 33597 , 33598 , 33599 , 33600 , 33601 , 33606 , 33607 , 33608 , 33611 , 33612 , 33613 , 33614 , 33615 , 33616 , 33617 , 33618 , 33623 , 33624 , 33625 , 33632 , 33636 , 33637 , 33641 , 33642 , 33643 , 33646 , 33647 , 33653 , 33654 , 33655 , 33676 , 33677 , 33694 , 33695 , 33718 , 33719 , 33720 , 33721 , 33722 , 33723 , 33726 , 33727 , 33753 , 33754 , 33755 , 33756 , 33757 , 33758 , 33759 , 136713 , 33933 , 33934 , 33942 , 33943 , 33969 , 33970 , 33971 , 33972 , 33973 , 34040 , 34070 , 34075 , 34076 , 34117 , 34118 , 34120 , 34219 , 34220 , 34221 , 34222 , 34254 , 34272 , 34283 , 34284 , 34285 , 34286 , 34287 , 34292 , 34293 , 34294 , 34298 , 34299 , 34300 , 34301 , 34302 , 34303 , 34304 , 34306 , 34307 , 34310 , 34311 , 34359 , 34360 , 34361 , 34362 , 34363 , 34364 , 34381 , 34382 , 34385 , 34386 , 34389 , 34390 , 34391 , 34422 , 34423 , 34424 , 34425 , 34426 , 34427 , 34428 , 34429 , 34553 , 34554 , 34560 , 34561 , 34562 , 34563 , 34583 , 34584 , 34585 , 34586 , 34587 , 34601 , 34631 , 34664 , 34665 , 34666 , 34667 , 34669 , 34670 , 34682 , 34683 , 34684 , 34685 , 34686 , 34687 , 34688 , 34725 , 34726 , 34727 , 34732 , 34733 , 34744 , 34756 , 34757 , 34758 , 34781 , 34782 , 34789 , 34790 , 34791 , 34792 , 34793 , 34794 , 34797 , 34798 , 34799 , 34800 , 34801 , 34802 , 34804 , 34805 , 34806 , 34825 , 34827 , 34828 , 34829 , 34830 , 34876 , 34877 , 34912 , 34913 , 34914 , 34915 , 34916 , 34917 , 34919 , 34920 , 34921 , 34922 , 34923 , 34934 , 34935 , 34936 , 34937 , 34938 , 34950 , 34951 , 34997 , 34998 , 34999 , 35000 , 35001 , 35002 , 35003 , 35004 , 35011 , 35015 , 35016 , 35017 , 35019 , 35020 , 35025 , 35026 , 35075 , 35076 , 35077 , 35081 , 35086 , 35089 , 35090 , 35097 , 35100 , 35101 , 35102 , 35103 , 35104 , 35106 , 35107 , 35108 , 35110 , 35137 , 35138 , 35139 , 35140 , 35151 , 35152 , 35154 , 155610 , 35195 , 35196 , 35197 , 35198 , 35199 , 35200 , 35202 , 35204 , 35205 , 152992 , 35286 , 35287 , 35288 , 35293 , 35398 , 35399 , 35400 , 35401 , 35402 , 35403 , 35404 , 35406 , 35407 , 35408 , 35409 , 35410 , 35412 , 35413 , 35414 , 35432 , 35433 , 35434 , 35435 , 35436 , 35437 , 136981 , 35471 , 136984 , 35475 , 35476 , 35477 , 35478 , 35479 , 35480 , 35482 , 35483 , 35484 , 35485 , 136987 , 136988 , 35501 , 35502 , 35503 , 35504 , 35578 , 35579 , 35580 , 35593 , 35598 , 35599 , 35600 , 35601 , 35602 , 35603 , 35604 , 35628 , 35632 , 35633 , 35634 , 35660 , 35661 , 35678 , 35708 , 35709 , 35714 , 35715 , 35719 , 35720 , 35721 , 35727 , 35728 , 35748 , 35749 , 35759 , 35763 , 137035 , 137037 , 35792 , 35793 , 35799 , 137039 , 137040 , 35814 , 35815 , 137042 , 137043 , 35832 , 35833 , 35834 , 35838 , 35839 , 35840 , 35842 , 35843 , 35848 , 35849 , 137048 , 137049 , 35879 , 35880 , 137052 , 35884 , 35885 , 35886 , 35887 , 35889 , 35935 , 35936 , 35937 , 35946 , 35947 , 35948 , 35949 , 35950 , 35952 , 35953 , 35954 , 35955 , 35956 , 35958 , 35959 , 35960 , 35961 , 35962 , 35963 , 35968 , 35969 , 35980 , 35981 , 35982 , 35983 , 35984 , 35985 , 35986 , 35987 , 35988 , 35989 , 35992 , 35993 , 35994 , 35995 , 35996 , 35997 , 35998 , 36001 , 36002 , 36005 , 36006 , 36007 , 36040 , 36041 , 36042 , 36043 , 36044 , 36045 , 36046 , 36055 , 36056 , 36057 , 36058 , 36059 , 36060 , 36061 , 36063 , 36075 , 36078 , 36079 , 36081 , 36082 , 36084 , 36085 , 36086 , 36132 , 36133 , 36155 , 36171 , 36172 , 36173 , 36174 , 36227 , 36228 , 36229 , 36230 , 36231 , 36232 , 36234 , 36235 , 36236 , 36238 , 36310 , 36311 , 36312 , 36313 , 36314 , 36315 , 36318 , 36319 , 36320 , 36321 , 36322 , 36323 , 36324 , 36327 , 36328 , 36329 , 36340 , 36341 , 36342 , 36347 , 36348 , 36349 , 36350 , 36351 , 36374 , 36423 , 36424 , 36425 , 36426 , 36429 , 36431 , 36432 , 36443 , 36450 , 36451 , 36453 , 36464 , 36465 , 36466 , 36467 , 36470 , 36471 , 36472 , 36474 , 36475 , 36476 , 36477 , 36493 , 36494 , 36498 , 36499 , 36500 , 145245 , 36536 , 145246 , 36582 , 36585 , 36586 , 36587 , 36588 , 36589 , 36591 , 36592 , 36593 , 36594 , 36595 , 36596 , 36597 , 36598 , 36606 , 36607 , 36608 , 36609 , 36610 , 36611 , 36619 , 36620 , 36621 , 36622 , 36623 , 36624 , 36625 , 36626 , 36640 , 36641 , 36642 , 36643 , 36644 , 36645 , 36646 , 36647 , 36649 , 36658 , 36708 , 36815 , 36816 , 36855 , 36856 , 36857 , 36858 , 36879 , 36882 , 36885 , 36886 , 36887 , 36892 , 36893 , 36894 , 36896 , 36898 , 36899 , 36900 , 36901 , 36902 , 36903 , 36904 , 36912 , 36914 , 36919 , 36922 , 36924 , 36925 , 36928 , 36929 , 36936 , 36937 , 36938 , 36939 , 36940 , 36941 , 36944 , 36945 , 36946 , 36951 , 36952 , 36953 , 36954 , 36959 , 36960 , 36967 , 36968 , 36979 , 36980 , 37012 , 37013 , 37014 , 37015 , 37042 , 37062 , 37080 , 37081 , 37082 , 37145 , 37146 , 37147 , 37148 , 37149 , 37150 , 37153 , 37161 , 37164 , 37165 , 37166 , 37167 , 37177 , 37178 , 137269 , 137270 , 137271 , 37214 , 37233 , 37234 , 37235 , 37236 , 37240 , 37241 , 37243 , 37244 , 37246 , 37248 , 37249 , 37250 , 37251 , 37252 , 37253 , 37254 , 37255 , 37256 , 37257 , 37259 , 37260 , 37261 , 37262 , 37263 , 37264 , 37265 , 37266 , 37267 , 37268 , 37269 , 37272 , 37273 , 37274 , 37276 , 37335 , 37336 , 37337 , 37341 , 37342 , 37343 , 37344 , 37345 , 37346 , 37347 , 37348 , 37349 , 37350 , 37352 , 37353 , 37354 , 37355 , 37356 , 37357 , 37358 , 37360 , 37361 , 37362 , 37363 , 37364 , 37365 , 37366 , 37367 , 37368 , 37369 , 37370 , 37371 , 37373 , 37374 , 37375 , 37376 , 37377 , 37378 , 37382 , 37383 , 37384 , 37386 , 37387 , 37398 , 37399 , 37404 , 37405 , 37422 , 37445 , 37446 , 37447 , 37448 , 37449 , 37450 , 37451 , 37452 , 37453 , 37454 , 37455 , 37456 , 37457 , 37458 , 37459 , 37460 , 37461 , 37462 , 37463 , 37464 , 37465 , 37466 , 37467 , 37468 , 37469 , 37470 , 37471 , 37472 , 37497 , 37498 , 37524 , 37525 , 37544 , 37555 , 37556 , 37561 , 37562 , 37563 , 37575 , 37576 , 37577 , 37578 , 37579 , 37580 , 37581 , 37582 , 37590 , 37591 , 37652 , 37653 , 37688 , 37689 , 37690 , 37691 , 37694 , 37695 , 37697 , 37736 , 37737 , 37738 , 37739 , 37740 , 37741 , 137363 , 37797 , 37798 , 37799 , 37800 , 37806 , 37807 , 37808 , 37810 , 37811 , 37812 , 37850 , 37853 , 37854 , 37855 , 37856 , 37857 , 37860 , 37861 , 37874 , 37875 , 37876 , 37877 , 37907 , 37908 , 37909 , 37914 , 37945 , 37946 , 37947 , 37948 , 37949 , 37950 , 37951 , 37952 , 37953 , 37962 , 37963 , 37964 , 37965 , 37966 , 37967 , 37996 , 37997 , 38004 , 38005 , 38006 , 38007 , 38019 , 38033 , 38034 , 38035 , 38036 , 38039 , 38040 , 38041 , 38046 , 38069 , 38115 , 38117 , 38118 , 38119 , 38122 , 38123 , 38124 , 38125 , 38126 , 38127 , 38128 , 38129 , 38130 , 38131 , 38132 , 38133 , 38134 , 38137 , 38138 , 38140 , 38141 , 38142 , 38143 , 38144 , 38145 , 38146 , 38167 , 38168 , 38185 , 38201 , 38237 , 38238 , 38246 , 38247 , 38248 , 38251 , 38252 , 38253 , 38254 , 38256 , 38257 , 38258 , 38259 , 38261 , 38262 , 38263 , 38269 , 38369 , 137468 , 38390 , 38410 , 38411 , 38412 , 38413 , 38414 , 38468 , 38469 , 38470 , 38472 , 38500 , 38501 , 38504 , 38505 , 38506 , 137502 , 137503 , 38613 , 38614 , 137510 , 137511 , 137512 , 137513 , 38673 , 38674 , 38675 , 38676 , 38677 , 38768 , 38769 , 38770 , 38777 , 38778 , 38780 , 38784 , 38810 , 38811 , 38812 , 38814 , 38815 , 38816 , 38844 , 38863 , 38864 , 38865 , 38866 , 38867 , 38868 , 38869 , 38870 , 38871 , 38872 , 38873 , 38874 , 38875 , 38877 , 38879 , 38955 , 38989 , 38990 , 38991 , 38992 , 38993 , 38994 , 38995 , 39015 , 39016 , 39017 , 39019 , 39020 , 39021 , 39022 , 39023 , 39024 , 39025 , 39027 , 39028 , 39029 , 39030 , 39034 , 39035 , 39047 , 39060 , 39061 , 39062 , 39063 , 39064 , 39067 , 39068 , 39070 , 39119 , 39129 , 39130 , 39131 , 39132 , 39136 , 39140 , 39141 , 39142 , 39143 , 39144 , 39145 , 39146 , 39148 , 39149 , 39150 , 39151 , 39152 , 39171 , 39172 , 39173 , 39212 , 39213 , 39216 , 39217 , 39218 , 39220 , 39223 , 39224 , 39225 , 39234 , 39236 , 39241 , 39242 , 39243 , 39244 , 39245 , 39249 , 39269 , 39300 , 39301 , 39302 , 39303 , 39304 , 39305 , 39313 , 39314 , 39315 , 39316 , 39317 , 39326 , 39340 , 39341 , 39342 , 39362 , 39365 , 39366 , 39367 , 39368 , 39379 , 39380 , 39448 , 39449 , 39452 , 39453 , 39463 , 39464 , 39490 , 39491 , 39510 , 39511 , 39512 , 39513 , 39549 , 39550 , 39551 , 39552 , 39553 , 39554 , 39555 , 39556 , 39557 , 132254 , 39614 , 39629 , 39630 , 39635 , 39636 , 39648 , 39649 , 39650 , 39655 , 39740 , 39741 , 39742 , 39743 , 39744 , 39746 , 39747 , 39750 , 39753 , 39754 , 39755 , 39756 , 39757 , 39758 , 39760 , 39761 , 39762 , 39769 , 39770 , 39772 , 39773 , 39774 , 39775 , 39776 , 39777 , 39778 , 39779 , 39819 , 39820 , 39826 , 39830 , 39831 , 39832 , 39833 , 39837 , 39873 , 39874 , 39875 , 39876 , 39878 , 39879 , 39880 , 39882 , 39883 , 39884 , 39920 , 39921 , 39930 , 39931 , 39932 , 39934 , 39936 , 39937 , 39941 , 39943 , 39985 , 39986 , 39987 , 39988 , 40012 , 40014 , 40015 , 40016 , 40049 , 40050 , 40084 , 40086 , 40097 , 40098 , 40100 , 40101 , 40102 , 40103 , 40104 , 40105 , 40106 , 40107 , 40108 , 40137 , 40164 , 40165 , 40189 , 40190 , 40191 , 40192 , 40193 , 40194 , 40200 , 40201 , 40206 , 40207 , 40208 , 137774 , 40220 , 40240 , 40241 , 40242 , 40243 , 40244 , 40245 , 40246 , 40251 , 40267 , 40270 , 40271 , 40278 , 40279 , 40283 , 40284 , 40285 , 40287 , 40306 , 40307 , 40311 , 40312 , 40327 , 40328 , 40366 , 40409 , 40444 , 40448 , 40449 , 137820 , 40492 , 40496 , 40497 , 40499 , 40500 , 40505 , 40506 , 40513 , 40514 , 40515 , 40516 , 40517 , 40521 , 40522 , 40523 , 40525 , 40526 , 40529 , 40552 , 40553 , 40554 , 40557 , 40558 , 40561 , 40562 , 40563 , 40564 , 40565 , 40568 , 40569 , 40577 , 40582 , 40583 , 40584 , 40588 , 40589 , 40590 , 40620 , 40631 , 40632 , 40633 , 40634 , 40637 , 40655 , 40656 , 40659 , 40660 , 40661 , 40662 , 40663 , 40665 , 40666 , 40669 , 40670 , 40671 , 137868 , 137869 , 40810 , 40811 , 40812 , 40813 , 40857 , 40858 , 40866 , 40867 , 40868 , 40869 , 40875 , 40876 , 40877 , 40878 , 40879 , 40880 , 40941 , 40948 , 40949 , 40950 , 40964 , 40969 , 40970 , 40971 , 40972 , 40973 , 40974 , 40975 , 40976 , 40977 , 40979 , 40980 , 145394 , 41002 , 41003 , 41004 , 41005 , 149759 , 41010 , 41012 , 41013 , 41014 , 41015 , 41018 , 41027 , 41028 , 41029 , 41030 , 41031 , 41032 , 41034 , 41038 , 41039 , 41040 , 41041 , 41086 , 41091 , 41092 , 41093 , 41094 , 41095 , 41096 , 41097 , 41098 , 41099 , 41100 , 41101 , 41102 , 41105 , 41151 , 41174 , 41175 , 41176 , 41177 , 41178 , 41179 , 41180 , 41181 , 41182 , 41215 , 41216 , 41217 , 41218 , 41219 , 41220 , 41221 , 41222 , 41223 , 41254 , 41255 , 41262 , 41265 , 41266 , 41304 , 41366 , 41368 , 41369 , 41370 , 41371 , 41372 , 41373 , 41374 , 41375 , 41376 , 41377 , 41379 , 41380 , 41382 , 41383 , 41385 , 41386 , 41387 , 41388 , 41389 , 41390 , 41391 , 41443 , 41444 , 41520 , 41521 , 41522 , 41530 , 41531 , 41532 , 41533 , 41534 , 41535 , 41536 , 41537 , 41542 , 41543 , 41544 , 41545 , 41547 , 41548 , 41549 , 41599 , 41615 , 41656 , 41657 , 41658 , 41674 , 41675 , 41676 , 41778 , 41779 , 41809 , 41831 , 41832 , 41837 , 41838 , 41861 , 41886 , 41887 , 41888 , 41973 , 42046 , 42047 , 42048 , 42050 , 42051 , 42061 , 42062 , 42063 , 42078 , 42081 , 42082 , 42083 , 42084 , 42085 , 42086 , 42087 , 42089 , 42091 , 42097 , 42109 , 42111 , 42127 , 42128 , 42170 , 42174 , 42175 , 42176 , 42235 , 42298 , 42299 , 42300 , 42301 , 42302 , 42303 , 42329 , 42330 , 42340 , 42341 , 42342 , 42343 , 42344 , 42347 , 42348 , 42349 , 42351 , 42353 , 42354 , 42355 , 42363 , 42364 , 42365 , 42381 , 42382 , 42383 , 42384 , 42385 , 42386 , 42387 , 42388 , 42396 , 42397 , 42399 , 42417 , 42418 , 42419 , 42429 , 42430 , 42433 , 42434 , 42440 , 42441 , 42444 , 42463 , 42496 , 42510 , 42511 , 42512 , 42513 , 42517 , 42518 , 42519 , 42521 , 42560 , 42563 , 42564 , 42565 , 42566 , 42568 , 42569 , 42570 , 42571 , 42572 , 42574 , 42579 , 42580 , 42581 , 42582 , 42583 , 42584 , 42585 , 42587 , 42588 , 42589 , 42590 , 42591 , 42592 , 42595 , 42596 , 138177 , 42662 , 42663 , 42664 , 138183 , 138189 , 138194 , 135356 , 42758 , 42760 , 42761 , 42762 , 42764 , 42765 , 42767 , 42768 , 42770 , 42771 , 42772 , 138201 , 138202 , 42802 , 42803 , 42804 , 42807 , 42808 , 42809 , 42810 , 42811 , 42812 , 42813 , 42814 , 42840 , 42841 , 42857 , 42858 , 42859 , 42860 , 42861 , 42862 , 42863 , 42864 , 42870 , 42873 , 42878 , 42879 , 42880 , 42881 , 42882 , 42883 , 42903 , 42904 , 42905 , 42906 , 42907 , 42908 , 42909 , 42929 , 42932 , 42933 , 42938 , 42978 , 42979 , 42980 , 42981 , 42982 , 42983 , 42984 , 42988 , 42991 , 42992 , 42993 , 42994 , 43019 , 43043 , 43084 , 43085 , 43086 , 43107 , 43108 , 43109 , 43110 , 43111 , 43112 , 43113 , 43115 , 43141 , 43143 , 43144 , 43220 , 43221 , 43222 , 43223 , 43224 , 43225 , 43226 , 43227 , 43228 , 43230 , 43231 , 43233 , 43234 , 43244 , 43245 , 43246 , 43247 , 43248 , 43282 , 43300 , 43301 , 43302 , 43303 , 43304 , 43305 , 43306 , 43341 , 43342 , 43348 , 43377 , 43378 , 43382 , 43398 , 43399 , 43400 , 43401 , 43402 , 43403 , 43410 , 43411 , 43412 , 43418 , 43445 , 43446 , 43526 , 43527 , 43566 , 43580 , 43581 , 43586 , 43621 , 43622 , 43623 , 43624 , 43630 , 43634 , 43635 , 43636 , 43637 , 43638 , 43646 , 43648 , 43666 , 43667 , 43671 , 43672 , 43673 , 43674 , 43675 , 43676 , 43677 , 43678 , 43679 , 138352 , 138353 , 138354 , 138355 , 43703 , 138356 , 43708 , 138360 , 138362 , 138363 , 43755 , 138369 , 138370 , 43813 , 43815 , 43816 , 43853 , 43859 , 43860 , 43861 , 43875 , 43876 , 43878 , 43879 , 43880 , 43881 , 43882 , 43883 , 43884 , 43885 , 43886 , 43887 , 43888 , 43889 , 43890 , 43891 , 43892 , 43920 , 43921 , 43922 , 43923 , 43924 , 43925 , 43935 , 43937 , 43938 , 43939 , 43940 , 43941 , 43942 , 43943 , 43944 , 43946 , 43947 , 43950 , 43951 , 43954 , 43955 , 43956 , 43960 , 43961 , 43962 , 43966 , 43967 , 43968 , 43969 , 43970 , 43971 , 43972 , 43973 , 43974 , 43975 , 43976 , 43977 , 43978 , 43984 , 43985 , 43986 , 43987 , 43989 , 43990 , 43991 , 43992 , 43993 , 43994 , 43995 , 43996 , 44003 , 44004 , 44005 , 44006 , 44007 , 44008 , 44009 , 44017 , 44018 , 44019 , 44020 , 44021 , 44029 , 44031 , 44038 , 44039 , 44040 , 44041 , 44042 , 44043 , 44044 , 44055 , 44060 , 44061 , 44062 , 44063 , 44064 , 44065 , 44141 , 44147 , 44148 , 44150 , 44151 , 44152 , 44177 , 44193 , 44205 , 44206 , 44207 , 44210 , 44211 , 44213 , 44214 , 44220 , 44221 , 44222 , 44224 , 44259 , 44260 , 44289 , 44290 , 44291 , 44292 , 44293 , 44294 , 44297 , 44298 , 44308 , 44309 , 44310 , 44311 , 44312 , 44313 , 44401 , 44402 , 44427 , 44428 , 44429 , 44430 , 44432 , 44434 , 44435 , 44440 , 44441 , 44442 , 44443 , 44444 , 44445 , 44446 , 44448 , 44452 , 44453 , 44454 , 44455 , 44456 , 44481 , 44482 , 44542 , 44543 , 44544 , 44546 , 44560 , 44561 , 44615 , 44616 , 44617 , 44674 , 44675 , 44676 , 44677 , 44678 , 44679 , 44680 , 44685 , 44686 , 44687 , 44688 , 44689 , 44690 , 44692 , 44693 , 44694 , 44695 , 44709 , 44710 , 44711 , 44762 , 44763 , 44764 , 44769 , 44770 , 44771 , 44772 , 44773 , 44774 , 44780 , 44781 , 44782 , 44783 , 44798 , 44801 , 44803 , 44804 , 44837 , 44855 , 44896 , 44937 , 44938 , 44939 , 44949 , 44950 , 44951 , 44952 , 44953 , 44954 , 44961 , 44962 , 44963 , 44964 , 44965 , 45032 , 45035 , 45036 , 45037 , 45038 , 45073 , 45077 , 45078 , 45081 , 45082 , 45084 , 45095 , 45153 , 45154 , 45217 , 45218 , 45219 , 45223 , 45225 , 45233 , 45234 , 45235 , 45236 , 45237 , 45238 , 45239 , 45240 , 45241 , 45242 , 45251 , 45256 , 45257 , 45258 , 45261 , 45262 , 45263 , 45269 , 45270 , 45271 , 45272 , 45274 , 45275 , 45276 , 45277 , 45278 , 45279 , 45280 , 45281 , 45282 , 45350 , 45351 , 45352 , 45353 , 45354 , 45358 , 45359 , 45360 , 45361 , 45362 , 45368 , 45369 , 45371 , 45372 , 45373 , 45374 , 45381 , 45383 , 45384 , 45498 , 45499 , 45504 , 45505 , 45506 , 45507 , 45508 , 45509 , 45511 , 45512 , 45513 , 45514 , 45548 , 45553 , 45554 , 45555 , 45556 , 45557 , 45558 , 45559 , 45560 , 45563 , 45564 , 45565 , 45566 , 45582 , 45583 , 45584 , 45587 , 45588 , 45589 , 45590 , 45620 , 45621 , 45633 , 45634 , 45675 , 45676 , 45678 , 45679 , 45682 , 45683 , 45707 , 45708 , 45712 , 45713 , 45714 , 45715 , 45728 , 45729 , 45730 , 45732 , 45733 , 45734 , 45735 , 45736 , 45748 , 45749 , 45750 , 45751 , 45801 , 45825 , 138716 , 138717 , 45881 , 45882 , 45883 , 45884 , 45885 , 138720 , 138721 , 138723 , 138729 , 45951 , 45953 , 45954 , 138731 , 45959 , 45960 , 138732 , 45967 , 45968 , 45970 , 45971 , 138734 , 45975 , 45976 , 45977 , 45978 , 45979 , 45981 , 45982 , 45985 , 45986 , 45987 , 45988 , 138739 , 138740 , 46049 , 46050 , 46189 , 46190 , 46202 , 46203 , 46204 , 46205 , 46206 , 46207 , 46208 , 46214 , 46215 , 46217 , 46218 , 46219 , 46220 , 46261 , 46262 , 46263 , 46264 , 46265 , 46295 , 46308 , 46309 , 46356 , 46357 , 46358 , 46359 , 46360 , 46361 , 46362 , 46363 , 46366 , 46367 , 46368 , 46369 , 46370 , 46371 , 46372 , 46373 , 46374 , 46375 , 46376 , 46377 , 46378 , 46379 , 46380 , 46381 , 46382 , 46383 , 46384 , 46385 , 46387 , 46388 , 46389 , 46390 , 46392 , 46393 , 46394 , 46403 , 46404 , 46405 , 46406 , 46407 , 46408 , 46409 , 46410 , 46411 , 46412 , 46413 , 46414 , 46415 , 46416 , 46417 , 46418 , 46419 , 46420 , 46421 , 46422 , 46423 , 46424 , 46425 , 46513 , 46534 , 46545 , 46546 , 46547 , 46549 , 46550 , 46551 , 46552 , 46557 , 46558 , 46559 , 46564 , 46567 , 46568 , 46569 , 46570 , 46571 , 46622 , 46625 , 46626 , 46628 , 46629 , 46630 , 46631 , 46632 , 46633 , 46636 , 46637 , 46638 , 46639 , 46640 , 46641 , 46643 , 46644 , 46676 , 46677 , 46732 , 46744 , 46745 , 46746 , 46747 , 46748 , 46777 , 46778 , 46779 , 46780 , 46781 , 46784 , 46785 , 46787 , 46789 , 46790 , 46791 , 46800 , 46802 , 46804 , 46812 , 46813 , 46816 , 46817 , 46818 , 46819 , 46820 , 46821 , 46822 , 46823 , 46824 , 46825 , 46826 , 46870 , 46871 , 46872 , 46873 , 46874 , 46875 , 138899 , 138901 , 46998 , 46999 , 47000 , 47001 , 47002 , 47003 , 47004 , 47005 , 138908 , 138909 , 47025 , 47026 , 47027 , 47028 , 47029 , 47030 , 47031 , 47032 , 47033 , 47034 , 47035 , 47036 , 47076 , 47077 , 47080 , 47082 , 154326 , 47121 , 47124 , 47125 , 47127 , 47128 , 47129 , 47133 , 47134 , 47135 , 47136 , 47152 , 47153 , 47167 , 47201 , 47236 , 47237 , 47238 , 47239 , 47240 , 47241 , 47242 , 47243 , 47244 , 47245 , 47246 , 47248 , 47250 , 47251 , 47252 , 47253 , 47257 , 47258 , 47261 , 47264 , 47265 , 47266 , 47268 , 47269 , 47271 , 47272 , 47273 , 47274 , 47275 , 47276 , 47277 , 47278 , 47280 , 47281 , 47282 , 47284 , 47309 , 47310 , 47317 , 47318 , 47319 , 47320 , 47321 , 47322 , 47323 , 47325 , 47330 , 47331 , 47332 , 47333 , 47334 , 47335 , 47336 , 47337 , 47338 , 47339 , 47340 , 47341 , 47342 , 155528 , 47462 , 47463 , 47464 , 47465 , 47466 , 47467 , 47468 , 47469 , 47470 , 47471 , 47473 , 47474 , 47475 , 47480 , 47481 , 47482 , 47483 , 47484 , 47485 , 47486 , 47487 , 47488 , 47489 , 47490 , 47491 , 47492 , 47493 , 47494 , 47532 , 47533 , 47539 , 47540 , 47541 , 47542 , 47543 , 47544 , 47545 , 47546 , 47558 , 47559 , 47560 , 47568 , 47569 , 47570 , 47571 , 47572 , 47573 , 47574 , 47575 , 47576 , 47582 , 47583 , 47584 , 47585 , 47610 , 47639 , 47647 , 47648 , 47649 , 47650 , 47651 , 47652 , 47653 , 47654 , 47655 , 47656 , 47657 , 47658 , 47659 , 47660 , 47661 , 47662 , 47663 , 47668 , 47669 , 47670 , 47671 , 47674 , 47675 , 47733 , 47734 , 47735 , 47736 , 47800 , 47801 , 47803 , 47821 , 47823 , 47824 , 47827 , 47828 , 47829 , 47830 , 47832 , 47833 , 47834 , 47835 , 47838 , 47839 , 47840 , 47841 , 47843 , 47863 , 47864 , 47875 , 47876 , 47878 , 47882 , 47883 , 139058 , 139059 , 47924 , 47925 , 47927 , 47928 , 47929 , 145625 , 47931 , 47933 , 47934 , 47935 , 47936 , 47938 , 47939 , 47940 , 47944 , 47945 , 47946 , 139065 , 47960 , 47961 , 47962 , 47963 , 47996 , 145628 , 48046 , 48049 , 48050 , 48051 , 48052 , 48055 , 48056 , 48057 , 48059 , 48060 , 48063 , 48064 , 48065 , 48070 , 48071 , 48072 , 48172 , 48202 , 48203 , 48224 , 48226 , 48229 , 48230 , 48245 , 48247 , 48248 , 48249 , 48250 , 48251 , 48252 , 48253 , 48254 , 48255 , 48262 , 48263 , 48279 , 48290 , 48291 , 48293 , 48294 , 48295 , 48297 , 48299 , 48304 , 48328 , 48329 , 48333 , 139139 , 48432 , 48433 , 48434 , 48435 , 48436 , 48437 , 48439 , 48440 , 48477 , 48478 , 48479 , 48480 , 48481 , 48482 , 48483 , 48484 , 48485 , 48486 , 48491 , 48492 , 48493 , 139162 , 48618 , 139175 , 48625 , 48626 , 48640 , 48641 , 139179 , 48644 , 48646 , 48647 , 48648 , 48649 , 154378 , 48665 , 48666 , 48703 , 48704 , 48705 , 48706 , 48707 , 48708 , 48709 , 48718 , 48791 , 48793 , 48794 , 48795 , 48797 , 48798 , 48799 , 48800 , 48801 , 48802 , 48803 , 48804 , 48805 , 48806 , 48807 , 48808 , 48809 , 48810 , 48811 , 48812 , 48813 , 48814 , 48815 , 48816 , 48817 , 48818 , 48819 , 48821 , 48863 , 48864 , 48865 , 48866 , 48870 , 48953 , 48954 , 48955 , 48956 , 48957 , 48958 , 48959 , 48965 , 48966 , 48967 , 48969 , 49016 , 49088 , 49089 , 49090 , 49091 , 49092 , 49107 , 49108 , 49109 , 49110 , 49111 , 49112 , 49114 , 49128 , 49129 , 49137 , 49138 , 49139 , 49140 , 49141 , 49142 , 49143 , 49144 , 49154 , 49155 , 49156 , 49157 , 139269 , 49186 , 49187 , 49189 , 49190 , 49191 , 49192 , 49193 , 49196 , 49197 , 49199 , 49200 , 49207 , 49208 , 49222 , 49223 , 49224 , 49225 , 49226 , 49227 , 49228 , 49230 , 49231 , 49249 , 49250 , 49292 , 49299 , 49302 , 49342 , 49343 , 49344 , 49345 , 49346 , 49347 , 49348 , 49349 , 49350 , 49351 , 49354 , 132580 , 144357 , 49405 , 49406 , 49411 , 49412 , 49413 , 49414 , 49415 , 49416 , 49417 , 49451 , 49452 , 49453 , 49454 , 49455 , 49456 , 49461 , 49463 , 49464 , 49465 , 49466 , 49475 , 49485 , 49486 , 49487 , 49500 , 49501 , 49502 , 49503 , 49504 , 49506 , 49507 , 49524 , 49525 , 49526 , 49527 , 49528 , 49529 , 49530 , 49532 , 49533 , 49534 , 49535 , 49536 , 49537 , 49538 , 49551 , 49552 , 49553 , 49554 , 49555 , 49556 , 49557 , 49559 , 49560 , 49566 , 132586 , 49570 , 49571 , 49575 , 49576 , 49579 , 49580 , 49581 , 49582 , 49586 , 49633 , 49643 , 49651 , 49652 , 49653 , 49654 , 49655 , 49656 , 49657 , 49699 , 49711 , 49712 , 49757 , 49758 , 49759 , 49760 , 49764 , 49765 , 49766 , 49767 , 49768 , 49769 , 49775 , 49777 , 49778 , 49779 , 49781 , 49782 , 49783 , 49784 , 49788 , 49789 , 49792 , 49793 , 49794 , 49795 , 49796 , 49797 , 49799 , 49800 , 49801 , 49805 , 49806 , 49807 , 49811 , 49812 , 49813 , 49822 , 49823 , 49824 , 49826 , 49827 , 49899 , 49900 , 49910 , 49911 , 49912 , 49913 , 49914 , 49916 , 49919 , 49920 , 49921 , 49922 , 49923 , 49924 , 49925 , 49926 , 49927 , 49928 , 49936 , 49950 , 49955 , 49956 , 49996 , 49998 , 49999 , 50000 , 50001 , 50002 , 50040 , 50041 , 50042 , 50043 , 50062 , 50064 , 50066 , 50067 , 50068 , 50152 , 50153 , 50154 , 50155 , 50156 , 50157 , 50158 , 50159 , 50161 , 50162 , 50217 , 50218 , 50219 , 50220 , 50221 , 50223 , 50224 , 50225 , 50226 , 50227 , 50228 , 50230 , 50232 , 50233 , 50234 , 50235 , 50236 , 50237 , 50238 , 50239 , 50243 , 50244 , 50256 , 50257 , 50258 , 50259 , 50260 , 50261 , 50262 , 50264 , 50265 , 50266 , 50282 , 50283 , 50325 , 50327 , 50328 , 50329 , 50330 , 50331 , 139464 , 139465 , 50394 , 50395 , 50396 , 50397 , 50398 , 139472 , 139473 , 50414 , 50415 , 50418 , 50419 , 50420 , 50421 , 50422 , 50423 , 50424 , 50425 , 50427 , 50428 , 50429 , 50431 , 50432 , 50441 , 50445 , 50446 , 50447 , 50448 , 50449 , 50450 , 50452 , 50456 , 50459 , 50493 , 50494 , 50495 , 50496 , 50497 , 50498 , 50499 , 50500 , 50501 , 50504 , 50505 , 50506 , 50558 , 50560 , 50561 , 50562 , 50563 , 50564 , 50565 , 50566 , 50567 , 50568 , 50570 , 50571 , 50572 , 50573 , 50574 , 50575 , 50576 , 50577 , 50578 , 50579 , 50580 , 50597 , 50598 , 50599 , 50600 , 50601 , 50602 , 50604 , 50629 , 50630 , 50631 , 50632 , 50633 , 50634 , 50635 , 50637 , 50638 , 50639 , 50643 , 50644 , 50645 , 50647 , 50648 , 50649 , 50650 , 50651 , 50652 , 50653 , 50654 , 50655 , 50680 , 50681 , 50682 , 50688 , 50689 , 50690 , 50691 , 50695 , 50696 , 50697 , 50698 , 50699 , 50701 , 50702 , 50703 , 50704 , 50715 , 50716 , 50717 , 50773 , 50817 , 50818 , 50823 , 50824 , 50825 , 50827 , 50828 , 50829 , 50830 , 50831 , 50832 , 50833 , 50834 , 50835 , 50878 , 50879 , 50880 , 50881 , 50882 , 50883 , 50884 , 50885 , 50971 , 50972 , 50973 , 50975 , 50976 , 50977 , 50987 , 51102 , 51190 , 51193 , 51194 , 51195 , 51196 , 51197 , 51198 , 51199 , 51201 , 51202 , 51298 , 51299 , 51300 , 51301 , 51302 , 51323 , 51324 , 51327 , 51329 , 51331 , 51332 , 51333 , 51355 , 51356 , 51378 , 51379 , 51380 , 51381 , 51382 , 51383 , 51384 , 51454 , 51455 , 51457 , 51458 , 51461 , 51462 , 51463 , 51464 , 51465 , 51466 , 51467 , 51468 , 51469 , 51470 , 51475 , 51476 , 51478 , 51479 , 51480 , 51481 , 51482 , 51483 , 51485 , 51486 , 51487 , 51488 , 51490 , 51491 , 51492 , 51498 , 51503 , 51504 , 51505 , 51506 , 51524 , 51525 , 51526 , 51527 , 51528 , 51531 , 51532 , 51533 , 51534 , 51535 , 51536 , 51537 , 51539 , 51564 , 51565 , 51578 , 51579 , 51582 , 51583 , 51584 , 51585 , 51600 , 51608 , 51613 , 51614 , 51615 , 51616 , 51618 , 51619 , 51621 , 51622 , 51623 , 51624 , 51625 , 51628 , 51629 , 51630 , 51631 , 51632 , 51633 , 51634 , 51635 , 51663 , 51664 , 51665 , 51666 , 51667 , 51674 , 51675 , 51676 , 51686 , 51736 , 51737 , 51739 , 51746 , 51747 , 51748 , 51749 , 51750 , 51756 , 51760 , 51761 , 51762 , 51763 , 51764 , 51765 , 51766 , 51767 , 51770 , 51771 , 51787 , 51816 , 51817 , 51833 , 51864 , 51868 , 51869 , 51870 , 51871 , 51873 , 51876 , 51877 , 51878 , 51879 , 51880 , 51881 , 51882 , 51883 , 51885 , 51886 , 51887 , 51892 , 51897 , 51898 , 51899 , 51900 , 51901 , 51902 , 51938 , 51940 , 51950 , 51976 , 52005 , 52006 , 52008 , 52009 , 52010 , 52011 , 52012 , 52036 , 52037 , 52038 , 52062 , 52066 , 52067 , 52068 , 52072 , 52073 , 52074 , 52075 , 52076 , 52078 , 52080 , 52095 , 52096 , 52118 , 52119 , 52130 , 52131 , 52132 , 52138 , 52139 , 52144 , 52145 , 52146 , 52147 , 52148 , 52158 , 52159 , 52160 , 52161 , 52162 , 52163 , 52164 , 52166 , 52194 , 52229 , 52234 , 52235 , 52236 , 52239 , 52240 , 52241 , 52242 , 52245 , 52246 , 52247 , 52251 , 137041 , 52300 , 52311 , 52312 , 52313 , 52314 , 52315 , 52319 , 52320 , 52321 , 52336 , 52337 , 52353 , 52354 , 52355 , 52356 , 52357 , 52358 , 52359 , 52360 , 52361 , 52362 , 52364 , 52365 , 52366 , 52367 , 52368 , 52369 , 52404 , 52405 , 52406 , 52407 , 52408 , 52410 , 52411 , 52412 , 52443 , 52444 , 52445 , 52446 , 52447 , 52448 , 52449 , 52450 , 52451 , 52452 , 52453 , 52454 , 52455 , 52456 , 52457 , 52458 , 52459 , 52460 , 52461 , 52462 , 52463 , 52464 , 52465 , 52466 , 52467 , 52468 , 52469 , 52470 , 52471 , 52472 , 52473 , 52474 , 52475 , 52495 , 52496 , 52497 , 52498 , 52499 , 52500 , 52501 , 52502 , 52503 , 52504 , 52524 , 52525 , 52526 , 52551 , 52552 , 52553 , 52559 , 52560 , 52571 , 52573 , 52642 , 52643 , 52644 , 52645 , 52646 , 52647 , 52649 , 139847 , 139848 , 139851 , 52688 , 52689 , 52692 , 52693 , 52695 , 52696 , 52698 , 52699 , 52703 , 139856 , 139857 , 139858 , 52720 , 52721 , 52722 , 52725 , 52726 , 52727 , 52728 , 52729 , 139870 , 52793 , 52794 , 52796 , 52797 , 52798 , 52847 , 52848 , 52849 , 52860 , 52861 , 52862 , 52863 , 52864 , 52865 , 52867 , 52890 , 52891 , 52907 , 52908 , 52924 , 52930 , 52937 , 52940 , 52942 , 52943 , 52952 , 52953 , 52954 , 52955 , 52956 , 52958 , 52959 , 52961 , 52962 , 52964 , 52965 , 52968 , 52970 , 52971 , 52972 , 52981 , 53001 , 53002 , 53003 , 53034 , 53043 , 53044 , 53052 , 53053 , 53054 , 53055 , 139915 , 53123 , 53124 , 53125 , 53126 , 139928 , 53155 , 53156 , 53157 , 53158 , 53159 , 53160 , 53161 , 53162 , 53163 , 53164 , 53165 , 53166 , 53167 , 53168 , 53172 , 53173 , 53174 , 53175 , 53181 , 53182 , 53207 , 53208 , 53209 , 53210 , 53211 , 53212 , 53213 , 53219 , 53220 , 53221 , 53222 , 53223 , 53224 , 53225 , 53233 , 53234 , 53267 , 53268 , 53271 , 53272 , 53289 , 53301 , 53302 , 53316 , 53317 , 53318 , 53319 , 53320 , 53323 , 53324 , 53331 , 53332 , 53333 , 53334 , 53335 , 53336 , 53337 , 53343 , 53344 , 53345 , 53346 , 53347 , 53348 , 53349 , 53350 , 53351 , 53355 , 53361 , 53362 , 53363 , 53364 , 53365 , 53366 , 53368 , 53369 , 53449 , 53451 , 53452 , 53453 , 53462 , 53463 , 53487 , 53488 , 53499 , 53501 , 53502 , 53541 , 53544 , 53546 , 53549 , 53550 , 53575 , 53577 , 53578 , 53579 , 53580 , 53730 , 53731 , 53732 , 53733 , 53734 , 53735 , 53736 , 53737 , 53738 , 53740 , 53741 , 53743 , 53744 , 53748 , 53749 , 53757 , 53758 , 53759 , 53761 , 53763 , 53764 , 53765 , 53766 , 53768 , 53769 , 53770 , 53771 , 53774 , 53794 , 53795 , 53796 , 53797 , 53798 , 53799 , 53809 , 53810 , 53815 , 53816 , 53817 , 53818 , 53819 , 53853 , 53854 , 53886 , 53888 , 53889 , 53918 , 53919 , 53920 , 53921 , 53922 , 53948 , 53949 , 53950 , 53951 , 53952 , 53953 , 54001 , 54002 , 54003 , 54004 , 54006 , 54007 , 54008 , 54011 , 54012 , 54013 , 54015 , 54076 , 54077 , 54105 , 54107 , 54108 , 54118 , 54119 , 54120 , 54149 , 54150 , 54151 , 54158 , 54159 , 54160 , 54164 , 54165 , 54166 , 54168 , 54170 , 54171 , 54172 , 54173 , 54174 , 54175 , 54176 , 54177 , 54192 , 54193 , 54194 , 54195 , 54196 , 54197 , 54198 , 54199 , 54200 , 54201 , 140110 , 54237 , 54238 , 54241 , 54242 , 54243 , 54244 , 54245 , 54246 , 54247 , 54248 , 54249 , 54250 , 54251 , 54252 , 54253 , 54254 , 54278 , 54279 , 54280 , 54281 , 54282 , 54284 , 54288 , 54289 , 54290 , 54291 , 54292 , 54318 , 54319 , 54320 , 54321 , 54322 , 54323 , 54324 , 54327 , 54363 , 54364 , 54367 , 54390 , 54391 , 54392 , 54393 , 54394 , 54395 , 54398 , 54399 , 54407 , 54408 , 54409 , 54410 , 54411 , 54412 , 54413 , 54414 , 54415 , 54416 , 54420 , 54421 , 54422 , 54462 , 54463 , 54464 , 54465 , 54466 , 54467 , 54468 , 54469 , 54470 , 54471 , 54491 , 54492 , 54494 , 54495 , 54520 , 54521 , 54522 , 54523 , 54524 , 54525 , 54527 , 54528 , 54529 , 54531 , 54532 , 54540 , 54581 , 54582 , 54583 , 54584 , 54585 , 54586 , 54587 , 54588 , 54589 , 54590 , 54607 , 54608 , 54609 , 54610 , 54611 , 54613 , 54614 , 54618 , 54622 , 54624 , 54625 , 54627 , 54628 , 54629 , 54646 , 54647 , 54650 , 54651 , 54652 , 54653 , 54654 , 54655 , 54656 , 54657 , 54658 , 145850 , 140197 , 54753 , 54754 , 140198 , 54772 , 54775 , 54776 , 54777 , 54778 , 54779 , 54780 , 54781 , 54783 , 54784 , 54790 , 54791 , 54792 , 54793 , 140206 , 140207 , 140208 , 140209 , 54841 , 54842 , 54843 , 54844 , 140215 , 140216 , 54884 , 54885 , 54898 , 54899 , 54966 , 54970 , 54971 , 54972 , 54973 , 54976 , 54977 , 54978 , 54979 , 54980 , 54988 , 54989 , 54991 , 54992 , 54993 , 54994 , 54998 , 54999 , 55054 , 55055 , 55056 , 55057 , 55063 , 55064 , 55065 , 55161 , 55195 , 55196 , 55226 , 55227 , 55236 , 55243 , 55244 , 55247 , 55248 , 55253 , 55257 , 55258 , 55259 , 55260 , 55261 , 55262 , 55263 , 55264 , 55265 , 55302 , 55303 , 55304 , 55305 , 55306 , 55307 , 55308 , 55309 , 55310 , 55315 , 55318 , 55319 , 55347 , 55354 , 55355 , 55376 , 55377 , 55379 , 55380 , 55381 , 55395 , 55424 , 55425 , 55514 , 55515 , 55516 , 55517 , 55518 , 55519 , 55520 , 55521 , 55523 , 55524 , 55526 , 55527 , 55556 , 55581 , 55584 , 55586 , 55618 , 55634 , 55635 , 55636 , 55637 , 55638 , 55640 , 55643 , 55644 , 55645 , 55662 , 55678 , 55679 , 55682 , 55685 , 55686 , 55722 , 55723 , 55772 , 55783 , 55784 , 55787 , 55795 , 55796 , 55797 , 55798 , 55799 , 55802 , 55803 , 55805 , 55806 , 55807 , 55808 , 55811 , 55812 , 140380 , 55850 , 55851 , 55852 , 55853 , 55854 , 55855 , 55856 , 55858 , 55859 , 55860 , 55861 , 55862 , 55863 , 55875 , 55876 , 55877 , 55879 , 55880 , 55882 , 55905 , 55906 , 55907 , 55910 , 55913 , 55914 , 55932 , 55933 , 55934 , 149638 , 55953 , 55954 , 55961 , 55962 , 55963 , 55964 , 55965 , 55966 , 55967 , 55968 , 55969 , 56042 , 56053 , 56103 , 56109 , 56137 , 56171 , 56172 , 56174 , 56175 , 56182 , 56183 , 56187 , 56188 , 56189 , 56190 , 56191 , 56192 , 56194 , 56195 , 56196 , 56197 , 56198 , 56209 , 56213 , 56241 , 56242 , 56243 , 56244 , 56245 , 56246 , 56247 , 56248 , 56249 , 56250 , 56251 , 56252 , 56253 , 56254 , 56255 , 56256 , 56281 , 56282 , 56283 , 56284 , 56285 , 56286 , 56287 , 56288 , 56292 , 56293 , 56294 , 56334 , 56335 , 56336 , 56337 , 56338 , 56342 , 56367 , 56368 , 56369 , 56389 , 56390 , 56391 , 56426 , 56427 , 56453 , 56454 , 56476 , 56477 , 56488 , 56489 , 56490 , 56491 , 56496 , 56507 , 56508 , 56541 , 56563 , 56564 , 56566 , 56567 , 56568 , 56569 , 56570 , 56573 , 56574 , 56578 , 56582 , 56616 , 56617 , 56626 , 56629 , 56630 , 56632 , 56635 , 56636 , 56734 , 56735 , 56736 , 56739 , 56748 , 56749 , 56753 , 56754 , 56755 , 56756 , 56757 , 56758 , 56759 , 56760 , 56761 , 56762 , 56763 , 56764 , 56765 , 56766 , 56767 , 56768 , 56769 , 56770 , 56771 , 56772 , 56773 , 56776 , 140537 , 56803 , 56804 , 56805 , 56807 , 145921 , 56829 , 56830 , 56856 , 56857 , 56858 , 56860 , 56861 , 56862 , 56863 , 56864 , 56873 , 56877 , 56878 , 56880 , 56881 , 56882 , 56884 , 56885 , 56890 , 56969 , 56970 , 56978 , 56982 , 56983 , 56984 , 56986 , 56987 , 56991 , 56992 , 56998 , 57023 , 57037 , 57038 , 57039 , 57040 , 57041 , 57042 , 57049 , 57050 , 57051 , 57052 , 57053 , 57054 , 57055 , 57056 , 57057 , 57059 , 57060 , 57061 , 57062 , 57063 , 57115 , 57116 , 57117 , 57118 , 57119 , 57120 , 57121 , 57123 , 57124 , 57125 , 57197 , 57198 , 57230 , 57231 , 57232 , 57233 , 57234 , 57235 , 57236 , 57237 , 57239 , 57240 , 57254 , 57255 , 57256 , 57257 , 57258 , 57259 , 57276 , 57277 , 57278 , 57280 , 57281 , 57282 , 57283 , 57284 , 57285 , 57292 , 57293 , 57294 , 57295 , 57296 , 57300 , 57301 , 57302 , 57303 , 57304 , 57319 , 57400 , 57401 , 57409 , 57410 , 57411 , 57412 , 57416 , 57417 , 57418 , 57419 , 57421 , 57423 , 57425 , 57426 , 57427 , 57429 , 57430 , 57431 , 57433 , 57434 , 57435 , 57436 , 57437 , 57452 , 57453 , 57454 , 57455 , 57456 , 57460 , 57462 , 57463 , 57565 , 57566 , 57568 , 57570 , 57571 , 57590 , 57618 , 57620 , 57621 , 57622 , 57623 , 57624 , 57625 , 57626 , 57627 , 57628 , 57629 , 57630 , 57632 , 57633 , 57634 , 57635 , 57636 , 57637 , 57641 , 57642 , 57645 , 57646 , 57647 , 57648 , 57656 , 57657 , 57658 , 57659 , 57660 , 57661 , 57662 , 57663 , 57664 , 57665 , 57666 , 57667 , 57668 , 57669 , 57670 , 57671 , 57672 , 57673 , 57674 , 57676 , 57677 , 57678 , 57679 , 57680 , 57681 , 57682 , 57683 , 57684 , 57685 , 57701 , 57746 , 57747 , 57748 , 57749 , 57750 , 57780 , 57813 , 57815 , 57848 , 57853 , 57854 , 57855 , 57856 , 57859 , 57860 , 57862 , 57863 , 57864 , 57865 , 57866 , 57867 , 57868 , 57869 , 57871 , 57872 , 57873 , 57899 , 57900 , 57901 , 57902 , 57956 , 57962 , 57963 , 58010 , 58011 , 58012 , 58013 , 58014 , 58015 , 58016 , 58017 , 58018 , 58019 , 58020 , 58021 , 58022 , 58023 , 58024 , 58025 , 58026 , 58027 , 58028 , 58029 , 58030 , 58031 , 58032 , 58033 , 58034 , 58035 , 58036 , 58037 , 58038 , 58039 , 58040 , 58041 , 58042 , 58043 , 58044 , 58045 , 58049 , 58050 , 58067 , 140757 , 58124 , 58125 , 58126 , 58127 , 58128 , 58129 , 58130 , 58133 , 58134 , 58135 , 58136 , 58159 , 58160 , 58161 , 58162 , 58163 , 58164 , 58165 , 58168 , 58169 , 58172 , 58188 , 58189 , 58192 , 58263 , 58264 , 58265 , 58270 , 58278 , 58279 , 58287 , 58289 , 58290 , 58310 , 58312 , 58313 , 58314 , 58315 , 58319 , 58320 , 58322 , 58323 , 58324 , 58325 , 58327 , 58331 , 58332 , 58333 , 58334 , 58335 , 58336 , 58337 , 58338 , 58341 , 58360 , 58364 , 58365 , 58366 , 58367 , 58372 , 58374 , 58375 , 58377 , 58378 , 58379 , 58380 , 58381 , 58382 , 58383 , 58384 , 58385 , 58386 , 58387 , 58388 , 58389 , 58390 , 58393 , 58394 , 58398 , 58405 , 58406 , 58411 , 58412 , 58413 , 58415 , 58416 , 58417 , 58418 , 58419 , 58420 , 58421 , 58477 , 58486 , 58527 , 58528 , 58529 , 58547 , 58548 , 58549 , 58561 , 58562 , 58563 , 58564 , 58565 , 58605 , 58607 , 58608 , 58609 , 58611 , 58612 , 58613 , 58614 , 58615 , 58616 , 58617 , 58619 , 58620 , 58621 , 58622 , 58623 , 58652 , 58657 , 58658 , 58659 , 58661 , 58663 , 58664 , 58700 , 58701 , 58702 , 58703 , 58705 , 58710 , 58711 , 58712 , 58713 , 58714 , 58715 , 58716 , 58721 , 58768 , 58769 , 58771 , 58772 , 58773 , 58774 , 58775 , 58777 , 58778 , 58779 , 58780 , 58781 , 58785 , 58802 , 58803 , 58804 , 58832 , 58839 , 58840 , 58841 , 58842 , 58843 , 58844 , 58862 , 58863 , 58864 , 58865 , 58866 , 58867 , 58868 , 58869 , 58870 , 58871 , 58890 , 58891 , 58892 , 58893 , 58897 , 58899 , 58900 , 58901 , 58902 , 58903 , 58904 , 58905 , 58908 , 58911 , 58912 , 58915 , 58916 , 58918 , 58919 , 58920 , 58921 , 58923 , 58924 , 58925 , 58926 , 58927 , 58928 , 58929 , 58930 , 58931 , 58932 , 58933 , 58934 , 58935 , 58938 , 58939 , 58941 , 58942 , 58943 , 58945 , 58946 , 58947 , 58965 , 58969 , 59014 , 59039 , 59040 , 59063 , 59081 , 59088 , 59089 , 59098 , 59099 , 59100 , 59101 , 59107 , 59108 , 59113 , 59114 , 59115 , 59116 , 59117 , 59118 , 59119 , 59151 , 59152 , 59153 , 59155 , 59156 , 59157 , 59160 , 59176 , 59177 , 59178 , 59179 , 59181 , 140938 , 59216 , 59258 , 59265 , 59266 , 59267 , 59271 , 59274 , 59280 , 59281 , 59282 , 59285 , 59287 , 59288 , 59289 , 59291 , 59292 , 59293 , 59296 , 59302 , 59303 , 59337 , 59338 , 59339 , 59340 , 59341 , 59343 , 59344 , 59345 , 59346 , 59347 , 59348 , 59349 , 59350 , 59351 , 59352 , 59353 , 59354 , 59356 , 59357 , 59358 , 59391 , 59392 , 59393 , 59394 , 59395 , 59396 , 59398 , 59399 , 59400 , 59407 , 59408 , 59414 , 59415 , 59416 , 59417 , 59419 , 59420 , 59425 , 59430 , 59431 , 59432 , 59433 , 59434 , 59435 , 59437 , 59439 , 59440 , 59455 , 59456 , 59479 , 59480 , 59481 , 59482 , 59483 , 59484 , 59485 , 59486 , 59487 , 59490 , 59491 , 59493 , 59499 , 59500 , 59501 , 59502 , 59503 , 59505 , 59587 , 59588 , 59589 , 59590 , 59591 , 59592 , 59593 , 59594 , 59595 , 141010 , 59646 , 59743 , 59778 , 59806 , 59807 , 59808 , 59809 , 59810 , 59811 , 59812 , 59813 , 59814 , 59815 , 59817 , 59818 , 59819 , 59821 , 59822 , 59830 , 59831 , 59832 , 59833 , 59834 , 59835 , 59836 , 59837 , 59838 , 59839 , 59843 , 59844 , 59873 , 59874 , 59875 , 59876 , 59877 , 59878 , 59880 , 59881 , 59887 , 59888 , 59889 , 59890 , 59891 , 59892 , 59893 , 59894 , 59895 , 59896 , 59899 , 59900 , 59901 , 59903 , 59904 , 59913 , 59942 , 59943 , 59944 , 59968 , 59969 , 59970 , 59971 , 59972 , 59975 , 59976 , 59982 , 59983 , 59985 , 59986 , 59987 , 59994 , 59995 , 59996 , 59997 , 59999 , 60000 , 137298 , 141075 , 141077 , 60035 , 60036 , 60056 , 60057 , 60058 , 60059 , 141084 , 141085 , 141086 , 141087 , 141088 , 141089 , 141094 , 141095 , 60161 , 60182 , 60183 , 60186 , 60187 , 60188 , 60189 , 60192 , 60211 , 60212 , 60213 , 60214 , 60217 , 60218 , 60220 , 60221 , 60222 , 60229 , 60230 , 60268 , 60269 , 60270 , 60271 , 60285 , 60286 , 60287 , 60317 , 60393 , 60394 , 60437 , 60438 , 60439 , 60441 , 60498 , 60499 , 60500 , 60501 , 60520 , 60521 , 60546 , 60547 , 60560 , 60561 , 60562 , 60563 , 60564 , 60575 , 60576 , 60577 , 60578 , 60579 , 60582 , 60583 , 60584 , 60585 , 60586 , 60595 , 60601 , 60602 , 60603 , 60604 , 60608 , 60609 , 60610 , 60611 , 60614 , 60615 , 60624 , 60626 , 60627 , 60629 , 60630 , 60631 , 60633 , 60634 , 60635 , 60636 , 60637 , 60638 , 60641 , 60642 , 60643 , 60661 , 60662 , 60707 , 60712 , 60742 , 60743 , 60744 , 60745 , 60756 , 60757 , 60758 , 60818 , 60819 , 60820 , 60821 , 60822 , 60823 , 60824 , 60841 , 60842 , 60843 , 60844 , 60845 , 60848 , 60849 , 60850 , 60852 , 60853 , 60854 , 60855 , 60856 , 60860 , 60861 , 60862 , 60863 , 60864 , 60865 , 60869 , 60870 , 60871 , 60873 , 60874 , 60887 , 60888 , 60889 , 60896 , 60897 , 60898 , 60900 , 60902 , 60922 , 61017 , 61023 , 61089 , 61109 , 61110 , 61116 , 61119 , 61120 , 61149 , 61150 , 61151 , 61163 , 61164 , 61165 , 61166 , 61167 , 61168 , 61169 , 61170 , 61171 , 141268 , 141269 , 61189 , 61190 , 61197 , 61202 , 61203 , 61204 , 61218 , 61219 , 61220 , 61221 , 61222 , 61239 , 61240 , 61244 , 61245 , 61246 , 61262 , 61295 , 61296 , 61297 , 61298 , 61299 , 61300 , 61301 , 61302 , 61315 , 61316 , 61319 , 61350 , 61351 , 61418 , 61425 , 61426 , 61429 , 61430 , 61431 , 61449 , 61450 , 61451 , 61452 , 61454 , 61455 , 61461 , 61462 , 61463 , 61464 , 61465 , 61468 , 61469 , 61470 , 61475 , 61476 , 61477 , 61485 , 61486 , 61487 , 61488 , 61492 , 61493 , 61494 , 61495 , 61496 , 61497 , 61498 , 61500 , 61501 , 61502 , 61511 , 61512 , 61515 , 61524 , 61525 , 61526 , 61527 , 61529 , 61530 , 61531 , 61532 , 61533 , 61534 , 61535 , 61536 , 61537 , 61538 , 61569 , 61570 , 61571 , 61572 , 61573 , 61574 , 61576 , 61577 , 61578 , 61579 , 61580 , 61585 , 61618 , 61619 , 61620 , 61624 , 61625 , 61635 , 61636 , 61637 , 61638 , 61647 , 61648 , 61652 , 61761 , 61762 , 61763 , 61764 , 61769 , 61770 , 61819 , 61827 , 61828 , 61829 , 61830 , 61831 , 61832 , 61833 , 61834 , 61872 , 61873 , 61882 , 61883 , 61884 , 61885 , 61886 , 61888 , 61890 , 61891 , 61974 , 61975 , 61976 , 61977 , 61985 , 62034 , 62035 , 62036 , 62037 , 62038 , 62039 , 62052 , 62056 , 62057 , 62058 , 62059 , 62067 , 62069 , 62070 , 62071 , 62072 , 62073 , 62076 , 62077 , 62078 , 62079 , 141421 , 141422 , 62107 , 62108 , 62109 , 62110 , 62111 , 141425 , 62122 , 62123 , 62137 , 62138 , 62161 , 62162 , 62163 , 62164 , 62165 , 62166 , 62167 , 62169 , 62172 , 62173 , 62174 , 62177 , 62178 , 62179 , 62180 , 62181 , 62182 , 62190 , 62191 , 62193 , 62305 , 62337 , 62338 , 62339 , 62344 , 62372 , 62373 , 62375 , 62395 , 62396 , 62404 , 62405 , 62406 , 62429 , 62430 , 62434 , 62435 , 62436 , 62437 , 62546 , 62547 , 62548 , 62549 , 62595 , 62596 , 62597 , 62598 , 62599 , 62600 , 62601 , 62602 , 62603 , 62604 , 62605 , 62606 , 62611 , 62612 , 62645 , 62708 , 62709 , 62711 , 62712 , 62720 , 62721 , 62733 , 62734 , 62735 , 62746 , 62747 , 62748 , 62764 , 62765 , 62766 , 62767 , 62768 , 62769 , 62772 , 62773 , 62775 , 62776 , 62777 , 62778 , 62779 , 62780 , 62781 , 62782 , 62783 , 62784 , 62785 , 62788 , 62792 , 62793 , 62794 , 62795 , 62796 , 62797 , 62808 , 62809 , 62810 , 62811 , 62812 , 62813 , 62816 , 62818 , 62819 , 62820 , 62829 , 62830 , 62831 , 62832 , 62833 , 62837 , 62838 , 62839 , 62841 , 62842 , 62843 , 62844 , 62855 , 62856 , 62858 , 62860 , 62861 , 62862 , 62863 , 62864 , 62867 , 62868 , 62869 , 62870 , 62872 , 62873 , 62874 , 62875 , 62879 , 62880 , 62881 , 62889 , 62890 , 62891 , 62892 , 62894 , 62895 , 62896 , 62899 , 62900 , 62902 , 62903 , 62904 , 62916 , 62917 , 62940 , 62941 , 62942 , 62943 , 62944 , 62945 , 62963 , 62973 , 62974 , 62975 , 62976 , 62977 , 62985 , 62986 , 62987 , 62989 , 63004 , 63005 , 63062 , 63063 , 63066 , 63087 , 63088 , 63089 , 63105 , 63106 , 63107 , 63108 , 63109 , 63110 , 63113 , 63114 , 63123 , 63124 , 63125 , 63134 , 63135 , 63136 , 63137 , 63141 , 63142 , 63145 , 63146 , 63148 , 63149 , 63163 , 63164 , 63165 , 63166 , 63167 , 63168 , 63171 , 63203 , 63210 , 63211 , 63212 , 63213 , 63214 , 63215 , 63236 , 63237 , 63238 , 63239 , 63266 , 63267 , 63268 , 63272 , 63273 , 63274 , 63275 , 63276 , 63277 , 63278 , 63279 , 63280 , 63281 , 63282 , 63283 , 63294 , 63296 , 63297 , 63298 , 63299 , 63300 , 63330 , 63331 , 63430 , 63431 , 63447 , 63508 , 63509 , 63510 , 63512 , 63513 , 63514 , 63515 , 63516 , 63517 , 63518 , 63519 , 63520 , 63525 , 63528 , 63529 , 63530 , 63531 , 63532 , 63533 , 63534 , 63535 , 63537 , 63555 , 63556 , 141668 , 63644 , 63645 , 63646 , 63647 , 63648 , 63649 , 63650 , 63652 , 63669 , 63671 , 63673 , 63674 , 63678 , 63679 , 63680 , 63681 , 63742 , 63743 , 63745 , 63746 , 63747 , 63749 , 63750 , 63751 , 63761 , 63762 , 63768 , 63769 , 63805 , 63806 , 63807 , 63818 , 63819 , 63820 , 63821 , 63823 , 63824 , 63825 , 63826 , 63827 , 63828 , 63843 , 63844 , 63845 , 63992 , 63994 , 63996 , 63997 , 64003 , 64004 , 64005 , 64072 , 64075 , 64076 , 64077 , 64078 , 64079 , 64083 , 64090 , 64091 , 64092 , 64169 , 64170 , 64171 , 64172 , 64174 , 64180 , 64181 , 64182 , 64221 , 64222 , 64223 , 64224 , 64225 , 64231 , 64233 , 64234 , 64235 , 64244 , 64245 , 64246 , 64247 , 64248 , 64249 , 64250 , 64251 , 64252 , 64253 , 64254 , 64255 , 64256 , 64257 , 64258 , 64259 , 64260 , 64264 , 64265 , 64268 , 64269 , 64270 , 64276 , 64277 , 64278 , 64279 , 64280 , 64281 , 64283 , 64284 , 64286 , 64288 , 64297 , 64298 , 64299 , 64305 , 64306 , 64307 , 64310 , 64311 , 64312 , 64313 , 64314 , 64315 , 64316 , 64317 , 64318 , 64319 , 64320 , 64321 , 64338 , 64339 , 64342 , 64343 , 64344 , 64346 , 64354 , 64355 , 64356 , 64370 , 64371 , 64372 , 64373 , 64378 , 64379 , 64381 , 64382 , 64383 , 64409 , 64410 , 64411 , 64412 , 64413 , 64427 , 64428 , 64429 , 64430 , 64431 , 64436 , 64439 , 64475 , 64476 , 64480 , 64481 , 64484 , 64485 , 64486 , 64487 , 64493 , 64494 , 64497 , 64498 , 64499 , 64550 , 64555 , 64556 , 64557 , 64558 , 64559 , 64560 , 64561 , 64562 , 64563 , 64564 , 64606 , 64607 , 64608 , 64609 , 64610 , 64613 , 64629 , 64630 , 64631 , 64632 , 64633 , 64634 , 64635 , 64636 , 64637 , 64638 , 64639 , 64738 , 64739 , 64740 , 64741 , 64742 , 64743 , 64744 , 64745 , 64746 , 64788 , 64793 , 64794 , 64795 , 64797 , 64798 , 64799 , 64800 , 141873 , 64821 , 64822 , 64823 , 64824 , 64825 , 64829 , 64830 , 141879 , 141885 , 141891 , 64928 , 64929 , 64930 , 64936 , 64964 , 64965 , 64969 , 64971 , 64972 , 64973 , 64974 , 64975 , 64976 , 64977 , 64988 , 65113 , 65144 , 65145 , 65146 , 65147 , 65148 , 65150 , 65151 , 65152 , 65153 , 65159 , 65160 , 65161 , 65162 , 65163 , 65164 , 65168 , 65169 , 65170 , 65185 , 65186 , 65188 , 65242 , 65243 , 65244 , 65245 , 65246 , 65262 , 65265 , 65266 , 65267 , 65268 , 65269 , 65270 , 65286 , 65338 , 65356 , 65406 , 65407 , 65408 , 65409 , 65411 , 65418 , 65419 , 65420 , 65421 , 65430 , 65440 , 142544 , 65503 , 65536 , 65601 , 142013 , 142014 , 142015 , 142016 , 142017 , 142018 , 142021 , 142022 , 65718 , 65719 , 65720 , 65721 , 65722 , 65723 , 65724 , 65725 , 65726 , 65727 , 65728 , 65730 , 65731 , 65732 , 65733 , 65734 , 65735 , 65736 , 65737 , 65738 , 65739 , 142030 , 65754 , 65755 , 65756 , 65757 , 65758 , 65759 , 65760 , 65761 , 65762 , 65763 , 65764 , 65765 , 142033 , 65772 , 142034 , 142035 , 65792 , 65796 , 65797 , 65800 , 142039 , 65806 , 65807 , 142040 , 65823 , 65824 , 65847 , 65851 , 65853 , 65854 , 65855 , 65856 , 65857 , 65858 , 65860 , 65861 , 65862 , 65865 , 65911 , 65912 , 65913 , 65919 , 65921 , 65922 , 65923 , 65924 , 65946 , 65968 , 65972 , 65973 , 65974 , 65991 , 65992 , 65993 , 65995 , 65996 , 65997 , 65998 , 65999 , 66000 , 66001 , 66002 , 66003 , 66004 , 66005 , 66030 , 66031 , 66032 , 66033 , 66034 , 66074 , 66075 , 66076 , 66080 , 66081 , 66083 , 66084 , 66085 , 66087 , 66090 , 66091 , 66092 , 66188 , 66189 , 66239 , 66240 , 66241 , 66242 , 66243 , 66244 , 66245 , 66246 , 66247 , 66248 , 66251 , 66252 , 66255 , 66256 , 66261 , 66263 , 66264 , 66265 , 66266 , 66270 , 66271 , 66276 , 66277 , 66280 , 66290 , 66293 , 66295 , 66296 , 66297 , 66301 , 66302 , 66303 , 66304 , 66305 , 66306 , 66308 , 66309 , 66310 , 66314 , 66398 , 66399 , 66400 , 66411 , 66412 , 66413 , 66414 , 66415 , 66417 , 66418 , 66512 , 66529 , 66530 , 66531 , 66539 , 66565 , 66566 , 66567 , 66569 , 66570 , 142167 , 66573 , 66574 , 66575 , 142168 , 142170 , 66740 , 66741 , 66742 , 66743 , 66745 , 66746 , 66747 , 66748 , 66749 , 66751 , 66752 , 66753 , 66754 , 66755 , 66756 , 66757 , 66758 , 66760 , 66761 , 66762 , 66766 , 66767 , 66768 , 66771 , 66772 , 66773 , 66774 , 66775 , 66776 , 66777 , 66829 , 66830 , 66831 , 66855 , 66856 , 66857 , 66858 , 66859 , 66860 , 66861 , 66862 , 66870 , 66872 , 66916 , 66917 , 66918 , 66919 , 66920 , 66921 , 66926 , 66927 , 66944 , 66951 , 66952 , 66953 , 66954 , 66955 , 66957 , 66958 , 66974 , 66975 , 66976 , 142238 , 142239 , 142240 , 67033 , 67034 , 67053 , 67055 , 67056 , 67057 , 67058 , 67061 , 67062 , 67072 , 67172 , 67173 , 67174 , 67197 , 67198 , 67199 , 67200 , 67201 , 67203 , 67204 , 67205 , 67251 , 67252 , 67253 , 67254 , 67255 , 67286 , 67291 , 67292 , 67293 , 67294 , 67295 , 67296 , 67298 , 67299 , 67301 , 67303 , 67304 , 67305 , 67306 , 67307 , 67308 , 67310 , 67311 , 67312 , 67313 , 67314 , 67333 , 67334 , 67335 , 67336 , 67337 , 67338 , 67339 , 67346 , 67347 , 67350 , 67361 , 67454 , 67456 , 67531 , 67532 , 67534 , 67535 , 67536 , 67537 , 67538 , 67539 , 67540 , 67541 , 67542 , 67543 , 67544 , 67545 , 67553 , 67621 , 67622 , 67623 , 67624 , 67625 , 67629 , 67630 , 67638 , 67639 , 67640 , 67641 , 67642 , 67643 , 67644 , 67645 , 67646 , 67650 , 67657 , 67672 , 67673 , 67674 , 67675 , 67676 , 67677 , 67678 , 67679 , 67683 , 67684 , 67685 , 67686 , 67810 , 67811 , 67812 , 67813 , 67816 , 67817 , 67818 , 67819 , 67820 , 67821 , 67827 , 67828 , 67829 , 67830 , 67831 , 67835 , 67836 , 67837 , 67891 , 67892 , 67893 , 67894 , 67895 , 67896 , 67897 , 67901 , 67902 , 67906 , 67907 , 68009 , 68010 , 68011 , 68012 , 68014 , 68015 , 68016 , 68018 , 68019 , 68025 , 68027 , 68028 , 68029 , 68030 , 68031 , 68042 , 68043 , 68044 , 68045 , 68046 , 68047 , 68048 , 68051 , 68054 , 68055 , 68056 , 68057 , 68090 , 68093 , 68094 , 68095 , 68096 , 68097 , 68101 , 68102 , 68103 , 68104 , 68106 , 68107 , 68108 , 68110 , 68111 , 68150 , 68185 , 68186 , 142449 , 68268 , 68304 , 68305 , 68306 , 68307 , 142464 , 68359 , 68361 , 68362 , 68363 , 68364 , 142466 , 68370 , 68371 , 68374 , 68375 , 68376 , 68377 , 68382 , 142469 , 68384 , 142475 , 142476 , 142478 , 68474 , 68475 , 68495 , 68496 , 68497 , 68498 , 68499 , 68502 , 68503 , 68504 , 68505 , 68506 , 68507 , 68508 , 68509 , 68510 , 68511 , 68512 , 68513 , 68514 , 68515 , 68516 , 68538 , 68540 , 68541 , 68543 , 68544 , 68545 , 68546 , 68547 , 68548 , 142497 , 142499 , 68571 , 68572 , 68583 , 68584 , 68588 , 68589 , 68590 , 68591 , 68592 , 68593 , 68594 , 68595 , 68596 , 68597 , 68598 , 68599 , 68600 , 68601 , 68602 , 68603 , 68604 , 68605 , 68606 , 133220 , 68621 , 68622 , 68623 , 68624 , 68631 , 133221 , 68663 , 68664 , 68665 , 68666 , 68667 , 68668 , 68672 , 68673 , 68696 , 68697 , 68698 , 68699 , 68700 , 68704 , 68705 , 68707 , 68708 , 68709 , 68713 , 68714 , 68716 , 68717 , 68718 , 68803 , 68804 , 68805 , 68806 , 68807 , 68808 , 68809 , 142543 , 68828 , 68831 , 68832 , 68833 , 68834 , 68835 , 68836 , 68837 , 68845 , 68846 , 68847 , 68848 , 68850 , 68851 , 68852 , 68853 , 68893 , 68894 , 68895 , 68904 , 68905 , 68908 , 68909 , 68910 , 68958 , 68972 , 68973 , 68974 , 68975 , 68976 , 68977 , 68978 , 68979 , 68980 , 68981 , 68982 , 68983 , 68986 , 68987 , 68989 , 69008 , 69009 , 69010 , 69011 , 69012 , 69014 , 69015 , 69017 , 69018 , 69022 , 69031 , 69032 , 69059 , 69115 , 69116 , 69117 , 69125 , 69126 , 69129 , 69130 , 69206 , 69207 , 69208 , 69210 , 69215 , 69216 , 69217 , 69221 , 69260 , 69261 , 69262 , 69263 , 69264 , 69265 , 69266 , 69267 , 69274 , 69275 , 69276 , 69319 , 69320 , 69321 , 69322 , 69323 , 69325 , 69352 , 69353 , 69354 , 69355 , 69356 , 69357 , 69358 , 69359 , 69360 , 69361 , 69362 , 69364 , 69365 , 69366 , 69367 , 69370 , 69371 , 69372 , 69373 , 69374 , 69375 , 69376 , 69377 , 69379 , 69380 , 69381 , 69382 , 69383 , 69384 , 69388 , 69389 , 69412 , 69423 , 69424 , 69425 , 69426 , 69427 , 69428 , 69429 , 69430 , 69431 , 69469 , 69470 , 69471 , 69473 , 69491 , 69492 , 69493 , 69494 , 69495 , 69496 , 69500 , 69502 , 69503 , 69504 , 69505 , 69512 , 69513 , 69514 , 69515 , 69516 , 69519 , 69538 , 69539 , 69540 , 69545 , 69546 , 69560 , 69568 , 69570 , 69571 , 69572 , 69573 , 69574 , 69575 , 69591 , 69592 , 69593 , 69594 , 69595 , 69599 , 69600 , 69601 , 69604 , 69605 , 69611 , 69612 , 69637 , 69638 , 69639 , 69640 , 69643 , 69676 , 69677 , 69678 , 69682 , 69691 , 69692 , 69695 , 69696 , 69697 , 69698 , 69699 , 69700 , 69703 , 69768 , 135764 , 69886 , 69887 , 69912 , 69913 , 69971 , 69977 , 70034 , 70035 , 70036 , 70037 , 70038 , 70040 , 70041 , 70093 , 70094 , 70095 , 70096 , 70100 , 70101 , 70102 , 70103 , 70104 , 70105 , 70106 , 70115 , 70116 , 70118 , 70207 , 70209 , 70260 , 70261 , 70262 , 70263 , 70264 , 70265 , 70266 , 70269 , 70270 , 70271 , 70272 , 70276 , 70279 , 70280 , 70281 , 70282 , 70283 , 70286 , 70287 , 70288 , 70289 , 70290 , 70319 , 70320 , 70330 , 70333 , 70334 , 70335 , 70336 , 70337 , 70382 , 70383 , 70384 , 70385 , 70386 , 70387 , 70403 , 70404 , 70405 , 70406 , 70411 , 70412 , 70413 , 70415 , 70416 , 70439 , 70440 , 70441 , 70442 , 70443 , 70444 , 70453 , 70454 , 70464 , 70465 , 70467 , 70468 , 70469 , 70471 , 70473 , 70562 , 70563 , 70564 , 70570 , 70583 , 70584 , 70591 , 70592 , 70638 , 70641 , 70642 , 70643 , 70644 , 70645 , 70648 , 70649 , 70650 , 70651 , 70652 , 70653 , 70654 , 70672 , 70673 , 70674 , 70675 , 70676 , 70677 , 70678 , 70682 , 70683 , 70684 , 70685 , 70686 , 70692 , 70693 , 70694 , 70734 , 70735 , 70736 , 70738 , 70741 , 70742 , 70743 , 70744 , 70745 , 70764 , 70765 , 70766 , 70772 , 70773 , 70801 , 70804 , 70805 , 70806 , 142873 , 70808 , 70809 , 142874 , 70815 , 70816 , 70817 , 70818 , 70822 , 70823 , 70824 , 142876 , 70826 , 70827 , 70828 , 70829 , 70833 , 70835 , 70838 , 70839 , 70854 , 70855 , 70856 , 70857 , 70858 , 70862 , 142025 , 70903 , 70904 , 70906 , 70907 , 70909 , 70910 , 70911 , 70913 , 70914 , 70915 , 70916 , 70917 , 70919 , 70939 , 70940 , 70946 , 70950 , 70951 , 70952 , 70953 , 70954 , 70992 , 70993 , 70994 , 70995 , 70996 , 70997 , 70998 , 70999 , 71000 , 71002 , 71003 , 71004 , 71005 , 71006 , 71010 , 71011 , 71012 , 71013 , 142912 , 71047 , 71049 , 71050 , 71064 , 71065 , 71068 , 142031 , 71073 , 71074 , 71099 , 142032 , 71101 , 71102 , 71103 , 71106 , 71107 , 71108 , 71109 , 71147 , 71148 , 71149 , 71162 , 71163 , 71171 , 71172 , 71173 , 71174 , 71175 , 71177 , 71181 , 71182 , 71183 , 71184 , 71189 , 71190 , 71191 , 71192 , 71193 , 71194 , 71195 , 71201 , 71202 , 71203 , 71204 , 71207 , 71208 , 71219 , 71221 , 71313 , 71340 , 71341 , 71342 , 71343 , 71344 , 71345 , 71346 , 71347 , 71348 , 71351 , 71352 , 71353 , 71354 , 71355 , 71356 , 71357 , 71372 , 71373 , 71374 , 71422 , 71423 , 71424 , 71427 , 71428 , 71429 , 71430 , 71431 , 71458 , 71463 , 71464 , 71465 , 71466 , 71467 , 71469 , 71470 , 71474 , 71475 , 71478 , 71479 , 71498 , 71499 , 71500 , 71501 , 71502 , 71503 , 71504 , 71505 , 71506 , 71507 , 71508 , 71509 , 71510 , 71511 , 71512 , 71513 , 71535 , 71536 , 71543 , 71553 , 71554 , 71555 , 71557 , 71558 , 71559 , 71573 , 71574 , 71575 , 71576 , 71577 , 71578 , 71579 , 71580 , 71581 , 71582 , 71583 , 71629 , 71640 , 71704 , 71707 , 71708 , 71709 , 71710 , 71711 , 71712 , 71713 , 71714 , 71715 , 71716 , 71718 , 71720 , 71724 , 71725 , 71734 , 71836 , 71838 , 71868 , 71869 , 71890 , 71901 , 71902 , 71949 , 71950 , 71951 , 71952 , 71965 , 71966 , 71967 , 71975 , 71976 , 71977 , 71978 , 71979 , 71985 , 71987 , 71988 , 71991 , 71997 , 71998 , 72000 , 72053 , 72054 , 72055 , 72056 , 72057 , 72058 , 72059 , 72060 , 72061 , 72062 , 72063 , 72064 , 72085 , 72086 , 72087 , 72092 , 72094 , 72096 , 72097 , 72098 , 72099 , 72100 , 72101 , 72102 , 72103 , 72104 , 72106 , 72107 , 72108 , 72109 , 72110 , 72112 , 72113 , 72116 , 72117 , 72118 , 72125 , 72126 , 72127 , 72135 , 72158 , 72159 , 72163 , 72164 , 72165 , 72167 , 72168 , 72169 , 72170 , 72171 , 72172 , 72174 , 72176 , 72177 , 72182 , 72184 , 72185 , 72186 , 72187 , 72188 , 72189 , 72194 , 72195 , 72196 , 72197 , 72204 , 72205 , 72206 , 72207 , 72217 , 72243 , 72244 , 72245 , 72246 , 72247 , 72248 , 72249 , 72250 , 72252 , 72253 , 72254 , 72256 , 72257 , 72258 , 72259 , 72260 , 72262 , 72265 , 72266 , 72267 , 72275 , 72276 , 72278 , 72280 , 72281 , 72346 , 143140 , 72413 , 72414 , 72444 , 133348 , 72461 , 72462 , 72463 , 72464 , 72465 , 72466 , 72467 , 72468 , 72524 , 72539 , 72540 , 72541 , 72544 , 72545 , 72546 , 72549 , 72550 , 72551 , 72552 , 72553 , 72555 , 72562 , 72564 , 72565 , 72567 , 72568 , 72569 , 72573 , 72574 , 72575 , 72615 , 72619 , 72620 , 72621 , 72622 , 72651 , 72652 , 72655 , 72662 , 72663 , 72669 , 143184 , 143185 , 143186 , 143196 , 72749 , 72750 , 72751 , 72753 , 72754 , 72755 , 72757 , 72758 , 72780 , 72781 , 72782 , 72783 , 72784 , 72785 , 72786 , 72787 , 72788 , 72789 , 72820 , 72821 , 72828 , 72839 , 72846 , 72848 , 72851 , 72852 , 72853 , 72854 , 72855 , 72856 , 72858 , 72859 , 72860 , 72861 , 72862 , 72865 , 72866 , 72869 , 72870 , 72871 , 72873 , 72874 , 72875 , 72876 , 72877 , 72880 , 72881 , 72883 , 72884 , 72886 , 72888 , 72889 , 72890 , 72894 , 72895 , 72896 , 72898 , 72900 , 72901 , 72902 , 72903 , 143225 , 143226 , 72926 , 72927 , 72928 , 72929 , 72930 , 72931 , 72932 , 72933 , 72934 , 72935 , 72941 , 72942 , 72946 , 72948 , 72949 , 72950 , 72951 , 72952 , 72953 , 72954 , 72955 , 72956 , 72957 , 72958 , 72959 , 72960 , 72961 , 72962 , 72963 , 72964 , 72965 , 72967 , 72968 , 72969 , 72970 , 72971 , 72972 , 72973 , 72974 , 72975 , 72976 , 72979 , 72981 , 72982 , 72983 , 72984 , 72985 , 73028 , 73029 , 73030 , 73031 , 73032 , 73033 , 73034 , 73035 , 73036 , 73037 , 143246 , 143247 , 73052 , 73053 , 73054 , 143248 , 143249 , 143250 , 143251 , 143252 , 73084 , 73088 , 73089 , 73178 , 73179 , 73180 , 73181 , 73182 , 73194 , 73195 , 73207 , 73208 , 73209 , 143276 , 143277 , 143279 , 73249 , 73250 , 73251 , 73252 , 73253 , 73254 , 73255 , 73256 , 73259 , 73260 , 73261 , 143283 , 143284 , 73339 , 73340 , 73341 , 73342 , 73343 , 73344 , 73358 , 73363 , 73368 , 73369 , 73428 , 73429 , 73430 , 73431 , 73432 , 73433 , 73449 , 73450 , 73458 , 73460 , 73461 , 73462 , 73463 , 73464 , 73465 , 73466 , 73467 , 73468 , 73469 , 73470 , 73473 , 73474 , 73475 , 73501 , 73502 , 73503 , 73504 , 73505 , 73506 , 73512 , 73529 , 73530 , 73531 , 73532 , 73555 , 73556 , 73557 , 73587 , 73588 , 73589 , 73590 , 73591 , 73608 , 73609 , 73610 , 73611 , 73612 , 73613 , 73618 , 73619 , 73620 , 73624 , 73626 , 73698 , 73700 , 73701 , 73702 , 73703 , 73705 , 73706 , 73707 , 73708 , 73709 , 73710 , 73711 , 73714 , 73715 , 73716 , 73717 , 73718 , 73719 , 73721 , 73722 , 73724 , 73727 , 73728 , 73729 , 73730 , 73731 , 73732 , 73735 , 73736 , 73746 , 73888 , 73889 , 73904 , 73905 , 73906 , 73907 , 73908 , 73909 , 73911 , 73912 , 73913 , 73914 , 73915 , 73916 , 73933 , 73936 , 73937 , 73938 , 73939 , 73940 , 73941 , 73942 , 73943 , 73944 , 73946 , 73947 , 73954 , 73955 , 73956 , 73957 , 73958 , 73959 , 73960 , 73961 , 73967 , 73968 , 73973 , 73974 , 73975 , 73976 , 73977 , 73978 , 73980 , 73981 , 73982 , 73983 , 73984 , 73985 , 73986 , 73988 , 73989 , 73990 , 73991 , 73992 , 73993 , 73996 , 73997 , 73998 , 73999 , 74020 , 74021 , 74022 , 74024 , 74025 , 74026 , 74042 , 74043 , 74088 , 74089 , 74097 , 74098 , 74208 , 74209 , 143441 , 74219 , 74220 , 74221 , 74222 , 74224 , 74225 , 74226 , 74244 , 74245 , 74246 , 74247 , 74264 , 74266 , 74267 , 74270 , 143452 , 150867 , 74291 , 74292 , 74295 , 74296 , 74299 , 74300 , 74301 , 74335 , 74336 , 74337 , 74338 , 74340 , 74349 , 74353 , 74354 , 74355 , 74356 , 74357 , 74358 , 74399 , 74415 , 74416 , 74455 , 74456 , 74464 , 74465 , 74466 , 74467 , 74468 , 74469 , 74590 , 74591 , 74592 , 74593 , 74594 , 74595 , 74596 , 74597 , 74598 , 74599 , 74600 , 74602 , 74603 , 74608 , 74650 , 74651 , 74652 , 74653 , 74654 , 74655 , 74656 , 74657 , 74658 , 74660 , 74661 , 74676 , 74731 , 74732 , 74733 , 74771 , 74772 , 74775 , 74776 , 74786 , 74789 , 74790 , 74791 , 74792 , 74793 , 74797 , 74799 , 74805 , 74807 , 74857 , 74858 , 74861 , 74862 , 74863 , 74864 , 74866 , 74867 , 74933 , 74984 , 74990 , 74991 , 74992 , 74993 , 74994 , 74998 , 74999 , 75003 , 75004 , 75005 , 75006 , 75007 , 75008 , 75010 , 75011 , 75012 , 75013 , 75015 , 75016 , 75017 , 75018 , 75019 , 75023 , 75024 , 75025 , 75026 , 75027 , 75028 , 75029 , 75030 , 75034 , 75035 , 75036 , 75041 , 75042 , 75043 , 75046 , 75048 , 75053 , 75054 , 75056 , 75058 , 75059 , 75060 , 75061 , 75062 , 75075 , 75083 , 75118 , 75119 , 75120 , 75121 , 75126 , 75127 , 75128 , 75129 , 75132 , 75139 , 75140 , 75151 , 75161 , 75166 , 75167 , 75168 , 75170 , 75215 , 75237 , 75238 , 75239 , 75246 , 75248 , 75249 , 75255 , 75256 , 75257 , 75258 , 75259 , 75260 , 75261 , 75262 , 75263 , 75265 , 75266 , 75267 , 75268 , 75269 , 75270 , 75271 , 75272 , 75278 , 75279 , 75280 , 75281 , 75282 , 75283 , 75284 , 75290 , 75291 , 75292 , 75293 , 75294 , 75295 , 75298 , 75299 , 75315 , 75316 , 75317 , 75404 , 75405 , 75406 , 75407 , 75488 , 75489 , 75490 , 75491 , 75492 , 75493 , 75495 , 75496 , 75497 , 75499 , 75500 , 75501 , 75502 , 75503 , 75504 , 75507 , 75508 , 75509 , 75510 , 75511 , 75512 , 75513 , 75532 , 75561 , 75562 , 75563 , 75564 , 75565 , 75566 , 75567 , 75573 , 75574 , 75576 , 75577 , 75578 , 75579 , 75580 , 75583 , 75586 , 75587 , 75589 , 75590 , 75591 , 75592 , 75593 , 75595 , 75596 , 75598 , 75599 , 75608 , 75610 , 75611 , 75612 , 75618 , 75619 , 75620 , 75742 , 75743 , 75744 , 75745 , 75746 , 75747 , 75748 , 75749 , 75750 , 75751 , 75762 , 75763 , 75764 , 75765 , 75766 , 75768 , 75778 , 75779 , 75781 , 75782 , 75783 , 75784 , 75785 , 75786 , 75789 , 75790 , 75791 , 75792 , 75796 , 75799 , 75800 , 75801 , 75816 , 75829 , 75830 , 75833 , 75834 , 75835 , 75836 , 75837 , 75838 , 75839 , 75840 , 75841 , 75845 , 75877 , 75878 , 75879 , 75880 , 75881 , 75890 , 75901 , 75902 , 75944 , 76023 , 76125 , 76126 , 76127 , 76128 , 76129 , 76143 , 76144 , 76160 , 76161 , 76162 , 76170 , 76171 , 76172 , 76173 , 76174 , 76175 , 76176 , 76177 , 76178 , 76244 , 76245 , 76246 , 76247 , 76248 , 76250 , 76251 , 76252 , 76253 , 76255 , 76256 , 76315 , 76316 , 76317 , 76318 , 76321 , 76322 , 76323 , 76379 , 76382 , 76383 , 76384 , 76385 , 76386 , 76387 , 76388 , 76389 , 76408 , 76409 , 76410 , 76411 , 76412 , 76414 , 76415 , 76416 , 76419 , 76420 , 76421 , 76422 , 76423 , 76425 , 76426 , 76427 , 76428 , 76429 , 76430 , 76431 , 76432 , 76433 , 76434 , 76435 , 76437 , 76438 , 76439 , 76440 , 76441 , 76484 , 76485 , 76486 , 76499 , 76500 , 76501 , 76502 , 76503 , 76504 , 76505 , 76506 , 76507 , 76508 , 76509 , 76537 , 76540 , 76551 , 76552 , 76553 , 76554 , 76555 , 76556 , 76557 , 76615 , 76616 , 76617 , 76618 , 76619 , 76620 , 76621 , 76623 , 76625 , 76626 , 76627 , 76637 , 76638 , 76643 , 76644 , 76645 , 76681 , 76682 , 76683 , 76685 , 76687 , 76688 , 76700 , 76705 , 76706 , 76707 , 76708 , 76709 , 76710 , 76711 , 76712 , 76713 , 76716 , 76717 , 76761 , 76777 , 76778 , 76779 , 76780 , 76781 , 76782 , 76783 , 76784 , 76786 , 76790 , 76791 , 76792 , 76793 , 76794 , 76796 , 76797 , 76798 , 76799 , 76800 , 76801 , 76802 , 76803 , 76804 , 76805 , 76810 , 76812 , 76815 , 76816 , 76817 , 76821 , 76822 , 76823 , 76824 , 76826 , 76842 , 76843 , 76844 , 76845 , 76846 , 76847 , 76849 , 76850 , 76851 , 76853 , 76855 , 76856 , 76857 , 76858 , 76859 , 76860 , 76881 , 76882 , 76923 , 76945 , 76946 , 76951 , 76954 , 76957 , 76958 , 76959 , 76960 , 76963 , 76964 , 76966 , 76967 , 76968 , 76969 , 76970 , 76971 , 76973 , 76980 , 76981 , 76982 , 76983 , 76984 , 76985 , 76986 , 77004 , 77005 , 77006 , 77007 , 77090 , 77091 , 77092 , 77093 , 77094 , 77095 , 77096 , 77097 , 77098 , 77099 , 77100 , 77101 , 77102 , 77105 , 77106 , 77107 , 77110 , 77111 , 77113 , 77120 , 77136 , 77137 , 77145 , 77148 , 77154 , 77155 , 77156 , 77157 , 77158 , 77159 , 77166 , 77178 , 77179 , 77183 , 77184 , 77185 , 77187 , 77188 , 77232 , 77233 , 143953 , 77306 , 77307 , 77310 , 77311 , 77312 , 77313 , 77314 , 77315 , 77316 , 77319 , 77321 , 77322 , 77323 , 77324 , 77330 , 77332 , 77335 , 77336 , 77337 , 77338 , 77339 , 77340 , 77341 , 77342 , 77343 , 77344 , 77345 , 77346 , 77347 , 77348 , 77349 , 77350 , 155334 , 77372 , 77373 , 77374 , 77399 , 77400 , 77401 , 77402 , 77403 , 77405 , 77412 , 77414 , 77418 , 77419 , 143985 , 77493 , 77517 , 77518 , 77519 , 77527 , 77584 , 77585 , 77586 , 77587 , 77588 , 77589 , 77590 , 77591 , 77592 , 77593 , 144005 , 77622 , 77623 , 77624 , 77637 , 77638 , 77689 , 77690 , 77712 , 77713 , 77714 , 77715 , 77716 , 77717 , 77718 , 77719 , 77720 , 77722 , 77723 , 77724 , 77725 , 77731 , 77735 , 77738 , 77739 , 77742 , 77743 , 77744 , 77745 , 77746 , 77796 , 77797 , 77798 , 77799 , 77800 , 77850 , 77851 , 77852 , 77853 , 77855 , 77857 , 77861 , 77862 , 77863 , 77864 , 77868 , 77869 , 77901 , 77925 , 77926 , 77928 , 77935 , 77936 , 77938 , 77942 , 77960 , 77972 , 77973 , 77974 , 77975 , 77976 , 77977 , 77979 , 77980 , 77981 , 77983 , 77984 , 77992 , 77993 , 77997 , 77998 , 78000 , 78001 , 78002 , 78005 , 78006 , 78007 , 78008 , 78009 , 78010 , 144074 , 144075 , 144076 , 78026 , 78027 , 78028 , 78029 , 78030 , 78031 , 78035 , 78044 , 78058 , 144095 , 144096 , 78149 , 78150 , 78151 , 78155 , 78156 , 78157 , 78159 , 78160 , 78163 , 78164 , 78169 , 78170 , 78171 , 78174 , 78175 , 78176 , 78205 , 78206 , 78207 , 78211 , 78212 , 78244 , 78249 , 78261 , 78262 , 78263 , 78264 , 78265 , 78270 , 78271 , 78272 , 78273 , 78275 , 78312 , 78313 , 78314 , 78317 , 78459 , 78460 , 78461 , 78462 , 78464 , 78465 , 78467 , 78468 , 78469 , 78555 , 78559 , 78560 , 78561 , 78562 , 78563 , 78564 , 78565 , 78566 , 78588 , 78597 , 78598 , 78599 , 78600 , 78601 , 78603 , 78604 , 78605 , 78618 , 78620 , 144206 , 78807 , 78808 , 78809 , 78810 , 78811 , 78812 , 78813 , 78814 , 78815 , 78816 , 78817 , 78818 , 78824 , 78825 , 78964 , 78980 , 78995 , 78996 , 78997 , 78998 , 78999 , 79000 , 79001 , 79003 , 79004 , 79005 , 79006 , 79007 , 79009 , 79010 , 79011 , 79012 , 79026 , 79027 , 79028 , 79058 , 79059 , 79060 , 79061 , 79067 , 79068 , 79069 , 79070 , 79090 , 79091 , 79092 , 79093 , 79095 , 79096 , 79097 , 79098 , 79099 , 79100 , 79126 , 79128 , 79129 , 79130 , 79131 , 79132 , 79135 , 79136 , 79137 , 79138 , 79139 , 79145 , 79146 , 79147 , 79148 , 79149 , 79151 , 79152 , 79153 , 79154 , 79155 , 79156 , 79157 , 79158 , 79164 , 79168 , 79169 , 79171 , 79191 , 79192 , 79193 , 79194 , 79195 , 79196 , 79197 , 79198 , 79200 , 79231 , 79232 , 79265 , 79266 , 79267 , 79268 , 79269 , 79270 , 79271 , 79272 , 79275 , 79276 , 79277 , 79315 , 79327 , 79340 , 79341 , 79342 , 79343 , 79344 , 79345 , 79346 , 79347 , 79350 , 79353 , 79361 , 79362 , 79363 , 79364 , 79365 , 79366 , 79367 , 79372 , 79376 , 79377 , 79378 , 79379 , 79380 , 79381 , 79386 , 79387 , 79388 , 79389 , 79391 , 79489 , 79490 , 79501 , 79502 , 79503 , 79504 , 79505 , 79506 , 79507 , 79508 , 79511 , 79512 , 79526 , 79527 , 79528 , 79529 , 79530 , 79531 , 79532 , 79533 , 79534 , 79535 , 79536 , 79537 , 79539 , 79540 , 79541 , 79542 , 79543 , 79544 , 79552 , 79553 , 79554 , 79558 , 79559 , 79560 , 79562 , 79563 , 79564 , 79567 , 79568 , 79570 , 79571 , 79572 , 79573 , 79574 , 79575 , 79577 , 79578 , 79579 , 144352 , 79696 , 79697 , 79698 , 144355 , 79705 , 79706 , 79707 , 79708 , 79709 , 79710 , 79711 , 79713 , 79714 , 79716 , 79731 , 79732 , 79733 , 79736 , 79737 , 79738 , 79739 , 79740 , 79741 , 79742 , 79745 , 79746 , 79757 , 79758 , 79760 , 144366 , 144367 , 79776 , 79777 , 79778 , 79779 , 79780 , 155415 , 79849 , 79850 , 79851 , 79864 , 79897 , 79898 , 79899 , 79902 , 79903 , 79910 , 79911 , 79913 , 79914 , 79915 , 79916 , 79917 , 79918 , 79919 , 79920 , 79921 , 79922 , 79924 , 79925 , 79926 , 79927 , 79930 , 79931 , 79973 , 79978 , 79979 , 79985 , 79986 , 79987 , 79988 , 79989 , 79990 , 79991 , 79992 , 79993 , 79994 , 79995 , 79996 , 80052 , 80080 , 80081 , 80093 , 80146 , 80167 , 80168 , 80175 , 80176 , 80179 , 80181 , 80182 , 80183 , 80184 , 80185 , 80186 , 80187 , 80188 , 80198 , 80199 , 80200 , 80201 , 80202 , 80204 , 80214 , 80215 , 80216 , 80240 , 80241 , 80328 , 80329 , 80330 , 80331 , 80332 , 80333 , 80334 , 80335 , 80336 , 80337 , 80338 , 80340 , 80342 , 80343 , 80349 , 80350 , 80351 , 80384 , 80423 , 80502 , 80503 , 80506 , 80508 , 80509 , 80510 , 80511 , 80514 , 80515 , 80516 , 80519 , 80520 , 80541 , 80542 , 80543 , 80544 , 80561 , 80562 , 80563 , 80564 , 80565 , 80575 , 80576 , 80578 , 144505 , 144507 , 144508 , 144509 , 80626 , 80627 , 80631 , 80651 , 80652 , 80653 , 80654 , 80655 , 80656 , 80657 , 80658 , 80659 , 80660 , 80678 , 80679 , 80732 , 80733 , 80734 , 80735 , 80736 , 80738 , 80739 , 80740 , 80742 , 80744 , 80746 , 80754 , 80755 , 80756 , 80757 , 80758 , 80759 , 80763 , 80764 , 80765 , 80766 , 80767 , 80768 , 80771 , 80772 , 80773 , 80774 , 80780 , 80798 , 80805 , 80806 , 80816 , 80817 , 80818 , 80819 , 80821 , 80822 , 80823 , 80824 , 80825 , 80840 , 80841 , 80842 , 80846 , 80847 , 80848 , 81068 , 81069 , 146729 , 81089 , 81090 , 81092 , 81093 , 146730 , 81116 , 81117 , 81118 , 81124 , 81125 , 81134 , 81136 , 81153 , 81154 , 81155 , 81158 , 81159 , 81160 , 81191 , 81229 , 81230 , 81231 , 81235 , 81236 , 81237 , 81238 , 81242 , 81243 , 81244 , 81245 , 81246 , 81248 , 81249 , 81250 , 81251 , 81252 , 81255 , 81256 , 81261 , 81262 , 81263 , 81264 , 146736 , 81345 , 81346 , 81347 , 81348 , 81353 , 81354 , 81355 , 81356 , 81358 , 81359 , 81362 , 81363 , 81441 , 81442 , 81443 , 81449 , 81450 , 81464 , 81465 , 81466 , 81467 , 81468 , 81469 , 81470 , 81471 , 81473 , 81474 , 81476 , 81477 , 81478 , 81479 , 81493 , 81498 , 81499 , 81500 , 81501 , 81502 , 81504 , 81505 , 81506 , 81507 , 81508 , 81524 , 81525 , 81526 , 81527 , 81529 , 81530 , 81534 , 81535 , 81588 , 81590 , 81591 , 81592 , 81593 , 81594 , 81595 , 81596 , 81597 , 81598 , 81599 , 81600 , 81601 , 81602 , 81603 , 81620 , 81621 , 81622 , 81623 , 81624 , 81625 , 81626 , 81627 , 81628 , 81630 , 81631 , 81632 , 81633 , 81634 , 81635 , 81732 , 81733 , 81750 , 81751 , 81752 , 81753 , 81754 , 81755 , 81756 , 81765 , 81766 , 81767 , 81768 , 81769 , 81775 , 81776 , 81777 , 81778 , 81781 , 81782 , 81783 , 81784 , 81785 , 81786 , 81821 , 81822 , 81823 , 81891 , 81892 , 144725 , 81935 , 81937 , 81938 , 81939 , 81940 , 81943 , 81944 , 81945 , 81946 , 81948 , 81949 , 81965 , 81969 , 81970 , 81990 , 82019 , 82020 , 82021 , 82025 , 82029 , 82030 , 82031 , 82032 , 82033 , 82034 , 82039 , 82040 , 82041 , 82042 , 82043 , 82044 , 82045 , 82046 , 82054 , 82055 , 82059 , 82063 , 82074 , 82075 , 82076 , 82077 , 82078 , 82079 , 82080 , 82092 , 82093 , 82094 , 82095 , 82098 , 82099 , 82148 , 82149 , 82150 , 82151 , 82152 , 144765 , 82163 , 82164 , 82165 , 82242 , 82243 , 82244 , 82245 , 82246 , 82250 , 82251 , 82271 , 82272 , 82285 , 82286 , 82287 , 82288 , 82291 , 82292 , 82294 , 82297 , 82298 , 82299 , 82300 , 82301 , 82302 , 82304 , 82305 , 82306 , 82307 , 82312 , 82313 , 82314 , 144792 , 82330 , 82331 , 82358 , 82359 , 144808 , 82507 , 82508 , 82509 , 82510 , 82511 , 82512 , 82513 , 82514 , 82515 , 82516 , 82517 , 82518 , 82519 , 82521 , 82568 , 82590 , 82591 , 82592 , 82593 , 82594 , 82595 , 82596 , 82598 , 82599 , 82600 , 82601 , 82602 , 82603 , 82604 , 82605 , 82606 , 82609 , 82610 , 82613 , 82617 , 82618 , 82619 , 82620 , 82623 , 82624 , 82625 , 82627 , 82628 , 82629 , 82631 , 82632 , 82633 , 82634 , 82636 , 82637 , 82638 , 82639 , 82640 , 82641 , 82643 , 82646 , 82647 , 82648 , 82649 , 82650 , 82651 , 82652 , 82653 , 144849 , 144850 , 144851 , 82677 , 82679 , 82680 , 82681 , 82682 , 82683 , 82689 , 144855 , 144856 , 82706 , 144857 , 82724 , 82725 , 144860 , 144861 , 82738 , 82850 , 82851 , 82852 , 82853 , 82854 , 144884 , 144885 , 144886 , 82896 , 82897 , 82907 , 82908 , 82909 , 82910 , 82911 , 82912 , 82935 , 82936 , 82937 , 82938 , 82956 , 82957 , 82970 , 82976 , 82977 , 82978 , 82979 , 82981 , 83006 , 83008 , 83065 , 83066 , 83067 , 83080 , 83081 , 83128 , 83129 , 83130 , 83131 , 83133 , 83134 , 83135 , 83136 , 155527 , 83176 , 83177 , 83178 , 83183 , 83184 , 83185 , 83186 , 83187 , 83188 , 83193 , 83194 , 83195 , 83196 , 83197 , 83198 , 83199 , 83203 , 83212 , 155529 , 155530 , 83263 , 83264 , 83265 , 144951 , 144952 , 144953 , 83341 , 83342 , 83343 , 83344 , 83346 , 83347 , 83348 , 83369 , 83404 , 83406 , 83407 , 83408 , 83410 , 83411 , 83412 , 83413 , 83414 , 83469 , 83470 , 83471 , 83472 , 83476 , 83477 , 83478 , 83479 , 83481 , 83489 , 144987 , 83507 , 83510 , 83511 , 83512 , 83516 , 83517 , 83518 , 83546 , 83547 , 83548 , 83549 , 83550 , 83551 , 83554 , 83555 , 83556 , 83557 , 83558 , 83559 , 83561 , 83562 , 83563 , 83566 , 83568 , 83569 , 83570 , 83575 , 83576 , 83577 , 83584 , 83734 , 83735 , 83736 , 83737 , 83740 , 83741 , 83742 , 83804 , 83805 , 83806 , 83896 , 83897 , 83898 , 83899 , 83900 , 83901 , 83908 , 83909 , 83950 , 83951 , 83952 , 83953 , 145065 , 83966 , 83967 , 83968 , 83969 , 83970 , 83971 , 83972 , 83973 , 83974 , 83976 , 83977 , 83978 , 84002 , 145079 , 84063 , 84064 , 84065 , 84066 , 84067 , 84068 , 84069 , 84093 , 84094 , 84096 , 84097 , 84098 , 84099 , 84106 , 84134 , 84135 , 84136 , 84137 , 84142 , 84143 , 84144 , 84145 , 84146 , 84147 , 84148 , 84149 , 84150 , 84151 , 84152 , 84154 , 84155 , 145098 , 142467 , 84193 , 84194 , 84195 , 84196 , 84197 , 84201 , 84232 , 84329 , 84330 , 84331 , 84332 , 84333 , 84334 , 84335 , 84336 , 84337 , 84338 , 84362 , 84363 , 84365 , 84373 , 84374 , 84375 , 84376 , 84377 , 84378 , 84379 , 84380 , 84381 , 84382 , 84392 , 84402 , 84403 , 84404 , 84405 , 84406 , 84407 , 84408 , 84409 , 84410 , 84411 , 84421 , 84427 , 84428 , 84429 , 145146 , 155571 , 84481 , 84486 , 155572 , 84572 , 84573 , 84574 , 84618 , 84642 , 84643 , 84644 , 84645 , 84646 , 84647 , 84648 , 84649 , 84650 , 84652 , 84653 , 84654 , 84655 , 84656 , 84657 , 84659 , 84660 , 84662 , 84663 , 84664 , 84667 , 84668 , 84669 , 84670 , 84671 , 155578 , 84706 , 84726 , 84727 , 84728 , 84730 , 84731 , 84732 , 84769 , 84771 , 84791 , 84797 , 84811 , 84815 , 84821 , 84822 , 84825 , 84826 , 84857 , 84894 , 84895 , 84911 , 84912 , 84913 , 84914 , 145227 , 145228 , 84956 , 84957 , 84958 , 84959 , 84960 , 84961 , 84962 , 84969 , 84970 , 84971 , 84976 , 84990 , 85004 , 85013 , 85014 , 85015 , 85036 , 85037 , 85038 , 85039 , 85040 , 85041 , 85042 , 85043 , 85044 , 85045 , 85046 , 85052 , 85053 , 85054 , 85055 , 85056 , 85057 , 85058 , 85061 , 145250 , 145251 , 145252 , 145253 , 145255 , 85100 , 145256 , 85111 , 85112 , 85113 , 85114 , 85116 , 85117 , 85118 , 85119 , 85120 , 85121 , 85122 , 85123 , 85124 , 85125 , 85126 , 85128 , 85129 , 85130 , 85131 , 85133 , 85147 , 155594 , 85180 , 85224 , 85225 , 85226 , 85227 , 155596 , 85231 , 85242 , 85243 , 85244 , 85245 , 85246 , 85247 , 85248 , 85249 , 85253 , 85254 , 85255 , 85256 , 85257 , 85258 , 85259 , 85260 , 85261 , 85262 , 85263 , 85266 , 85267 , 85268 , 85269 , 85271 , 85272 , 85279 , 85280 , 85281 , 85282 , 85283 , 85286 , 85287 , 85288 , 85289 , 85296 , 85297 , 85312 , 85313 , 85314 , 85315 , 85316 , 85337 , 85338 , 85340 , 85341 , 85342 , 85343 , 85348 , 85349 , 85350 , 85351 , 85352 , 85353 , 85359 , 85362 , 85363 , 85427 , 85428 , 85436 , 85442 , 85443 , 85444 , 85445 , 85446 , 85454 , 85455 , 85456 , 85457 , 85458 , 85469 , 85470 , 85471 , 85472 , 85473 , 85474 , 85478 , 85479 , 85481 , 85482 , 85485 , 85486 , 85487 , 85488 , 85489 , 85490 , 85491 , 85492 , 85493 , 85494 , 85495 , 85496 , 85498 , 85499 , 85500 , 85502 , 85503 , 85504 , 85507 , 85543 , 85544 , 85545 , 85549 , 85550 , 85553 , 85554 , 85555 , 85556 , 85557 , 85558 , 85559 , 85648 , 85649 , 85650 , 85655 , 85656 , 85657 , 85658 , 85659 , 85660 , 85661 , 85662 , 85663 , 85664 , 85666 , 145350 , 85670 , 85671 , 85672 , 85690 , 85691 , 85692 , 85693 , 85694 , 85695 , 85696 , 85697 , 85699 , 85703 , 85704 , 85705 , 85709 , 85713 , 85714 , 85718 , 85721 , 85722 , 85728 , 151249 , 151250 , 85793 , 85794 , 85795 , 85796 , 85797 , 85798 , 85799 , 85800 , 151251 , 85823 , 85850 , 85888 , 85889 , 85890 , 85905 , 85906 , 85907 , 85908 , 85910 , 85911 , 85912 , 85913 , 85921 , 85922 , 85923 , 85924 , 85925 , 85931 , 85932 , 85933 , 85934 , 145395 , 85942 , 85943 , 85944 , 85945 , 85946 , 85947 , 85948 , 85950 , 85951 , 85952 , 85953 , 85954 , 145399 , 145400 , 146892 , 86019 , 86020 , 86021 , 86022 , 86023 , 86024 , 86025 , 86032 , 86033 , 86034 , 86035 , 86036 , 86042 , 86048 , 86049 , 86051 , 86067 , 86079 , 86080 , 86131 , 86132 , 86133 , 86134 , 86135 , 86136 , 86137 , 86138 , 86140 , 86141 , 86143 , 86144 , 86145 , 86146 , 86149 , 86150 , 86151 , 86152 , 86153 , 86154 , 86155 , 86158 , 86159 , 86165 , 86167 , 86168 , 86178 , 86179 , 86228 , 86232 , 86233 , 86234 , 86235 , 86236 , 86237 , 145446 , 86280 , 86281 , 86282 , 86283 , 86284 , 86285 , 86287 , 86288 , 86289 , 86290 , 86291 , 86292 , 86293 , 86294 , 86296 , 86297 , 86300 , 86301 , 86302 , 86307 , 86316 , 86317 , 145460 , 86350 , 86351 , 86352 , 86353 , 86354 , 86355 , 86356 , 86357 , 86359 , 86361 , 86410 , 86411 , 86412 , 86414 , 86441 , 86444 , 86445 , 86447 , 86448 , 86449 , 86450 , 86451 , 86452 , 86453 , 86454 , 86456 , 86457 , 86458 , 86462 , 86463 , 86464 , 86465 , 86466 , 86470 , 86471 , 86472 , 86473 , 86474 , 86475 , 86476 , 86501 , 86502 , 86503 , 86504 , 86505 , 86508 , 86512 , 86513 , 86514 , 86516 , 86518 , 86519 , 86521 , 86522 , 86550 , 86554 , 86555 , 86556 , 86557 , 145504 , 145505 , 86600 , 86601 , 86602 , 86603 , 145506 , 86621 , 86674 , 86717 , 86732 , 86733 , 86749 , 86764 , 86800 , 86801 , 86802 , 86803 , 86804 , 86805 , 86806 , 86807 , 86808 , 86809 , 86810 , 86811 , 86812 , 86843 , 86845 , 86847 , 86854 , 86855 , 86856 , 86857 , 86858 , 86910 , 86917 , 86918 , 86919 , 86920 , 86925 , 86938 , 86939 , 86984 , 86985 , 86986 , 86987 , 86988 , 86989 , 87021 , 87022 , 87023 , 87024 , 87051 , 87068 , 87069 , 87070 , 87071 , 87118 , 87119 , 87120 , 87121 , 87124 , 87125 , 87126 , 87128 , 87129 , 87130 , 87131 , 87139 , 87140 , 87141 , 87142 , 87143 , 87144 , 87145 , 87146 , 87147 , 87148 , 87149 , 87162 , 87175 , 87177 , 87180 , 87181 , 87182 , 87183 , 87220 , 87294 , 87308 , 87309 , 87310 , 87311 , 87312 , 87318 , 87319 , 87322 , 87323 , 87324 , 87325 , 87326 , 87327 , 87328 , 87329 , 87330 , 87331 , 87332 , 87333 , 87334 , 87335 , 87336 , 87337 , 87338 , 87339 , 87340 , 87342 , 87343 , 87375 , 87376 , 87377 , 87378 , 87379 , 87385 , 87476 , 87477 , 87478 , 87479 , 133849 , 87499 , 87500 , 87501 , 87502 , 87503 , 87504 , 87505 , 87506 , 87507 , 87508 , 87509 , 87510 , 87511 , 87512 , 87514 , 87515 , 87516 , 87518 , 133850 , 87547 , 87548 , 87549 , 87550 , 87551 , 87552 , 87553 , 87554 , 87555 , 87562 , 87563 , 87565 , 87566 , 87567 , 87569 , 87570 , 87571 , 87575 , 87576 , 87577 , 87578 , 87579 , 87580 , 87641 , 87642 , 87643 , 87644 , 87647 , 87648 , 87649 , 87650 , 87651 , 87652 , 87654 , 87657 , 87708 , 87748 , 87749 , 87764 , 87780 , 87781 , 87782 , 87783 , 87784 , 87788 , 87789 , 87790 , 87791 , 87794 , 87796 , 87798 , 87799 , 87800 , 87801 , 87802 , 87803 , 87804 , 87805 , 87806 , 87807 , 87835 , 87836 , 87837 , 87838 , 87839 , 87840 , 87841 , 87844 , 87845 , 87846 , 87847 , 87848 , 87849 , 87850 , 87851 , 87852 , 87854 , 87855 , 87856 , 87857 , 87858 , 87861 , 87862 , 87863 , 87866 , 87867 , 87868 , 87869 , 87870 , 87871 , 87872 , 87877 , 87878 , 87879 , 87880 , 87881 , 87882 , 87883 , 87884 , 87893 , 87894 , 87895 , 87896 , 87897 , 87898 , 87899 , 87900 , 87901 , 87902 , 87904 , 87906 , 87907 , 87908 , 87909 , 87912 , 87913 , 87914 , 87915 , 87916 , 87917 , 87918 , 87919 , 87920 , 87921 , 87922 , 87927 , 87928 , 87960 , 87977 , 87978 , 87987 , 87988 , 87989 , 87991 , 87992 , 87993 , 87994 , 87995 , 87996 , 87998 , 87999 , 88012 , 88013 , 88014 , 88072 , 88073 , 88074 , 88075 , 88076 , 88086 , 88117 , 88118 , 88119 , 88120 , 88131 , 88141 , 88147 , 88148 , 88149 , 88150 , 88152 , 88153 , 88154 , 88155 , 88159 , 88160 , 88161 , 88162 , 88163 , 88166 , 88167 , 88168 , 88169 , 88170 , 88171 , 88187 , 88191 , 88223 , 88224 , 88225 , 88227 , 88228 , 88229 , 88230 , 88303 , 88304 , 88305 , 88311 , 88312 , 88313 , 88314 , 88315 , 88316 , 88318 , 88319 , 88320 , 88321 , 88323 , 88324 , 88325 , 88326 , 88327 , 88328 , 88330 , 88331 , 88332 , 88335 , 88337 , 88340 , 145797 , 88357 , 88358 , 88369 , 88412 , 145808 , 88426 , 88427 , 145812 , 88472 , 88474 , 88475 , 88476 , 88477 , 88490 , 88491 , 88492 , 88493 , 88497 , 88498 , 88499 , 88500 , 88501 , 88502 , 88504 , 88505 , 88506 , 88507 , 88508 , 88509 , 88510 , 88512 , 88514 , 88515 , 88516 , 88517 , 88518 , 88519 , 145829 , 88554 , 88555 , 88559 , 88560 , 88561 , 88562 , 88565 , 88566 , 88567 , 88572 , 88573 , 88574 , 88575 , 88576 , 88577 , 88578 , 88579 , 88580 , 88581 , 88582 , 88584 , 88585 , 88586 , 88587 , 88588 , 88589 , 88592 , 88593 , 88594 , 88595 , 88596 , 88597 , 88598 , 145849 , 88667 , 88668 , 88669 , 88670 , 88671 , 145851 , 88679 , 145852 , 88683 , 88690 , 88691 , 88692 , 88693 , 88694 , 88695 , 88696 , 88697 , 88698 , 88699 , 88700 , 88701 , 88702 , 88703 , 88704 , 88710 , 88711 , 88712 , 88750 , 88754 , 88755 , 88757 , 88758 , 88759 , 88760 , 88761 , 88762 , 88775 , 88776 , 88777 , 88778 , 88779 , 88781 , 88782 , 88783 , 88784 , 88785 , 88786 , 88787 , 88788 , 88791 , 88792 , 88793 , 88794 , 88795 , 88796 , 88797 , 88798 , 88799 , 88800 , 88804 , 88805 , 88806 , 88807 , 88808 , 88809 , 88810 , 88848 , 88849 , 88850 , 88851 , 88852 , 88853 , 88854 , 88855 , 88868 , 145889 , 142625 , 145892 , 88925 , 88926 , 145893 , 88928 , 88929 , 88930 , 88931 , 88932 , 88933 , 88934 , 88999 , 89002 , 89003 , 89004 , 89007 , 89008 , 89009 , 89010 , 89011 , 89012 , 89013 , 89014 , 89015 , 89016 , 89017 , 89018 , 89020 , 89055 , 89092 , 89093 , 89095 , 145922 , 89129 , 89130 , 89131 , 89132 , 89133 , 89134 , 145928 , 89140 , 89141 , 89142 , 89143 , 89144 , 89145 , 145931 , 89189 , 89190 , 89191 , 89192 , 89194 , 89195 , 89196 , 89197 , 89217 , 89221 , 89222 , 89223 , 89224 , 89225 , 89226 , 89227 , 89228 , 89240 , 89241 , 89242 , 89243 , 89244 , 89245 , 89246 , 89247 , 89250 , 89251 , 89253 , 89254 , 89255 , 89283 , 89284 , 89349 , 89355 , 89356 , 89357 , 89376 , 89377 , 89393 , 89396 , 89397 , 89552 , 89575 , 89576 , 89577 , 89579 , 89580 , 89583 , 89584 , 89585 , 89586 , 89587 , 89588 , 89589 , 89624 , 89626 , 89627 , 89628 , 89630 , 89632 , 89633 , 89634 , 89635 , 89636 , 89637 , 89638 , 89639 , 89641 , 89642 , 89643 , 89665 , 89666 , 89667 , 89668 , 89669 , 89670 , 89709 , 89710 , 89711 , 89712 , 89713 , 89714 , 89716 , 89717 , 89734 , 89735 , 89736 , 89737 , 89738 , 89739 , 89740 , 89742 , 89743 , 89745 , 89746 , 89747 , 89748 , 89749 , 89750 , 89751 , 89763 , 89764 , 89765 , 89774 , 89775 , 89776 , 89777 , 89811 , 89814 , 89815 , 89816 , 89817 , 89818 , 89819 , 89820 , 89824 , 89825 , 89826 , 89827 , 89828 , 89830 , 89831 , 89832 , 89833 , 89834 , 89837 , 89838 , 89839 , 89842 , 89845 , 89914 , 89917 , 89918 , 89919 , 89920 , 89921 , 146061 , 146063 , 146066 , 146068 , 146073 , 90013 , 90014 , 90031 , 90032 , 90087 , 90088 , 90089 , 90090 , 90091 , 90092 , 90093 , 90094 , 90095 , 90104 , 90105 , 90106 , 90176 , 90177 , 90178 , 90179 , 90180 , 90181 , 90182 , 90183 , 90184 , 90185 , 90191 , 90218 , 90219 , 90230 , 90233 , 90234 , 90235 , 90260 , 90261 , 90262 , 90263 , 147035 , 90280 , 90283 , 90284 , 90285 , 90286 , 90288 , 90289 , 90290 , 90291 , 90292 , 90305 , 90308 , 90309 , 90310 , 90311 , 90312 , 90313 , 90314 , 90315 , 90316 , 90317 , 90322 , 90325 , 90406 , 90407 , 90428 , 90429 , 90430 , 90431 , 90432 , 90462 , 90463 , 90464 , 90465 , 90466 , 90467 , 90468 , 90469 , 90470 , 90481 , 90488 , 90489 , 90490 , 90494 , 90498 , 90499 , 90500 , 90504 , 90505 , 90506 , 90507 , 90508 , 146157 , 90523 , 90533 , 90534 , 90535 , 90536 , 90537 , 90539 , 90540 , 90541 , 90542 , 90543 , 90624 , 90625 , 90645 , 90646 , 90662 , 90663 , 90669 , 90670 , 90671 , 90672 , 90673 , 90674 , 90675 , 90677 , 90701 , 90702 , 90703 , 90707 , 90708 , 90711 , 90712 , 90713 , 90716 , 90717 , 90718 , 90719 , 90720 , 90734 , 90735 , 90736 , 90737 , 90740 , 90741 , 90753 , 90754 , 90755 , 90756 , 90757 , 90758 , 90759 , 90761 , 90762 , 90763 , 90764 , 90765 , 90786 , 90787 , 90788 , 90789 , 90790 , 90791 , 90792 , 90799 , 90800 , 90801 , 90802 , 90811 , 90812 , 90813 , 90843 , 90854 , 90859 , 90860 , 90861 , 90862 , 90863 , 90864 , 90865 , 90866 , 90868 , 90869 , 90870 , 90871 , 90872 , 90873 , 90874 , 90882 , 90883 , 90884 , 90885 , 90889 , 90890 , 90891 , 90892 , 90893 , 90894 , 90960 , 90962 , 90963 , 90964 , 90966 , 90967 , 90968 , 90969 , 90972 , 90973 , 90974 , 90975 , 90976 , 90999 , 91000 , 91001 , 91018 , 91043 , 91044 , 91045 , 91046 , 91047 , 91051 , 91053 , 91054 , 91061 , 91067 , 91068 , 91069 , 91070 , 91071 , 91073 , 91074 , 91075 , 91076 , 91077 , 91088 , 91089 , 91090 , 91091 , 91104 , 91105 , 91106 , 91107 , 91108 , 91109 , 91110 , 91113 , 91144 , 91145 , 91159 , 91163 , 91165 , 91166 , 91167 , 91173 , 91175 , 91188 , 91189 , 91190 , 91191 , 91192 , 91193 , 91194 , 91195 , 91196 , 91198 , 91199 , 91200 , 91201 , 91235 , 91236 , 91237 , 146286 , 91291 , 91321 , 91322 , 91323 , 91324 , 91325 , 91326 , 91327 , 91328 , 91422 , 91423 , 91424 , 91425 , 91426 , 91444 , 91445 , 91446 , 91447 , 91449 , 91450 , 91510 , 91511 , 91512 , 91513 , 91514 , 91515 , 91517 , 91518 , 91524 , 91525 , 91529 , 91530 , 91531 , 91532 , 91533 , 91534 , 91535 , 91536 , 91579 , 91580 , 91581 , 91582 , 91583 , 91586 , 91587 , 91596 , 91603 , 91604 , 91605 , 91613 , 91614 , 91617 , 138351 , 91664 , 91665 , 91666 , 91667 , 91668 , 91674 , 91676 , 91677 , 91679 , 91682 , 91683 , 91684 , 91685 , 91686 , 91687 , 91688 , 91691 , 91692 , 91693 , 91694 , 91695 , 91696 , 91697 , 91698 , 91699 , 91700 , 91772 , 91773 , 91778 , 91779 , 91780 , 91781 , 91782 , 91785 , 91786 , 91787 , 91788 , 91868 , 91869 , 91879 , 91880 , 91881 , 91882 , 91883 , 91908 , 91909 , 91910 , 91911 , 91912 , 91913 , 91914 , 91915 , 91916 , 91917 , 91918 , 91919 , 91920 , 91925 , 91928 , 91929 , 91930 , 91943 , 91948 , 91950 , 92008 , 92009 , 92010 , 92011 , 92012 , 92013 , 92014 , 92015 , 92016 , 92017 , 92022 , 92023 , 92024 , 92027 , 92035 , 92036 , 92059 , 92060 , 92061 , 92062 , 92063 , 92064 , 92138 , 92179 , 92180 , 92181 , 92200 , 92201 , 92213 , 92302 , 92329 , 92330 , 92331 , 92338 , 92339 , 92340 , 92341 , 92342 , 92343 , 92344 , 92345 , 92346 , 92347 , 92389 , 92390 , 92391 , 92394 , 92395 , 92396 , 92400 , 92401 , 92406 , 92410 , 92499 , 92505 , 92507 , 92508 , 92509 , 92510 , 92511 , 92545 , 92546 , 92547 , 92548 , 92551 , 92584 , 92585 , 92586 , 92625 , 92650 , 92651 , 92652 , 92653 , 92654 , 92682 , 92683 , 92701 , 92702 , 92724 , 92725 , 92726 , 92727 , 92728 , 92730 , 92731 , 92732 , 92738 , 92739 , 92742 , 92743 , 92744 , 92745 , 92746 , 92749 , 92750 , 92755 , 92756 , 92804 , 92805 , 92806 , 92807 , 92809 , 92820 , 92821 , 92839 , 92840 , 92841 , 92842 , 92843 , 92844 , 92845 , 92848 , 92850 , 92851 , 92852 , 146551 , 92891 , 92892 , 92918 , 92919 , 92928 , 92931 , 92932 , 92933 , 92934 , 92935 , 92936 , 92937 , 92938 , 92939 , 92940 , 92941 , 92942 , 92943 , 146563 , 92952 , 92953 , 93002 , 93003 , 93004 , 93005 , 93006 , 93013 , 93014 , 93015 , 93016 , 93017 , 93030 , 93031 , 93032 , 93033 , 93037 , 93042 , 93043 , 93044 , 93078 , 93079 , 93080 , 93081 , 93086 , 93087 , 93141 , 93142 , 138403 , 93224 , 93226 , 93227 , 93228 , 93231 , 93239 , 93240 , 93244 , 93245 , 93246 , 93247 , 93248 , 93249 , 93264 , 93265 , 93266 , 93268 , 93269 , 93271 , 93272 , 93358 , 93359 , 93387 , 93397 , 93398 , 93407 , 93437 , 93438 , 93439 , 93440 , 93442 , 93443 , 93444 , 93445 , 93450 , 93451 , 93481 , 93482 , 93483 , 93485 , 93487 , 93488 , 93489 , 93490 , 93541 , 93549 , 93551 , 93555 , 93559 , 93560 , 93561 , 93562 , 93563 , 93564 , 93574 , 93575 , 93576 , 93577 , 93578 , 93580 , 93581 , 93588 , 93655 , 93656 , 93657 , 93658 , 93661 , 93662 , 93663 , 93664 , 93665 , 93670 , 93671 , 93700 , 93701 , 93712 , 93718 , 93719 , 93720 , 93721 , 93722 , 93723 , 93724 , 93725 , 93726 , 93727 , 93728 , 93729 , 93754 , 93760 , 93761 , 93762 , 93763 , 93764 , 93765 , 93766 , 93767 , 93768 , 93769 , 93770 , 93771 , 93772 , 93774 , 93775 , 93776 , 93777 , 93779 , 93780 , 93781 , 93782 , 93783 , 93784 , 93785 , 93786 , 93787 , 93801 , 93802 , 93804 , 93805 , 93806 , 93807 , 93808 , 93811 , 93812 , 93813 , 93814 , 93815 , 93827 , 93893 , 93895 , 93898 , 93899 , 93900 , 93901 , 93902 , 93903 , 93904 , 93941 , 93943 , 93944 , 93945 , 93946 , 93947 , 93948 , 93949 , 146731 , 93967 , 93969 , 93970 , 93971 , 93972 , 146735 , 93982 , 93983 , 93984 , 93985 , 93986 , 93987 , 93988 , 94003 , 94004 , 94005 , 94006 , 94007 , 94008 , 94009 , 94010 , 94011 , 94021 , 94038 , 94039 , 146751 , 94087 , 94089 , 94092 , 94093 , 94094 , 94134 , 94157 , 94169 , 94170 , 94182 , 94183 , 94185 , 94196 , 94197 , 94207 , 94208 , 94209 , 94210 , 94226 , 94227 , 94228 , 94233 , 94235 , 94236 , 94238 , 94239 , 94242 , 94243 , 94250 , 94251 , 94253 , 146781 , 94256 , 94257 , 94258 , 94259 , 146782 , 94262 , 94263 , 94264 , 94265 , 94266 , 94267 , 94268 , 94269 , 94270 , 94271 , 94272 , 94273 , 94274 , 94276 , 94277 , 94278 , 94279 , 94287 , 94288 , 94293 , 94294 , 94296 , 94333 , 94335 , 94336 , 146801 , 94399 , 94400 , 94401 , 94420 , 94431 , 94432 , 94433 , 94436 , 94437 , 94457 , 94458 , 94459 , 94460 , 147276 , 94504 , 94505 , 94506 , 94507 , 94508 , 151541 , 94528 , 94535 , 94604 , 94605 , 94638 , 146846 , 146847 , 146848 , 146856 , 146858 , 94723 , 94754 , 94858 , 94859 , 94868 , 94873 , 94874 , 94875 , 94877 , 94878 , 94881 , 94882 , 94885 , 94911 , 94912 , 94913 , 94921 , 94922 , 94923 , 94924 , 146893 , 146894 , 146895 , 146896 , 94973 , 94974 , 94975 , 94976 , 94977 , 94978 , 94979 , 146903 , 146905 , 95003 , 95024 , 95025 , 95026 , 95027 , 95028 , 95029 , 95034 , 95035 , 95037 , 95038 , 95084 , 95149 , 95150 , 95158 , 95197 , 95198 , 95199 , 95200 , 95201 , 95203 , 95204 , 95205 , 95206 , 95223 , 95231 , 95232 , 95233 , 95234 , 95235 , 95236 , 95237 , 95238 , 95239 , 95240 , 95241 , 95242 , 95244 , 95245 , 95246 , 95247 , 95248 , 95249 , 95250 , 95251 , 95252 , 95272 , 95309 , 95310 , 95325 , 95371 , 95372 , 95384 , 95385 , 95386 , 95387 , 95388 , 95391 , 95392 , 95393 , 95397 , 95398 , 95408 , 95421 , 95422 , 95423 , 95424 , 95425 , 95426 , 95427 , 146978 , 95465 , 146983 , 95468 , 95469 , 95470 , 95472 , 146984 , 95544 , 95545 , 95546 , 95547 , 95548 , 95549 , 95550 , 95551 , 95552 , 95553 , 95554 , 95555 , 95556 , 95557 , 95558 , 95561 , 95562 , 95563 , 95565 , 95566 , 95567 , 95568 , 95569 , 95571 , 95572 , 95573 , 95576 , 95578 , 95579 , 95580 , 95594 , 95630 , 95632 , 95636 , 95637 , 95638 , 95640 , 95641 , 95642 , 95659 , 95704 , 95705 , 95706 , 95707 , 95708 , 95709 , 95710 , 95727 , 95728 , 95733 , 95738 , 147031 , 95770 , 95771 , 95776 , 95777 , 95778 , 95779 , 95780 , 95782 , 95783 , 147036 , 95792 , 95793 , 95797 , 95798 , 95799 , 95800 , 95817 , 95818 , 95819 , 95820 , 95821 , 95822 , 95823 , 95824 , 95825 , 95826 , 95827 , 147285 , 95850 , 95851 , 95852 , 95853 , 95854 , 95856 , 95859 , 95866 , 95867 , 95868 , 95872 , 95875 , 95876 , 95877 , 95878 , 95879 , 95928 , 95935 , 95936 , 95937 , 95938 , 95939 , 95940 , 95942 , 95943 , 95944 , 95945 , 95946 , 95947 , 95948 , 95949 , 95950 , 95951 , 95952 , 95953 , 95954 , 95955 , 96013 , 96014 , 96030 , 96031 , 96032 , 96033 , 96034 , 96040 , 96041 , 96058 , 96059 , 96060 , 96064 , 96065 , 96066 , 96067 , 96068 , 96088 , 96090 , 96091 , 96100 , 96101 , 96102 , 96106 , 96107 , 96109 , 96128 , 96129 , 96130 , 96131 , 96132 , 96133 , 96135 , 96136 , 96137 , 96139 , 96165 , 96168 , 96220 , 96221 , 96222 , 96227 , 96228 , 96229 , 96230 , 96231 , 96232 , 96233 , 96234 , 96238 , 96288 , 96312 , 96313 , 96314 , 96315 , 96316 , 96317 , 96318 , 96326 , 96327 , 96329 , 96330 , 96331 , 96332 , 96333 , 96334 , 96335 , 96336 , 96339 , 96340 , 96341 , 96342 , 96343 , 96344 , 96346 , 96349 , 147134 , 96407 , 96408 , 96410 , 96411 , 96412 , 96418 , 96419 , 96420 , 96421 , 96440 , 96460 , 147290 , 96614 , 96615 , 96735 , 96736 , 96737 , 96792 , 96803 , 96804 , 96819 , 96821 , 96833 , 96834 , 96835 , 96836 , 96846 , 96847 , 96852 , 96853 , 96854 , 96855 , 96856 , 96857 , 96858 , 96859 , 96860 , 96861 , 96862 , 96863 , 96864 , 96865 , 96866 , 96867 , 96868 , 96872 , 96881 , 96882 , 96883 , 96884 , 96948 , 96949 , 96952 , 96953 , 96954 , 96956 , 96957 , 96958 , 96959 , 96961 , 96962 , 96963 , 96964 , 96966 , 96969 , 96970 , 96971 , 96972 , 96982 , 97021 , 97022 , 97061 , 97062 , 97064 , 97065 , 97080 , 97081 , 97163 , 97164 , 97165 , 97166 , 97167 , 97169 , 97170 , 97171 , 97173 , 97174 , 97175 , 97176 , 97177 , 97178 , 97181 , 97182 , 147275 , 97224 , 97225 , 97226 , 97244 , 97245 , 97246 , 97247 , 97272 , 97273 , 97275 , 97279 , 97280 , 97283 , 147286 , 97291 , 97292 , 97295 , 97296 , 97297 , 97298 , 97299 , 97300 , 97301 , 97302 , 97303 , 97304 , 97305 , 97307 , 97308 , 97309 , 97310 , 97311 , 97312 , 97313 , 97317 , 97318 , 97319 , 97320 , 147292 , 97322 , 97323 , 147293 , 97328 , 147296 , 97350 , 97351 , 97354 , 97355 , 97372 , 97377 , 97378 , 97379 , 97380 , 97381 , 97386 , 97387 , 97388 , 97389 , 97390 , 97391 , 97392 , 97394 , 151637 , 97425 , 97426 , 97430 , 97436 , 97437 , 97495 , 97496 , 97497 , 97504 , 97505 , 97506 , 97507 , 97508 , 97509 , 97510 , 97512 , 97513 , 97514 , 97515 , 97519 , 97520 , 97521 , 97522 , 97523 , 97524 , 97525 , 147327 , 147328 , 97538 , 97540 , 97541 , 97542 , 147329 , 142913 , 97573 , 97577 , 97579 , 97582 , 97583 , 97584 , 97587 , 97588 , 97623 , 97624 , 97629 , 97630 , 97631 , 97683 , 97684 , 97685 , 97686 , 97687 , 97688 , 97689 , 97691 , 97692 , 97693 , 97694 , 97695 , 97696 , 97697 , 147356 , 97707 , 97730 , 97745 , 97746 , 97747 , 97748 , 97749 , 97750 , 97751 , 97754 , 97755 , 97760 , 97761 , 97762 , 97763 , 97767 , 97768 , 97771 , 97775 , 97776 , 97778 , 97781 , 97782 , 97784 , 97867 , 97870 , 97878 , 97879 , 97906 , 97907 , 97908 , 97909 , 97910 , 97913 , 97914 , 97915 , 97916 , 97917 , 97918 , 97919 , 97920 , 97923 , 97924 , 97925 , 97927 , 97929 , 97930 , 97931 , 97932 , 97933 , 97953 , 97997 , 98000 , 98001 , 98007 , 98008 , 98009 , 98010 , 98076 , 139444 , 98147 , 98148 , 98150 , 98151 , 98179 , 98180 , 98181 , 98182 , 98186 , 98208 , 98216 , 98217 , 98218 , 98219 , 98258 , 98264 , 98267 , 98268 , 98269 , 98270 , 98271 , 98272 , 98273 , 98274 , 98322 , 98351 , 98405 , 98406 , 98407 , 98408 , 98419 , 98424 , 98436 , 98437 , 98439 , 98440 , 98441 , 98442 , 98443 , 98444 , 98460 , 98464 , 98465 , 98466 , 98467 , 98468 , 98469 , 98470 , 98472 , 98518 , 98519 , 98529 , 98554 , 98555 , 98596 , 98597 , 98598 , 98605 , 98606 , 143812 , 98637 , 98638 , 98639 , 98644 , 98645 , 98655 , 98656 , 98657 , 98658 , 98659 , 98660 , 98661 , 98662 , 98663 , 98664 , 98665 , 98667 , 98668 , 98677 , 98678 , 98679 , 98680 , 98728 , 98729 , 98733 , 98736 , 98737 , 98738 , 98739 , 98740 , 98741 , 98742 , 98789 , 98790 , 98803 , 98804 , 98805 , 98806 , 147547 , 147548 , 147549 , 147550 , 98870 , 98871 , 147551 , 147557 , 98925 , 98926 , 98927 , 98928 , 147571 , 147572 , 99003 , 99006 , 99007 , 99014 , 99015 , 99039 , 99054 , 99055 , 99077 , 99090 , 99096 , 99097 , 99098 , 99100 , 99104 , 99105 , 99106 , 99107 , 99108 , 99195 , 99196 , 99197 , 99207 , 99208 , 99233 , 99234 , 99243 , 99244 , 99245 , 99246 , 99247 , 99248 , 99249 , 99250 , 99253 , 99254 , 99255 , 99256 , 99258 , 99261 , 99262 , 99263 , 99264 , 99265 , 99269 , 99270 , 99271 , 99272 , 99273 , 99323 , 99326 , 99327 , 99328 , 99329 , 99330 , 99331 , 99332 , 99333 , 99334 , 99335 , 99336 , 99337 , 99338 , 99339 , 99341 , 99343 , 99344 , 99345 , 99346 , 99347 , 99348 , 147632 , 147633 , 99368 , 99369 , 99370 , 99371 , 99372 , 147634 , 99374 , 99375 , 147635 , 99382 , 99383 , 99385 , 99386 , 99387 , 99388 , 99389 , 99390 , 99393 , 99394 , 99395 , 99398 , 99400 , 99401 , 99402 , 147639 , 99405 , 99406 , 99407 , 99408 , 99409 , 99411 , 99412 , 99413 , 99420 , 99421 , 147646 , 147648 , 99458 , 99459 , 147649 , 99529 , 99530 , 99531 , 99532 , 99533 , 99534 , 99535 , 99536 , 99537 , 99538 , 99539 , 99540 , 99541 , 99543 , 99544 , 99556 , 99557 , 99558 , 99559 , 99560 , 99561 , 99562 , 99563 , 99576 , 99577 , 99579 , 99580 , 99619 , 99620 , 134253 , 99633 , 99634 , 99635 , 99636 , 99637 , 99638 , 99639 , 99640 , 99646 , 99647 , 99648 , 99649 , 99650 , 99677 , 99678 , 99679 , 99701 , 99705 , 99723 , 147697 , 147698 , 99786 , 99787 , 99791 , 99792 , 99793 , 99794 , 99795 , 99796 , 99799 , 99800 , 99801 , 99802 , 99803 , 99804 , 99805 , 99806 , 99809 , 99810 , 99812 , 99813 , 99814 , 99818 , 99819 , 99820 , 99821 , 99822 , 99823 , 99828 , 99829 , 99830 , 99832 , 99843 , 99844 , 99845 , 99846 , 99847 , 99848 , 99858 , 99898 , 99899 , 99900 , 99918 , 99921 , 99922 , 99923 , 99924 , 99925 , 99927 , 99928 , 99929 , 99930 , 99968 , 99969 , 99970 , 99981 , 99982 , 99983 , 99984 , 99985 , 99986 , 99989 , 99990 , 99991 , 99992 , 99993 , 100023 , 100024 , 100025 , 100026 , 100027 , 100028 , 100029 , 100030 , 100031 , 100032 , 100033 , 100034 , 100037 , 100038 , 100041 , 100045 , 100052 , 100053 , 100054 , 100055 , 100056 , 100062 , 100063 , 100064 , 100065 , 100066 , 100067 , 100068 , 100151 , 100152 , 100153 , 100154 , 100157 , 100159 , 100160 , 100161 , 100164 , 100165 , 100166 , 100167 , 100168 , 100171 , 100172 , 100173 , 100174 , 100175 , 100176 , 100177 , 100187 , 100188 , 100196 , 100217 , 100218 , 100219 , 100220 , 100221 , 100222 , 100227 , 100228 , 100230 , 100231 , 100232 , 100235 , 100236 , 100237 , 100238 , 100239 , 100240 , 100241 , 100242 , 100243 , 100244 , 100245 , 100301 , 100306 , 100307 , 100308 , 100321 , 100322 , 100323 , 100324 , 100325 , 100326 , 100327 , 100328 , 100329 , 100330 , 100331 , 100344 , 100346 , 100347 , 100350 , 100351 , 100352 , 100353 , 100354 , 100360 , 100361 , 100362 , 100363 , 100364 , 100365 , 100371 , 100372 , 100374 , 100375 , 100376 , 100377 , 100378 , 100379 , 100380 , 100381 , 100382 , 100385 , 100386 , 100389 , 100390 , 100391 , 100393 , 100394 , 100395 , 100396 , 100397 , 100398 , 100399 , 100400 , 100401 , 100402 , 100406 , 100407 , 100408 , 100409 , 100410 , 100411 , 100412 , 100413 , 100414 , 100415 , 100416 , 100421 , 100449 , 100450 , 100451 , 100452 , 100455 , 100456 , 100457 , 100458 , 100462 , 100463 , 100464 , 100465 , 100466 , 100482 , 100483 , 100484 , 100485 , 100486 , 100490 , 100491 , 100510 , 100511 , 100517 , 100518 , 147825 , 147826 , 147827 , 100533 , 100577 , 100578 , 100579 , 100582 , 147839 , 100636 , 100637 , 100638 , 100639 , 100661 , 100663 , 100733 , 100734 , 100735 , 100736 , 100737 , 100738 , 100823 , 100824 , 100837 , 100838 , 100848 , 100849 , 100851 , 100852 , 100853 , 100855 , 100856 , 100866 , 100932 , 100933 , 100934 , 100938 , 100939 , 100940 , 100941 , 100942 , 100943 , 100944 , 100957 , 100958 , 100959 , 100991 , 100992 , 100993 , 100994 , 100995 , 100996 , 100997 , 100998 , 101000 , 101002 , 101003 , 101018 , 101019 , 101020 , 101021 , 101023 , 101024 , 101069 , 101084 , 101085 , 101086 , 101087 , 101088 , 101089 , 101090 , 134302 , 101202 , 101206 , 101207 , 101208 , 101209 , 101214 , 101215 , 101216 , 101217 , 101218 , 101219 , 101220 , 101228 , 101238 , 101239 , 101240 , 101242 , 101243 , 101245 , 101248 , 147954 , 101295 , 101297 , 101298 , 101299 , 101301 , 101302 , 101303 , 101304 , 101307 , 101308 , 101309 , 101344 , 101345 , 101395 , 101396 , 101397 , 101398 , 101409 , 101410 , 101424 , 101439 , 101440 , 101441 , 101442 , 101446 , 101447 , 101461 , 101462 , 101463 , 101464 , 101548 , 101549 , 101550 , 101551 , 101552 , 101553 , 101558 , 101559 , 101560 , 101561 , 101562 , 101563 , 101574 , 101575 , 101576 , 101589 , 101590 , 101591 , 101593 , 101594 , 101595 , 101609 , 101674 , 101675 , 101683 , 101734 , 101744 , 101790 , 101791 , 101838 , 101839 , 101840 , 101841 , 101842 , 101843 , 101844 , 101845 , 101847 , 101848 , 101849 , 101850 , 101851 , 101855 , 101856 , 101857 , 101858 , 101859 , 101860 , 101861 , 101899 , 101900 , 101964 , 101965 , 101966 , 101967 , 101968 , 101969 , 101972 , 102031 , 102050 , 102051 , 102052 , 102091 , 102092 , 102093 , 102094 , 102095 , 148088 , 102099 , 102100 , 102101 , 102102 , 102103 , 102104 , 102105 , 102106 , 102107 , 102108 , 102112 , 102113 , 102116 , 102117 , 102118 , 102119 , 102130 , 102131 , 102132 , 102176 , 102178 , 102179 , 102200 , 102201 , 102202 , 102203 , 102204 , 102236 , 102237 , 102238 , 102258 , 102259 , 102260 , 102261 , 102295 , 102296 , 102300 , 102301 , 102317 , 102319 , 102322 , 102323 , 102325 , 102326 , 102327 , 102328 , 102329 , 102330 , 102331 , 102332 , 102334 , 102335 , 102336 , 102337 , 102338 , 102339 , 102340 , 102342 , 102343 , 102344 , 102345 , 102346 , 133362 , 102444 , 102445 , 102446 , 102447 , 102448 , 102449 , 102450 , 102451 , 102452 , 102453 , 102486 , 102490 , 102491 , 102494 , 102495 , 102496 , 102497 , 102502 , 102503 , 102504 , 102505 , 102506 , 102516 , 102517 , 102518 , 102519 , 102520 , 102541 , 102543 , 102545 , 102548 , 102549 , 102552 , 102607 , 102608 , 102609 , 102626 , 102627 , 102628 , 102630 , 102635 , 102636 , 102637 , 102638 , 102639 , 102640 , 102641 , 102642 , 102643 , 102644 , 102645 , 102648 , 102649 , 102650 , 102653 , 102654 , 102655 , 102656 , 102657 , 102658 , 102661 , 138719 , 102706 , 102724 , 102725 , 102726 , 102727 , 102728 , 102729 , 102730 , 102732 , 102736 , 102737 , 102738 , 102739 , 102740 , 102749 , 102773 , 102783 , 102784 , 102785 , 102786 , 102788 , 102789 , 102790 , 102791 , 102792 , 102793 , 102794 , 102796 , 102797 , 102800 , 102801 , 102802 , 102803 , 102818 , 102883 , 102893 , 102894 , 102895 , 102896 , 102897 , 102898 , 102899 , 102900 , 102944 , 102945 , 102946 , 102948 , 102949 , 148233 , 103019 , 103020 , 103021 , 103022 , 103023 , 103024 , 103026 , 103027 , 103031 , 103032 , 103033 , 103034 , 103035 , 103036 , 103037 , 103038 , 103039 , 103040 , 103043 , 103044 , 103047 , 103048 , 103051 , 103052 , 103053 , 103054 , 103077 , 103078 , 103079 , 103080 , 103081 , 103082 , 103083 , 103084 , 103085 , 103093 , 103094 , 103095 , 103096 , 103097 , 103098 , 103099 , 103100 , 103101 , 103102 , 103103 , 103104 , 103121 , 103122 , 103126 , 103144 , 103145 , 103146 , 148265 , 148266 , 148267 , 148269 , 148270 , 148271 , 103198 , 103199 , 148272 , 103202 , 148273 , 148274 , 103216 , 103217 , 103218 , 103219 , 103221 , 103222 , 148278 , 148281 , 103273 , 103274 , 103275 , 103277 , 103278 , 103279 , 103287 , 103288 , 103289 , 103317 , 103318 , 103323 , 103333 , 103334 , 103364 , 103365 , 103366 , 103367 , 103368 , 103369 , 103370 , 103371 , 103372 , 103415 , 103427 , 103428 , 103429 , 103430 , 103431 , 103442 , 103443 , 103444 , 103445 , 103446 , 103447 , 103448 , 103449 , 103450 , 103452 , 103453 , 103454 , 103455 , 103457 , 103458 , 103460 , 103466 , 103467 , 103470 , 103471 , 103473 , 103474 , 103500 , 103501 , 103502 , 103503 , 103504 , 103505 , 103506 , 103507 , 103508 , 103509 , 103516 , 103517 , 103523 , 103528 , 103529 , 103531 , 103533 , 103534 , 103571 , 103572 , 103573 , 103651 , 103657 , 103658 , 103659 , 103660 , 103661 , 103662 , 103663 , 103664 , 103704 , 103705 , 103706 , 103776 , 103777 , 103778 , 103779 , 103780 , 103826 , 103836 , 103837 , 103838 , 103843 , 103844 , 103845 , 103846 , 103848 , 103849 , 103873 , 103874 , 103875 , 103876 , 103877 , 103878 , 103879 , 103886 , 103887 , 103890 , 103891 , 103901 , 103929 , 103930 , 103931 , 103932 , 103933 , 103934 , 103935 , 103936 , 103938 , 103940 , 103941 , 103943 , 103944 , 103945 , 103946 , 103947 , 103948 , 103950 , 103951 , 103952 , 103953 , 103954 , 103955 , 103957 , 103958 , 103960 , 103961 , 103968 , 103969 , 104094 , 148429 , 104152 , 104190 , 104191 , 104201 , 104205 , 104213 , 104214 , 104249 , 104250 , 104251 , 104253 , 104255 , 104256 , 104257 , 104259 , 104260 , 104261 , 104262 , 104263 , 104264 , 104265 , 104268 , 104276 , 104277 , 104282 , 104303 , 104304 , 104305 , 104317 , 104318 , 104319 , 104320 , 104321 , 104323 , 104324 , 104325 , 104326 , 104327 , 104328 , 104329 , 104330 , 104331 , 104332 , 104334 , 104335 , 104336 , 104337 , 104338 , 148466 , 148467 , 104374 , 104375 , 104376 , 104377 , 104378 , 104379 , 104380 , 104381 , 104382 , 148469 , 104392 , 104393 , 104394 , 104395 , 104397 , 104398 , 148473 , 148475 , 104461 , 104462 , 104471 , 104472 , 104473 , 104474 , 104514 , 104517 , 104518 , 104519 , 104550 , 104551 , 104554 , 104555 , 104556 , 104557 , 104558 , 104559 , 104561 , 104562 , 104563 , 104564 , 104566 , 104567 , 104568 , 104569 , 104573 , 104611 , 104691 , 104692 , 104693 , 104694 , 104696 , 104697 , 104698 , 104699 , 104700 , 104701 , 104702 , 104703 , 104704 , 104705 , 104706 , 104707 , 104708 , 104709 , 104710 , 104711 , 104712 , 104713 , 104714 , 104715 , 104716 , 104717 , 104718 , 104719 , 104720 , 104738 , 104764 , 104765 , 104768 , 104769 , 104770 , 104820 , 104821 , 104826 , 104827 , 104828 , 104829 , 104830 , 104831 , 104832 , 104833 , 104834 , 104835 , 104891 , 104892 , 104893 , 104895 , 104896 , 104897 , 104909 , 104911 , 104912 , 104913 , 104954 , 104955 , 105012 , 105028 , 105029 , 105052 , 105053 , 105054 , 105055 , 105058 , 105059 , 105062 , 105063 , 105064 , 105065 , 105072 , 105073 , 105075 , 105076 , 105077 , 105078 , 105079 , 105080 , 105081 , 105082 , 105099 , 105100 , 105101 , 105105 , 105106 , 105107 , 105108 , 105109 , 105110 , 105111 , 105112 , 105113 , 105114 , 105115 , 105116 , 105117 , 105118 , 105119 , 105127 , 105128 , 105129 , 105130 , 105134 , 105135 , 105218 , 105219 , 105220 , 105221 , 105222 , 105223 , 105224 , 105225 , 105226 , 105227 , 105228 , 105229 , 105230 , 105231 , 105232 , 105233 , 105235 , 105237 , 148612 , 105246 , 105247 , 105248 , 105256 , 105260 , 105261 , 105262 , 105263 , 105264 , 105265 , 105266 , 105271 , 105272 , 105280 , 105282 , 105320 , 105355 , 105356 , 105357 , 105385 , 105389 , 105390 , 105391 , 105392 , 105393 , 105394 , 105400 , 105401 , 105402 , 105403 , 148640 , 105411 , 105426 , 105428 , 105429 , 105430 , 105431 , 105455 , 105461 , 105499 , 105502 , 105503 , 105508 , 105509 , 105569 , 105570 , 105571 , 105572 , 105575 , 105576 , 105577 , 105578 , 105728 , 105729 , 105730 , 105731 , 105732 , 105733 , 105734 , 105735 , 105740 , 105741 , 105794 , 105795 , 105796 , 105797 , 105798 , 105799 , 105811 , 105816 , 105817 , 105818 , 105819 , 105821 , 105822 , 105858 , 105859 , 105860 , 105861 , 105862 , 105863 , 105864 , 105865 , 105867 , 105868 , 105869 , 105870 , 105871 , 105872 , 105879 , 105888 , 105889 , 105914 , 105915 , 105916 , 105923 , 105924 , 105925 , 105926 , 105928 , 105929 , 105936 , 105937 , 105955 , 105956 , 105957 , 105958 , 105959 , 105960 , 105961 , 105963 , 105964 , 105966 , 105967 , 105968 , 106036 , 106037 , 106038 , 106039 , 148751 , 143197 , 106092 , 106093 , 106094 , 106095 , 106096 , 106097 , 106098 , 106099 , 106100 , 106102 , 106103 , 106104 , 106105 , 106106 , 106107 , 106108 , 106109 , 143198 , 106128 , 106138 , 106139 , 106140 , 106141 , 106142 , 106143 , 106154 , 106182 , 106183 , 106184 , 106185 , 106186 , 106187 , 106188 , 106189 , 106190 , 106191 , 106192 , 106193 , 106194 , 106196 , 106197 , 106198 , 106199 , 106200 , 106201 , 106202 , 106203 , 106204 , 106205 , 106207 , 106211 , 106212 , 106309 , 106310 , 106311 , 106312 , 106313 , 106316 , 106317 , 106318 , 106322 , 106323 , 106332 , 106333 , 106334 , 106335 , 106338 , 106339 , 106340 , 106341 , 106351 , 106352 , 106353 , 106354 , 106359 , 106365 , 106396 , 106397 , 106400 , 106423 , 106424 , 147573 , 106463 , 106464 , 106465 , 106466 , 106471 , 106472 , 106473 , 106475 , 106533 , 106534 , 106535 , 106536 , 106537 , 106538 , 106539 , 106540 , 106541 , 106542 , 106543 , 106544 , 106545 , 106546 , 106547 , 106548 , 106549 , 106550 , 106551 , 106552 , 106553 , 106554 , 106555 , 106557 , 106558 , 106559 , 106602 , 106603 , 106642 , 106664 , 106665 , 106666 , 106667 , 106668 , 106671 , 106672 , 106673 , 106674 , 106718 , 106724 , 106726 , 106727 , 106738 , 106763 , 106764 , 106765 , 106766 , 106767 , 106768 , 106769 , 106774 , 106775 , 106776 , 106777 , 106778 , 106779 , 106780 , 106781 , 148869 , 106786 , 106787 , 106792 , 106793 , 106794 , 106795 , 106796 , 106797 , 106798 , 106799 , 106810 , 106811 , 106818 , 106819 , 148890 , 148891 , 148892 , 106936 , 106937 , 106942 , 106943 , 106944 , 106945 , 106946 , 106947 , 106948 , 106949 , 106950 , 106951 , 106955 , 106959 , 106960 , 106963 , 106964 , 106965 , 106966 , 106971 , 106972 , 106973 , 106974 , 106975 , 106976 , 106977 , 106978 , 106979 , 106980 , 107006 , 107007 , 107008 , 107009 , 107021 , 107022 , 107023 , 107024 , 107025 , 107026 , 107027 , 107028 , 107029 , 107067 , 107068 , 107070 , 107072 , 107074 , 107075 , 107076 , 107077 , 107078 , 107126 , 107127 , 107128 , 107129 , 148927 , 107134 , 107135 , 107136 , 107137 , 107138 , 107142 , 107143 , 107144 , 107145 , 107148 , 107149 , 107150 , 107151 , 107152 , 107153 , 107154 , 107155 , 107156 , 107157 , 107158 , 107159 , 107162 , 107165 , 107166 , 107167 , 107262 , 107263 , 107282 , 107283 , 107286 , 107287 , 107302 , 107303 , 107312 , 107356 , 107366 , 107367 , 107368 , 107385 , 107394 , 107395 , 107396 , 107397 , 107398 , 107401 , 107402 , 107405 , 107407 , 107413 , 107414 , 107416 , 107417 , 107418 , 107419 , 107420 , 107423 , 107432 , 107433 , 107435 , 107436 , 107438 , 107439 , 107445 , 107446 , 107447 , 107448 , 107457 , 107458 , 107459 , 107460 , 107461 , 107462 , 107464 , 107465 , 107466 , 107467 , 107471 , 107472 , 107473 , 107477 , 107479 , 107480 , 107481 , 107482 , 107483 , 107489 , 107518 , 107524 , 107525 , 107526 , 107527 , 107528 , 107529 , 107530 , 107534 , 151975 , 107601 , 107609 , 107610 , 107611 , 107612 , 107615 , 107618 , 107622 , 107623 , 107624 , 107627 , 107628 , 107629 , 107630 , 107651 , 107652 , 107675 , 107741 , 107742 , 107743 , 107744 , 107745 , 107746 , 107747 , 107748 , 107749 , 107751 , 107752 , 107753 , 107754 , 107755 , 107756 , 107757 , 107758 , 107759 , 107762 , 107763 , 107764 , 107765 , 107776 , 107777 , 107778 , 107779 , 107782 , 107783 , 107785 , 107809 , 107810 , 107811 , 107815 , 107816 , 107817 , 107818 , 107819 , 107836 , 107837 , 107841 , 107842 , 107843 , 107844 , 107845 , 107846 , 107847 , 107848 , 107876 , 107877 , 107878 , 107879 , 107880 , 107881 , 107882 , 107883 , 107884 , 107885 , 107890 , 107891 , 107892 , 107893 , 107939 , 107951 , 107952 , 107953 , 107956 , 107957 , 107958 , 107959 , 107981 , 107982 , 107983 , 107984 , 107985 , 107986 , 107987 , 107988 , 107989 , 107990 , 107992 , 107993 , 107994 , 107998 , 107999 , 108021 , 108022 , 108023 , 108024 , 108025 , 108026 , 108027 , 108028 , 108029 , 108042 , 108043 , 108045 , 108046 , 108047 , 108055 , 108063 , 108073 , 108078 , 108079 , 108080 , 108127 , 108128 , 108130 , 108179 , 108213 , 108214 , 108215 , 108216 , 108217 , 108296 , 108297 , 108298 , 108299 , 108300 , 108301 , 108302 , 108303 , 108304 , 108305 , 108307 , 108308 , 108309 , 108310 , 108312 , 108313 , 108314 , 108315 , 147636 , 149129 , 108358 , 108359 , 108360 , 108364 , 108365 , 108366 , 108367 , 108368 , 108369 , 108370 , 108371 , 108372 , 108373 , 108374 , 108375 , 108434 , 108449 , 108450 , 108451 , 108452 , 108453 , 108456 , 108457 , 108458 , 108460 , 108465 , 108466 , 108467 , 108468 , 108469 , 108471 , 108477 , 108478 , 108479 , 108480 , 108481 , 108482 , 108484 , 108485 , 108515 , 108516 , 108517 , 108518 , 108552 , 108574 , 108579 , 108580 , 108582 , 108583 , 108584 , 108585 , 108586 , 108587 , 108588 , 108589 , 108590 , 108592 , 108600 , 108601 , 108607 , 108608 , 108609 , 108611 , 108612 , 108613 , 108614 , 108615 , 108616 , 108617 , 108618 , 108619 , 108620 , 108621 , 108622 , 108623 , 108624 , 108625 , 108630 , 108637 , 108638 , 143282 , 108676 , 108677 , 108678 , 108679 , 108680 , 108681 , 108683 , 108689 , 108693 , 108698 , 108699 , 108700 , 108701 , 108704 , 108705 , 108706 , 108707 , 108708 , 108709 , 108710 , 108711 , 108712 , 108713 , 108714 , 108715 , 108716 , 108717 , 108752 , 108754 , 108796 , 108797 , 108811 , 108814 , 108815 , 108818 , 108819 , 108820 , 108821 , 108822 , 108823 , 108824 , 108865 , 145626 , 108904 , 108914 , 108915 , 108916 , 108925 , 108926 , 108927 , 108928 , 108929 , 108930 , 108931 , 108935 , 108936 , 108937 , 108938 , 108939 , 108940 , 108941 , 108942 , 108945 , 108946 , 108947 , 108948 , 108951 , 108952 , 108954 , 108989 , 109033 , 109034 , 109042 , 109046 , 109047 , 109048 , 109049 , 109050 , 109051 , 109056 , 109138 , 109190 , 109191 , 109192 , 109193 , 109206 , 109282 , 109283 , 109284 , 109285 , 109286 , 109287 , 109288 , 109289 , 109290 , 109291 , 109292 , 109297 , 109298 , 109299 , 109303 , 109304 , 109305 , 109345 , 109346 , 109347 , 109362 , 109364 , 109366 , 109367 , 109368 , 109369 , 109370 , 109374 , 109375 , 149305 , 109479 , 109480 , 109481 , 109486 , 109487 , 109488 , 109489 , 109490 , 109491 , 109492 , 109527 , 109542 , 109562 , 109622 , 109623 , 109644 , 109645 , 109646 , 109647 , 109648 , 109649 , 109650 , 109653 , 109654 , 109655 , 109656 , 109659 , 109660 , 109661 , 109662 , 109663 , 109664 , 109772 , 109796 , 109797 , 109841 , 109842 , 109844 , 109851 , 109866 , 109867 , 109868 , 109869 , 109873 , 109884 , 109906 , 109908 , 109909 , 109910 , 109991 , 109992 , 110041 , 110042 , 110047 , 110055 , 110056 , 110057 , 110058 , 110059 , 110063 , 110073 , 110074 , 110075 , 110076 , 110077 , 149420 , 149421 , 110144 , 110145 , 110146 , 110223 , 110225 , 110226 , 110227 , 110228 , 110230 , 110231 , 110232 , 110233 , 110235 , 110236 , 110237 , 110242 , 110243 , 110244 , 110245 , 110246 , 110247 , 110248 , 110249 , 110250 , 110251 , 110253 , 110254 , 110255 , 110256 , 110257 , 110258 , 110259 , 110260 , 110263 , 110264 , 110265 , 110266 , 110268 , 110269 , 110273 , 110295 , 110296 , 110297 , 110298 , 110299 , 110337 , 110338 , 110339 , 110344 , 110354 , 110362 , 110363 , 110364 , 110365 , 110366 , 110372 , 110373 , 110378 , 110379 , 110385 , 110386 , 110387 , 110388 , 110389 , 110390 , 110420 , 110421 , 110432 , 110433 , 110437 , 110440 , 110441 , 110442 , 110443 , 110444 , 110445 , 110501 , 110502 , 110503 , 110506 , 110507 , 110508 , 110509 , 110510 , 110512 , 110513 , 110533 , 110534 , 110535 , 110536 , 110537 , 110538 , 110542 , 110545 , 110550 , 110551 , 110552 , 110720 , 110721 , 110722 , 110723 , 110724 , 110734 , 152081 , 110784 , 110787 , 110788 , 110789 , 110790 , 110791 , 110793 , 110794 , 110795 , 110796 , 110797 , 110798 , 110799 , 110801 , 110802 , 110805 , 110806 , 110807 , 110808 , 110809 , 110810 , 110811 , 110812 , 110813 , 110814 , 110815 , 110817 , 110818 , 110819 , 110833 , 110834 , 110835 , 110836 , 110837 , 110838 , 110839 , 110840 , 110841 , 110842 , 110850 , 110852 , 110853 , 110854 , 110855 , 110856 , 149566 , 110979 , 111011 , 111012 , 111033 , 111035 , 111036 , 111039 , 111040 , 111056 , 111057 , 111058 , 149583 , 111114 , 111169 , 111170 , 111171 , 111172 , 111173 , 111174 , 111175 , 111177 , 111178 , 111180 , 111183 , 111203 , 111204 , 111215 , 111216 , 111217 , 111218 , 111220 , 111221 , 111222 , 111223 , 111248 , 111249 , 111252 , 111253 , 111257 , 111258 , 111259 , 111260 , 111261 , 111265 , 111266 , 111267 , 111268 , 111269 , 111270 , 111272 , 111274 , 111275 , 111276 , 111279 , 111280 , 111281 , 111282 , 111283 , 111284 , 111289 , 111302 , 111303 , 111304 , 111387 , 111388 , 111391 , 111392 , 111395 , 111396 , 111397 , 111398 , 111399 , 111400 , 111401 , 111402 , 111403 , 111410 , 111425 , 111426 , 111427 , 111428 , 111429 , 111430 , 111434 , 111435 , 111449 , 111530 , 111531 , 111532 , 111533 , 111534 , 111588 , 111589 , 111590 , 111591 , 111592 , 111593 , 111594 , 111595 , 111596 , 111597 , 111598 , 111599 , 111612 , 111613 , 111614 , 111615 , 111616 , 111617 , 111618 , 111619 , 111620 , 111621 , 111702 , 111703 , 111704 , 111709 , 111710 , 111711 , 111712 , 111713 , 111715 , 111716 , 111717 , 111718 , 111719 , 111720 , 111721 , 111722 , 111723 , 111724 , 111725 , 111726 , 111728 , 111729 , 111730 , 111731 , 111732 , 111733 , 111734 , 111735 , 111736 , 111737 , 111738 , 111739 , 111740 , 111741 , 111744 , 111745 , 111746 , 111747 , 111748 , 149708 , 149709 , 149711 , 149712 , 149713 , 111848 , 111851 , 111874 , 111875 , 111876 , 111877 , 111900 , 111901 , 111902 , 111910 , 111921 , 111922 , 111923 , 111924 , 111925 , 111926 , 111927 , 111928 , 111929 , 111930 , 111931 , 111932 , 111933 , 111934 , 111935 , 111961 , 111962 , 112022 , 112023 , 112024 , 112025 , 112026 , 112032 , 112081 , 112098 , 112100 , 112101 , 112102 , 112103 , 112104 , 112105 , 112106 , 112107 , 112108 , 112109 , 112110 , 112111 , 112112 , 112113 , 112114 , 112115 , 112116 , 112117 , 112119 , 112120 , 112121 , 112123 , 112124 , 112125 , 112127 , 112128 , 149760 , 112131 , 112141 , 112142 , 112143 , 112144 , 112145 , 112148 , 112149 , 112150 , 112151 , 112152 , 112153 , 112154 , 112155 , 112156 , 112160 , 112216 , 112217 , 112218 , 112220 , 112221 , 112222 , 112223 , 112224 , 112225 , 112265 , 112266 , 112267 , 112268 , 112269 , 112273 , 112275 , 112276 , 112277 , 112278 , 112279 , 112280 , 112281 , 112282 , 112283 , 112284 , 112287 , 112288 , 112294 , 112390 , 112391 , 112392 , 112393 , 112394 , 112395 , 112396 , 112397 , 112409 , 112410 , 112443 , 112444 , 112453 , 112454 , 112458 , 112512 , 112530 , 112531 , 112532 , 112533 , 112534 , 112535 , 112536 , 112537 , 112538 , 112539 , 112540 , 112541 , 112548 , 112549 , 112551 , 112552 , 112553 , 112554 , 112630 , 112647 , 112656 , 112657 , 112658 , 112659 , 112660 , 112719 , 112720 , 112721 , 112722 , 112723 , 112724 , 112725 , 112727 , 112728 , 112729 , 112730 , 112763 , 112766 , 112790 , 112809 , 112810 , 112815 , 112841 , 112848 , 112849 , 112852 , 112853 , 112895 , 112896 , 113001 , 113002 , 113003 , 113004 , 113005 , 113006 , 113008 , 113009 , 113010 , 113011 , 113060 , 113061 , 113062 , 113063 , 113064 , 113065 , 113075 , 113076 , 113077 , 113078 , 113079 , 113080 , 113081 , 113082 , 113083 , 113084 , 113101 , 113154 , 113155 , 113170 , 113171 , 113172 , 113173 , 113174 , 113175 , 113177 , 113178 , 113179 , 113182 , 113183 , 113184 , 113185 , 113186 , 113187 , 113190 , 113191 , 113192 , 113193 , 113195 , 113211 , 113212 , 113230 , 113255 , 113257 , 113258 , 113259 , 113278 , 113279 , 113280 , 113281 , 113282 , 113283 , 113284 , 113285 , 113286 , 113287 , 113288 , 113291 , 113292 , 113304 , 113305 , 113313 , 113380 , 149969 , 143440 , 113393 , 113394 , 113396 , 113402 , 113403 , 113404 , 113425 , 113426 , 113429 , 113430 , 113431 , 113432 , 113435 , 113438 , 113439 , 113440 , 113441 , 113442 , 113443 , 113444 , 113445 , 113447 , 113449 , 113450 , 113451 , 113452 , 113453 , 113466 , 113467 , 113484 , 113485 , 113486 , 113488 , 113489 , 113490 , 113491 , 113493 , 113494 , 113495 , 113523 , 113526 , 113528 , 113533 , 113534 , 113568 , 113575 , 113576 , 113577 , 113578 , 113579 , 113584 , 113587 , 113588 , 113589 , 113590 , 113591 , 113592 , 113593 , 113596 , 113597 , 113603 , 113604 , 113605 , 113606 , 113607 , 113609 , 113616 , 113677 , 113678 , 113688 , 113689 , 113755 , 113757 , 113758 , 113759 , 113760 , 113761 , 113789 , 113790 , 113791 , 113792 , 113793 , 113794 , 113795 , 113796 , 113797 , 113798 , 113799 , 113888 , 113889 , 113890 , 113893 , 113894 , 113904 , 113905 , 113916 , 113917 , 113918 , 113919 , 113920 , 113921 , 113923 , 113924 , 113925 , 113929 , 113930 , 113931 , 113932 , 113933 , 113935 , 113936 , 113937 , 113938 , 113939 , 113940 , 113941 , 113945 , 113957 , 113958 , 113959 , 113969 , 113970 , 114010 , 114011 , 114047 , 114048 , 114067 , 114068 , 114069 , 114072 , 114073 , 114079 , 114080 , 114081 , 114083 , 114084 , 114138 , 114139 , 114142 , 114179 , 114180 , 114181 , 114182 , 114184 , 114185 , 114195 , 114196 , 114197 , 114198 , 114199 , 114200 , 114206 , 114232 , 114233 , 114237 , 114243 , 114244 , 114245 , 114249 , 114250 , 114251 , 114252 , 114253 , 114255 , 114266 , 114267 , 114268 , 114269 , 114270 , 114279 , 114332 , 114333 , 114334 , 114335 , 150128 , 114340 , 114341 , 114342 , 114343 , 114344 , 114345 , 114346 , 114347 , 114348 , 114354 , 114357 , 114358 , 114359 , 114361 , 114363 , 114364 , 114369 , 114370 , 114376 , 114377 , 114414 , 114415 , 114416 , 114417 , 114418 , 114419 , 114426 , 114427 , 114428 , 114429 , 114430 , 114437 , 114438 , 114457 , 114458 , 114459 , 114460 , 114461 , 114471 , 114492 , 114493 , 114503 , 114504 , 114505 , 114506 , 114507 , 114508 , 114510 , 114515 , 114516 , 114517 , 114518 , 114519 , 114520 , 114521 , 114522 , 114523 , 114524 , 114525 , 114531 , 114564 , 114565 , 114566 , 114567 , 114592 , 114593 , 114594 , 114595 , 114596 , 114601 , 114602 , 114603 , 114604 , 114606 , 114607 , 114614 , 114615 , 114659 , 114671 , 114672 , 114673 , 114674 , 114675 , 114676 , 114677 , 114678 , 114703 , 114704 , 114705 , 114706 , 114727 , 114768 , 114769 , 114770 , 114771 , 114830 , 114832 , 114834 , 114835 , 114898 , 114899 , 114947 , 114948 , 114949 , 114950 , 114951 , 114952 , 114953 , 114954 , 114958 , 114961 , 114965 , 114966 , 114967 , 114968 , 114969 , 114970 , 114971 , 114972 , 114973 , 114974 , 114975 , 114976 , 114996 , 115003 , 115004 , 115007 , 115008 , 115009 , 115010 , 115011 , 115014 , 115049 , 115050 , 115051 , 115053 , 115080 , 115081 , 115083 , 115084 , 115085 , 115086 , 115087 , 150255 , 115112 , 115113 , 115114 , 115115 , 115116 , 115117 , 115118 , 115119 , 115120 , 115121 , 115122 , 115126 , 115127 , 115128 , 115218 , 115219 , 115255 , 115258 , 115299 , 115314 , 115315 , 115316 , 115317 , 115318 , 115323 , 115324 , 115339 , 115340 , 115341 , 115342 , 115375 , 115376 , 115377 , 115378 , 115379 , 115380 , 115381 , 115383 , 115384 , 115385 , 115386 , 115387 , 115388 , 115389 , 115390 , 115391 , 115392 , 115395 , 115396 , 115397 , 115398 , 115400 , 115401 , 115402 , 115403 , 115405 , 115406 , 115407 , 115408 , 115410 , 115411 , 115412 , 115413 , 115414 , 115415 , 115416 , 115472 , 115494 , 115495 , 115504 , 115505 , 115506 , 115515 , 115516 , 115517 , 115518 , 115519 , 115520 , 115565 , 115566 , 115576 , 115577 , 115578 , 115602 , 115603 , 115605 , 115606 , 115607 , 115608 , 115609 , 115610 , 115611 , 115615 , 115617 , 115618 , 115619 , 115620 , 115621 , 115622 , 115623 , 115626 , 115627 , 115630 , 115631 , 115632 , 115633 , 115634 , 115635 , 115641 , 115642 , 115643 , 115644 , 115645 , 115646 , 115647 , 115648 , 115649 , 115650 , 115651 , 115652 , 115654 , 115659 , 115661 , 115662 , 115663 , 115665 , 115666 , 115667 , 115668 , 115669 , 115670 , 115671 , 115673 , 115679 , 115681 , 115686 , 115687 , 115688 , 115689 , 115690 , 115691 , 115694 , 115697 , 115699 , 115700 , 115701 , 115702 , 115703 , 115704 , 115705 , 115706 , 115707 , 115708 , 115709 , 115710 , 115711 , 115714 , 115715 , 115717 , 115718 , 115719 , 115720 , 115721 , 115722 , 115740 , 115741 , 115753 , 115754 , 115755 , 115756 , 115765 , 115766 , 115767 , 115768 , 115769 , 115770 , 115771 , 115801 , 115802 , 115814 , 115815 , 115816 , 115817 , 115819 , 115820 , 115821 , 115831 , 115832 , 115833 , 115866 , 115867 , 115868 , 115869 , 115870 , 115872 , 115873 , 115874 , 115875 , 115876 , 115877 , 115908 , 115909 , 115910 , 115911 , 115912 , 115913 , 115914 , 115915 , 115919 , 115920 , 115921 , 115922 , 115923 , 115966 , 115967 , 115968 , 115969 , 115970 , 115971 , 115972 , 115982 , 115983 , 115984 , 116001 , 116002 , 116004 , 116005 , 116035 , 116036 , 116037 , 116039 , 116040 , 116153 , 116163 , 116179 , 116180 , 116181 , 116182 , 116183 , 116184 , 116185 , 116186 , 116192 , 116193 , 116194 , 116195 , 116196 , 116197 , 116198 , 116199 , 116200 , 116201 , 116202 , 116203 , 116204 , 116205 , 116206 , 116208 , 116209 , 116210 , 116211 , 116216 , 116217 , 116218 , 116219 , 116220 , 116221 , 116222 , 116223 , 116224 , 116225 , 116226 , 116227 , 116228 , 116229 , 116230 , 116231 , 116233 , 116234 , 116242 , 116243 , 116244 , 116246 , 116247 , 116248 , 116250 , 116251 , 116254 , 116255 , 116256 , 116318 , 116323 , 116324 , 116325 , 116330 , 116346 , 116347 , 116349 , 116350 , 116351 , 116352 , 116353 , 116354 , 116355 , 116356 , 116369 , 116383 , 116428 , 116487 , 116488 , 150496 , 150498 , 116568 , 116569 , 116570 , 116571 , 116574 , 116575 , 116597 , 116598 , 116602 , 116604 , 116605 , 116606 , 116607 , 116608 , 116609 , 116610 , 116611 , 116614 , 116615 , 116616 , 116617 , 116618 , 116619 , 116620 , 116621 , 116623 , 116685 , 116686 , 116687 , 116689 , 142872 , 116735 , 116736 , 116740 , 116744 , 116745 , 116770 , 116771 , 116772 , 116773 , 116774 , 116775 , 116778 , 116779 , 116780 , 116785 , 116797 , 116798 , 116799 , 116800 , 116804 , 116805 , 116806 , 116807 , 116808 , 116809 , 116810 , 116811 , 116812 , 116813 , 116814 , 116837 , 116838 , 116843 , 116844 , 116845 , 116846 , 116847 , 116848 , 116854 , 116861 , 116862 , 116863 , 116939 , 116940 , 116992 , 116993 , 117004 , 117005 , 117006 , 117007 , 117034 , 117035 , 117036 , 117037 , 117041 , 117042 , 117044 , 117045 , 117046 , 117047 , 117076 , 117081 , 117082 , 117083 , 117084 , 117085 , 117088 , 117089 , 117090 , 117091 , 117092 , 117139 , 117140 , 117142 , 117143 , 117145 , 117146 , 117152 , 117154 , 117159 , 117166 , 117192 , 117193 , 117194 , 117195 , 117196 , 117197 , 117198 , 117212 , 117221 , 117222 , 117223 , 117258 , 117259 , 117260 , 117261 , 117262 , 117263 , 117264 , 117266 , 117267 , 117271 , 117272 , 117273 , 117274 , 117280 , 117281 , 117286 , 117290 , 117291 , 117292 , 117302 , 117303 , 117304 , 117305 , 117306 , 117307 , 117308 , 117309 , 117311 , 117312 , 117364 , 117365 , 117366 , 117367 , 117370 , 117371 , 117372 , 117373 , 117390 , 117393 , 117394 , 117395 , 117397 , 117398 , 117399 , 117400 , 117402 , 117403 , 117404 , 117405 , 117406 , 117433 , 117434 , 117446 , 117455 , 117456 , 117457 , 117458 , 117459 , 117460 , 117461 , 117462 , 117491 , 117492 , 117507 , 117509 , 117510 , 117511 , 117512 , 117513 , 117514 , 117515 , 117516 , 117517 , 117518 , 117519 , 117520 , 117553 , 117554 , 117582 , 117583 , 117598 , 117599 , 117600 , 117613 , 117614 , 117615 , 117709 , 117710 , 117711 , 117712 , 117713 , 117714 , 117715 , 117716 , 117727 , 117732 , 117733 , 117734 , 117735 , 117736 , 117737 , 117738 , 117742 , 117743 , 117744 , 117745 , 117751 , 117752 , 117753 , 117756 , 117757 , 117758 , 117759 , 117760 , 117761 , 117762 , 117763 , 117764 , 117765 , 117766 , 117767 , 117768 , 117770 , 117771 , 117772 , 117773 , 117774 , 117775 , 117776 , 117779 , 117780 , 117781 , 117782 , 117785 , 117786 , 117787 , 117788 , 117789 , 117799 , 117800 , 117803 , 117855 , 117856 , 117857 , 117859 , 117860 , 117861 , 117862 , 117863 , 117864 , 117865 , 117866 , 117869 , 117870 , 117871 , 117872 , 117873 , 117883 , 117884 , 117893 , 117931 , 117938 , 117939 , 117940 , 117941 , 117942 , 117943 , 117944 , 117945 , 117949 , 117950 , 117989 , 117990 , 117991 , 117993 , 117994 , 117995 , 118003 , 118004 , 118005 , 118006 , 118029 , 118030 , 118031 , 118032 , 118035 , 118036 , 118062 , 118063 , 118064 , 118065 , 118066 , 118067 , 118068 , 118069 , 118070 , 118071 , 118072 , 118073 , 118076 , 118077 , 118078 , 118079 , 118080 , 118084 , 118089 , 118090 , 118093 , 118094 , 118095 , 118096 , 118102 , 118103 , 118104 , 118105 , 118108 , 118109 , 118112 , 150760 , 150761 , 150762 , 118185 , 118189 , 118193 , 118194 , 118195 , 118200 , 118201 , 118202 , 118203 , 118204 , 118205 , 118206 , 118207 , 118208 , 118209 , 118210 , 118221 , 118226 , 118227 , 118228 , 118229 , 118230 , 118231 , 118240 , 118241 , 118246 , 118251 , 118252 , 118253 , 118254 , 118255 , 118256 , 118257 , 118258 , 118259 , 118260 , 118261 , 118262 , 118263 , 118292 , 118293 , 118294 , 118318 , 118319 , 118320 , 118322 , 118359 , 118396 , 118397 , 118398 , 118401 , 118402 , 118403 , 118404 , 118405 , 118406 , 118410 , 118411 , 118412 , 118413 , 118414 , 118415 , 118416 , 118417 , 118424 , 118425 , 118427 , 118428 , 118435 , 118449 , 118450 , 118451 , 118452 , 118453 , 118455 , 118465 , 118475 , 118476 , 118477 , 118478 , 118479 , 118480 , 118481 , 118482 , 118491 , 118492 , 118493 , 118494 , 118495 , 118496 , 118508 , 118509 , 118510 , 118520 , 118521 , 118522 , 118523 , 118524 , 118525 , 118526 , 118527 , 118528 , 118529 , 118531 , 118532 , 118538 , 118543 , 118546 , 118547 , 118548 , 118549 , 118550 , 118551 , 118554 , 118555 , 118557 , 118558 , 118560 , 118561 , 118628 , 118629 , 118630 , 118632 , 118633 , 118634 , 150845 , 118662 , 118663 , 118665 , 150850 , 118680 , 118681 , 118682 , 118683 , 118684 , 118685 , 118686 , 118708 , 118711 , 118712 , 118713 , 118714 , 118715 , 118716 , 118717 , 118718 , 118719 , 118720 , 118721 , 118722 , 150859 , 150860 , 150861 , 118745 , 118746 , 118747 , 118748 , 118756 , 118757 , 118758 , 118759 , 150866 , 118768 , 118769 , 118770 , 118771 , 118772 , 118773 , 118774 , 118775 , 150868 , 118778 , 118779 , 118780 , 118781 , 118782 , 118783 , 118784 , 118786 , 118787 , 118788 , 118789 , 118790 , 118794 , 118855 , 118856 , 118859 , 118864 , 118865 , 118866 , 118867 , 118869 , 118870 , 118871 , 118872 , 118873 , 118874 , 118875 , 118876 , 118877 , 118878 , 118879 , 118880 , 118881 , 118882 , 118883 , 118884 , 118885 , 118888 , 118889 , 118890 , 118894 , 118895 , 118897 , 118898 , 118899 , 118903 , 150892 , 150893 , 118940 , 118941 , 118942 , 118943 , 118944 , 118945 , 118946 , 118947 , 150897 , 150898 , 119038 , 119039 , 119040 , 119041 , 119042 , 119043 , 119044 , 119045 , 119047 , 119048 , 119049 , 119055 , 119085 , 119086 , 119091 , 119092 , 150921 , 119096 , 119097 , 119120 , 119121 , 119137 , 119227 , 119228 , 119229 , 119230 , 119233 , 119274 , 119275 , 119276 , 119277 , 119279 , 119280 , 119281 , 119282 , 119283 , 150954 , 150955 , 119304 , 119305 , 119306 , 119307 , 119308 , 119309 , 119310 , 119311 , 119312 , 119320 , 119321 , 119348 , 119349 , 119350 , 119351 , 119352 , 119353 , 119354 , 119355 , 119375 , 119386 , 119388 , 119389 , 119390 , 119391 , 119393 , 119394 , 119395 , 119407 , 119418 , 119419 , 119423 , 119424 , 119425 , 119431 , 119432 , 119435 , 119439 , 119440 , 119454 , 119462 , 119463 , 119465 , 119467 , 119472 , 119473 , 119474 , 119475 , 119476 , 119477 , 119478 , 119479 , 119481 , 119482 , 119484 , 119486 , 119487 , 119488 , 119490 , 119491 , 119492 , 119493 , 119495 , 119500 , 119502 , 119503 , 119504 , 119506 , 119507 , 119508 , 119509 , 119511 , 119512 , 119515 , 119517 , 119522 , 119530 , 119536 , 119537 , 119539 , 119540 , 119553 , 119554 , 119555 , 119556 , 119557 , 119558 , 119559 , 119560 , 119561 , 119571 , 119572 , 119578 , 119582 , 119583 , 119584 , 151010 , 151012 , 119695 , 119773 , 119774 , 119800 , 119803 , 119804 , 119805 , 119806 , 119891 , 119893 , 119894 , 119895 , 119896 , 119897 , 119898 , 119899 , 119900 , 119901 , 119934 , 119938 , 119939 , 119940 , 119941 , 119953 , 119958 , 119972 , 119973 , 119993 , 120026 , 120071 , 120072 , 120073 , 120074 , 120075 , 120076 , 120077 , 120078 , 120079 , 120080 , 120081 , 120082 , 120083 , 120084 , 120085 , 120086 , 120087 , 120088 , 120089 , 120090 , 120091 , 120093 , 120094 , 120095 , 120096 , 120097 , 120098 , 120099 , 120100 , 120101 , 120102 , 120103 , 120104 , 120105 , 120106 , 120108 , 120115 , 120117 , 120125 , 120126 , 120127 , 120130 , 120131 , 120132 , 120133 , 120134 , 120135 , 120136 , 120140 , 120141 , 120142 , 120191 , 120192 , 120193 , 120194 , 120195 , 120196 , 120197 , 120198 , 120199 , 120200 , 120201 , 120202 , 120203 , 120204 , 120205 , 120206 , 120207 , 120208 , 120209 , 120215 , 120216 , 120310 , 120311 , 120314 , 120315 , 120316 , 120317 , 120325 , 120326 , 120327 , 120328 , 120331 , 120332 , 120333 , 120336 , 120337 , 120338 , 120339 , 120341 , 120342 , 120343 , 120344 , 120345 , 120346 , 120361 , 120362 , 120378 , 120379 , 120380 , 134944 , 120388 , 120417 , 120418 , 120419 , 120420 , 120421 , 120422 , 120423 , 120424 , 120425 , 120426 , 120427 , 120430 , 120431 , 120432 , 120433 , 120434 , 120436 , 120437 , 120438 , 120439 , 120440 , 120441 , 120443 , 120444 , 120445 , 120446 , 120447 , 120448 , 120453 , 120454 , 120455 , 120456 , 120457 , 120458 , 120459 , 120460 , 120461 , 120463 , 120464 , 120465 , 120466 , 120467 , 120468 , 120469 , 120470 , 120471 , 120472 , 120473 , 120474 , 120487 , 120489 , 120598 , 120599 , 120600 , 120602 , 120605 , 120606 , 120607 , 120717 , 120718 , 120719 , 120720 , 120721 , 120722 , 120723 , 120724 , 120725 , 120726 , 120727 , 120728 , 120729 , 120738 , 120739 , 120769 , 120770 , 120793 , 120886 , 120887 , 120888 , 120889 , 120899 , 120900 , 120901 , 120911 , 120912 , 120922 , 120923 , 120963 , 120964 , 120965 , 120966 , 120967 , 120968 , 120969 , 120970 , 120973 , 120975 , 120976 , 120977 , 120978 , 120979 , 120980 , 120981 , 120982 , 120983 , 120984 , 121002 , 121003 , 121004 , 121005 , 121008 , 121009 , 121010 , 151245 , 121040 , 121041 , 121042 , 151246 , 121047 , 121048 , 121049 , 121050 , 151248 , 121062 , 121063 , 121064 , 121066 , 121067 , 121068 , 121069 , 121071 , 121072 , 121073 , 121074 , 121075 , 121076 , 121077 , 121078 , 121079 , 121080 , 121084 , 121085 , 121196 , 121214 , 121220 , 121221 , 121222 , 121226 , 121230 , 121233 , 121234 , 121236 , 121237 , 121238 , 121239 , 121253 , 151282 , 121281 , 121283 , 121287 , 121354 , 121355 , 121356 , 121357 , 121358 , 121359 , 121360 , 121363 , 121364 , 121365 , 121366 , 121368 , 121369 , 121370 , 121371 , 121372 , 121373 , 121374 , 121375 , 121376 , 121379 , 121380 , 121381 , 121382 , 121389 , 121391 , 121392 , 121393 , 121394 , 121396 , 121399 , 121400 , 121402 , 121403 , 121407 , 121415 , 121442 , 121443 , 121461 , 121468 , 121469 , 121470 , 121471 , 121472 , 121496 , 121497 , 121498 , 121499 , 121500 , 121501 , 121502 , 121503 , 121505 , 121506 , 121507 , 121508 , 121509 , 121510 , 121511 , 121512 , 121513 , 121514 , 121515 , 121516 , 121518 , 121519 , 121521 , 121590 , 121591 , 121592 , 121593 , 121594 , 121595 , 121605 , 121606 , 121637 , 121734 , 121735 , 121736 , 121738 , 121739 , 121741 , 121742 , 121743 , 121744 , 121745 , 121746 , 121752 , 121753 , 121756 , 121757 , 121758 , 121759 , 121760 , 121761 , 121762 , 121763 , 121764 , 121765 , 121770 , 121771 , 121772 , 121773 , 121774 , 121775 , 121776 , 121778 , 121779 , 151382 , 151383 , 151384 , 151386 , 121994 , 121995 , 122000 , 122001 , 122002 , 122011 , 122013 , 122031 , 122032 , 122033 , 122057 , 122067 , 122074 , 122075 , 122083 , 122084 , 122089 , 122090 , 122092 , 122097 , 122098 , 122101 , 122104 , 122105 , 122106 , 122110 , 122141 , 122146 , 122147 , 122148 , 122149 , 122150 , 122151 , 122152 , 122153 , 122154 , 122155 , 122156 , 122157 , 122169 , 122170 , 122171 , 122179 , 122181 , 122182 , 122188 , 122189 , 122190 , 122191 , 122192 , 122193 , 122195 , 122196 , 122197 , 122218 , 136986 , 122303 , 122318 , 122319 , 122320 , 122321 , 122326 , 122327 , 122330 , 122331 , 122332 , 122333 , 122334 , 122342 , 122343 , 122344 , 122345 , 122346 , 122348 , 122352 , 122367 , 122368 , 122369 , 122370 , 122371 , 122372 , 122373 , 122374 , 122390 , 122391 , 122392 , 122393 , 122395 , 122396 , 122397 , 122402 , 122404 , 122408 , 122409 , 122410 , 122411 , 122412 , 122413 , 122414 , 138733 , 122416 , 122417 , 122445 , 122471 , 122473 , 122474 , 122475 , 122482 , 122518 , 122541 , 122542 , 122543 , 122544 , 122545 , 122546 , 122547 , 122555 , 122557 , 122558 , 122559 , 122560 , 122561 , 122562 , 122564 , 122565 , 122566 , 122585 , 122586 , 122587 , 122588 , 122590 , 122606 , 122607 , 122609 , 122610 , 122611 , 122612 , 122613 , 122614 , 122615 , 122616 , 122617 , 122618 , 122622 , 122627 , 122629 , 122630 , 122642 , 122648 , 122649 , 122747 , 122791 , 122797 , 122798 , 122799 , 122800 , 122801 , 122802 , 151540 , 122814 , 122815 , 151542 , 122835 , 122836 , 122870 , 122871 , 122872 , 122873 , 122875 , 122876 , 122895 , 122896 , 122897 , 122898 , 122900 , 122901 , 122902 , 122903 , 122905 , 122906 , 122907 , 122908 , 122943 , 123056 , 123057 , 123120 , 123121 , 123122 , 123123 , 123124 , 123125 , 123126 , 123127 , 123134 , 123135 , 123136 , 123137 , 123138 , 123139 , 123160 , 123161 , 123166 , 123167 , 123169 , 123170 , 123171 , 123172 , 123173 , 123174 , 123217 , 123218 , 123219 , 123229 , 123230 , 123233 , 123247 , 123248 , 123249 , 123250 , 123251 , 123252 , 123253 , 123259 , 123260 , 123261 , 123262 , 123267 , 123273 , 123274 , 123287 , 123288 , 123289 , 123290 , 123291 , 123292 , 123293 , 123294 , 123295 , 123300 , 123301 , 123302 , 123303 , 123304 , 123305 , 123306 , 123334 , 123335 , 123336 , 123337 , 123338 , 123388 , 123389 , 123390 , 123391 , 123392 , 123393 , 123394 , 123397 , 123398 , 123399 , 123401 , 123402 , 123403 , 151643 , 151644 , 123448 , 123510 , 123511 , 123512 , 123527 , 123557 , 123558 , 123559 , 123560 , 123561 , 123563 , 123564 , 123567 , 123568 , 123574 , 123587 , 123608 , 123609 , 123610 , 123611 , 123614 , 140487 , 123698 , 123699 , 123700 , 123701 , 123702 , 123703 , 123704 , 123706 , 123707 , 123710 , 123711 , 123716 , 123719 , 123720 , 123721 , 123722 , 123723 , 123724 , 123725 , 123726 , 151704 , 123795 , 151716 , 123945 , 123946 , 123947 , 123948 , 123949 , 123950 , 123951 , 123952 , 123953 , 123954 , 123957 , 123958 , 123959 , 123960 , 123961 , 123962 , 123963 , 123964 , 123965 , 123966 , 123967 , 123968 , 123969 , 123970 , 123971 , 123972 , 123973 , 123974 , 123975 , 123976 , 123977 , 124008 , 124015 , 124016 , 124018 , 124019 , 124020 , 124031 , 124032 , 124033 , 124034 , 124035 , 124036 , 124037 , 124039 , 124063 , 150129 , 124134 , 124135 , 124136 , 124137 , 124138 , 124139 , 124140 , 124141 , 124142 , 124143 , 124144 , 124146 , 124147 , 124148 , 124149 , 124152 , 124153 , 124154 , 124155 , 124156 , 124165 , 124166 , 124167 , 124185 , 124186 , 124195 , 124198 , 124199 , 124200 , 124201 , 124204 , 124205 , 124206 , 124207 , 124208 , 124212 , 124245 , 124246 , 124247 , 124268 , 124269 , 124270 , 124271 , 124272 , 124302 , 124303 , 124304 , 124305 , 124306 , 124307 , 124308 , 124309 , 124331 , 124338 , 124339 , 124373 , 124376 , 124377 , 124380 , 124384 , 124385 , 124386 , 124387 , 124389 , 124407 , 124408 , 124409 , 124411 , 124412 , 124416 , 124425 , 124426 , 124427 , 124428 , 124429 , 124430 , 124431 , 124432 , 124433 , 124434 , 124435 , 124436 , 124437 , 124438 , 124439 , 124441 , 124442 , 124443 , 124445 , 124447 , 124448 , 124449 , 124450 , 124451 , 124452 , 124454 , 124455 , 124456 , 124457 , 124459 , 124460 , 124461 , 124462 , 124463 , 124464 , 124465 , 124466 , 124467 , 124468 , 124469 , 124470 , 124503 , 124504 , 124532 , 124553 , 124554 , 124555 , 124556 , 124557 , 124558 , 152545 , 124739 , 124761 , 124762 , 124764 , 124765 , 124766 , 124767 , 124768 , 124769 , 124770 , 124771 , 124772 , 124773 , 124774 , 124775 , 124776 , 124777 , 124778 , 124801 , 124802 , 124803 , 124805 , 124815 , 124816 , 124818 , 124819 , 124820 , 124821 , 124822 , 124823 , 124824 , 124825 , 124826 , 124827 , 124828 , 124831 , 124832 , 124833 , 124834 , 124835 , 124836 , 124837 , 124838 , 124839 , 124840 , 124841 , 124842 , 124843 , 124844 , 124845 , 124846 , 124847 , 124848 , 124849 , 124850 , 124851 , 124852 , 124882 , 124883 , 124929 , 124930 , 124931 , 124932 , 124933 , 124934 , 124935 , 124936 , 124937 , 124941 , 124971 , 124972 , 151903 , 124988 , 124989 , 124990 , 124991 , 125099 , 125100 , 125101 , 125102 , 125103 , 125256 , 125257 , 139471 , 125263 , 125264 , 125265 , 125266 , 125267 , 125269 , 125270 , 125271 , 125272 , 125273 , 125279 , 125280 , 125281 , 125282 , 125287 , 125288 , 125291 , 151963 , 151964 , 125359 , 125367 , 151971 , 151972 , 151973 , 151974 , 125419 , 125420 , 151977 , 151978 , 125470 , 125489 , 125520 , 125544 , 125610 , 125611 , 125612 , 125613 , 125628 , 125629 , 125630 , 125631 , 125632 , 125635 , 125636 , 125638 , 125639 , 125640 , 125641 , 125642 , 125643 , 125646 , 125647 , 125648 , 125651 , 125652 , 125653 , 125655 , 125665 , 125721 , 125722 , 125723 , 125739 , 125746 , 125747 , 125748 , 125749 , 125824 , 125825 , 125827 , 125828 , 125829 , 125830 , 125831 , 125832 , 125834 , 125835 , 125836 , 125867 , 125889 , 125890 , 125891 , 125892 , 125893 , 125954 , 125972 , 125973 , 125974 , 125976 , 125977 , 125980 , 125981 , 125982 , 125986 , 125987 , 126024 , 126025 , 126027 , 126028 , 126029 , 126033 , 126034 , 126035 , 126036 , 126037 , 126038 , 126040 , 126041 , 126047 , 126048 , 126049 , 126050 , 126051 , 126052 , 126053 , 126054 , 126055 , 126103 , 126104 , 126107 , 126108 , 126157 , 126158 , 126159 , 126160 , 126161 , 126162 , 126163 , 126168 , 126169 , 126172 , 126173 , 126174 , 126177 , 126207 , 126208 , 126209 , 126210 , 126211 , 126217 , 126218 , 126223 , 152110 , 126244 , 126245 , 126246 , 126247 , 126248 , 126249 , 152114 , 152115 , 152116 , 152117 , 126284 , 126285 , 126286 , 126287 , 126288 , 126300 , 126301 , 126310 , 126311 , 126312 , 126313 , 126314 , 126315 , 126318 , 126319 , 126320 , 126321 , 126322 , 126326 , 126327 , 126346 , 126348 , 126349 , 126350 , 126351 , 126353 , 126354 , 126379 , 126380 , 126381 , 126382 , 126383 , 126384 , 126385 , 126386 , 126387 , 126388 , 126391 , 126395 , 126396 , 126397 , 126398 , 126400 , 126401 , 126402 , 126403 , 126404 , 126405 , 126406 , 126430 , 126431 , 126454 , 126455 , 126456 , 126458 , 126460 , 126461 , 126462 , 126463 , 126477 , 126478 , 126479 , 126480 , 126481 , 126482 , 126484 , 126504 , 126505 , 126506 , 126507 , 126513 , 126514 , 126515 , 126516 , 126517 , 126596 , 126597 , 126598 , 126608 , 126609 , 126610 , 126611 , 126617 , 126618 , 126619 , 126620 , 126622 , 126623 , 126624 , 126625 , 126626 , 126627 , 126628 , 126629 , 126630 , 126631 , 126632 , 126633 , 126634 , 126645 , 126646 , 126667 , 126668 , 126669 , 126710 , 126711 , 126712 , 126713 , 126717 , 126718 , 126722 , 126723 , 126724 , 126726 , 126728 , 126729 , 126730 , 126737 , 126738 , 126739 , 126740 , 126741 , 126742 , 126743 , 126744 , 126745 , 126746 , 126747 , 126748 , 126770 , 126789 , 126790 , 126791 , 126797 , 126798 , 126799 , 126800 , 126802 , 126803 , 126808 , 126809 , 126810 , 126811 , 126813 , 126814 , 126815 , 126824 , 126825 , 126826 , 126827 , 126828 , 126829 , 126830 , 126834 , 126835 , 126836 , 126837 , 126838 , 126839 , 126840 , 126841 , 126842 , 126848 , 126855 , 126856 , 126858 , 126859 , 126898 , 126899 , 126904 , 126905 , 126906 , 126907 , 126912 , 126914 , 126915 , 126921 , 126922 , 126923 , 126924 , 126925 , 126928 , 126929 , 126931 , 126932 , 126933 , 126934 , 126935 , 126937 , 126938 , 126939 , 126940 , 126941 , 126942 , 126943 , 126944 , 126948 , 126949 , 126953 , 126954 , 126955 , 126987 , 126988 , 126989 , 126991 , 126992 , 126993 , 126994 , 126997 , 126998 , 126999 , 127000 , 127003 , 127004 , 127005 , 127006 , 127007 , 127014 , 127015 , 127030 , 127031 , 127037 , 127038 , 127039 , 127106 , 127107 , 127108 , 127109 , 127110 , 127111 , 127112 , 127114 , 127115 , 127116 , 127117 , 127118 , 127125 , 127126 , 127127 , 127128 , 127129 , 127130 , 127132 , 127133 , 127135 , 127136 , 127137 , 127138 , 127142 , 127143 , 127144 , 127145 , 127156 , 127157 , 127158 , 127163 , 127171 , 127172 , 127173 , 127174 , 127175 , 127176 , 127177 , 127214 , 127217 , 127218 , 127219 , 127220 , 127221 , 127222 , 127281 , 127282 , 152286 , 127359 , 127400 , 127401 , 127402 , 127403 , 127404 , 127405 , 127406 , 127408 , 127409 , 127411 , 127458 , 127459 , 127460 , 127461 , 127463 , 127464 , 127465 , 127466 , 127467 , 127469 , 127562 , 127563 , 127569 , 127571 , 127572 , 127573 , 127579 , 127583 , 127584 , 127605 , 127606 , 127607 , 127608 , 127653 , 127654 , 127655 , 127656 , 127657 , 127663 , 127664 , 127665 , 127666 , 127667 , 127668 , 127676 , 127709 , 127710 , 127711 , 127712 , 127713 , 127714 , 127715 , 127716 , 127717 , 127718 , 127719 , 127720 , 127721 , 127730 , 127731 , 127732 , 127733 , 127735 , 127736 , 127739 , 127740 , 127741 , 127742 , 127793 , 127794 , 127795 , 127797 , 127798 , 127799 , 127800 , 127801 , 127802 , 127803 , 127804 , 127805 , 127806 , 127807 , 127818 , 127819 , 127820 , 127821 , 127824 , 127825 , 127828 , 127829 , 127830 , 127831 , 127832 , 127833 , 127844 , 127847 , 127854 , 127855 , 127856 , 127857 , 127858 , 127859 , 127860 , 127861 , 127863 , 127888 , 127890 , 127891 , 127892 , 127893 , 127894 , 127896 , 127897 , 127898 , 127899 , 127900 , 127902 , 127907 , 127908 , 127942 , 127943 , 127944 , 127945 , 127946 , 127947 , 127948 , 127949 , 127950 , 127951 , 127952 , 127953 , 127954 , 127955 , 128043 , 128052 , 128053 , 128054 , 128055 , 128056 , 128057 , 128058 , 128059 , 128060 , 128061 , 128062 , 128077 , 128100 , 128114 , 152425 , 152427 , 152430 , 152431 , 152432 , 152433 , 152434 , 128183 , 128184 , 128185 , 128191 , 128192 , 128193 , 128194 , 128195 , 128196 , 128197 , 128198 , 128200 , 128201 , 128202 , 128205 , 128206 , 128208 , 128261 , 128263 , 128264 , 128265 , 128266 , 128267 , 128268 , 128269 , 128270 , 128271 , 128272 , 128273 , 128274 , 128280 , 128281 , 128282 , 128283 , 128285 , 128307 , 128372 , 128373 , 128436 , 128467 , 128497 , 128498 , 128508 , 128509 , 128513 , 128514 , 128518 , 128522 , 128523 , 128524 , 128525 , 128526 , 128527 , 128528 , 128529 , 128530 , 128557 , 128560 , 128566 , 128567 , 128568 , 128569 , 128571 , 128572 , 128575 , 128576 , 128578 , 128579 , 128580 , 128581 , 128582 , 128583 , 128584 , 128585 , 128587 , 128588 , 128589 , 128590 , 128591 , 128597 , 128598 , 128704 , 128705 , 128706 , 128707 , 128711 , 128712 , 128714 , 128715 , 128733 , 128734 , 128735 , 128736 , 128738 , 128744 , 128746 , 128747 , 128751 , 128752 , 128762 , 128764 , 128765 , 128766 , 128787 , 128788 , 128789 , 128790 , 128802 , 128804 , 128817 , 128818 , 128819 , 128821 , 128823 , 128837 , 128838 , 128839 , 128840 , 152546 , 152547 , 128938 , 128939 , 128940 , 128941 , 128959 , 128980 , 128981 , 128988 , 128989 , 128990 , 128991 , 128992 , 128993 , 128994 , 129015 , 129016 , 129017 , 129018 , 129019 , 129021 , 129188 , 152605 , 152606 , 152607 , 152608 , 129222 , 129229 , 129230 , 129236 , 152613 , 152614 , 152615 , 152616 , 152617 , 152618 , 129300 , 129301 , 129302 , 129303 , 129304 , 129306 , 129310 , 129382 , 129383 , 129384 , 129385 , 129386 , 129387 , 129388 , 129390 , 129391 , 129392 , 129426 , 129427 , 129428 , 129429 , 129468 , 129504 , 129505 , 129507 , 129508 , 129509 , 129510 , 129511 , 129513 , 129514 , 129515 , 129518 , 129519 , 129522 , 129524 , 129534 , 129554 , 129555 , 129558 , 129559 , 129560 , 129561 , 129562 , 129563 , 129564 , 129565 , 129566 , 129567 , 129568 , 129569 , 129570 , 129571 , 129583 , 129584 , 129585 , 129586 , 129587 , 129588 , 129594 , 129595 , 129596 , 129598 , 129599 , 129600 , 129601 , 129602 , 129603 , 129604 , 129605 , 129615 , 129616 , 129617 , 129665 , 129666 , 129667 , 129670 , 129671 , 129672 , 129673 , 129675 , 129677 , 129678 , 129684 , 129685 , 129703 , 129707 , 129715 , 129716 , 129717 , 129718 , 129719 , 129720 , 129724 , 129725 , 129726 , 129727 , 129728 , 129730 , 129751 , 129752 , 129753 , 129754 , 129755 , 129756 , 129757 , 129758 , 129759 , 129761 , 129768 , 129791 , 129814 , 129815 , 129816 , 129817 , 129826 , 129827 , 129828 , 129901 , 129906 , 129907 , 129910 , 129918 , 129919 , 129920 , 129922 , 129923 , 129926 , 130041 , 130042 , 130067 , 130105 , 130106 , 130107 , 130108 , 130109 , 130156 , 130157 , 152767 , 152768 , 130213 , 130214 , 130215 , 130217 , 130218 , 130219 , 130220 , 130224 , 130225 , 130226 , 130228 , 152777 , 152778 , 152779 , 152780 , 130258 , 130262 , 130279 , 130379 , 130384 , 130385 , 130408 , 130409 , 130410 , 130411 , 130412 , 130413 , 130414 , 130415 , 130416 , 130417 , 130418 , 130419 , 130420 , 130421 , 130422 , 130425 , 130426 , 130427 , 130428 , 130429 , 130430 , 130435 , 130436 , 130437 , 130439 , 130440 , 130441 , 130442 , 130510 , 130511 , 130512 , 130513 , 130553 , 130595 , 130596 , 130597 , 130598 , 130599 , 130624 , 130626 , 130627 , 130628 , 130629 , 130630 , 130631 , 130632 , 130633 , 130634 , 130635 , 130638 , 130644 , 130645 , 130646 , 130647 , 130649 , 130719 , 130724 , 130725 , 130734 , 130735 , 130736 , 130737 , 130738 , 130739 , 130743 , 130784 , 130785 , 130786 , 130787 , 130788 , 130789 , 130790 , 130791 , 130792 , 130793 , 130794 , 130795 , 130796 , 130797 , 130798 , 130800 , 130801 , 130802 , 130805 , 130806 , 130807 , 130808 , 130809 , 130810 , 130816 , 130817 , 152883 , 152884 , 152885 , 152886 , 152895 , 130976 , 130977 , 130979 , 152911 , 